
     Mplus VERSION 9
     MUTHEN & MUTHEN

     Running input file 'model.inp'...

     Dimensions of integration:                  1
     Total number of integration points:         15


  ITER  LOGLIKELIHOOD    ABS CHANGE   REL CHANGE  ALGO  TIME  TOTAL TIME
     1 -0.20020698D+05    0.0000000    0.0000000  EM    0.09     0.1
     2 -0.19478866D+05  541.8323321    0.0270636  EM    9.51     9.6
     3 -0.19470789D+05    8.0768544    0.0004146  EM    2.95    12.5
     4 -0.19465884D+05    4.9049269    0.0002519  EM    0.39    12.9
     5 -0.19461296D+05    4.5881425    0.0002357  EM    0.40    13.3
     6 -0.19456918D+05    4.3777821    0.0002249  EM    0.37    13.7
     7 -0.19452742D+05    4.1762333    0.0002146  EM    0.31    14.0
     8 -0.19448762D+05    3.9799762    0.0002046  EM    0.30    14.3
     9 -0.19444973D+05    3.7892034    0.0001948  EM    0.34    14.7
    10 -0.19441369D+05    3.6042513    0.0001854  EM    0.31    15.0
    11 -0.19437943D+05    3.4253667    0.0001762  EM    0.68    15.6
    12 -0.19434691D+05    3.2527748    0.0001673  EM    2.59    18.2
    13 -0.19431604D+05    3.0865856    0.0001588  EM    1.20    19.4
    14 -0.19428677D+05    2.9268941    0.0001506  EM    0.41    19.8
    15 -0.19425903D+05    2.7737319    0.0001428  EM    0.49    20.3
    16 -0.19423276D+05    2.6270829    0.0001352  EM    0.37    20.7
    17 -0.19420789D+05    2.4868904    0.0001280  EM    0.45    21.1
    18 -0.19418436D+05    2.3530756    0.0001212  EM    0.32    21.5
    19 -0.19416211D+05    2.2255128    0.0001146  EM    0.25    21.7
    20 -0.19414107D+05    2.1040651    0.0001084  EM    0.23    21.9
    21 -0.19412118D+05    1.9885721    0.0001024  EM    0.27    22.2
    22 -0.19410239D+05    1.8788548    0.0000968  EM    0.26    22.5
    23 -0.19408465D+05    1.7747251    0.0000914  EM    0.20    22.7
    24 -0.19406789D+05    1.6759847    0.0000864  EM    0.19    22.9
    25 -0.19405206D+05    1.5824285    0.0000815  EM    0.16    23.0
    26 -0.19403712D+05    1.4938498    0.0000770  EM    0.16    23.2
    27 -0.19402302D+05    1.4100378    0.0000727  EM    0.16    23.3
    28 -0.19400972D+05    1.3307827    0.0000686  EM    0.18    23.5
    29 -0.19399716D+05    1.2558791    0.0000647  EM    0.16    23.7
    30 -0.19398531D+05    1.1851217    0.0000611  EM    0.17    23.8
    31 -0.19397412D+05    1.1183098    0.0000576  EM    0.16    24.0
    32 -0.19396357D+05    1.0552495    0.0000544  EM    0.33    24.3
    33 -0.19395361D+05    0.9957510    0.0000513  EM    0.21    24.5
    34 -0.19394422D+05    0.9396319    0.0000484  EM    0.29    24.8
    35 -0.19393535D+05    0.8867155    0.0000457  EM   10.58    35.4
    36 -0.19392698D+05    0.8368322    0.0000432  EM    0.18    35.6
    37 -0.19391908D+05    0.7898192    0.0000407  EM    0.17    35.8
    38 -0.19391163D+05    0.7455212    0.0000384  EM    0.16    35.9
    39 -0.19390459D+05    0.7037891    0.0000363  EM    0.16    36.1
    40 -0.19389794D+05    0.6644815    0.0000343  EM    0.16    36.2
    41 -0.19389167D+05    0.6274630    0.0000324  EM    0.16    36.4
    42 -0.19388574D+05    0.5926056    0.0000306  EM    0.15    36.5
    43 -0.19388015D+05    0.5597867    0.0000289  EM    0.15    36.7
    44 -0.19387486D+05    0.5288907    0.0000273  EM    0.15    36.8
    45 -0.19386986D+05    0.4998074    0.0000258  EM    0.20    37.0
    46 -0.19386513D+05    0.4724327    0.0000244  EM    0.32    37.4
    47 -0.19386067D+05    0.4466674    0.0000230  EM    0.26    37.6
    48 -0.19385644D+05    0.4224182    0.0000218  EM    0.26    37.9
    49 -0.19385245D+05    0.3995963    0.0000206  EM    0.50    38.4
    50 -0.19384867D+05    0.3781177    0.0000195  EM    0.19    38.6
    51 -0.19384509D+05    0.3579030    0.0000185  EM    0.18    38.7
    52 -0.19384170D+05    0.3388768    0.0000175  EM    0.20    38.9
    53 -0.19383849D+05    0.3209670    0.0000166  EM    0.52    39.4
    54 -0.19383545D+05    0.3041090    0.0000157  EM    0.15    39.6
    55 -0.19383257D+05    0.2882363    0.0000149  EM    0.13    39.7
    56 -0.19380556D+05    2.7002081    0.0001393  QN    0.28    40.0
    57 -0.19380265D+05    0.2913998    0.0000150  EM    0.44    40.4
    58 -0.19380143D+05    0.1220956    0.0000063  EM    0.21    40.7
    59 -0.19380037D+05    0.1058962    0.0000055  EM    0.19    40.8
    60 -0.19379937D+05    0.1002476    0.0000052  EM    0.17    41.0
    61 -0.19379840D+05    0.0967749    0.0000050  EM    0.15    41.2
    62 -0.19379746D+05    0.0938569    0.0000048  EM    0.37    41.5
    63 -0.19379655D+05    0.0911266    0.0000047  EM    0.20    41.7
    64 -0.19379566D+05    0.0884935    0.0000046  EM    0.14    41.9
    65 -0.19379481D+05    0.0859349    0.0000044  EM    0.17    42.0
    66 -0.19379397D+05    0.0834417    0.0000043  EM    0.16    42.2
    67 -0.19379316D+05    0.0810114    0.0000042  EM    0.20    42.4
    68 -0.19379237D+05    0.0786416    0.0000041  EM    0.13    42.5
    69 -0.19377448D+05    1.7894379    0.0000923  QN    0.50    43.0
    70 -0.19377197D+05    0.2512671    0.0000130  EM    1.23    44.3
    71 -0.19377179D+05    0.0172177    0.0000009  EM    2.86    47.1
    72 -0.19377172D+05    0.0071400    0.0000004  EM    1.12    48.2
    73 -0.19377166D+05    0.0062424    0.0000003  EM    0.48    48.7
    74 -0.19377160D+05    0.0061331    0.0000003  EM    0.18    48.9
    75 -0.19377154D+05    0.0060948    0.0000003  EM    0.17    49.1
    76 -0.19377148D+05    0.0060631    0.0000003  EM    0.17    49.2
    77 -0.19377142D+05    0.0060321    0.0000003  EM    0.15    49.4
    78 -0.19377136D+05    0.0060014    0.0000003  EM    0.22    49.6
    79 -0.19377130D+05    0.0059708    0.0000003  EM    0.17    49.8
    80 -0.19377124D+05    0.0059404    0.0000003  EM    0.55    50.3
    81 -0.19377118D+05    0.0059102    0.0000003  EM    0.17    50.5
    82 -0.19377112D+05    0.0058801    0.0000003  EM    0.16    50.7
    83 -0.19376939D+05    0.1726709    0.0000089  QN    0.76    51.4
    84 -0.19376935D+05    0.0045614    0.0000002  EM    2.50    53.9
    85 -0.19376934D+05    0.0011356    0.0000001  EM    4.47    58.4
    86 -0.19376933D+05    0.0008760    0.0000000  EM    2.61    61.0
     Parameters          27        42        26        30        16
     Derivatives  -0.11D+00 -0.50D-01 -0.45D-01 -0.29D-01 -0.13D-01
    87 -0.19376932D+05    0.0007717    0.0000000  EM    1.79    62.8
     Parameters          27        42        26        30        16
     Derivatives  -0.11D+00 -0.50D-01 -0.45D-01 -0.29D-01 -0.13D-01
    88 -0.19376931D+05    0.0007127    0.0000000  EM    3.34    66.1
     Parameters          27        42        26        30        16
     Derivatives  -0.11D+00 -0.50D-01 -0.45D-01 -0.29D-01 -0.13D-01
    89 -0.19376931D+05    0.0006763    0.0000000  EM    3.55    69.7
     Parameters          27        42        26        30        16
     Derivatives  -0.11D+00 -0.50D-01 -0.45D-01 -0.29D-01 -0.13D-01
    90 -0.19376930D+05    0.0006530    0.0000000  EM    3.08    72.8
     Parameters          27        42        26        30        16
     Derivatives  -0.11D+00 -0.50D-01 -0.45D-01 -0.29D-01 -0.13D-01
    91 -0.19376929D+05    0.0006377    0.0000000  EM    2.71    75.5
     Parameters          27        42        26        30        16
     Derivatives  -0.11D+00 -0.50D-01 -0.45D-01 -0.29D-01 -0.13D-01
    92 -0.19376929D+05    0.0006278    0.0000000  EM    3.05    78.5
     Parameters          27        42        26        30        16
     Derivatives  -0.11D+00 -0.50D-01 -0.45D-01 -0.29D-01 -0.13D-01
    93 -0.19376928D+05    0.0006209    0.0000000  EM   13.06    91.6
     Parameters          27        42        26        30        16
     Derivatives  -0.11D+00 -0.50D-01 -0.45D-01 -0.29D-01 -0.13D-01
    94 -0.19376928D+05    0.0006165    0.0000000  EM    3.07    94.7
     Parameters          27        42        26        30        16
     Derivatives  -0.11D+00 -0.50D-01 -0.45D-01 -0.29D-01 -0.13D-01
    95 -0.19376927D+05    0.0006134    0.0000000  EM    3.53    98.2
     Parameters          27        42        26        30        16
     Derivatives  -0.11D+00 -0.50D-01 -0.45D-01 -0.29D-01 -0.13D-01
    96 -0.19376926D+05    0.0006111    0.0000000  EM    3.44   101.6
     Parameters          27        42        26        30        16
     Derivatives  -0.11D+00 -0.50D-01 -0.45D-01 -0.29D-01 -0.13D-01
    97 -0.19376919D+05    0.0071415    0.0000004  QN    0.93   102.6
    98 -0.19376919D+05    0.0000000    0.0000000  EM    0.23   102.8
     Parameters          27       119        42        26        30
     Derivatives  -0.11D+00 -0.73D-01 -0.50D-01 -0.45D-01 -0.29D-01
    99 -0.19376919D+05    0.0000000    0.0000000  EM    1.04   103.8
     Parameters          27       119        42        26        30
     Derivatives  -0.11D+00 -0.73D-01 -0.50D-01 -0.45D-01 -0.29D-01
   100 -0.19376919D+05    0.0000000    0.0000000  EM    0.23   104.1
     Parameters          27       119        42        26        30
     Derivatives  -0.11D+00 -0.73D-01 -0.50D-01 -0.45D-01 -0.29D-01
   101 -0.19376919D+05    0.0001277    0.0000000  EM    4.23   108.3
     Parameters          27       119        42        26        30
     Derivatives  -0.11D+00 -0.73D-01 -0.50D-01 -0.45D-01 -0.29D-01
   102 -0.19376919D+05    0.0000000    0.0000000  EM    0.23   108.5
     Parameters          27       119        42        26        30
     Derivatives  -0.11D+00 -0.73D-01 -0.50D-01 -0.45D-01 -0.29D-01
   103 -0.19376919D+05    0.0000597    0.0000000  EM    3.51   112.0
     Parameters          27       119        42        26        30
     Derivatives  -0.11D+00 -0.73D-01 -0.50D-01 -0.45D-01 -0.29D-01
   104 -0.19376919D+05    0.0000000    0.0000000  EM    0.32   112.4
     Parameters          27       119        42        26        30
     Derivatives  -0.11D+00 -0.73D-01 -0.50D-01 -0.45D-01 -0.29D-01
   105 -0.19376919D+05    0.0000418    0.0000000  EM    3.34   115.7
     Parameters          27       119        42        26        30
     Derivatives  -0.11D+00 -0.73D-01 -0.50D-01 -0.45D-01 -0.29D-01
   106 -0.19376919D+05    0.0000340    0.0000000  EM    1.46   117.2
     Parameters          27       119        42        26        30
     Derivatives  -0.11D+00 -0.73D-01 -0.50D-01 -0.45D-01 -0.29D-01
   107 -0.19376919D+05    0.0000338    0.0000000  EM    1.29   118.5
     Parameters          27       119        42        26        30
     Derivatives  -0.11D+00 -0.73D-01 -0.50D-01 -0.45D-01 -0.29D-01
   108 -0.19376919D+05    0.0000000    0.0000000  EM    0.62   119.1
     Parameters          27       119        42        26        30
     Derivatives  -0.11D+00 -0.73D-01 -0.50D-01 -0.45D-01 -0.29D-01
   109 -0.19376919D+05    0.0000320    0.0000000  EM    4.51   123.6
     Parameters          27       119        42        26        30
     Derivatives  -0.11D+00 -0.82D-01 -0.50D-01 -0.45D-01 -0.29D-01
   110 -0.19376919D+05    0.0000024    0.0000000  EM    0.66   124.2
     Parameters          27       119        42        26        30
     Derivatives  -0.11D+00 -0.72D-01 -0.50D-01 -0.45D-01 -0.29D-01
   111 -0.19376919D+05    0.0000000    0.0000000  EM    0.76   125.0
     Parameters          27       119        42        26        30
     Derivatives  -0.11D+00 -0.72D-01 -0.50D-01 -0.45D-01 -0.29D-01
   112 -0.19376919D+05    0.0000000    0.0000000  EM    0.22   125.2
     Parameters          27       119        42        26        30
     Derivatives  -0.11D+00 -0.72D-01 -0.50D-01 -0.45D-01 -0.29D-01
   113 -0.19376919D+05    0.0000360    0.0000000  EM    2.64   127.9
     Parameters          27       119        42        26        30
     Derivatives  -0.11D+00 -0.72D-01 -0.50D-01 -0.45D-01 -0.29D-01
   114 -0.19376919D+05    0.0000344    0.0000000  EM    1.61   129.5
     Parameters          27       119        42        26        30
     Derivatives  -0.11D+00 -0.72D-01 -0.50D-01 -0.45D-01 -0.29D-01
   115 -0.19376919D+05    0.0000335    0.0000000  EM    1.27   130.8
     Parameters          27       119        42        26        30
     Derivatives  -0.11D+00 -0.72D-01 -0.50D-01 -0.45D-01 -0.29D-01
   116 -0.19376919D+05    0.0000000    0.0000000  EM    0.63   131.4
     Parameters          27       119        42        26        30
     Derivatives  -0.11D+00 -0.72D-01 -0.50D-01 -0.45D-01 -0.29D-01
   117 -0.19376919D+05    0.0000000    0.0000000  EM    0.66   132.0
     Parameters          27       119        42        26        30
     Derivatives  -0.11D+00 -0.72D-01 -0.50D-01 -0.45D-01 -0.29D-01
   118 -0.19376919D+05    0.0000000    0.0000000  EM    0.59   132.6
     Parameters          27       119        42        26        30
     Derivatives  -0.11D+00 -0.72D-01 -0.50D-01 -0.45D-01 -0.29D-01
   119 -0.19376919D+05    0.0000000    0.0000000  EM    0.89   133.5
     Parameters          27       119        42        26        30
     Derivatives  -0.11D+00 -0.72D-01 -0.50D-01 -0.45D-01 -0.29D-01
   120 -0.19376919D+05    0.0000339    0.0000000  EM    2.73   136.3
     Parameters          27       119        42        26        30
     Derivatives  -0.11D+00 -0.72D-01 -0.50D-01 -0.45D-01 -0.29D-01
   121 -0.19376919D+05    0.0000000    0.0000000  EM    0.66   136.9
     Parameters          27       119        42        26        30
     Derivatives  -0.11D+00 -0.72D-01 -0.50D-01 -0.45D-01 -0.29D-01
   122 -0.19376919D+05    0.0000334    0.0000000  EM    1.23   138.2
     Parameters          27       119        42        26        30
     Derivatives  -0.11D+00 -0.72D-01 -0.50D-01 -0.45D-01 -0.29D-01
   123 -0.19376919D+05    0.0000343    0.0000000  EM    2.70   140.9
     Parameters          27       119        42        26        30
     Derivatives  -0.11D+00 -0.72D-01 -0.50D-01 -0.45D-01 -0.29D-01
   124 -0.19376919D+05    0.0000000    0.0000000  EM    0.93   141.8
     Parameters          27       119        42        26        30
     Derivatives  -0.11D+00 -0.72D-01 -0.50D-01 -0.45D-01 -0.29D-01
   125 -0.19376919D+05    0.0000000    0.0000000  EM    0.65   142.4
     Parameters          27       119        42        26        30
     Derivatives  -0.11D+00 -0.72D-01 -0.50D-01 -0.45D-01 -0.29D-01
   126 -0.19376919D+05    0.0000000    0.0000000  EM    0.24   142.7
     Parameters          27       119        42        26        30
     Derivatives  -0.11D+00 -0.72D-01 -0.50D-01 -0.45D-01 -0.29D-01
   127 -0.19376919D+05    0.0000000    0.0000000  EM    0.62   143.3
     Parameters          27       119        42        26        30
     Derivatives  -0.11D+00 -0.72D-01 -0.50D-01 -0.45D-01 -0.29D-01
   128 -0.19376919D+05    0.0000000    0.0000000  EM    0.23   143.5
     Parameters          27       119        42        26        30
     Derivatives  -0.11D+00 -0.72D-01 -0.50D-01 -0.45D-01 -0.29D-01
   129 -0.19376919D+05    0.0000000    0.0000000  EM    0.60   144.1
     Parameters          27       119        42        26        30
     Derivatives  -0.11D+00 -0.72D-01 -0.50D-01 -0.45D-01 -0.29D-01
   130 -0.19376919D+05    0.0000336    0.0000000  EM    1.24   145.4
     Parameters          27       119        42        26        30
     Derivatives  -0.11D+00 -0.72D-01 -0.50D-01 -0.45D-01 -0.29D-01
   131 -0.19376919D+05    0.0000000    0.0000000  EM    0.65   146.0
     Parameters          27       119        42        26        30
     Derivatives  -0.11D+00 -0.72D-01 -0.50D-01 -0.45D-01 -0.29D-01
   132 -0.19376919D+05    0.0000337    0.0000000  EM    1.41   147.4
     Parameters          27       119        42        26        30
     Derivatives  -0.11D+00 -0.72D-01 -0.50D-01 -0.45D-01 -0.29D-01
   133 -0.19376919D+05    0.0000000    0.0000000  EM    1.00   148.4
     Parameters          27       119        42        26        30
     Derivatives  -0.11D+00 -0.72D-01 -0.50D-01 -0.45D-01 -0.29D-01
   134 -0.19376919D+05    0.0000000    0.0000000  EM    0.64   149.1
     Parameters          27       119        42        26        30
     Derivatives  -0.11D+00 -0.72D-01 -0.50D-01 -0.45D-01 -0.29D-01
   135 -0.19376919D+05    0.0000000    0.0000000  EM    0.61   149.7
     Parameters          27       119        42        26        30
     Derivatives  -0.11D+00 -0.72D-01 -0.50D-01 -0.45D-01 -0.29D-01
   136 -0.19376919D+05    0.0000333    0.0000000  EM    1.40   151.1
     Parameters          27       119        42        26        30
     Derivatives  -0.11D+00 -0.72D-01 -0.50D-01 -0.45D-01 -0.29D-01
   137 -0.19376919D+05    0.0000000    0.0000000  EM    0.78   151.9
     Parameters          27       119        42        26        30
     Derivatives  -0.11D+00 -0.72D-01 -0.50D-01 -0.45D-01 -0.29D-01
   138 -0.19376919D+05    0.0000000    0.0000000  EM    0.23   152.1
     Parameters          27       119        42        26        30
     Derivatives  -0.11D+00 -0.72D-01 -0.50D-01 -0.45D-01 -0.29D-01
   139 -0.19376918D+05    0.0000340    0.0000000  EM    1.63   153.7
     Parameters          27       119        42        26        30
     Derivatives  -0.11D+00 -0.72D-01 -0.50D-01 -0.45D-01 -0.29D-01
   140 -0.19376918D+05    0.0000336    0.0000000  EM    1.92   155.6
     Parameters          27       119        42        26        30
     Derivatives  -0.11D+00 -0.72D-01 -0.50D-01 -0.45D-01 -0.29D-01
   141 -0.19376918D+05    0.0000000    0.0000000  EM    0.23   155.9
     Parameters          27       119        42        26        30
     Derivatives  -0.11D+00 -0.72D-01 -0.50D-01 -0.45D-01 -0.29D-01
   142 -0.19376918D+05    0.0000336    0.0000000  EM    1.44   157.3
     Parameters          27       119        42        26        30
     Derivatives  -0.11D+00 -0.72D-01 -0.50D-01 -0.45D-01 -0.29D-01
   143 -0.19376918D+05    0.0000000    0.0000000  EM    0.22   157.5
     Parameters          27       119        42        26        30
     Derivatives  -0.11D+00 -0.72D-01 -0.50D-01 -0.45D-01 -0.29D-01
   144 -0.19376918D+05    0.0000000    0.0000000  EM    0.59   158.1
     Parameters          27       119        42        26        30
     Derivatives  -0.11D+00 -0.72D-01 -0.50D-01 -0.45D-01 -0.29D-01
   145 -0.19376918D+05    0.0000335    0.0000000  EM   12.19   170.3
     Parameters          27       119        42        26        30
     Derivatives  -0.11D+00 -0.72D-01 -0.50D-01 -0.45D-01 -0.29D-01
   146 -0.19376918D+05    0.0000000    0.0000000  EM    0.59   170.9
     Parameters          27       119        42        26        30
     Derivatives  -0.11D+00 -0.72D-01 -0.50D-01 -0.45D-01 -0.29D-01
   147 -0.19376918D+05    0.0000000    0.0000000  EM    0.61   171.5
     Parameters          27       119        42        26        30
     Derivatives  -0.11D+00 -0.72D-01 -0.50D-01 -0.45D-01 -0.29D-01
   148 -0.19376918D+05    0.0000333    0.0000000  EM    1.99   173.5
     Parameters          27       119        42        26        30
     Derivatives  -0.11D+00 -0.72D-01 -0.50D-01 -0.45D-01 -0.29D-01
   149 -0.19376918D+05    0.0000335    0.0000000  EM    1.90   175.4
     Parameters          27       119        42        26        30
     Derivatives  -0.11D+00 -0.72D-01 -0.50D-01 -0.45D-01 -0.29D-01
   150 -0.19376918D+05    0.0000000    0.0000000  EM    0.80   176.2
     Parameters          27       119        42        26        30
     Derivatives  -0.11D+00 -0.72D-01 -0.50D-01 -0.45D-01 -0.29D-01
   151 -0.19376918D+05    0.0000000    0.0000000  EM    0.83   177.0
     Parameters          27       119        42        26        30
     Derivatives  -0.11D+00 -0.72D-01 -0.50D-01 -0.45D-01 -0.29D-01
   152 -0.19376918D+05    0.0000000    0.0000000  EM    0.63   177.7
     Parameters          27       119        42        26        30
     Derivatives  -0.11D+00 -0.72D-01 -0.50D-01 -0.45D-01 -0.29D-01
   153 -0.19376918D+05    0.0000000    0.0000000  EM    0.62   178.3
     Parameters          27       119        42        26        30
     Derivatives  -0.11D+00 -0.72D-01 -0.50D-01 -0.45D-01 -0.29D-01
   154 -0.19376918D+05    0.0000338    0.0000000  EM    1.74   180.0
     Parameters          27       119        42        26        30
     Derivatives  -0.11D+00 -0.72D-01 -0.50D-01 -0.45D-01 -0.29D-01
   155 -0.19376918D+05    0.0000334    0.0000000  EM    1.12   181.2
     Parameters          27       119        42        26        30
     Derivatives  -0.11D+00 -0.72D-01 -0.50D-01 -0.45D-01 -0.29D-01
   156 -0.19376918D+05    0.0000337    0.0000000  EM    1.35   182.5
     Parameters          27       119        42        26        30
     Derivatives  -0.11D+00 -0.72D-01 -0.50D-01 -0.45D-01 -0.29D-01
   157 -0.19376918D+05    0.0000337    0.0000000  EM    2.08   184.6
     Parameters          27       119        42        26        30
     Derivatives  -0.11D+00 -0.72D-01 -0.50D-01 -0.45D-01 -0.29D-01
   158 -0.19376918D+05    0.0000000    0.0000000  EM    0.72   185.3
     Parameters          27       119        42        26        30
     Derivatives  -0.11D+00 -0.72D-01 -0.50D-01 -0.45D-01 -0.29D-01
   159 -0.19376918D+05    0.0000336    0.0000000  EM    1.18   186.5
     Parameters          27       119        42        26        30
     Derivatives  -0.11D+00 -0.72D-01 -0.50D-01 -0.45D-01 -0.29D-01
   160 -0.19376918D+05    0.0000337    0.0000000  EM    2.67   189.2
     Parameters          27       119        42        26        30
     Derivatives  -0.11D+00 -0.72D-01 -0.50D-01 -0.45D-01 -0.29D-01
   161 -0.19376918D+05    0.0000337    0.0000000  EM    2.55   191.7
     Parameters          27       119        42        26        30
     Derivatives  -0.11D+00 -0.72D-01 -0.50D-01 -0.45D-01 -0.29D-01
   162 -0.19376918D+05    0.0000000    0.0000000  EM    0.23   191.9
     Parameters          27       119        42        26        30
     Derivatives  -0.11D+00 -0.72D-01 -0.50D-01 -0.45D-01 -0.29D-01
   163 -0.19376918D+05    0.0000348    0.0000000  EM    2.65   194.6
     Parameters          27       119        42        26        30
     Derivatives  -0.11D+00 -0.72D-01 -0.50D-01 -0.45D-01 -0.29D-01
   164 -0.19376918D+05    0.0000000    0.0000000  EM    0.37   195.0
     Parameters          27       119        42        26        30
     Derivatives  -0.11D+00 -0.72D-01 -0.50D-01 -0.45D-01 -0.29D-01
   165 -0.19376918D+05    0.0000000    0.0000000  EM    0.62   195.6
     Parameters          27       119        42        26        30
     Derivatives  -0.11D+00 -0.72D-01 -0.50D-01 -0.45D-01 -0.29D-01
   166 -0.19376918D+05    0.0000000    0.0000000  EM    0.24   195.8
     Parameters          27       119        42        26        30
     Derivatives  -0.11D+00 -0.72D-01 -0.50D-01 -0.45D-01 -0.29D-01
   167 -0.19376918D+05    0.0000333    0.0000000  EM    1.10   196.9
     Parameters          27       119        42        26        30
     Derivatives  -0.11D+00 -0.72D-01 -0.50D-01 -0.45D-01 -0.29D-01
   168 -0.19376918D+05    0.0000336    0.0000000  EM    3.43   200.4
     Parameters          27       119        42        26        30
     Derivatives  -0.11D+00 -0.72D-01 -0.50D-01 -0.45D-01 -0.29D-01
   169 -0.19376918D+05    0.0000335    0.0000000  EM    1.90   202.2
     Parameters          27       119        42        26        30
     Derivatives  -0.11D+00 -0.72D-01 -0.50D-01 -0.45D-01 -0.29D-01
   170 -0.19376918D+05    0.0000000    0.0000000  EM    0.62   202.9
     Parameters          27       119        42        26        30
     Derivatives  -0.11D+00 -0.72D-01 -0.50D-01 -0.45D-01 -0.29D-01
   171 -0.19376918D+05    0.0000000    0.0000000  EM    0.67   203.5
     Parameters          27       119        42        26        30
     Derivatives  -0.11D+00 -0.72D-01 -0.50D-01 -0.45D-01 -0.29D-01
   172 -0.19376918D+05    0.0000000    0.0000000  EM    0.72   204.3
     Parameters          27       119        42        26        30
     Derivatives  -0.11D+00 -0.72D-01 -0.50D-01 -0.45D-01 -0.29D-01
   173 -0.19376918D+05    0.0000335    0.0000000  EM    1.36   205.6
     Parameters          27       119        42        26        30
     Derivatives  -0.11D+00 -0.72D-01 -0.50D-01 -0.45D-01 -0.29D-01
   174 -0.19376918D+05    0.0000334    0.0000000  EM    1.23   206.9
     Parameters          27       119        42        26        30
     Derivatives  -0.11D+00 -0.72D-01 -0.50D-01 -0.45D-01 -0.29D-01
   175 -0.19376918D+05    0.0000000    0.0000000  EM    0.67   207.5
     Parameters          27       119        42        26        30
     Derivatives  -0.11D+00 -0.72D-01 -0.50D-01 -0.45D-01 -0.29D-01
   176 -0.19376918D+05    0.0000000    0.0000000  EM    0.23   207.8
     Parameters          27       119        42        26        30
     Derivatives  -0.11D+00 -0.72D-01 -0.50D-01 -0.45D-01 -0.29D-01
   177 -0.19376918D+05    0.0000338    0.0000000  EM    2.65   210.4
     Parameters          27       119        42        26        30
     Derivatives  -0.11D+00 -0.72D-01 -0.50D-01 -0.45D-01 -0.29D-01
   178 -0.19376918D+05    0.0000339    0.0000000  EM    2.59   213.0
     Parameters          27       119        42        26        30
     Derivatives  -0.11D+00 -0.72D-01 -0.50D-01 -0.45D-01 -0.29D-01
   179 -0.19376918D+05    0.0000333    0.0000000  EM    1.61   214.6
     Parameters          27       119        42        26        30
     Derivatives  -0.11D+00 -0.72D-01 -0.50D-01 -0.45D-01 -0.29D-01
   180 -0.19376918D+05    0.0000000    0.0000000  EM    0.22   214.8
     Parameters          27       119        42        26        30
     Derivatives  -0.11D+00 -0.72D-01 -0.50D-01 -0.45D-01 -0.29D-01
   181 -0.19376918D+05    0.0000336    0.0000000  EM    1.37   216.2
     Parameters          27       119        42        26        30
     Derivatives  -0.11D+00 -0.72D-01 -0.50D-01 -0.45D-01 -0.29D-01
   182 -0.19376918D+05    0.0000000    0.0000000  EM    0.91   217.1
     Parameters          27       119        42        26        30
     Derivatives  -0.11D+00 -0.72D-01 -0.50D-01 -0.45D-01 -0.29D-01
   183 -0.19376918D+05    0.0000351    0.0000000  EM    3.34   220.4
     Parameters          27       119        42        26        30
     Derivatives  -0.11D+00 -0.72D-01 -0.50D-01 -0.45D-01 -0.29D-01
   184 -0.19376918D+05    0.0000000    0.0000000  EM    0.30   220.8
     Parameters          27       119        42        26        30
     Derivatives  -0.11D+00 -0.72D-01 -0.50D-01 -0.45D-01 -0.29D-01
   185 -0.19376918D+05    0.0000335    0.0000000  EM    1.74   222.5
     Parameters          27       119        42        26        30
     Derivatives  -0.11D+00 -0.72D-01 -0.50D-01 -0.45D-01 -0.29D-01
   186 -0.19376918D+05    0.0000336    0.0000000  EM    1.73   224.2
     Parameters          27       119        42        26        30
     Derivatives  -0.11D+00 -0.72D-01 -0.50D-01 -0.45D-01 -0.29D-01
   187 -0.19376918D+05    0.0000341    0.0000000  EM    1.30   225.5
     Parameters          27       119        42        26        30
     Derivatives  -0.11D+00 -0.72D-01 -0.50D-01 -0.45D-01 -0.29D-01
   188 -0.19376918D+05    0.0000000    0.0000000  EM    0.71   226.2
     Parameters          27       119        42        26        30
     Derivatives  -0.11D+00 -0.72D-01 -0.50D-01 -0.45D-01 -0.29D-01
   189 -0.19376918D+05    0.0000000    0.0000000  EM    0.57   226.8
     Parameters          27       119        42        26        30
     Derivatives  -0.11D+00 -0.72D-01 -0.50D-01 -0.45D-01 -0.29D-01
   190 -0.19376918D+05    0.0000000    0.0000000  EM    0.57   227.4
     Parameters          27       119        42        26        30
     Derivatives  -0.11D+00 -0.72D-01 -0.50D-01 -0.45D-01 -0.29D-01
   191 -0.19376918D+05    0.0000000    0.0000000  EM    0.59   228.0
     Parameters          27       119        42        26        30
     Derivatives  -0.11D+00 -0.72D-01 -0.50D-01 -0.45D-01 -0.29D-01
   192 -0.19376918D+05    0.0000334    0.0000000  EM    0.95   228.9
     Parameters          27       119        42        26        30
     Derivatives  -0.11D+00 -0.72D-01 -0.50D-01 -0.45D-01 -0.29D-01
   193 -0.19376918D+05    0.0000000    0.0000000  EM    0.27   229.2
     Parameters          27       119        42        26        30
     Derivatives  -0.11D+00 -0.72D-01 -0.50D-01 -0.45D-01 -0.29D-01
   194 -0.19376918D+05    0.0000335    0.0000000  EM    2.12   231.3
     Parameters          27       119        42        26        30
     Derivatives  -0.11D+00 -0.72D-01 -0.50D-01 -0.45D-01 -0.29D-01
   195 -0.19376918D+05    0.0000000    0.0000000  EM    0.22   231.5
     Parameters          27       119        42        26        30
     Derivatives  -0.11D+00 -0.72D-01 -0.50D-01 -0.45D-01 -0.29D-01
   196 -0.19376918D+05    0.0000336    0.0000000  EM   12.42   244.0
     Parameters          27       119        42        26        30
     Derivatives  -0.11D+00 -0.72D-01 -0.50D-01 -0.45D-01 -0.29D-01
   197 -0.19376917D+05    0.0000336    0.0000000  EM    1.75   245.7
     Parameters          27       119        42        26        30
     Derivatives  -0.11D+00 -0.72D-01 -0.50D-01 -0.45D-01 -0.29D-01
   198 -0.19376917D+05    0.0000334    0.0000000  EM    1.67   247.4
     Parameters          27       119        42        26        30
     Derivatives  -0.11D+00 -0.72D-01 -0.50D-01 -0.45D-01 -0.29D-01
   199 -0.19376917D+05    0.0000000    0.0000000  EM    0.24   247.6
     Parameters          27       119        42        26        30
     Derivatives  -0.11D+00 -0.72D-01 -0.50D-01 -0.45D-01 -0.29D-01
   200 -0.19376917D+05    0.0000000    0.0000000  EM    0.87   248.5
     Parameters          27       119        42        26        30
     Derivatives  -0.11D+00 -0.72D-01 -0.50D-01 -0.45D-01 -0.29D-01
   201 -0.19376917D+05    0.0000000    0.0000000  EM    0.31   248.8
     Parameters          27       119        42        26        30
     Derivatives  -0.11D+00 -0.72D-01 -0.50D-01 -0.45D-01 -0.29D-01
   202 -0.19376917D+05    0.0000336    0.0000000  EM    1.38   250.2
     Parameters          27       119        42        26        30
     Derivatives  -0.11D+00 -0.72D-01 -0.50D-01 -0.45D-01 -0.29D-01
   203 -0.19376917D+05    0.0000000    0.0000000  EM    0.23   250.4
     Parameters          27       119        42        26        30
     Derivatives  -0.11D+00 -0.72D-01 -0.50D-01 -0.45D-01 -0.29D-01
   204 -0.19376917D+05    0.0000000    0.0000000  EM    0.66   251.1
     Parameters          27       119        42        26        30
     Derivatives  -0.11D+00 -0.72D-01 -0.50D-01 -0.45D-01 -0.29D-01
   205 -0.19376917D+05    0.0000000    0.0000000  EM    0.25   251.3
     Parameters          27       119        42        26        30
     Derivatives  -0.11D+00 -0.72D-01 -0.50D-01 -0.45D-01 -0.29D-01
   206 -0.19376917D+05    0.0000000    0.0000000  EM    0.41   251.7
     Parameters          27       119        42        26        30
     Derivatives  -0.11D+00 -0.72D-01 -0.50D-01 -0.45D-01 -0.29D-01
   207 -0.19376917D+05    0.0000336    0.0000000  EM    1.59   253.3
     Parameters          27       119        42        26        30
     Derivatives  -0.11D+00 -0.72D-01 -0.50D-01 -0.45D-01 -0.29D-01
   208 -0.19376917D+05    0.0000000    0.0000000  EM    1.00   254.3
     Parameters          27       119        42        26        30
     Derivatives  -0.11D+00 -0.72D-01 -0.50D-01 -0.45D-01 -0.29D-01
   209 -0.19376917D+05    0.0000000    0.0000000  EM    0.24   254.6
     Parameters          27       119        42        26        30
     Derivatives  -0.11D+00 -0.72D-01 -0.50D-01 -0.45D-01 -0.29D-01
   210 -0.19376917D+05    0.0000000    0.0000000  EM    0.84   255.4
     Parameters          27       119        42        26        30
     Derivatives  -0.11D+00 -0.72D-01 -0.50D-01 -0.45D-01 -0.29D-01
   211 -0.19376917D+05    0.0000334    0.0000000  EM    1.46   256.9
     Parameters          27       119        42        26        30
     Derivatives  -0.11D+00 -0.72D-01 -0.50D-01 -0.45D-01 -0.29D-01
   212 -0.19376917D+05    0.0000335    0.0000000  EM    1.66   258.5
     Parameters          27       119        42        26        30
     Derivatives  -0.11D+00 -0.72D-01 -0.50D-01 -0.45D-01 -0.29D-01
   213 -0.19376917D+05    0.0000000    0.0000000  EM    0.62   259.2
     Parameters          27       119        42        26        30
     Derivatives  -0.11D+00 -0.72D-01 -0.50D-01 -0.45D-01 -0.29D-01
   214 -0.19376917D+05    0.0000000    0.0000000  EM    0.87   260.0
     Parameters          27       119        42        26        30
     Derivatives  -0.11D+00 -0.72D-01 -0.50D-01 -0.45D-01 -0.29D-01
   215 -0.19376917D+05    0.0000000    0.0000000  EM    0.75   260.8
     Parameters          27       119        42        26        30
     Derivatives  -0.11D+00 -0.72D-01 -0.50D-01 -0.45D-01 -0.29D-01
   216 -0.19376917D+05    0.0000335    0.0000000  EM    1.45   262.2
     Parameters          27       119        42        26        30
     Derivatives  -0.11D+00 -0.72D-01 -0.50D-01 -0.45D-01 -0.29D-01
   217 -0.19376917D+05    0.0000000    0.0000000  EM    0.98   263.2
     Parameters          27       119        42        26        30
     Derivatives  -0.11D+00 -0.72D-01 -0.50D-01 -0.45D-01 -0.29D-01
   218 -0.19376917D+05    0.0000334    0.0000000  EM    1.51   264.7
     Parameters          27       119        42        26        30
     Derivatives  -0.11D+00 -0.72D-01 -0.50D-01 -0.45D-01 -0.29D-01
   219 -0.19376917D+05    0.0000335    0.0000000  EM    1.26   266.0
     Parameters          27       119        42        26        30
     Derivatives  -0.11D+00 -0.72D-01 -0.50D-01 -0.45D-01 -0.29D-01
   220 -0.19376917D+05    0.0000334    0.0000000  EM    2.45   268.4
     Parameters          27       119        42        26        30
     Derivatives  -0.11D+00 -0.72D-01 -0.50D-01 -0.45D-01 -0.29D-01
   221 -0.19376917D+05    0.0000335    0.0000000  EM    1.44   269.9
     Parameters          27       119        42        26        30
     Derivatives  -0.11D+00 -0.72D-01 -0.50D-01 -0.45D-01 -0.29D-01
   222 -0.19376917D+05    0.0000000    0.0000000  EM    0.59   270.4
     Parameters          27       119        42        26        30
     Derivatives  -0.11D+00 -0.72D-01 -0.50D-01 -0.45D-01 -0.29D-01
   223 -0.19376917D+05    0.0000332    0.0000000  EM    1.52   272.0
     Parameters          27       119        42        26        30
     Derivatives  -0.11D+00 -0.72D-01 -0.50D-01 -0.45D-01 -0.29D-01
   224 -0.19376917D+05    0.0000000    0.0000000  EM    0.70   272.7
     Parameters          27       119        42        26        30
     Derivatives  -0.11D+00 -0.72D-01 -0.50D-01 -0.45D-01 -0.29D-01
   225 -0.19376917D+05    0.0000000    0.0000000  EM    0.78   273.4
     Parameters          27       119        42        26        30
     Derivatives  -0.11D+00 -0.72D-01 -0.50D-01 -0.45D-01 -0.29D-01
   226 -0.19376917D+05    0.0000000    0.0000000  EM    0.80   274.2
     Parameters          27       119        42        26        30
     Derivatives  -0.11D+00 -0.72D-01 -0.50D-01 -0.45D-01 -0.29D-01
   227 -0.19376917D+05    0.0000000    0.0000000  EM    0.81   275.1
     Parameters          27       119        42        26        30
     Derivatives  -0.11D+00 -0.72D-01 -0.50D-01 -0.45D-01 -0.29D-01
   228 -0.19376917D+05    0.0000333    0.0000000  EM    1.48   276.5
     Parameters          27       119        42        26        30
     Derivatives  -0.11D+00 -0.72D-01 -0.50D-01 -0.45D-01 -0.29D-01
   229 -0.19376917D+05    0.0000334    0.0000000  EM    2.16   278.7
     Parameters          27       119        42        26        30
     Derivatives  -0.11D+00 -0.72D-01 -0.50D-01 -0.45D-01 -0.29D-01
   230 -0.19376917D+05    0.0000000    0.0000000  EM    0.59   279.3
     Parameters          27       119        42        26        30
     Derivatives  -0.11D+00 -0.72D-01 -0.50D-01 -0.45D-01 -0.29D-01
   231 -0.19376917D+05    0.0000337    0.0000000  EM    2.63   281.9
     Parameters          27       119        42        26        30
     Derivatives  -0.11D+00 -0.72D-01 -0.50D-01 -0.45D-01 -0.29D-01
   232 -0.19376917D+05    0.0000329    0.0000000  EM    1.25   283.2
     Parameters          27       119        42        26        30
     Derivatives  -0.11D+00 -0.72D-01 -0.50D-01 -0.45D-01 -0.29D-01
   233 -0.19376917D+05    0.0000000    0.0000000  EM    0.23   283.4
     Parameters          27       119        42        26        30
     Derivatives  -0.11D+00 -0.72D-01 -0.50D-01 -0.45D-01 -0.29D-01
   234 -0.19376917D+05    0.0000337    0.0000000  EM    1.59   285.0
     Parameters          27       119        42        26        30
     Derivatives  -0.11D+00 -0.72D-01 -0.50D-01 -0.44D-01 -0.29D-01
   235 -0.19376917D+05    0.0000000    0.0000000  EM    0.59   285.6
     Parameters          27       119        42        26        30
     Derivatives  -0.11D+00 -0.72D-01 -0.50D-01 -0.44D-01 -0.29D-01
   236 -0.19376917D+05    0.0000000    0.0000000  EM    0.63   286.2
     Parameters          27       119        42        26        30
     Derivatives  -0.11D+00 -0.72D-01 -0.50D-01 -0.44D-01 -0.29D-01
   237 -0.19376917D+05    0.0000000    0.0000000  EM    0.70   286.9
     Parameters          27       119        42        26        30
     Derivatives  -0.11D+00 -0.72D-01 -0.50D-01 -0.44D-01 -0.29D-01
   238 -0.19376917D+05    0.0000000    0.0000000  EM    0.63   287.5
     Parameters          27       119        42        26        30
     Derivatives  -0.11D+00 -0.72D-01 -0.50D-01 -0.44D-01 -0.29D-01
   239 -0.19376917D+05    0.0000000    0.0000000  EM    0.30   287.8
     Parameters          27       119        42        26        30
     Derivatives  -0.11D+00 -0.72D-01 -0.50D-01 -0.44D-01 -0.29D-01
   240 -0.19376917D+05    0.0000331    0.0000000  EM    1.97   289.8
     Parameters          27       119        42        26        30
     Derivatives  -0.11D+00 -0.72D-01 -0.50D-01 -0.45D-01 -0.29D-01
   241 -0.19376917D+05    0.0000331    0.0000000  EM    2.28   292.1
     Parameters          27       119        42        26        30
     Derivatives  -0.11D+00 -0.72D-01 -0.50D-01 -0.44D-01 -0.29D-01
   242 -0.19376917D+05    0.0000000    0.0000000  EM    0.68   292.8
     Parameters          27       119        42        26        30
     Derivatives  -0.11D+00 -0.72D-01 -0.50D-01 -0.44D-01 -0.29D-01
   243 -0.19376917D+05    0.0000000    0.0000000  EM    0.73   293.5
     Parameters          27       119        42        26        30
     Derivatives  -0.11D+00 -0.72D-01 -0.50D-01 -0.44D-01 -0.29D-01
   244 -0.19376917D+05    0.0000333    0.0000000  EM    2.30   295.8
     Parameters          27       119        42        26        30
     Derivatives  -0.11D+00 -0.72D-01 -0.50D-01 -0.44D-01 -0.29D-01
   245 -0.19376917D+05    0.0000000    0.0000000  EM    0.60   296.4
     Parameters          27       119        42        26        30
     Derivatives  -0.11D+00 -0.72D-01 -0.50D-01 -0.44D-01 -0.29D-01
   246 -0.19376917D+05    0.0000000    0.0000000  EM    0.62   297.0
     Parameters          27       119        42        26        30
     Derivatives  -0.11D+00 -0.72D-01 -0.50D-01 -0.44D-01 -0.29D-01
   247 -0.19376917D+05    0.0000334    0.0000000  EM   11.64   308.7
     Parameters          27       119        42        26        30
     Derivatives  -0.11D+00 -0.72D-01 -0.50D-01 -0.44D-01 -0.29D-01
   248 -0.19376917D+05    0.0000335    0.0000000  EM    1.96   310.6
     Parameters          27       119        42        26        30
     Derivatives  -0.11D+00 -0.72D-01 -0.50D-01 -0.44D-01 -0.29D-01
   249 -0.19376917D+05    0.0000000    0.0000000  EM    0.61   311.2
     Parameters          27       119        42        26        30
     Derivatives  -0.11D+00 -0.72D-01 -0.50D-01 -0.44D-01 -0.29D-01
   250 -0.19376917D+05    0.0000334    0.0000000  EM    1.55   312.8
     Parameters          27       119        42        26        30
     Derivatives  -0.11D+00 -0.72D-01 -0.50D-01 -0.44D-01 -0.29D-01
   251 -0.19376917D+05    0.0000000    0.0000000  EM    0.62   313.4
     Parameters          27       119        42        26        30
     Derivatives  -0.11D+00 -0.72D-01 -0.50D-01 -0.44D-01 -0.29D-01
   252 -0.19376917D+05    0.0000000    0.0000000  EM    0.62   314.0
     Parameters          27       119        42        26        30
     Derivatives  -0.11D+00 -0.72D-01 -0.50D-01 -0.44D-01 -0.29D-01
   253 -0.19376917D+05    0.0000336    0.0000000  EM    2.72   316.7
     Parameters          27       119        42        26        30
     Derivatives  -0.11D+00 -0.72D-01 -0.50D-01 -0.44D-01 -0.29D-01
   254 -0.19376917D+05    0.0000364    0.0000000  EM    3.92   320.7
     Parameters          27       119        42        26        30
     Derivatives  -0.11D+00 -0.72D-01 -0.50D-01 -0.45D-01 -0.29D-01
   255 -0.19376917D+05    0.0000329    0.0000000  EM    1.66   322.3
     Parameters          27       119        42        26        30
     Derivatives  -0.11D+00 -0.72D-01 -0.50D-01 -0.45D-01 -0.29D-01
   256 -0.19376917D+05    0.0000000    0.0000000  EM    0.36   322.7
     Parameters          27       119        42        26        30
     Derivatives  -0.11D+00 -0.72D-01 -0.50D-01 -0.45D-01 -0.29D-01
   257 -0.19376917D+05    0.0000000    0.0000000  EM    0.43   323.1
     Parameters          27       119        42        26        30
     Derivatives  -0.11D+00 -0.72D-01 -0.50D-01 -0.45D-01 -0.29D-01
   258 -0.19376917D+05    0.0000000    0.0000000  EM    0.42   323.5
     Parameters          27       119        42        26        30
     Derivatives  -0.11D+00 -0.72D-01 -0.50D-01 -0.45D-01 -0.29D-01
   259 -0.19376917D+05    0.0000000    0.0000000  EM    0.89   324.4
     Parameters          27       119        42        26        30
     Derivatives  -0.11D+00 -0.72D-01 -0.50D-01 -0.45D-01 -0.29D-01
   260 -0.19376778D+05    0.1382793    0.0000071  QN    2.75   327.2
   261 -0.19376656D+05    0.1222601    0.0000063  EM    3.76   330.9
   262 -0.19376650D+05    0.0061676    0.0000003  EM    1.10   332.0
   263 -0.19376645D+05    0.0049087    0.0000003  EM    0.56   332.6
   264 -0.19376640D+05    0.0048171    0.0000002  EM    0.23   332.8
   265 -0.19376635D+05    0.0047790    0.0000002  EM    0.27   333.1
   266 -0.19376631D+05    0.0047441    0.0000002  EM    0.13   333.2
   267 -0.19376626D+05    0.0047097    0.0000002  EM    0.18   333.4
   268 -0.19376621D+05    0.0046756    0.0000002  EM    0.12   333.5
   269 -0.19376617D+05    0.0046417    0.0000002  EM    0.16   333.7
   270 -0.19376612D+05    0.0046081    0.0000002  EM    0.17   333.9
   271 -0.19376607D+05    0.0045748    0.0000002  EM    0.16   334.0
   272 -0.19376603D+05    0.0045417    0.0000002  EM    0.24   334.3
   273 -0.19376598D+05    0.0045089    0.0000002  EM    0.12   334.4
   274 -0.19376594D+05    0.0044764    0.0000002  EM    0.18   334.6
   275 -0.19376589D+05    0.0044441    0.0000002  EM    0.19   334.8
   276 -0.19376585D+05    0.0044122    0.0000002  EM    0.19   335.0
   277 -0.19376581D+05    0.0043805    0.0000002  EM    0.15   335.1
   278 -0.19376576D+05    0.0043490    0.0000002  EM    0.16   335.3
   279 -0.19376572D+05    0.0043177    0.0000002  EM    0.59   335.8
   280 -0.19376568D+05    0.0042865    0.0000002  EM    2.89   338.7
   281 -0.19376563D+05    0.0042561    0.0000002  EM    0.97   339.7
   282 -0.19376559D+05    0.0042257    0.0000002  EM    0.30   340.0
   283 -0.19376555D+05    0.0041952    0.0000002  EM    0.26   340.3
   284 -0.19376551D+05    0.0041655    0.0000002  EM    0.45   340.7
   285 -0.19376547D+05    0.0041358    0.0000002  EM    0.34   341.0
   286 -0.19376543D+05    0.0041062    0.0000002  EM    0.17   341.2
   287 -0.19376539D+05    0.0040771    0.0000002  EM    0.18   341.4
   288 -0.19376535D+05    0.0040481    0.0000002  EM    0.21   341.6
   289 -0.19376531D+05    0.0040193    0.0000002  EM    0.17   341.8
   290 -0.19376527D+05    0.0039907    0.0000002  EM    0.18   342.0
   291 -0.19376523D+05    0.0039625    0.0000002  EM    0.13   342.1
   292 -0.19376519D+05    0.0039343    0.0000002  EM    0.19   342.3
   293 -0.19376515D+05    0.0039066    0.0000002  EM    0.23   342.5
   294 -0.19376511D+05    0.0038789    0.0000002  EM    0.27   342.8
   295 -0.19376507D+05    0.0038516    0.0000002  EM    0.48   343.3
   296 -0.19376503D+05    0.0038244    0.0000002  EM    0.12   343.4
   297 -0.19376499D+05    0.0037975    0.0000002  EM    0.20   343.6
   298 -0.19376496D+05    0.0037708    0.0000002  EM    0.16   343.8
   299 -0.19376492D+05    0.0037443    0.0000002  EM    9.95   353.7
   300 -0.19376488D+05    0.0037177    0.0000002  EM    3.71   357.4
   301 -0.19376484D+05    0.0036917    0.0000002  EM    2.62   360.0
   302 -0.19376481D+05    0.0036661    0.0000002  EM    1.00   361.0
   303 -0.19376477D+05    0.0036406    0.0000002  EM    0.30   361.3
   304 -0.19376474D+05    0.0036150    0.0000002  EM    0.31   361.6
   305 -0.19376470D+05    0.0035900    0.0000002  EM    0.36   362.0
   306 -0.19376466D+05    0.0035649    0.0000002  EM    0.17   362.2
   307 -0.19376463D+05    0.0035402    0.0000002  EM    0.12   362.3
   308 -0.19376459D+05    0.0035155    0.0000002  EM    0.22   362.5
   309 -0.19376456D+05    0.0034911    0.0000002  EM    0.31   362.8
   310 -0.19376452D+05    0.0034670    0.0000002  EM    0.20   363.0
   311 -0.19376449D+05    0.0034430    0.0000002  EM    0.19   363.2
   312 -0.19376445D+05    0.0034192    0.0000002  EM    0.11   363.3
   313 -0.19376442D+05    0.0033957    0.0000002  EM    0.23   363.6
   314 -0.19376439D+05    0.0033722    0.0000002  EM    0.16   363.7
   315 -0.19376435D+05    0.0033488    0.0000002  EM    0.75   364.5
   316 -0.19376432D+05    0.0033256    0.0000002  EM    3.27   367.8
   317 -0.19376429D+05    0.0033032    0.0000002  EM    1.00   368.8
   318 -0.19376425D+05    0.0032805    0.0000002  EM    0.41   369.2
   319 -0.19376422D+05    0.0032581    0.0000002  EM    0.28   369.4
   320 -0.19376419D+05    0.0032358    0.0000002  EM    0.34   369.8
   321 -0.19376416D+05    0.0032138    0.0000002  EM    0.20   370.0
   322 -0.19376413D+05    0.0031919    0.0000002  EM    0.24   370.2
   323 -0.19376409D+05    0.0031702    0.0000002  EM    0.20   370.4
   324 -0.19376406D+05    0.0031486    0.0000002  EM    0.17   370.6
   325 -0.19376403D+05    0.0031273    0.0000002  EM    0.13   370.7
   326 -0.19376400D+05    0.0031061    0.0000002  EM    0.16   370.9
   327 -0.19376397D+05    0.0030850    0.0000002  EM    0.15   371.0
   328 -0.19376394D+05    0.0030643    0.0000002  EM    0.18   371.2
   329 -0.19376391D+05    0.0030436    0.0000002  EM    0.17   371.4
   330 -0.19376388D+05    0.0030231    0.0000002  EM    0.14   371.5
   331 -0.19376385D+05    0.0030028    0.0000002  EM    0.12   371.6
   332 -0.19376382D+05    0.0029827    0.0000002  EM    0.16   371.8
   333 -0.19376379D+05    0.0029626    0.0000002  EM    0.26   372.1
   334 -0.19376376D+05    0.0029428    0.0000002  EM    0.51   372.6
   335 -0.19376373D+05    0.0029232    0.0000002  EM    0.12   372.7
   336 -0.19376370D+05    0.0029037    0.0000001  EM    0.27   373.0
   337 -0.19376367D+05    0.0028844    0.0000001  EM    0.18   373.1
   338 -0.19376364D+05    0.0028652    0.0000001  EM    0.14   373.3
   339 -0.19376361D+05    0.0028461    0.0000001  EM    0.16   373.4
   340 -0.19376359D+05    0.0028273    0.0000001  EM    0.38   373.8
   341 -0.19376356D+05    0.0028086    0.0000001  EM    0.12   374.0
   342 -0.19376353D+05    0.0027901    0.0000001  EM    0.14   374.1
   343 -0.19376350D+05    0.0027717    0.0000001  EM    0.12   374.2
   344 -0.19376348D+05    0.0027535    0.0000001  EM    0.11   374.3
   345 -0.19376345D+05    0.0027353    0.0000001  EM    0.12   374.4
   346 -0.19376342D+05    0.0027174    0.0000001  EM    0.10   374.5
   347 -0.19376339D+05    0.0026996    0.0000001  EM    0.11   374.7
   348 -0.19376337D+05    0.0026820    0.0000001  EM    0.11   374.8
   349 -0.19376334D+05    0.0026644    0.0000001  EM    0.12   374.9
   350 -0.19376331D+05    0.0026471    0.0000001  EM   11.17   386.1
   351 -0.19376329D+05    0.0026299    0.0000001  EM    0.10   386.2
   352 -0.19376326D+05    0.0026128    0.0000001  EM    0.11   386.3
   353 -0.19376324D+05    0.0025958    0.0000001  EM    0.09   386.4
   354 -0.19376321D+05    0.0025791    0.0000001  EM    0.10   386.5
   355 -0.19376318D+05    0.0025624    0.0000001  EM    0.09   386.6
   356 -0.19376316D+05    0.0025459    0.0000001  EM    0.11   386.7
   357 -0.19376313D+05    0.0025295    0.0000001  EM    0.09   386.8
   358 -0.19376311D+05    0.0025133    0.0000001  EM    0.08   386.8
   359 -0.19376308D+05    0.0024971    0.0000001  EM    0.08   386.9
   360 -0.19376306D+05    0.0024811    0.0000001  EM    0.10   387.0
   361 -0.19376303D+05    0.0024653    0.0000001  EM    0.09   387.1
   362 -0.19376301D+05    0.0024496    0.0000001  EM    0.11   387.2
   363 -0.19376298D+05    0.0024340    0.0000001  EM    0.11   387.3
   364 -0.19376296D+05    0.0024185    0.0000001  EM    0.14   387.5
   365 -0.19376294D+05    0.0024032    0.0000001  EM    0.11   387.6
   366 -0.19376291D+05    0.0023879    0.0000001  EM    0.12   387.7
   367 -0.19376289D+05    0.0023728    0.0000001  EM    0.13   387.8
   368 -0.19376287D+05    0.0023579    0.0000001  EM    0.12   388.0
   369 -0.19376284D+05    0.0023430    0.0000001  EM    0.23   388.2
   370 -0.19376282D+05    0.0023283    0.0000001  EM    0.48   388.7
   371 -0.19376280D+05    0.0023137    0.0000001  EM    0.12   388.8
   372 -0.19376277D+05    0.0022992    0.0000001  EM    0.10   388.9
   373 -0.19376275D+05    0.0022848    0.0000001  EM    0.57   389.5
