
     Mplus VERSION 9
     MUTHEN & MUTHEN

     Running input file 'model.inp'...

     Dimensions of integration:                  1
     Total number of integration points:         20


  ITER  LOGLIKELIHOOD    ABS CHANGE   REL CHANGE  ALGO  TIME  TOTAL TIME
     1 -0.27782546D+05    0.0000000    0.0000000  EM    0.13     0.1
     2 -0.27662076D+05  120.4703945    0.0043362  EM    8.66     8.8
     3 -0.27661034D+05    1.0421257    0.0000377  EM    3.27    12.1
     4 -0.27660511D+05    0.5224427    0.0000189  EM    0.53    12.6
     5 -0.27660178D+05    0.3328996    0.0000120  EM    0.41    13.0
     6 -0.27659926D+05    0.2524200    0.0000091  EM    0.24    13.2
     7 -0.27659716D+05    0.2094050    0.0000076  EM    0.27    13.5
     8 -0.27659536D+05    0.1805413    0.0000065  EM    0.18    13.7
     9 -0.27659378D+05    0.1580790    0.0000057  EM    0.30    14.0
    10 -0.27659239D+05    0.1392852    0.0000050  EM    0.23    14.2
    11 -0.27659115D+05    0.1230797    0.0000044  EM    0.17    14.4
    12 -0.27659006D+05    0.1089378    0.0000039  EM    0.20    14.6
    13 -0.27658910D+05    0.0965354    0.0000035  EM    0.12    14.7
    14 -0.27658824D+05    0.0856343    0.0000031  EM    0.14    14.9
    15 -0.27658748D+05    0.0760380    0.0000027  EM    0.11    15.0
    16 -0.27658681D+05    0.0675913    0.0000024  EM    0.14    15.1
    17 -0.27658621D+05    0.0601408    0.0000022  EM    0.15    15.3
    18 -0.27658567D+05    0.0535705    0.0000019  EM    0.16    15.4
    19 -0.27658519D+05    0.0477691    0.0000017  EM    0.13    15.5
    20 -0.27658477D+05    0.0426405    0.0000015  EM    0.21    15.8
    21 -0.27658438D+05    0.0381055    0.0000014  EM    0.17    15.9
    22 -0.27658404D+05    0.0340911    0.0000012  EM    0.15    16.1
    23 -0.27658374D+05    0.0305336    0.0000011  EM    0.21    16.3
    24 -0.27658346D+05    0.0273776    0.0000010  EM    0.20    16.5
    25 -0.27658322D+05    0.0245769    0.0000009  EM    0.20    16.7
    26 -0.27658300D+05    0.0220877    0.0000008  EM    0.19    16.9
    27 -0.27658280D+05    0.0198731    0.0000007  EM    0.22    17.1
    28 -0.27658262D+05    0.0179012    0.0000006  EM    0.13    17.2
    29 -0.27658246D+05    0.0161433    0.0000006  EM    0.13    17.4
    30 -0.27658231D+05    0.0145747    0.0000005  EM    0.13    17.5
    31 -0.27658218D+05    0.0131735    0.0000005  EM    0.14    17.6
    32 -0.27658206D+05    0.0119205    0.0000004  EM    0.12    17.8
    33 -0.27658195D+05    0.0107990    0.0000004  EM    0.15    17.9
    34 -0.27658186D+05    0.0097941    0.0000004  EM    0.13    18.0
    35 -0.27658088D+05    0.0972389    0.0000035  FS   15.02    33.1
    36 -0.27658072D+05    0.0166859    0.0000006  FS   14.50    47.6
    37 -0.27658044D+05    0.0277439    0.0000010  EM   17.04    64.6
    38 -0.27658042D+05    0.0021493    0.0000001  EM    0.17    64.8
    39 -0.27658040D+05    0.0015519    0.0000001  EM    0.13    64.9
    40 -0.27658039D+05    0.0013088    0.0000000  EM    0.13    65.0
    41 -0.27658038D+05    0.0011654    0.0000000  EM    0.11    65.1
    42 -0.27658037D+05    0.0010561    0.0000000  EM    0.12    65.3
    43 -0.27658036D+05    0.0009629    0.0000000  EM    0.11    65.4
     Parameters          44        27        33        32        69
     Derivatives   0.48D-02  0.15D-02  0.12D-02  0.11D-02 -0.92D-03
     Beginning Time:  21:41:18
        Ending Time:  21:42:48
       Elapsed Time:  00:01:30

     Output saved in 'model.out'.
