
     Mplus VERSION 9
     MUTHEN & MUTHEN

     Running input file 'model.inp'...

     Dimensions of integration:                  1
     Total number of integration points:         15


  ITER  LOGLIKELIHOOD    ABS CHANGE   REL CHANGE  ALGO  TIME  TOTAL TIME
     1 -0.26936164D+05    0.0000000    0.0000000  EM    0.03     0.0
     2 -0.26935289D+05    0.8744856    0.0000325  EM    5.09     5.1
     3 -0.26935154D+05    0.1354708    0.0000050  EM    2.60     7.7
     4 -0.26935124D+05    0.0296714    0.0000011  EM    0.45     8.2
     5 -0.26935111D+05    0.0133500    0.0000005  EM    0.16     8.3
     6 -0.26935100D+05    0.0102598    0.0000004  EM    0.13     8.5
     7 -0.26935091D+05    0.0092527    0.0000003  EM    0.10     8.6
     8 -0.26935082D+05    0.0086191    0.0000003  EM    0.12     8.7
     9 -0.26935074D+05    0.0080878    0.0000003  EM    0.09     8.8
    10 -0.26935067D+05    0.0076088    0.0000003  EM    0.14     8.9
    11 -0.26935060D+05    0.0071733    0.0000003  EM    0.11     9.0
    12 -0.26935053D+05    0.0067730    0.0000003  EM    0.20     9.2
    13 -0.26935046D+05    0.0064076    0.0000002  EM    0.11     9.3
    14 -0.26935040D+05    0.0060732    0.0000002  EM    0.09     9.4
    15 -0.26935035D+05    0.0057665    0.0000002  EM    0.07     9.5
    16 -0.26935029D+05    0.0054867    0.0000002  EM    0.11     9.6
    17 -0.26935024D+05    0.0052302    0.0000002  EM    0.12     9.7
    18 -0.26935019D+05    0.0049951    0.0000002  EM    0.11     9.8
    19 -0.26935014D+05    0.0047801    0.0000002  EM    0.12     9.9
    20 -0.26935010D+05    0.0045833    0.0000002  EM    0.09    10.0
    21 -0.26935005D+05    0.0044030    0.0000002  EM    0.14    10.2
    22 -0.26935001D+05    0.0042382    0.0000002  EM    0.10    10.3
    23 -0.26934997D+05    0.0040872    0.0000002  EM    0.08    10.4
    24 -0.26934993D+05    0.0039492    0.0000001  EM    0.17    10.5
    25 -0.26934989D+05    0.0038229    0.0000001  EM    0.15    10.7
    26 -0.26934985D+05    0.0037071    0.0000001  EM    0.10    10.8
    27 -0.26934982D+05    0.0036011    0.0000001  EM    0.10    10.9
    28 -0.26934978D+05    0.0035043    0.0000001  EM    0.17    11.0
    29 -0.26934975D+05    0.0034157    0.0000001  EM    0.11    11.2
    30 -0.26934971D+05    0.0033344    0.0000001  EM    0.11    11.3
    31 -0.26934968D+05    0.0032607    0.0000001  EM    0.17    11.4
    32 -0.26934965D+05    0.0031930    0.0000001  EM    0.09    11.5
    33 -0.26934962D+05    0.0031312    0.0000001  EM    0.12    11.6
    34 -0.26934959D+05    0.0030749    0.0000001  EM    0.10    11.8
    35 -0.26934956D+05    0.0030232    0.0000001  EM    0.10    11.9
    36 -0.26934953D+05    0.0029761    0.0000001  EM    0.10    12.0
    37 -0.26934735D+05    0.2182110    0.0000081  FS    8.55    20.5
    38 -0.26934528D+05    0.2062761    0.0000077  FS    9.05    29.6
    39 -0.26934471D+05    0.0574214    0.0000021  EM    9.85    39.4
    40 -0.26934466D+05    0.0045610    0.0000002  EM    0.39    39.8
    41 -0.26934462D+05    0.0040528    0.0000002  EM    0.12    39.9
    42 -0.26934458D+05    0.0038843    0.0000001  EM    0.14    40.1
    43 -0.26934455D+05    0.0037671    0.0000001  EM    0.13    40.2
    44 -0.26934451D+05    0.0036617    0.0000001  EM    0.13    40.3
    45 -0.26934447D+05    0.0035616    0.0000001  EM    0.13    40.5
    46 -0.26934444D+05    0.0034655    0.0000001  EM    0.11    40.6
    47 -0.26934441D+05    0.0033728    0.0000001  EM    0.12    40.7
    48 -0.26934437D+05    0.0032836    0.0000001  EM    0.16    40.8
    49 -0.26934434D+05    0.0031976    0.0000001  EM    0.17    41.0
    50 -0.26934431D+05    0.0031147    0.0000001  EM    0.12    41.1
    51 -0.26934428D+05    0.0030347    0.0000001  EM    0.09    41.2
    52 -0.26934425D+05    0.0029572    0.0000001  EM    0.11    41.3
    53 -0.26934422D+05    0.0028827    0.0000001  EM    0.09    41.4
    54 -0.26934419D+05    0.0028102    0.0000001  EM    0.10    41.5
    55 -0.26934417D+05    0.0027401    0.0000001  EM    0.12    41.6
    56 -0.26934414D+05    0.0026726    0.0000001  EM    0.11    41.8
    57 -0.26934411D+05    0.0026068    0.0000001  EM    0.11    41.9
    58 -0.26934409D+05    0.0025431    0.0000001  EM    0.16    42.0
    59 -0.26934406D+05    0.0024814    0.0000001  EM    0.17    42.2
    60 -0.26934404D+05    0.0024216    0.0000001  EM    0.16    42.4
    61 -0.26934401D+05    0.0023635    0.0000001  EM    0.18    42.5
    62 -0.26934328D+05    0.0735084    0.0000027  QN    0.48    43.0
    63 -0.26934298D+05    0.0294806    0.0000011  EM    1.03    44.0
    64 -0.26934294D+05    0.0041976    0.0000002  EM    3.05    47.1
    65 -0.26934292D+05    0.0018901    0.0000001  EM    0.61    47.7
    66 -0.26934291D+05    0.0014301    0.0000001  EM    0.45    48.1
    67 -0.26934290D+05    0.0013156    0.0000000  EM    0.11    48.2
    68 -0.26934288D+05    0.0012685    0.0000000  EM    0.09    48.3
    69 -0.26934287D+05    0.0012355    0.0000000  EM    0.18    48.5
    70 -0.26934286D+05    0.0012059    0.0000000  EM    0.18    48.7
    71 -0.26934285D+05    0.0011775    0.0000000  EM    0.14    48.8
    72 -0.26934284D+05    0.0011502    0.0000000  EM    0.23    49.1
    73 -0.26934282D+05    0.0011235    0.0000000  EM    0.19    49.3
    74 -0.26934281D+05    0.0010975    0.0000000  EM    0.11    49.4
    75 -0.26934280D+05    0.0010722    0.0000000  EM    0.12    49.5
    76 -0.26934279D+05    0.0010474    0.0000000  EM    0.09    49.6
    77 -0.26934212D+05    0.0668369    0.0000025  QN    0.77    50.3
    78 -0.26934202D+05    0.0106020    0.0000004  EM    1.04    51.4
    79 -0.26934201D+05    0.0007966    0.0000000  EM    0.24    51.6
     Parameters          27        26       130       128       127
     Derivatives   0.21D-02  0.77D-03  0.59D-03 -0.43D-03 -0.35D-03
     Beginning Time:  21:29:22
        Ending Time:  21:30:24
       Elapsed Time:  00:01:02

     Output saved in 'model.out'.
