Mplus VERSION 9
MUTHEN & MUTHEN
12/26/2025  10:28 PM

INPUT INSTRUCTIONS

  TITLE:
  Class-1_pp_LGCA
  DATA:
  FILE = "lgca_process4_shape_factor.dat";

  VARIABLE:
  NAMES = pid fid wfd_m10 wfd_s10 wfd_c10 wfd_d10 wfd_d110 wfd_d210 wfd_d310 wfd_d410
       wfd_d510 wfd_d610 wfd_d710 wfd_d810 wfd_d910 wfd_m12 wfd_s12 wfd_c12 wfd_d12
       wfd_d112 wfd_d212 wfd_d312 wfd_d412 wfd_d512 wfd_d612 wfd_d712 wfd_d812
       wfd_d912 wfd_m16 wfd_s16 wfd_c16 wfd_d16 wfd_d116 wfd_d216 wfd_d316 wfd_d416
       wfd_d516 wfd_d616 wfd_d716 wfd_d816 wfd_d916 wfd_m18 wfd_s18 wfd_c18 wfd_d18
       wfd_d118 wfd_d218 wfd_d318 wfd_d418 wfd_d518 wfd_d618 wfd_d718 wfd_d818
       wfd_d918 wfd_m20 wfd_s20 wfd_c20 wfd_d20 wfd_d120 wfd_d220 wfd_d320 wfd_d420
       wfd_d520 wfd_d620 wfd_d720 wfd_d820 wfd_d920 wfd_m22 wfd_s22 wfd_c22 wfd_d22
       wfd_d122 wfd_d222 wfd_d322 wfd_d422 wfd_d522 wfd_d622 wfd_d722 wfd_d822
       wfd_d922 sat10 sat12 sat14 sat16 sat18 sat20 sat22 ces812 ces816 ces818 ces820
       ces822 ces8sc12 ces8sc16 ces8sc18 ces8sc20 ces8sc22 wfdms10 wfdms12 wfdms16
       wfdms18 wfdms20 wfdms22 wfdss10 wfdss12 wfdss16 wfdss18 wfdss20 wfdss22 wfdcs10
       wfdcs12 wfdcs16 wfdcs18 wfdcs20 wfdcs22 wfdds10 wfdds12 wfdds16 wfdds18 wfdds20
       wfdds22 wfdds110 wfdds112 wfdds116 wfdds118 wfdds120 wfdds122 wfdds210 wfdds212
       wfdds216 wfdds218 wfdds220 wfdds222 wfdds310 wfdds312 wfdds316 wfdds318
       wfdds320 wfdds322 wfdds410 wfdds412 wfdds416 wfdds418 wfdds420 wfdds422
       wfdds510 wfdds512 wfdds516 wfdds518 wfdds520 wfdds522 wfdds610 wfdds612
       wfdds616 wfdds618 wfdds620 wfdds622 wfdds710 wfdds712 wfdds716 wfdds718
       wfdds720 wfdds722 wfdds810 wfdds812 wfdds816 wfdds818 wfdds820 wfdds822
       wfdds910 wfdds912 wfdds916 wfdds918 wfdds920 wfdds922 ces8sd12 ces8sd16
       ces8sd18 ces8sd20 ces8sd22 cohort wave sex12 edu12 urban12 prov12 prov122
       prov123 cdn12 cdar12 cdsc12 cdsc121 cdsc122 minor12 party12 age10 ageg10 pinc10
       pincm110 pincm210 cores10 heal10 heal101 heal103 marr10 eco10 eco102 eco103
       hwc10 hwc102 hwc103 hukou10 pinc210 finc10 age12 ageg12 pinc12 pincm112
       pincm212 cores12 heal12 heal121 heal123 marr12 eco12 eco122 eco123 hwc12 hwc122
       hwc123 hukou12 pinc212 pinc312 pinc412 finc12 age14 ageg14 pinc14 pincm114
       pincm214 cores14 heal14 heal141 heal143 marr14 hukou14 pinc214 finc14 age16
       ageg16 pinc16 pincm116 pincm216 cores16 heal16 heal161 heal163 marr16 eco16
       eco162 eco163 hwc16 hwc162 hwc163 hukou16 pinc216 finc16 age18 ageg18 pinc18
       pincm118 pincm218 cores18 heal18 heal181 heal183 marr18 eco18 eco182 eco183
       hwc18 hwc182 hwc183 hukou18 pinc218 finc18 age20 ageg20 pinc20 pincm120
       pincm220 cores20 heal20 heal201 heal203 marr20 eco20 eco202 eco203 hwc20 hwc202
       hwc203 hukou20 pinc220 finc20 age22 ageg22 pinc22 pincm122 pincm222 cores22
       heal22 heal221 heal223 marr22 eco22 eco222 eco223 hwc22 hwc222 hwc223 hukou22
       pinc222 finc22 consu110 fpinc10 employ10 heala110 heala210 heala310 heala410
       adl10 cog10 consu112 consu212 fpinc12 employ12 heala112 heala212 heala312
       heala412 adl12 consu114 consu214 fpinc14 employ14 heala114 heala214 heala314
       heala414 adl14 cog14 consu116 consu216 fpinc16 employ16 heala116 heala216
       heala316 heala416 adl16 consu118 consu218 fpinc18 employ18 heala118 heala218
       heala318 heala418 adl18 cog18 consu120 consu220 fpinc20 employ20 heala120
       heala220 heala320 heala420 adl20 consu122 consu222 fpinc22 employ22 heala122
       heala222 heala322 heala422 adl22 cog22;
   MISSING=.;
   usevar =
  !wfdms12 wfdms16 wfdms18 wfdms20 wfdms22
  !wfdss12 wfdss16 wfdss18 wfdss20 wfdss22
  !wfdds12 wfdds16 wfdds18 wfdds20 wfdds22
  wfdds112 wfdds116 wfdds118 wfdds120 wfdds122
  !ces8sd12 ces8sd16 ces8sd18 ces8sd20 ces8sd22
  ;
  ANALYSIS:
  estimator = mlr;
  !TYPE=COMPLEX;
  !type = mixture;
  !ALGORITHM=INTEGRATION;
  !starts = 600 200;
  !starts = 20;
  !LRTBOOTSTRAP = 200;
  processors = 10;
  coverage = 0.005;
  MODEL:

  !i1 s1 | wfdms12@0 wfdms16*4 wfdms18*6 wfdms20*8 wfdms22@10;
  !i2 s2 | wfdss12@0 wfdss16*4 wfdss18*6 wfdss20*8 wfdss22@10;
  !i3 s3 | wfdds12@0 wfdds16*4 wfdds18*6 wfdds20*8 wfdds22@10;
  i4 s4 | wfdds112@0 wfdds116*4 wfdds118*6 wfdds120*8 wfdds122@10;
  !i5 s5 | ces8sd12@0 ces8sd16*4 ces8sd18*6 ces8sd20*8 ces8sd22@10;

  OUTPUT:
  tech1 tech4 sampstat patterns stdyx;



*** WARNING
  Data set contains cases with missing on all variables.
  These cases were not included in the analysis.
  Number of cases with missing on all variables:  8
   1 WARNING(S) FOUND IN THE INPUT INSTRUCTIONS




Class-1_pp_LGCA

SUMMARY OF ANALYSIS

Number of groups                                                 1
Number of observations                                        3266

Number of dependent variables                                    5
Number of independent variables                                  0
Number of continuous latent variables                            2

Observed dependent variables

  Continuous
   WFDDS112    WFDDS116    WFDDS118    WFDDS120    WFDDS122

Continuous latent variables
   I4          S4


Estimator                                                      MLR
Information matrix                                        OBSERVED
Maximum number of iterations                                  1000
Convergence criterion                                    0.500D-04
Maximum number of steepest descent iterations                   20
Maximum number of iterations for H1                           2000
Convergence criterion for H1                             0.100D-03

Input data file(s)
  lgca_process4_shape_factor.dat

Input data format  FREE


SUMMARY OF DATA

     Number of missing data patterns            25


SUMMARY OF MISSING DATA PATTERNS


     MISSING DATA PATTERNS (x = not missing)

           1  2  3  4  5  6  7  8  9 10 11 12 13 14 15 16 17 18 19 20
 WFDDS112  x  x  x  x  x  x  x  x  x  x  x  x  x  x  x  x
 WFDDS116  x  x  x  x  x  x  x  x                          x  x  x  x
 WFDDS118  x  x  x  x              x  x  x  x              x  x  x  x
 WFDDS120  x  x        x  x        x  x        x  x        x  x
 WFDDS122  x     x     x     x     x     x     x     x     x     x

          21 22 23 24 25
 WFDDS112
 WFDDS116  x  x  x
 WFDDS118           x  x
 WFDDS120  x
 WFDDS122     x     x


     MISSING DATA PATTERN FREQUENCIES

    Pattern   Frequency     Pattern   Frequency     Pattern   Frequency
          1         473          10          26          19           7
          2         365          11          20          20          24
          3         206          12         138          21           1
          4         813          13           6          22           2
          5          44          14          19          23          55
          6          65          15          14          24           1
          7          40          16         159          25           5
          8         744          17           5
          9          27          18           7


COVARIANCE COVERAGE OF DATA

Minimum covariance coverage value   0.005


     PROPORTION OF DATA PRESENT


           Covariance Coverage
              WFDDS112      WFDDS116      WFDDS118      WFDDS120      WFDDS122
              ________      ________      ________      ________      ________
 WFDDS112       0.967
 WFDDS116       0.842         0.873
 WFDDS118       0.633         0.582         0.648
 WFDDS120       0.314         0.294         0.276         0.318
 WFDDS122       0.254         0.238         0.226         0.170         0.259


SAMPLE STATISTICS


     ESTIMATED SAMPLE STATISTICS


           Means
              WFDDS112      WFDDS116      WFDDS118      WFDDS120      WFDDS122
              ________      ________      ________      ________      ________
                0.001        -0.017         0.006         0.026        -0.103


           Covariances
              WFDDS112      WFDDS116      WFDDS118      WFDDS120      WFDDS122
              ________      ________      ________      ________      ________
 WFDDS112       1.000
 WFDDS116       0.212         1.160
 WFDDS118       0.220         0.273         1.437
 WFDDS120       0.106         0.234         0.404         1.705
 WFDDS122       0.153         0.259         0.268         0.497         2.056


           Correlations
              WFDDS112      WFDDS116      WFDDS118      WFDDS120      WFDDS122
              ________      ________      ________      ________      ________
 WFDDS112       1.000
 WFDDS116       0.197         1.000
 WFDDS118       0.183         0.212         1.000
 WFDDS120       0.081         0.166         0.258         1.000
 WFDDS122       0.107         0.168         0.156         0.266         1.000


     MAXIMUM LOG-LIKELIHOOD VALUE FOR THE UNRESTRICTED (H1) MODEL IS -15185.786


UNIVARIATE SAMPLE STATISTICS


     UNIVARIATE HIGHER-ORDER MOMENT DESCRIPTIVE STATISTICS

         Variable/         Mean/     Skewness/   Minimum/ % with                Percentiles
        Sample Size      Variance    Kurtosis    Maximum  Min/Max      20%/60%    40%/80%    Median

     WFDDS112              0.000      -0.453      -7.694    0.03%       0.059      0.059      0.059
            3159.000       1.000       9.726       7.812    0.03%       0.059      0.059
     WFDDS116             -0.015      -1.282      -7.694    0.21%       0.059      0.059      0.059
            2851.000       1.157      12.603       7.812    0.04%       0.059      0.059
     WFDDS118              0.013      -0.345      -7.694    0.09%       0.059      0.059      0.059
            2117.000       1.434       5.966       5.874    0.24%       0.059      0.059
     WFDDS120              0.042       0.159      -7.694    0.10%       0.059      0.059      0.059
            1038.000       1.687       7.887       7.812    0.29%       0.059      0.059
     WFDDS122             -0.102      -0.783      -7.694    0.36%      -0.587      0.059      0.059
             845.000       2.036       6.469       7.812    0.12%       0.059      0.059


THE MODEL ESTIMATION TERMINATED NORMALLY



MODEL FIT INFORMATION

Number of Free Parameters                       13

Loglikelihood

          H0 Value                      -15190.962
          H0 Scaling Correction Factor      3.2311
            for MLR
          H1 Value                      -15185.786
          H1 Scaling Correction Factor      2.4428
            for MLR

Information Criteria

          Akaike (AIC)                   30407.923
          Bayesian (BIC)                 30487.110
          Sample-Size Adjusted BIC       30445.804
            (n* = (n + 2) / 24)

Chi-Square Test of Model Fit

          Value                             10.575*
          Degrees of Freedom                     7
          P-Value                           0.1583
          Scaling Correction Factor         0.9789
            for MLR

*   The chi-square value for MLM, MLMV, MLR, ULSMV, WLSM and WLSMV cannot be used
    for chi-square difference testing in the regular way.  MLM, MLR and WLSM
    chi-square difference testing is described on the Mplus website.  MLMV, WLSMV,
    and ULSMV difference testing is done using the DIFFTEST option.

RMSEA (Root Mean Square Error Of Approximation)

          Estimate                           0.013
          90 Percent C.I.                    0.000  0.027
          Probability RMSEA <= .05           1.000

CFI/TLI

          CFI                                0.982
          TLI                                0.974

Chi-Square Test of Model Fit for the Baseline Model

          Value                            204.179
          Degrees of Freedom                    10
          P-Value                           0.0000

SRMR (Standardized Root Mean Square Residual)

          Value                              0.020



MODEL RESULTS

                                                    Two-Tailed
                    Estimate       S.E.  Est./S.E.    P-Value

 I4       |
    WFDDS112           1.000      0.000    999.000    999.000
    WFDDS116           1.000      0.000    999.000    999.000
    WFDDS118           1.000      0.000    999.000    999.000
    WFDDS120           1.000      0.000    999.000    999.000
    WFDDS122           1.000      0.000    999.000    999.000

 S4       |
    WFDDS112           0.000      0.000    999.000    999.000
    WFDDS116           3.813      2.681      1.422      0.155
    WFDDS118           7.035      2.453      2.868      0.004
    WFDDS120          21.657     32.501      0.666      0.505
    WFDDS122          10.000      0.000    999.000    999.000

 S4       WITH
    I4                -0.006      0.013     -0.493      0.622

 Means
    I4                -0.008      0.019     -0.454      0.650
    S4                 0.001      0.003      0.191      0.848

 Intercepts
    WFDDS112           0.000      0.000    999.000    999.000
    WFDDS116           0.000      0.000    999.000    999.000
    WFDDS118           0.000      0.000    999.000    999.000
    WFDDS120           0.000      0.000    999.000    999.000
    WFDDS122           0.000      0.000    999.000    999.000

 Variances
    I4                 0.249      0.074      3.370      0.001
    S4                 0.002      0.004      0.545      0.585

 Residual Variances
    WFDDS112           0.755      0.093      8.123      0.000
    WFDDS116           0.928      0.065     14.297      0.000
    WFDDS118           1.155      0.090     12.898      0.000
    WFDDS120           0.727      1.305      0.557      0.577
    WFDDS122           1.744      0.258      6.748      0.000


QUALITY OF NUMERICAL RESULTS

     Condition Number for the Information Matrix              0.979E-08
       (ratio of smallest to largest eigenvalue)


STANDARDIZED MODEL RESULTS


STDYX Standardization

                                                    Two-Tailed
                    Estimate       S.E.  Est./S.E.    P-Value

 I4       |
    WFDDS112           0.498      0.074      6.699      0.000
    WFDDS116           0.464      0.060      7.725      0.000
    WFDDS118           0.419      0.060      6.977      0.000
    WFDDS120           0.381      0.059      6.466      0.000
    WFDDS122           0.346      0.051      6.749      0.000

 S4       |
    WFDDS112           0.000      0.000    999.000    999.000
    WFDDS116           0.165      0.245      0.673      0.501
    WFDDS118           0.275      0.227      1.213      0.225
    WFDDS120           0.770      0.469      1.642      0.101
    WFDDS122           0.323      0.294      1.099      0.272

 S4       WITH
    I4                -0.276      0.280     -0.985      0.325

 Means
    I4                -0.017      0.038     -0.441      0.659
    S4                 0.013      0.078      0.167      0.867

 Intercepts
    WFDDS112           0.000      0.000    999.000    999.000
    WFDDS116           0.000      0.000    999.000    999.000
    WFDDS118           0.000      0.000    999.000    999.000
    WFDDS120           0.000      0.000    999.000    999.000
    WFDDS122           0.000      0.000    999.000    999.000

 Variances
    I4                 1.000      0.000    999.000    999.000
    S4                 1.000      0.000    999.000    999.000

 Residual Variances
    WFDDS112           0.752      0.074     10.141      0.000
    WFDDS116           0.800      0.030     26.567      0.000
    WFDDS118           0.813      0.051     15.896      0.000
    WFDDS120           0.424      0.759      0.558      0.577
    WFDDS122           0.838      0.098      8.566      0.000


R-SQUARE

    Observed                                        Two-Tailed
    Variable        Estimate       S.E.  Est./S.E.    P-Value

    WFDDS112           0.248      0.074      3.349      0.001
    WFDDS116           0.200      0.030      6.637      0.000
    WFDDS118           0.187      0.051      3.664      0.000
    WFDDS120           0.576      0.759      0.759      0.448
    WFDDS122           0.162      0.098      1.659      0.097


TECHNICAL 1 OUTPUT


     PARAMETER SPECIFICATION


           NU
              WFDDS112      WFDDS116      WFDDS118      WFDDS120      WFDDS122
              ________      ________      ________      ________      ________
                  0             0             0             0             0


           LAMBDA
              I4            S4
              ________      ________
 WFDDS112           0             0
 WFDDS116           0             1
 WFDDS118           0             2
 WFDDS120           0             3
 WFDDS122           0             0


           THETA
              WFDDS112      WFDDS116      WFDDS118      WFDDS120      WFDDS122
              ________      ________      ________      ________      ________
 WFDDS112           4
 WFDDS116           0             5
 WFDDS118           0             0             6
 WFDDS120           0             0             0             7
 WFDDS122           0             0             0             0             8


           ALPHA
              I4            S4
              ________      ________
                  9            10


           BETA
              I4            S4
              ________      ________
 I4                 0             0
 S4                 0             0


           PSI
              I4            S4
              ________      ________
 I4                11
 S4                12            13


     STARTING VALUES


           NU
              WFDDS112      WFDDS116      WFDDS118      WFDDS120      WFDDS122
              ________      ________      ________      ________      ________
                0.000         0.000         0.000         0.000         0.000


           LAMBDA
              I4            S4
              ________      ________
 WFDDS112       1.000         0.000
 WFDDS116       1.000         4.000
 WFDDS118       1.000         6.000
 WFDDS120       1.000         8.000
 WFDDS122       1.000        10.000


           THETA
              WFDDS112      WFDDS116      WFDDS118      WFDDS120      WFDDS122
              ________      ________      ________      ________      ________
 WFDDS112       0.500
 WFDDS116       0.000         0.579
 WFDDS118       0.000         0.000         0.717
 WFDDS120       0.000         0.000         0.000         0.844
 WFDDS122       0.000         0.000         0.000         0.000         1.018


           ALPHA
              I4            S4
              ________      ________
               -0.017        -0.003


           BETA
              I4            S4
              ________      ________
 I4             0.000         0.000
 S4             0.000         0.000


           PSI
              I4            S4
              ________      ________
 I4             1.040
 S4             0.000         0.080


TECHNICAL 4 OUTPUT


     ESTIMATES DERIVED FROM THE MODEL


           ESTIMATED MEANS FOR THE LATENT VARIABLES
              I4            S4
              ________      ________
               -0.008         0.001


           S.E. FOR ESTIMATED MEANS FOR THE LATENT VARIABLES
              I4            S4
              ________      ________
                0.019         0.003


           EST./S.E. FOR ESTIMATED MEANS FOR THE LATENT VARIABLES
              I4            S4
              ________      ________
               -0.454         0.191


           TWO-TAILED P-VALUE FOR ESTIMATED MEANS FOR THE LATENT VARIABLES
              I4            S4
              ________      ________
                0.650         0.848


           ESTIMATED COVARIANCE MATRIX FOR THE LATENT VARIABLES
              I4            S4
              ________      ________
 I4             0.249
 S4            -0.006         0.002


           S.E. FOR ESTIMATED COVARIANCE MATRIX FOR THE LATENT VARIABLES
              I4            S4
              ________      ________
 I4             0.074
 S4             0.013         0.004


           EST./S.E. FOR ESTIMATED COVARIANCE MATRIX FOR THE LATENT VARIABLES
              I4            S4
              ________      ________
 I4             3.370
 S4            -0.493         0.545


           TWO-TAILED P-VALUE FOR ESTIMATED COVARIANCE MATRIX FOR THE LATENT VARIABLES
              I4            S4
              ________      ________
 I4             0.001
 S4             0.622         0.585


           ESTIMATED CORRELATION MATRIX FOR THE LATENT VARIABLES
              I4            S4
              ________      ________
 I4             1.000
 S4            -0.276         1.000


           S.E. FOR ESTIMATED CORRELATION MATRIX FOR THE LATENT VARIABLES
              I4            S4
              ________      ________
 I4             0.000
 S4             0.280         0.000


           EST./S.E. FOR ESTIMATED CORRELATION MATRIX FOR THE LATENT VARIABLES
              I4            S4
              ________      ________
 I4           999.000
 S4            -0.985       999.000


           TWO-TAILED P-VALUE FOR ESTIMATED CORRELATION MATRIX FOR THE LATENT VARIABLES
              I4            S4
              ________      ________
 I4             0.000
 S4             0.325         0.000


           ESTIMATED PARTIAL CORRELATION MATRIX FOR THE LATENT VARIABLES
              I4            S4
              ________      ________
 I4             1.000
 S4            -0.276         1.000


     Beginning Time:  22:28:56
        Ending Time:  22:28:57
       Elapsed Time:  00:00:01



MUTHEN & MUTHEN
3463 Stoner Ave.
Los Angeles, CA  90066

Tel: (310) 391-9971
Fax: (310) 391-8971
Web: www.StatModel.com
Support: Support@StatModel.com

Copyright (c) 1998-2025 Muthen & Muthen
