Mplus VERSION 9
MUTHEN & MUTHEN
10/09/2026   8:34 PM

INPUT INSTRUCTIONS

  TITLE:
  Round2E SYNTHETIC_SD_E1_01_smoke_start
  DATA:
  FILE = "data.dat";
  VARIABLE:
  NAMES = fid x1 x2 x3 x4 x5 y1 y2 y3 y4 y5 z1 z2 z3 z4 z5 z0 gedu gurb ginc c1 c2 c3 c4
    c5 c6 c7 c8 c9 c10 c11 c12 c13 c14 c15 c16 c17 c18 c19 c20 c21 c22 c23 c24;
   MISSING=.;
   CLUSTER=fid; USEVARIABLES=x1-x5 y1-y5 z0 c1-c3;
  ANALYSIS:
  TYPE=COMPLEX RANDOM; ESTIMATOR=MLR; PROCESSORS=1;
  ALGORITHM=INTEGRATION; INTEGRATION=15;
  MCSEED=26101001; COVERAGE=.005; ITERATIONS=2000; MITERATIONS=4000;
  MODEL:
  ix sx | x1@0 x2*0.4 x3*0.6 x4*0.8 x5@1 ;
  iy sy | y1@0 y2@0.4 y3@0.6 y4@0.8 y5@1 ;
  iy ON ix (bii);
  sy ON ix (bis);
  sy ON sx (bss);
  sy ON iy (bsyiy);
  ix WITH sx;
  ix sx iy sy ON c1-c3;
  sx WITH iy;
  x1 WITH y1;
  x2 WITH y2;
  x3 WITH y3;
  x4 WITH y4;
  x5 WITH y5;
  ix sx ON z0;
  iy ON z0 (gi0);
  sy ON z0 (gs0);
  x1 y1 ON z0;
  sxz | sx XWITH z0;
  sy ON sxz (dc);
  sx BY x2*0.72710528;
  sx BY x3*0.72895495;
  sx BY x4*1.041266;
  [ix*-0.052273691];
  [sx*0.035124681];
  [iy*0.012954928];
  [sy*0.078820393];
  x1*0.25123307;
  x2*0.24521457;
  x3*0.2395847;
  x4*0.24102594;
  x5*0.28637329;
  y1*0.31620872;
  y2*0.31478795;
  y3*0.29895484;
  y4*0.29145241;
  y5*0.31729013;
  ix*0.66835374;
  sx*0.40269241;
  iy*0.63041073;
  sy*0.29131359;
  iy ON ix*-0.27903988;
  sy ON ix*0.0240445994;
  sy ON sx*-0.17500167;
  sy ON iy*0.24641367;
  ix WITH sx*0.04721627;
  ix ON c1*0.042702157;
  sx ON c1*0.036805241;
  iy ON c1*-0.12766163;
  sy ON c1*0.062977113;
  ix ON c2*-0.0217941342;
  sx ON c2*0.065674838;
  iy ON c2*-0.005292416;
  sy ON c2*-0.016693726;
  ix ON c3*-0.009120067;
  sx ON c3*-0.062369678;
  iy ON c3*-0.002692888;
  sy ON c3*-0.002731498;
  iy WITH sx*-0.01294387;
  x1 WITH y1*0.018963916;
  x2 WITH y2*0.04950501;
  x3 WITH y3*0.049355924;
  x4 WITH y4*0.037680928;
  x5 WITH y5*0.052974246;
  ix ON z0*0.14136622;
  sx ON z0*0.109901142;
  iy ON z0*0.15846626;
  sy ON z0*0.101054375;
  x1 ON z0*0.067473229;
  y1 ON z0*0.108554159;
  sy ON sxz*-0.02;
  OUTPUT:
  TECH1 TECH3 TECH8 CINTERVAL SVALUES;
  SAVEDATA:
  TECH3=tech3.dat; RESULTS=estimates.dat;



INPUT READING TERMINATED NORMALLY




Round2E SYNTHETIC_SD_E1_01_smoke_start

SUMMARY OF ANALYSIS

Number of groups                                                 1
Number of observations                                        1600

Number of dependent variables                                   10
Number of independent variables                                  4
Number of continuous latent variables                            5

Observed dependent variables

  Continuous
   X1          X2          X3          X4          X5          Y1
   Y2          Y3          Y4          Y5

Observed independent variables
   Z0          C1          C2          C3

Continuous latent variables
   SX          IX          IY          SY          SXZ

Variables with special functions

  Cluster variable      FID

Estimator                                                      MLR
Information matrix                                        OBSERVED
Optimization Specifications for the Quasi-Newton Algorithm for
Continuous Outcomes
  Maximum number of iterations                                2000
  Convergence criterion                                  0.100D-05
Optimization Specifications for the EM Algorithm
  Maximum number of iterations                                4000
  Convergence criteria
    Loglikelihood change                                 0.100D-02
    Relative loglikelihood change                        0.100D-05
    Derivative                                           0.100D-02
Optimization Specifications for the M step of the EM Algorithm for
Categorical Latent Variables
  Number of M step iterations                                    1
  M step convergence criterion                           0.100D-02
  Basis for M step termination                           ITERATION
Optimization Specifications for the M step of the EM Algorithm for
Censored, Binary or Ordered Categorical (Ordinal), Unordered
Categorical (Nominal) and Count Outcomes
  Number of M step iterations                                    1
  M step convergence criterion                           0.100D-02
  Basis for M step termination                           ITERATION
  Maximum value for logit thresholds                            15
  Minimum value for logit thresholds                           -15
  Minimum expected cell size for chi-square              0.100D-01
Maximum number of iterations for H1                           2000
Convergence criterion for H1                             0.100D-03
Optimization algorithm                                         EMA
Integration Specifications
  Type                                                    STANDARD
  Number of integration points                                  15
  Dimensions of numerical integration                            1
  Adaptive quadrature                                           ON
Cholesky                                                       OFF

Input data file(s)
  data.dat
Input data format  FREE


SUMMARY OF DATA

     Number of missing data patterns             1
     Number of clusters                        800



COVARIANCE COVERAGE OF DATA

Minimum covariance coverage value   0.005


     PROPORTION OF DATA PRESENT FOR Y


           Covariance Coverage
              X1            X2            X3            X4            X5
              ________      ________      ________      ________      ________
 X1             1.000
 X2             1.000         1.000
 X3             1.000         1.000         1.000
 X4             1.000         1.000         1.000         1.000
 X5             1.000         1.000         1.000         1.000         1.000
 Y1             1.000         1.000         1.000         1.000         1.000
 Y2             1.000         1.000         1.000         1.000         1.000
 Y3             1.000         1.000         1.000         1.000         1.000
 Y4             1.000         1.000         1.000         1.000         1.000
 Y5             1.000         1.000         1.000         1.000         1.000
 Z0             1.000         1.000         1.000         1.000         1.000
 C1             1.000         1.000         1.000         1.000         1.000
 C2             1.000         1.000         1.000         1.000         1.000
 C3             1.000         1.000         1.000         1.000         1.000


           Covariance Coverage
              Y1            Y2            Y3            Y4            Y5
              ________      ________      ________      ________      ________
 Y1             1.000
 Y2             1.000         1.000
 Y3             1.000         1.000         1.000
 Y4             1.000         1.000         1.000         1.000
 Y5             1.000         1.000         1.000         1.000         1.000
 Z0             1.000         1.000         1.000         1.000         1.000
 C1             1.000         1.000         1.000         1.000         1.000
 C2             1.000         1.000         1.000         1.000         1.000
 C3             1.000         1.000         1.000         1.000         1.000


           Covariance Coverage
              Z0            C1            C2            C3
              ________      ________      ________      ________
 Z0             1.000
 C1             1.000         1.000
 C2             1.000         1.000         1.000
 C3             1.000         1.000         1.000         1.000



UNIVARIATE SAMPLE STATISTICS


     UNIVARIATE HIGHER-ORDER MOMENT DESCRIPTIVE STATISTICS

         Variable/         Mean/     Skewness/   Minimum/ % with                Percentiles
        Sample Size      Variance    Kurtosis    Maximum  Min/Max      20%/60%    40%/80%    Median

     X1                   -0.024       0.048      -3.696    0.06%      -0.877     -0.286     -0.051
            1600.000       0.983       0.051       3.627    0.06%       0.245      0.836
     X2                    0.016       0.027      -3.080    0.06%      -0.949     -0.227      0.014
            1600.000       1.219      -0.053       3.830    0.06%       0.319      0.944
     X3                    0.017       0.079      -3.190    0.06%      -0.887     -0.262      0.017
            1600.000       1.267       0.142       4.209    0.06%       0.292      0.888
     X4                   -0.025       0.019      -3.799    0.06%      -1.092     -0.328     -0.017
            1600.000       1.500      -0.140       4.357    0.06%       0.285      1.004
     X5                   -0.013       0.050      -3.465    0.06%      -1.081     -0.330     -0.032
            1600.000       1.511      -0.165       4.221    0.06%       0.301      1.002
     Y1                   -0.009       0.041      -3.117    0.06%      -0.873     -0.276     -0.011
            1600.000       1.037       0.020       3.461    0.06%       0.253      0.822
     Y2                    0.037      -0.021      -4.386    0.06%      -0.894     -0.244      0.050
            1600.000       1.216      -0.047       3.414    0.06%       0.319      0.975
     Y3                    0.017       0.014      -3.701    0.06%      -0.991     -0.261      0.033
            1600.000       1.337      -0.050       4.038    0.06%       0.297      0.990
     Y4                    0.036      -0.029      -3.463    0.06%      -0.992     -0.276      0.080
            1600.000       1.476      -0.120       3.827    0.06%       0.381      1.036
     Y5                    0.046      -0.010      -4.299    0.06%      -1.066     -0.283      0.061
            1600.000       1.686      -0.045       4.053    0.06%       0.402      1.125
     Z0                   -0.033      -0.040      -3.279    0.06%      -0.886     -0.274     -0.039
            1600.000       0.995      -0.182       2.760    0.06%       0.218      0.845
     C1                    0.407       0.376       0.000   59.25%       0.000      0.000      0.000
            1600.000       0.241      -1.858       1.000   40.75%       1.000      1.000
     C2                    0.403       0.398       0.000   59.75%       0.000      0.000      0.000
            1600.000       0.240      -1.842       1.000   40.25%       1.000      1.000
     C3                    0.395       0.430       0.000   60.50%       0.000      0.000      0.000
            1600.000       0.239      -1.815       1.000   39.50%       0.000      1.000


     VIF (VARIANCE INFLATION FACTOR) FOR EXPLORING MULTICOLLINEARITY OF INDEPENDENT VARIABLES

     Variable        VIF       Variable        VIF       Variable        VIF

     Z0             1.001      C1             1.001      C2             1.001
     C3             1.002


THE MODEL ESTIMATION TERMINATED NORMALLY



MODEL FIT INFORMATION

Number of Free Parameters                       51

Loglikelihood

          H0 Value                      -17709.222
          H0 Scaling Correction Factor      1.0111
            for MLR

Information Criteria

          Akaike (AIC)                   35520.445
          Bayesian (BIC)                 35794.710
          Sample-Size Adjusted BIC       35632.693
            (n* = (n + 2) / 24)



MODEL RESULTS

                                                    Two-Tailed
                    Estimate       S.E.  Est./S.E.    P-Value

 IX       |
    X1                 1.000      0.000    999.000    999.000
    X2                 1.000      0.000    999.000    999.000
    X3                 1.000      0.000    999.000    999.000
    X4                 1.000      0.000    999.000    999.000
    X5                 1.000      0.000    999.000    999.000

 SX       |
    X1                 0.000      0.000    999.000    999.000
    X2                 0.692      0.037     18.510      0.000
    X3                 0.740      0.036     20.351      0.000
    X4                 1.017      0.045     22.846      0.000
    X5                 1.000      0.000    999.000    999.000

 IY       |
    Y1                 1.000      0.000    999.000    999.000
    Y2                 1.000      0.000    999.000    999.000
    Y3                 1.000      0.000    999.000    999.000
    Y4                 1.000      0.000    999.000    999.000
    Y5                 1.000      0.000    999.000    999.000

 SY       |
    Y1                 0.000      0.000    999.000    999.000
    Y2                 0.400      0.000    999.000    999.000
    Y3                 0.600      0.000    999.000    999.000
    Y4                 0.800      0.000    999.000    999.000
    Y5                 1.000      0.000    999.000    999.000

 IY         ON
    IX                -0.276      0.041     -6.779      0.000

 SY         ON
    IX                 0.035      0.059      0.586      0.558
    SX                -0.177      0.090     -1.973      0.048
    IY                 0.246      0.051      4.836      0.000
    SXZ                0.266      0.054      4.905      0.000

 IY         ON
    C1                -0.106      0.047     -2.240      0.025
    C2                 0.014      0.048      0.292      0.770
    C3                 0.017      0.046      0.372      0.710
    Z0                 0.187      0.032      5.828      0.000

 SY         ON
    C1                 0.049      0.051      0.953      0.341
    C2                -0.029      0.052     -0.556      0.578
    C3                -0.031      0.049     -0.641      0.521
    Z0                 0.066      0.041      1.594      0.111

 IX         ON
    C1                 0.065      0.047      1.389      0.165
    C2                -0.004      0.048     -0.082      0.934
    C3                 0.010      0.049      0.202      0.840
    Z0                 0.177      0.038      4.669      0.000

 SX         ON
    C1                 0.014      0.045      0.301      0.763
    C2                 0.050      0.045      1.117      0.264
    C3                -0.082      0.045     -1.816      0.069
    Z0                 0.072      0.041      1.744      0.081

 X1         ON
    Z0                 0.071      0.035      2.018      0.044

 Y1         ON
    Z0                 0.087      0.027      3.278      0.001

 IX       WITH
    SX                 0.069      0.036      1.923      0.054

 SX       WITH
    IY                 0.001      0.029      0.033      0.974

 X1       WITH
    Y1                 0.026      0.016      1.628      0.104

 X2       WITH
    Y2                 0.049      0.009      5.517      0.000

 X3       WITH
    Y3                 0.049      0.008      5.850      0.000

 X4       WITH
    Y4                 0.038      0.009      4.038      0.000

 X5       WITH
    Y5                 0.054      0.011      4.931      0.000

 Intercepts
    X1                 0.000      0.000    999.000    999.000
    X2                 0.000      0.000    999.000    999.000
    X3                 0.000      0.000    999.000    999.000
    X4                 0.000      0.000    999.000    999.000
    X5                 0.000      0.000    999.000    999.000
    Y1                 0.000      0.000    999.000    999.000
    Y2                 0.000      0.000    999.000    999.000
    Y3                 0.000      0.000    999.000    999.000
    Y4                 0.000      0.000    999.000    999.000
    Y5                 0.000      0.000    999.000    999.000
    SX                 0.013      0.038      0.345      0.730
    IX                -0.031      0.043     -0.707      0.479
    IY                 0.033      0.042      0.786      0.432
    SY                 0.037      0.044      0.833      0.405

 Residual Variances
    X1                 0.270      0.032      8.561      0.000
    X2                 0.245      0.011     22.918      0.000
    X3                 0.239      0.011     22.459      0.000
    X4                 0.242      0.013     18.055      0.000
    X5                 0.285      0.015     18.510      0.000
    Y1                 0.320      0.021     15.360      0.000
    Y2                 0.314      0.013     23.808      0.000
    Y3                 0.299      0.013     22.671      0.000
    Y4                 0.293      0.013     21.850      0.000
    Y5                 0.316      0.017     18.345      0.000
    SX                 0.384      0.048      7.941      0.000
    IX                 0.651      0.040     16.203      0.000
    IY                 0.623      0.035     18.025      0.000
    SY                 0.250      0.049      5.076      0.000


QUALITY OF NUMERICAL RESULTS

     Condition Number for the Information Matrix              0.554E-04
       (ratio of smallest to largest eigenvalue)


CONFIDENCE INTERVALS OF MODEL RESULTS

                  Lower .5%  Lower 2.5%    Lower 5%    Estimate    Upper 5%  Upper 2.5%   Upper .5%

 IX       |
    X1               1.000       1.000       1.000       1.000       1.000       1.000       1.000
    X2               1.000       1.000       1.000       1.000       1.000       1.000       1.000
    X3               1.000       1.000       1.000       1.000       1.000       1.000       1.000
    X4               1.000       1.000       1.000       1.000       1.000       1.000       1.000
    X5               1.000       1.000       1.000       1.000       1.000       1.000       1.000

 SX       |
    X1               0.000       0.000       0.000       0.000       0.000       0.000       0.000
    X2               0.596       0.619       0.631       0.692       0.754       0.766       0.789
    X3               0.646       0.668       0.680       0.740       0.799       0.811       0.833
    X4               0.902       0.930       0.944       1.017       1.090       1.104       1.131
    X5               1.000       1.000       1.000       1.000       1.000       1.000       1.000

 IY       |
    Y1               1.000       1.000       1.000       1.000       1.000       1.000       1.000
    Y2               1.000       1.000       1.000       1.000       1.000       1.000       1.000
    Y3               1.000       1.000       1.000       1.000       1.000       1.000       1.000
    Y4               1.000       1.000       1.000       1.000       1.000       1.000       1.000
    Y5               1.000       1.000       1.000       1.000       1.000       1.000       1.000

 SY       |
    Y1               0.000       0.000       0.000       0.000       0.000       0.000       0.000
    Y2               0.400       0.400       0.400       0.400       0.400       0.400       0.400
    Y3               0.600       0.600       0.600       0.600       0.600       0.600       0.600
    Y4               0.800       0.800       0.800       0.800       0.800       0.800       0.800
    Y5               1.000       1.000       1.000       1.000       1.000       1.000       1.000

 IY       ON
    IX              -0.381      -0.356      -0.343      -0.276      -0.209      -0.196      -0.171

 SY       ON
    IX              -0.117      -0.081      -0.062       0.035       0.131       0.150       0.186
    SX              -0.408      -0.353      -0.324      -0.177      -0.029      -0.001       0.054
    IY               0.115       0.146       0.162       0.246       0.330       0.346       0.377
    SXZ              0.126       0.160       0.177       0.266       0.355       0.372       0.406

 IY       ON
    C1              -0.227      -0.198      -0.183      -0.106      -0.028      -0.013       0.016
    C2              -0.110      -0.080      -0.065       0.014       0.093       0.108       0.138
    C3              -0.100      -0.072      -0.058       0.017       0.092       0.106       0.134
    Z0               0.104       0.124       0.134       0.187       0.240       0.250       0.270

 SY       ON
    C1              -0.083      -0.051      -0.035       0.049       0.133       0.149       0.180
    C2              -0.162      -0.130      -0.114      -0.029       0.056       0.073       0.105
    C3              -0.157      -0.127      -0.112      -0.031       0.049       0.064       0.095
    Z0              -0.040      -0.015      -0.002       0.066       0.133       0.146       0.172

 IX       ON
    C1              -0.055      -0.027      -0.012       0.065       0.142       0.156       0.185
    C2              -0.128      -0.099      -0.083      -0.004       0.075       0.091       0.120
    C3              -0.116      -0.086      -0.070       0.010       0.090       0.106       0.136
    Z0               0.080       0.103       0.115       0.177       0.240       0.252       0.275

 SX       ON
    C1              -0.102      -0.074      -0.060       0.014       0.087       0.101       0.129
    C2              -0.065      -0.038      -0.024       0.050       0.123       0.137       0.165
    C3              -0.198      -0.170      -0.156      -0.082      -0.008       0.006       0.034
    Z0              -0.034      -0.009       0.004       0.072       0.140       0.153       0.178

 X1       ON
    Z0              -0.020       0.002       0.013       0.071       0.130       0.141       0.163

 Y1       ON
    Z0               0.019       0.035       0.043       0.087       0.131       0.140       0.156

 IX       WITH
    SX              -0.023      -0.001       0.010       0.069       0.128       0.139       0.161

 SX       WITH
    IY              -0.074      -0.056      -0.047       0.001       0.049       0.058       0.076

 X1       WITH
    Y1              -0.015      -0.005       0.000       0.026       0.052       0.057       0.066

 X2       WITH
    Y2               0.026       0.032       0.035       0.049       0.064       0.067       0.073

 X3       WITH
    Y3               0.027       0.033       0.035       0.049       0.063       0.065       0.071

 X4       WITH
    Y4               0.014       0.020       0.023       0.038       0.054       0.057       0.063

 X5       WITH
    Y5               0.026       0.033       0.036       0.054       0.073       0.076       0.083

 Intercepts
    X1               0.000       0.000       0.000       0.000       0.000       0.000       0.000
    X2               0.000       0.000       0.000       0.000       0.000       0.000       0.000
    X3               0.000       0.000       0.000       0.000       0.000       0.000       0.000
    X4               0.000       0.000       0.000       0.000       0.000       0.000       0.000
    X5               0.000       0.000       0.000       0.000       0.000       0.000       0.000
    Y1               0.000       0.000       0.000       0.000       0.000       0.000       0.000
    Y2               0.000       0.000       0.000       0.000       0.000       0.000       0.000
    Y3               0.000       0.000       0.000       0.000       0.000       0.000       0.000
    Y4               0.000       0.000       0.000       0.000       0.000       0.000       0.000
    Y5               0.000       0.000       0.000       0.000       0.000       0.000       0.000
    SX              -0.084      -0.061      -0.049       0.013       0.075       0.087       0.111
    IX              -0.142      -0.115      -0.101      -0.031       0.040       0.054       0.081
    IY              -0.076      -0.050      -0.036       0.033       0.103       0.116       0.142
    SY              -0.077      -0.050      -0.036       0.037       0.110       0.124       0.152

 Residual Variances
    X1               0.189       0.209       0.219       0.270       0.322       0.332       0.352
    X2               0.217       0.224       0.227       0.245       0.263       0.266       0.273
    X3               0.212       0.218       0.222       0.239       0.257       0.260       0.267
    X4               0.208       0.216       0.220       0.242       0.265       0.269       0.277
    X5               0.245       0.255       0.260       0.285       0.310       0.315       0.325
    Y1               0.267       0.280       0.286       0.320       0.355       0.361       0.374
    Y2               0.280       0.288       0.292       0.314       0.336       0.340       0.348
    Y3               0.265       0.273       0.277       0.299       0.320       0.325       0.333
    Y4               0.258       0.266       0.270       0.293       0.315       0.319       0.327
    Y5               0.272       0.282       0.288       0.316       0.345       0.350       0.361
    SX               0.259       0.289       0.304       0.384       0.463       0.478       0.508
    IX               0.547       0.572       0.585       0.651       0.717       0.729       0.754
    IY               0.534       0.555       0.566       0.623       0.680       0.691       0.712
    SY               0.123       0.153       0.169       0.250       0.331       0.346       0.377


MODEL COMMAND WITH FINAL ESTIMATES USED AS STARTING VALUES

     sxz | sx XWITH z0;

     ix sx | x1@0 x2*0.4 x3*0.6 x4*0.8 x5@1;
     iy sy | y1@0 y2@0.4 y3@0.6 y4@0.8 y5@1;

     sx BY x2*0.69240;
     sx BY x3*0.73958;
     sx BY x4*1.01674;

     iy ON c1*-0.10576;
     iy ON c2*0.01405;
     iy ON c3*0.01694;
     iy ON z0*0.18698;
     sy ON c1*0.04861;
     sy ON c2*-0.02884;
     sy ON c3*-0.03132;
     sy ON z0*0.06556;
     ix ON c1*0.06489;
     ix ON c2*-0.00398;
     ix ON c3*0.00989;
     ix ON z0*0.17749;
     sx ON c1*0.01351;
     sx ON c2*0.04980;
     sx ON c3*-0.08186;
     sx ON z0*0.07196;
     iy ON ix*-0.27611;
     sy ON ix*0.03450;
     sy ON sx*-0.17685;
     sy ON iy*0.24613;
     sy ON sxz*0.26609;
     x1 ON z0*0.07143;
     y1 ON z0*0.08731;

     x1 WITH y1*0.02570;
     x2 WITH y2*0.04946;
     x3 WITH y3*0.04900;
     x4 WITH y4*0.03826;
     x5 WITH y5*0.05448;
     ix WITH sx*0.06890;
     sx WITH iy*0.00096;

     [ x1@0 ];
     [ x2@0 ];
     [ x3@0 ];
     [ x4@0 ];
     [ x5@0 ];
     [ y1@0 ];
     [ y2@0 ];
     [ y3@0 ];
     [ y4@0 ];
     [ y5@0 ];
     [ sx*0.01306 ];
     [ ix*-0.03051 ];
     [ iy*0.03325 ];
     [ sy*0.03701 ];

     x1*0.27049;
     x2*0.24498;
     x3*0.23915;
     x4*0.24246;
     x5*0.28497;
     y1*0.32039;
     y2*0.31413;
     y3*0.29880;
     y4*0.29252;
     y5*0.31619;
     sx*0.38359;
     ix*0.65071;
     iy*0.62323;
     sy*0.24982;



TECHNICAL 1 OUTPUT


     PARAMETER SPECIFICATION


           NU
              X1            X2            X3            X4            X5
              ________      ________      ________      ________      ________
                    0             0             0             0             0


           NU
              Y1            Y2            Y3            Y4            Y5
              ________      ________      ________      ________      ________
                    0             0             0             0             0


           NU
              Z0            C1            C2            C3
              ________      ________      ________      ________
                    0             0             0             0


           LAMBDA
              SX            IX            IY            SY            SXZ
              ________      ________      ________      ________      ________
 X1                 0             0             0             0             0
 X2                 1             0             0             0             0
 X3                 2             0             0             0             0
 X4                 3             0             0             0             0
 X5                 0             0             0             0             0
 Y1                 0             0             0             0             0
 Y2                 0             0             0             0             0
 Y3                 0             0             0             0             0
 Y4                 0             0             0             0             0
 Y5                 0             0             0             0             0
 Z0                 0             0             0             0             0
 C1                 0             0             0             0             0
 C2                 0             0             0             0             0
 C3                 0             0             0             0             0


           LAMBDA
              X1            Y1            Z0            C1            C2
              ________      ________      ________      ________      ________
 X1                 0             0             0             0             0
 X2                 0             0             0             0             0
 X3                 0             0             0             0             0
 X4                 0             0             0             0             0
 X5                 0             0             0             0             0
 Y1                 0             0             0             0             0
 Y2                 0             0             0             0             0
 Y3                 0             0             0             0             0
 Y4                 0             0             0             0             0
 Y5                 0             0             0             0             0
 Z0                 0             0             0             0             0
 C1                 0             0             0             0             0
 C2                 0             0             0             0             0
 C3                 0             0             0             0             0


           LAMBDA
              C3
              ________
 X1                 0
 X2                 0
 X3                 0
 X4                 0
 X5                 0
 Y1                 0
 Y2                 0
 Y3                 0
 Y4                 0
 Y5                 0
 Z0                 0
 C1                 0
 C2                 0
 C3                 0


           THETA
              X1            X2            X3            X4            X5
              ________      ________      ________      ________      ________
 X1                 0
 X2                 0             4
 X3                 0             0             5
 X4                 0             0             0             6
 X5                 0             0             0             0             7
 Y1                 0             0             0             0             0
 Y2                 0             8             0             0             0
 Y3                 0             0            10             0             0
 Y4                 0             0             0            12             0
 Y5                 0             0             0             0            14
 Z0                 0             0             0             0             0
 C1                 0             0             0             0             0
 C2                 0             0             0             0             0
 C3                 0             0             0             0             0


           THETA
              Y1            Y2            Y3            Y4            Y5
              ________      ________      ________      ________      ________
 Y1                 0
 Y2                 0             9
 Y3                 0             0            11
 Y4                 0             0             0            13
 Y5                 0             0             0             0            15
 Z0                 0             0             0             0             0
 C1                 0             0             0             0             0
 C2                 0             0             0             0             0
 C3                 0             0             0             0             0


           THETA
              Z0            C1            C2            C3
              ________      ________      ________      ________
 Z0                 0
 C1                 0             0
 C2                 0             0             0
 C3                 0             0             0             0


           ALPHA
              SX            IX            IY            SY            SXZ
              ________      ________      ________      ________      ________
                   16            17            18            19             0


           ALPHA
              X1            Y1            Z0            C1            C2
              ________      ________      ________      ________      ________
                    0             0             0             0             0


           ALPHA
              C3
              ________
                    0


           BETA
              SX            IX            IY            SY            SXZ
              ________      ________      ________      ________      ________
 SX                 0             0             0             0             0
 IX                 0             0             0             0             0
 IY                 0            28             0             0             0
 SY                33            34            35             0            36
 SXZ                0             0             0             0             0
 X1                 0             0             0             0             0
 Y1                 0             0             0             0             0
 Z0                 0             0             0             0             0
 C1                 0             0             0             0             0
 C2                 0             0             0             0             0
 C3                 0             0             0             0             0


           BETA
              X1            Y1            Z0            C1            C2
              ________      ________      ________      ________      ________
 SX                 0             0            20            21            22
 IX                 0             0            24            25            26
 IY                 0             0            29            30            31
 SY                 0             0            37            38            39
 SXZ                0             0             0             0             0
 X1                 0             0            41             0             0
 Y1                 0             0            42             0             0
 Z0                 0             0             0             0             0
 C1                 0             0             0             0             0
 C2                 0             0             0             0             0
 C3                 0             0             0             0             0


           BETA
              C3
              ________
 SX                23
 IX                27
 IY                32
 SY                40
 SXZ                0
 X1                 0
 Y1                 0
 Z0                 0
 C1                 0
 C2                 0
 C3                 0


           PSI
              SX            IX            IY            SY            SXZ
              ________      ________      ________      ________      ________
 SX                43
 IX                44            45
 IY                46             0            47
 SY                 0             0             0            48
 SXZ                0             0             0             0             0
 X1                 0             0             0             0             0
 Y1                 0             0             0             0             0
 Z0                 0             0             0             0             0
 C1                 0             0             0             0             0
 C2                 0             0             0             0             0
 C3                 0             0             0             0             0


           PSI
              X1            Y1            Z0            C1            C2
              ________      ________      ________      ________      ________
 X1                49
 Y1                50            51
 Z0                 0             0             0
 C1                 0             0             0             0
 C2                 0             0             0             0             0
 C3                 0             0             0             0             0


           PSI
              C3
              ________
 C3                 0


     STARTING VALUES


           NU
              X1            X2            X3            X4            X5
              ________      ________      ________      ________      ________
                0.000         0.000         0.000         0.000         0.000


           NU
              Y1            Y2            Y3            Y4            Y5
              ________      ________      ________      ________      ________
                0.000         0.000         0.000         0.000         0.000


           NU
              Z0            C1            C2            C3
              ________      ________      ________      ________
                0.000         0.000         0.000         0.000


           LAMBDA
              SX            IX            IY            SY            SXZ
              ________      ________      ________      ________      ________
 X1             0.000         0.000         0.000         0.000         0.000
 X2             0.727         1.000         0.000         0.000         0.000
 X3             0.729         1.000         0.000         0.000         0.000
 X4             1.041         1.000         0.000         0.000         0.000
 X5             1.000         1.000         0.000         0.000         0.000
 Y1             0.000         0.000         0.000         0.000         0.000
 Y2             0.000         0.000         1.000         0.400         0.000
 Y3             0.000         0.000         1.000         0.600         0.000
 Y4             0.000         0.000         1.000         0.800         0.000
 Y5             0.000         0.000         1.000         1.000         0.000
 Z0             0.000         0.000         0.000         0.000         0.000
 C1             0.000         0.000         0.000         0.000         0.000
 C2             0.000         0.000         0.000         0.000         0.000
 C3             0.000         0.000         0.000         0.000         0.000


           LAMBDA
              X1            Y1            Z0            C1            C2
              ________      ________      ________      ________      ________
 X1             1.000         0.000         0.000         0.000         0.000
 X2             0.000         0.000         0.000         0.000         0.000
 X3             0.000         0.000         0.000         0.000         0.000
 X4             0.000         0.000         0.000         0.000         0.000
 X5             0.000         0.000         0.000         0.000         0.000
 Y1             0.000         1.000         0.000         0.000         0.000
 Y2             0.000         0.000         0.000         0.000         0.000
 Y3             0.000         0.000         0.000         0.000         0.000
 Y4             0.000         0.000         0.000         0.000         0.000
 Y5             0.000         0.000         0.000         0.000         0.000
 Z0             0.000         0.000         1.000         0.000         0.000
 C1             0.000         0.000         0.000         1.000         0.000
 C2             0.000         0.000         0.000         0.000         1.000
 C3             0.000         0.000         0.000         0.000         0.000


           LAMBDA
              C3
              ________
 X1             0.000
 X2             0.000
 X3             0.000
 X4             0.000
 X5             0.000
 Y1             0.000
 Y2             0.000
 Y3             0.000
 Y4             0.000
 Y5             0.000
 Z0             0.000
 C1             0.000
 C2             0.000
 C3             1.000


           THETA
              X1            X2            X3            X4            X5
              ________      ________      ________      ________      ________
 X1             0.000
 X2             0.000         0.245
 X3             0.000         0.000         0.240
 X4             0.000         0.000         0.000         0.241
 X5             0.000         0.000         0.000         0.000         0.286
 Y1             0.000         0.000         0.000         0.000         0.000
 Y2             0.000         0.050         0.000         0.000         0.000
 Y3             0.000         0.000         0.049         0.000         0.000
 Y4             0.000         0.000         0.000         0.038         0.000
 Y5             0.000         0.000         0.000         0.000         0.053
 Z0             0.000         0.000         0.000         0.000         0.000
 C1             0.000         0.000         0.000         0.000         0.000
 C2             0.000         0.000         0.000         0.000         0.000
 C3             0.000         0.000         0.000         0.000         0.000


           THETA
              Y1            Y2            Y3            Y4            Y5
              ________      ________      ________      ________      ________
 Y1             0.000
 Y2             0.000         0.315
 Y3             0.000         0.000         0.299
 Y4             0.000         0.000         0.000         0.291
 Y5             0.000         0.000         0.000         0.000         0.317
 Z0             0.000         0.000         0.000         0.000         0.000
 C1             0.000         0.000         0.000         0.000         0.000
 C2             0.000         0.000         0.000         0.000         0.000
 C3             0.000         0.000         0.000         0.000         0.000


           THETA
              Z0            C1            C2            C3
              ________      ________      ________      ________
 Z0             0.000
 C1             0.000         0.000
 C2             0.000         0.000         0.000
 C3             0.000         0.000         0.000         0.000


           ALPHA
              SX            IX            IY            SY            SXZ
              ________      ________      ________      ________      ________
                0.035        -0.052         0.013         0.079         0.000


           ALPHA
              X1            Y1            Z0            C1            C2
              ________      ________      ________      ________      ________
                0.000         0.000         0.000         0.000         0.000


           ALPHA
              C3
              ________
                0.000


           BETA
              SX            IX            IY            SY            SXZ
              ________      ________      ________      ________      ________
 SX             0.000         0.000         0.000         0.000         0.000
 IX             0.000         0.000         0.000         0.000         0.000
 IY             0.000        -0.279         0.000         0.000         0.000
 SY            -0.175         0.024         0.246         0.000        -0.020
 SXZ            0.000         0.000         0.000         0.000         0.000
 X1             0.000         1.000         0.000         0.000         0.000
 Y1             0.000         0.000         1.000         0.000         0.000
 Z0             0.000         0.000         0.000         0.000         0.000
 C1             0.000         0.000         0.000         0.000         0.000
 C2             0.000         0.000         0.000         0.000         0.000
 C3             0.000         0.000         0.000         0.000         0.000


           BETA
              X1            Y1            Z0            C1            C2
              ________      ________      ________      ________      ________
 SX             0.000         0.000         0.110         0.037         0.066
 IX             0.000         0.000         0.141         0.043        -0.022
 IY             0.000         0.000         0.158        -0.128        -0.005
 SY             0.000         0.000         0.101         0.063        -0.017
 SXZ            0.000         0.000         0.000         0.000         0.000
 X1             0.000         0.000         0.067         0.000         0.000
 Y1             0.000         0.000         0.109         0.000         0.000
 Z0             0.000         0.000         0.000         0.000         0.000
 C1             0.000         0.000         0.000         0.000         0.000
 C2             0.000         0.000         0.000         0.000         0.000
 C3             0.000         0.000         0.000         0.000         0.000


           BETA
              C3
              ________
 SX            -0.062
 IX            -0.009
 IY            -0.003
 SY            -0.003
 SXZ            0.000
 X1             0.000
 Y1             0.000
 Z0             0.000
 C1             0.000
 C2             0.000
 C3             0.000


           PSI
              SX            IX            IY            SY            SXZ
              ________      ________      ________      ________      ________
 SX             0.403
 IX             0.047         0.668
 IY            -0.013         0.000         0.630
 SY             0.000         0.000         0.000         0.291
 SXZ            0.000         0.000         0.000         0.000         0.000
 X1             0.000         0.000         0.000         0.000         0.000
 Y1             0.000         0.000         0.000         0.000         0.000
 Z0             0.000         0.000         0.000         0.000         0.000
 C1             0.000         0.000         0.000         0.000         0.000
 C2             0.000         0.000         0.000         0.000         0.000
 C3             0.000         0.000         0.000         0.000         0.000


           PSI
              X1            Y1            Z0            C1            C2
              ________      ________      ________      ________      ________
 X1             0.251
 Y1             0.019         0.316
 Z0             0.000         0.000         0.497
 C1             0.000         0.000         0.000         0.121
 C2             0.000         0.000         0.000         0.000         0.120
 C3             0.000         0.000         0.000         0.000         0.000


           PSI
              C3
              ________
 C3             0.119


TECHNICAL 3 OUTPUT


           ESTIMATED COVARIANCE MATRIX FOR PARAMETER ESTIMATES
                     1             2             3             4             5
              ________      ________      ________      ________      ________
        1   0.139935D-02
        2   0.534250D-03  0.132067D-02
        3   0.501582D-03  0.726115D-03  0.198057D-02
        4   0.137057D-04 -0.125887D-04  0.172877D-04  0.114267D-03
        5   0.182288D-04 -0.357719D-04 -0.165268D-04 -0.395603D-05  0.113385D-03
        6  -0.396288D-04 -0.491634D-04 -0.240763D-03 -0.117414D-04 -0.129160D-04
        7   0.111915D-03  0.145954D-03  0.240443D-03 -0.120845D-04 -0.814113D-06
        8   0.602971D-05  0.741453D-05  0.922688D-06  0.152960D-04  0.334570D-06
        9   0.231446D-05  0.214059D-04  0.430763D-05  0.849611D-05 -0.486893D-06
       10  -0.662940D-05 -0.932754D-05  0.167017D-04  0.145782D-05  0.251211D-04
       11  -0.791089D-05  0.225997D-04 -0.451937D-05  0.386312D-05  0.221963D-06
       12  -0.140837D-05 -0.206770D-05 -0.107668D-04 -0.770646D-05  0.343888D-05
       13  -0.174350D-04  0.438744D-06  0.154159D-04 -0.271625D-05  0.356707D-06
       14  -0.741723D-06 -0.366376D-04 -0.177176D-04 -0.577508D-05  0.103549D-04
       15   0.144944D-04 -0.260542D-05  0.748106D-05  0.177488D-05  0.696652D-05
       16   0.423564D-04  0.110822D-04 -0.980938D-04 -0.731006D-05  0.215785D-04
       17  -0.346065D-04 -0.453106D-04  0.231848D-03  0.122504D-04 -0.430557D-05
       18  -0.113754D-03 -0.138732D-03 -0.687614D-04  0.205256D-04  0.115259D-04
       19   0.677776D-04  0.512769D-04  0.603798D-04 -0.431398D-05  0.906618D-05
       20   0.196965D-03 -0.199382D-04 -0.245106D-03 -0.779259D-05  0.347817D-04
       21  -0.167248D-03  0.167203D-03  0.514501D-04  0.725622D-05 -0.245984D-04
       22   0.263365D-03  0.184323D-03 -0.365141D-04 -0.728138D-05 -0.225941D-04
       23   0.151462D-03  0.316512D-04 -0.636557D-05  0.552644D-05  0.160273D-04
       24  -0.163058D-03 -0.164768D-04  0.148830D-03  0.908948D-05 -0.128506D-04
       25   0.358414D-04 -0.102924D-03 -0.170863D-03 -0.488959D-05 -0.130436D-04
       26  -0.175209D-03  0.245099D-04 -0.167365D-03 -0.610172D-05  0.115445D-04
       27   0.110978D-03  0.702662D-04 -0.185957D-04  0.664299D-06  0.832472D-05
       28  -0.149602D-04  0.878462D-04 -0.157148D-03  0.288687D-05  0.272252D-04
       29  -0.286696D-04 -0.238351D-04  0.136288D-03 -0.653302D-05 -0.846283D-05
       30   0.572562D-04  0.449200D-04 -0.546118D-04 -0.161544D-04 -0.288465D-04
       31   0.733561D-04  0.658209D-04  0.899531D-04 -0.244280D-04  0.455432D-05
       32   0.213292D-04  0.595447D-04  0.547868D-04 -0.467057D-04 -0.316288D-04
       33  -0.206845D-03  0.372763D-03 -0.448922D-03  0.121987D-03  0.387774D-04
       34   0.633146D-05 -0.276882D-03  0.170130D-03 -0.436966D-04 -0.293479D-04
       35   0.310903D-04 -0.567081D-04  0.229391D-03 -0.171094D-04 -0.161249D-04
       36  -0.321272D-03  0.509013D-04  0.292828D-03 -0.389389D-04 -0.505354D-04
       37  -0.740372D-04 -0.401008D-04 -0.184236D-03  0.210630D-04  0.188059D-04
       38  -0.142275D-05  0.326448D-04  0.107916D-04  0.800446D-05  0.193380D-04
       39   0.408790D-04  0.383945D-05 -0.583972D-04 -0.134375D-04 -0.129602D-04
       40  -0.720992D-04  0.108080D-04 -0.285594D-04  0.292038D-04  0.178851D-04
       41   0.191407D-03  0.222436D-04 -0.153401D-03 -0.145056D-04  0.263577D-04
       42  -0.595201D-04 -0.854398D-05 -0.678255D-04  0.108692D-04  0.583735D-05
       43   0.195723D-03 -0.157671D-03 -0.107215D-02  0.412083D-04  0.316129D-04
       44  -0.499331D-03 -0.257346D-03  0.185917D-03 -0.268127D-04 -0.251695D-04
       45   0.269912D-03  0.110135D-03 -0.183959D-03  0.797581D-05  0.310379D-04
       46  -0.138422D-04 -0.181889D-03  0.165942D-03 -0.224900D-04 -0.221675D-04
       47   0.633392D-04  0.662636D-04 -0.951515D-04  0.731734D-05  0.102859D-04
       48  -0.161526D-04  0.908786D-04 -0.173677D-03  0.117678D-04  0.182289D-04
       49  -0.435019D-03 -0.227775D-03  0.201280D-03 -0.256455D-04 -0.257049D-04
       50   0.724349D-04 -0.432409D-04  0.464301D-04 -0.601795D-05 -0.307840D-05
       51  -0.504382D-04 -0.263420D-04  0.262613D-04 -0.145952D-05  0.484864D-05


           ESTIMATED COVARIANCE MATRIX FOR PARAMETER ESTIMATES
                     6             7             8             9            10
              ________      ________      ________      ________      ________
        6   0.180336D-03
        7  -0.490140D-04  0.237004D-03
        8  -0.265951D-06 -0.253982D-05  0.803682D-04
        9  -0.153837D-05 -0.305113D-05  0.315897D-04  0.174095D-03
       10   0.418430D-07  0.544760D-05 -0.133972D-05 -0.146017D-05  0.701688D-04
       11   0.763640D-05 -0.861469D-06  0.551591D-05 -0.954607D-05  0.275774D-04
       12   0.280272D-04  0.402095D-05 -0.236160D-05  0.171759D-06 -0.248589D-05
       13   0.936424D-05  0.100714D-06 -0.136681D-05 -0.112022D-04  0.455145D-05
       14  -0.276898D-05  0.206941D-04 -0.937943D-06 -0.484663D-05 -0.792096D-05
       15   0.449814D-05  0.168052D-04  0.102000D-04 -0.195810D-04 -0.346227D-05
       16   0.172391D-04 -0.267667D-04 -0.498480D-05 -0.136724D-04 -0.112028D-05
       17  -0.437095D-05  0.225778D-04  0.118399D-04 -0.282747D-04  0.114287D-04
       18  -0.217066D-05 -0.103477D-04 -0.752130D-05 -0.837996D-05  0.744998D-05
       19  -0.970318D-05  0.313725D-04 -0.142772D-04  0.114664D-04  0.143034D-04
       20   0.453230D-04 -0.449873D-04  0.272088D-04  0.126174D-04 -0.165796D-05
       21  -0.839370D-05 -0.129573D-04  0.978822D-05  0.184596D-04 -0.836045D-05
       22   0.256786D-04  0.683445D-04 -0.104713D-05  0.159574D-04  0.116384D-04
       23   0.280384D-05  0.988652D-05 -0.205983D-04 -0.251082D-04 -0.360014D-06
       24  -0.230664D-04  0.220467D-05 -0.288751D-04  0.863902D-05  0.261324D-05
       25   0.867786D-05 -0.361788D-04 -0.256071D-04 -0.392390D-05 -0.567102D-05
       26   0.838829D-05 -0.169729D-04  0.677382D-05  0.119246D-04 -0.289687D-04
       27  -0.324252D-04 -0.162127D-05 -0.195772D-05  0.210151D-04 -0.447470D-05
       28  -0.317745D-05 -0.258836D-04  0.135416D-04  0.103658D-04  0.878716D-05
       29  -0.406408D-04  0.121282D-04 -0.788725D-06  0.452746D-05 -0.836512D-05
       30   0.236584D-04 -0.512253D-04  0.113792D-04  0.722044D-05 -0.675366D-05
       31   0.314764D-05  0.301159D-04 -0.118555D-04 -0.404367D-04 -0.147382D-04
       32  -0.157484D-04  0.120350D-04 -0.100657D-04  0.152820D-04  0.388973D-05
       33  -0.613162D-04 -0.831073D-04  0.658766D-04 -0.802578D-05  0.824454D-04
       34   0.513250D-04  0.550174D-04 -0.504202D-04 -0.113652D-04 -0.559315D-04
       35   0.253684D-04  0.286561D-04 -0.803073D-05 -0.368772D-06 -0.366418D-04
       36  -0.242783D-04  0.566331D-04  0.900624D-05 -0.955923D-05 -0.314333D-04
       37   0.149882D-04 -0.548258D-04  0.256797D-04  0.138846D-04  0.796206D-05
       38   0.214601D-04 -0.126318D-04 -0.193155D-05 -0.932711D-05  0.171343D-04
       39   0.245606D-04 -0.783162D-05 -0.902905D-05  0.835873D-05 -0.178162D-04
       40  -0.215696D-05 -0.445146D-04  0.249587D-04 -0.173945D-04  0.136660D-04
       41   0.291245D-04 -0.156336D-04  0.150283D-04 -0.707783D-05  0.351195D-05
       42   0.119816D-04 -0.129651D-04  0.264635D-06 -0.103213D-05  0.755092D-05
       43   0.500353D-04 -0.167548D-03 -0.622138D-05  0.179372D-05 -0.698872D-05
       44   0.190368D-04  0.340751D-04 -0.140074D-04 -0.139146D-04 -0.984114D-06
       45  -0.109910D-04 -0.598282D-04  0.390627D-05  0.925430D-05  0.109823D-04
       46   0.249783D-05  0.158269D-04 -0.976894D-05  0.545486D-05 -0.157983D-04
       47   0.936653D-06 -0.118782D-04  0.426735D-05 -0.178385D-04  0.993659D-05
       48   0.293524D-06 -0.214112D-04  0.961612D-05  0.218848D-04  0.334900D-04
       49   0.112797D-04  0.397000D-04  0.455607D-05  0.208824D-05 -0.127085D-04
       50   0.129447D-05  0.961973D-05 -0.189234D-04  0.191814D-05 -0.132701D-04
       51  -0.163126D-04  0.431410D-06 -0.795722D-06 -0.367440D-04 -0.962546D-05


           ESTIMATED COVARIANCE MATRIX FOR PARAMETER ESTIMATES
                    11            12            13            14            15
              ________      ________      ________      ________      ________
       11   0.173712D-03
       12  -0.192355D-06  0.898022D-04
       13  -0.162041D-04  0.315477D-04  0.179231D-03
       14  -0.356015D-05 -0.763504D-05  0.244575D-05  0.122081D-03
       15  -0.101772D-04  0.117574D-04 -0.233326D-04  0.301216D-04  0.297088D-03
       16   0.119660D-04 -0.102830D-04  0.440402D-04  0.252847D-04 -0.529424D-05
       17   0.197677D-04 -0.798298D-05 -0.405147D-04 -0.110201D-04 -0.129624D-04
       18  -0.301771D-04  0.249925D-05  0.184195D-04  0.222424D-05  0.433048D-04
       19   0.325202D-04 -0.474224D-05 -0.241008D-04 -0.240818D-04 -0.328443D-04
       20   0.983083D-06  0.317145D-05 -0.244692D-04 -0.113454D-04  0.352394D-05
       21   0.297216D-04  0.267570D-05 -0.982202D-05 -0.237373D-04  0.170995D-04
       22  -0.152751D-04  0.606559D-05 -0.280466D-04  0.272692D-04 -0.276877D-04
       23  -0.202201D-04  0.150113D-05 -0.389066D-04 -0.417899D-04 -0.125248D-04
       24   0.132885D-04  0.838340D-05  0.781954D-05  0.703938D-05  0.161287D-04
       25  -0.366739D-04 -0.180037D-04  0.258020D-04  0.336776D-05 -0.494223D-04
       26  -0.268078D-04  0.165691D-05 -0.679785D-05 -0.621707D-05  0.381770D-04
       27   0.320198D-04  0.218737D-04  0.529337D-04 -0.395052D-05  0.314148D-04
       28   0.112823D-04  0.858915D-06 -0.150555D-05 -0.350142D-04  0.115443D-05
       29   0.142130D-05  0.297000D-06  0.499566D-05 -0.243053D-04  0.850085D-05
       30   0.894907D-05 -0.722061D-05  0.212003D-04  0.955899D-05 -0.411309D-04
       31   0.469858D-04 -0.751696D-05 -0.179420D-04 -0.564490D-05 -0.107940D-04
       32   0.381895D-04  0.147253D-04 -0.376413D-04 -0.966047D-06 -0.188896D-04
       33   0.125614D-03 -0.377598D-04 -0.339443D-04 -0.195112D-03 -0.115227D-03
       34  -0.966685D-04  0.180750D-04  0.273219D-05  0.954963D-04  0.102226D-03
       35  -0.642668D-04  0.138190D-04 -0.140279D-04  0.765084D-04  0.196378D-03
       36   0.303162D-04  0.237392D-04  0.235127D-04  0.973567D-05  0.440498D-04
       37  -0.169870D-06 -0.110167D-04 -0.196008D-04 -0.197019D-05 -0.354960D-04
       38  -0.786102D-05 -0.550041D-05  0.592754D-05  0.128746D-04  0.489790D-04
       39  -0.276481D-04  0.407127D-05 -0.666993D-05  0.314389D-04  0.668375D-05
       40  -0.517479D-05  0.125294D-04  0.546233D-04 -0.931750D-05 -0.608641D-05
       41  -0.940830D-05 -0.956619D-05 -0.328103D-04 -0.112969D-04 -0.635094D-05
       42  -0.122791D-04 -0.446966D-05 -0.119983D-04  0.109065D-04 -0.115900D-04
       43   0.925690D-05 -0.379283D-04 -0.395945D-04 -0.126595D-04 -0.328185D-04
       44  -0.130881D-04  0.161186D-04  0.553527D-05  0.256407D-04  0.120803D-04
       45   0.194589D-04  0.514928D-05  0.658164D-05 -0.412981D-05 -0.379981D-04
       46  -0.186054D-04  0.721040D-05  0.157895D-04  0.306884D-04  0.177411D-04
       47   0.277661D-04 -0.834712D-05  0.599859D-05 -0.342893D-04 -0.529340D-04
       48   0.605231D-04 -0.177845D-04 -0.149608D-04 -0.693565D-04 -0.311410D-03
       49  -0.176681D-04  0.219635D-04  0.176723D-04  0.193675D-04  0.222963D-04
       50  -0.181431D-04  0.307877D-05 -0.259571D-05  0.217782D-04  0.121311D-04
       51  -0.135731D-04  0.416179D-05  0.207016D-05  0.177126D-04  0.931597D-04


           ESTIMATED COVARIANCE MATRIX FOR PARAMETER ESTIMATES
                    16            17            18            19            20
              ________      ________      ________      ________      ________
       16   0.143254D-02
       17  -0.388159D-03  0.186093D-02
       18  -0.178867D-03  0.125027D-03  0.179133D-02
       19   0.102340D-03 -0.144543D-03 -0.750592D-03  0.197570D-02
       20   0.580260D-04 -0.136328D-03 -0.357339D-04 -0.291449D-03  0.170240D-02
       21  -0.841398D-03  0.276097D-03  0.119501D-03 -0.760276D-04  0.267379D-04
       22  -0.747368D-03  0.164252D-03  0.107905D-03 -0.461759D-04 -0.388409D-04
       23  -0.850204D-03  0.172859D-03  0.107730D-03  0.849576D-05 -0.140146D-05
       24  -0.607791D-04  0.127108D-03  0.515583D-04  0.248587D-03 -0.115946D-02
       25   0.249087D-03 -0.107223D-02 -0.129127D-03  0.293175D-04 -0.675985D-04
       26   0.158847D-03 -0.978373D-03 -0.634178D-05  0.350358D-04  0.123486D-03
       27   0.255944D-03 -0.109826D-02 -0.836994D-04  0.138779D-03  0.241828D-04
       28   0.161094D-04  0.279134D-04  0.530998D-04 -0.294850D-05  0.599615D-04
       29  -0.524216D-05  0.363581D-04 -0.114098D-04  0.111055D-03 -0.309411D-03
       30   0.165043D-03 -0.994756D-04 -0.104736D-02  0.433946D-03 -0.132200D-04
       31   0.828853D-04 -0.612311D-04 -0.108987D-02  0.440747D-03  0.428517D-04
       32   0.349572D-04 -0.105206D-03 -0.931036D-03  0.376735D-03 -0.669888D-04
       33   0.909521D-04 -0.466984D-04  0.806485D-04 -0.249257D-04  0.333216D-03
       34  -0.251287D-05 -0.969649D-04 -0.107223D-04  0.609270D-04 -0.162497D-03
       35  -0.814099D-04 -0.417525D-04 -0.988053D-04  0.164099D-04 -0.100435D-04
       36   0.286351D-04  0.109903D-03  0.233054D-04 -0.654664D-04 -0.652251D-03
       37  -0.994374D-04  0.595521D-04  0.142735D-03 -0.190629D-03  0.366114D-03
       38  -0.290646D-04  0.969659D-04  0.385567D-03 -0.107102D-02  0.920642D-05
       39  -0.728531D-04  0.941231D-04  0.530220D-03 -0.111464D-02  0.411539D-05
       40  -0.354601D-04  0.161471D-03  0.340628D-03 -0.100449D-02 -0.504462D-04
       41  -0.252125D-05 -0.754480D-04 -0.142202D-04 -0.216323D-03  0.122058D-02
       42  -0.532764D-04  0.314400D-04  0.770384D-04 -0.100154D-03  0.396030D-04
       43   0.972052D-04 -0.122935D-03 -0.857437D-05  0.545541D-05  0.352760D-03
       44  -0.777693D-04  0.100620D-03  0.450842D-04  0.273416D-04 -0.230214D-03
       45   0.583363D-04  0.553628D-04  0.273462D-04 -0.103623D-03  0.536663D-04
       46  -0.570758D-04  0.150877D-04  0.407032D-04 -0.175266D-04 -0.121417D-03
       47   0.868052D-04  0.659560D-06  0.111420D-03 -0.497459D-04  0.430173D-04
       48   0.515806D-04  0.604218D-04  0.373343D-04  0.114355D-05  0.321281D-04
       49  -0.443348D-04  0.585188D-04 -0.636568D-05  0.978334D-05 -0.191907D-03
       50   0.192309D-05  0.107780D-05  0.949421D-05 -0.448738D-04 -0.248991D-05
       51  -0.567395D-04 -0.315553D-04 -0.234150D-04 -0.359686D-05 -0.650528D-05


           ESTIMATED COVARIANCE MATRIX FOR PARAMETER ESTIMATES
                    21            22            23            24            25
              ________      ________      ________      ________      ________
       21   0.201337D-02
       22  -0.905469D-04  0.198642D-02
       23   0.269716D-03 -0.629143D-06  0.203202D-02
       24   0.800645D-05  0.295227D-04 -0.575667D-04  0.144493D-02
       25  -0.550037D-03  0.105886D-03 -0.128064D-03  0.639211D-04  0.218304D-02
       26  -0.611569D-05 -0.650281D-03  0.189391D-03 -0.151404D-03  0.896396D-04
       27  -0.118161D-03  0.650401D-04 -0.534440D-03  0.214761D-04  0.256436D-03
       28  -0.405542D-04  0.159677D-04  0.939558D-04 -0.676198D-05 -0.141459D-03
       29   0.568214D-04 -0.506779D-04 -0.125947D-03  0.272101D-03  0.275268D-04
       30  -0.163850D-03 -0.317404D-04 -0.139077D-03  0.390769D-04  0.256773D-03
       31  -0.741410D-04 -0.305480D-03  0.403817D-04 -0.102653D-03  0.448733D-04
       32  -0.190782D-04  0.655222D-04 -0.171452D-03  0.496130D-04  0.125928D-03
       33   0.951529D-05 -0.996231D-04 -0.434844D-04 -0.921169D-04 -0.278431D-03
       34   0.157273D-04 -0.176253D-04 -0.119543D-03  0.332515D-04  0.216070D-03
       35   0.114658D-03 -0.528484D-06 -0.811246D-04  0.319628D-04  0.412947D-04
       36   0.270400D-04  0.653640D-04 -0.203036D-03  0.620882D-03  0.125677D-03
       37  -0.533643D-04  0.103960D-03  0.170824D-03 -0.254741D-03 -0.685550D-04
       38   0.163220D-03 -0.324213D-04 -0.111340D-04 -0.242344D-04 -0.174723D-03
       39   0.387535D-04  0.343430D-03 -0.921131D-04  0.133747D-05  0.961264D-04
       40   0.110632D-04 -0.500663D-04  0.206200D-03  0.242075D-04 -0.119920D-03
       41   0.173345D-04  0.181130D-04  0.860004D-04 -0.104706D-02 -0.629709D-04
       42  -0.121124D-04  0.716784D-04  0.736646D-04 -0.160935D-04 -0.130022D-04
       43  -0.171962D-03  0.320023D-04  0.879389D-04 -0.260610D-03  0.862320D-04
       44   0.158846D-03 -0.699110D-04 -0.828833D-04  0.171830D-03  0.424387D-04
       45  -0.793844D-04 -0.335016D-05  0.777615D-04 -0.228591D-04 -0.167086D-03
       46  -0.292968D-04  0.297458D-04 -0.126093D-04  0.711445D-04  0.708581D-04
       47  -0.104472D-03 -0.404146D-04  0.791687D-04 -0.128756D-04 -0.552372D-04
       48  -0.123555D-03  0.381112D-04  0.118421D-03 -0.639485D-04  0.203081D-04
       49   0.918761D-04 -0.984193D-04 -0.102304D-03  0.121942D-03  0.269920D-04
       50   0.187179D-05 -0.895865D-05 -0.683917D-05 -0.186576D-04  0.337216D-04
       51   0.774895D-04 -0.114640D-04 -0.138382D-04  0.499039D-06  0.731712D-05


           ESTIMATED COVARIANCE MATRIX FOR PARAMETER ESTIMATES
                    26            27            28            29            30
              ________      ________      ________      ________      ________
       26   0.232993D-02
       27  -0.237429D-04  0.238654D-02
       28   0.127306D-03 -0.674088D-04  0.165907D-02
       29  -0.601941D-04  0.655867D-04 -0.234956D-03  0.102924D-02
       30  -0.112382D-03  0.129777D-03 -0.182147D-03  0.321788D-04  0.222861D-02
       31   0.211125D-03 -0.162650D-04 -0.986075D-04  0.400155D-04  0.173867D-03
       32  -0.564656D-04  0.177071D-03 -0.135446D-04  0.428578D-04  0.124504D-03
       33   0.144717D-03  0.834297D-05  0.149933D-02 -0.260755D-03 -0.188851D-03
       34   0.119110D-03  0.138496D-04 -0.140594D-02  0.206681D-03  0.110649D-03
       35   0.255794D-04 -0.117133D-04 -0.601976D-03  0.831235D-04  0.525790D-04
       36   0.366210D-04 -0.166375D-03 -0.321816D-03  0.200766D-03  0.550622D-04
       37  -0.205065D-04 -0.844309D-04  0.183579D-03 -0.889381D-03 -0.873385D-04
       38   0.101740D-03 -0.153424D-03  0.101428D-04 -0.533764D-04 -0.975820D-03
       39  -0.256218D-03 -0.139970D-03  0.543457D-04 -0.506541D-04 -0.101544D-03
       40  -0.321910D-04 -0.144941D-03  0.700807D-04 -0.411846D-04 -0.485151D-04
       41   0.109559D-03 -0.810800D-05  0.385730D-04 -0.272283D-03 -0.380179D-04
       42  -0.151580D-04 -0.520268D-04 -0.125969D-04 -0.547032D-03 -0.251804D-04
       43   0.163723D-04 -0.728650D-05  0.415223D-03 -0.169190D-03 -0.921263D-04
       44  -0.386356D-04  0.130622D-04 -0.454321D-03  0.980788D-04  0.124359D-03
       45  -0.548696D-04 -0.518103D-04  0.579542D-03 -0.245230D-04 -0.100535D-03
       46  -0.615768D-04  0.377612D-04 -0.643321D-03  0.131711D-03 -0.663124D-05
       47  -0.143142D-04 -0.690151D-05  0.381275D-03 -0.125120D-03 -0.615024D-04
       48   0.660864D-05 -0.907559D-04  0.395049D-03 -0.747519D-04 -0.264746D-04
       49   0.449511D-04  0.122863D-05 -0.351619D-03  0.806710D-04  0.104709D-03
       50  -0.178472D-04  0.100790D-04 -0.297890D-03  0.395694D-04  0.136859D-04
       51  -0.191601D-05  0.166154D-04 -0.848572D-04 -0.541922D-05  0.148377D-04


           ESTIMATED COVARIANCE MATRIX FOR PARAMETER ESTIMATES
                    31            32            33            34            35
              ________      ________      ________      ________      ________
       31   0.230829D-02
       32   0.109905D-03  0.207107D-02
       33  -0.116845D-03 -0.268210D-04  0.803098D-02
       34   0.205624D-03 -0.729805D-04 -0.384899D-02  0.346297D-02
       35   0.315699D-03 -0.272202D-04 -0.162768D-02  0.165182D-02  0.259030D-02
       36  -0.169678D-04  0.572918D-04 -0.121427D-02  0.697515D-03  0.406927D-03
       37  -0.163608D-03 -0.846777D-04  0.478833D-03 -0.551583D-03 -0.584836D-03
       38   0.181197D-05  0.326864D-04  0.124782D-04 -0.389217D-04  0.154002D-03
       39  -0.101177D-02 -0.211427D-04 -0.310051D-03  0.130217D-03 -0.885603D-04
       40  -0.734264D-04 -0.805129D-03  0.754352D-03 -0.462510D-03 -0.214546D-03
       41   0.725213D-04 -0.368262D-04  0.255194D-03 -0.187415D-03 -0.618543D-04
       42  -0.751854D-04 -0.404834D-04  0.950924D-04  0.310976D-04  0.598426D-05
       43   0.908161D-04 -0.839206D-04  0.158015D-02 -0.789836D-03 -0.327561D-03
       44  -0.971895D-04  0.154442D-04 -0.117850D-02  0.732223D-03  0.171199D-03
       45   0.143639D-04 -0.423730D-04  0.852870D-03 -0.674928D-03 -0.112964D-03
       46  -0.456682D-04  0.450433D-04 -0.174109D-02  0.940957D-03  0.467225D-03
       47  -0.169784D-03 -0.114558D-03  0.706799D-03 -0.708710D-03 -0.105430D-02
       48  -0.192099D-03  0.126171D-05  0.151970D-02 -0.133307D-02 -0.182528D-02
       49  -0.219019D-04  0.175303D-04 -0.109547D-02  0.664547D-03  0.237189D-03
       50   0.358519D-04  0.524219D-05 -0.849300D-03  0.589106D-03  0.259573D-03
       51   0.103594D-03 -0.331915D-04 -0.904486D-04  0.285095D-03  0.601028D-03


           ESTIMATED COVARIANCE MATRIX FOR PARAMETER ESTIMATES
                    36            37            38            39            40
              ________      ________      ________      ________      ________
       36   0.294265D-02
       37  -0.304344D-03  0.169190D-02
       38  -0.146208D-04  0.413849D-05  0.260241D-02
       39   0.154199D-04  0.823754D-04  0.530195D-05  0.268855D-02
       40  -0.225995D-04  0.104809D-03  0.239319D-03 -0.615604D-04  0.238629D-02
       41  -0.620844D-03  0.339967D-03  0.427682D-04 -0.421428D-04 -0.842337D-04
       42  -0.342050D-04  0.788089D-03  0.172280D-04  0.735275D-04  0.373880D-04
       43  -0.112115D-02  0.220778D-03 -0.661437D-05  0.277404D-04  0.182319D-04
       44   0.774592D-03 -0.679445D-04 -0.531847D-04 -0.363724D-04 -0.753832D-04
       45  -0.446060D-03 -0.140710D-04 -0.501644D-05  0.714684D-04  0.156444D-03
       46   0.400340D-03 -0.125163D-03  0.201714D-04  0.814905D-04 -0.127266D-03
       47  -0.199882D-03  0.278899D-03 -0.745703D-04  0.873710D-04  0.149100D-03
       48  -0.503865D-03  0.440407D-03 -0.730031D-04  0.611437D-04  0.170802D-03
       49   0.689745D-03 -0.123121D-03 -0.660758D-05 -0.620150D-04 -0.690132D-04
       50   0.803643D-04 -0.771800D-04  0.760276D-05  0.824934D-04 -0.653441D-04
       51   0.420693D-04 -0.130075D-03  0.248057D-04 -0.843514D-04  0.288530D-04


           ESTIMATED COVARIANCE MATRIX FOR PARAMETER ESTIMATES
                    41            42            43            44            45
              ________      ________      ________      ________      ________
       41   0.125335D-02
       42   0.856401D-04  0.709275D-03
       43   0.281627D-03  0.330128D-04  0.233362D-02
       44  -0.182413D-03  0.185747D-04 -0.118745D-02  0.128341D-02
       45   0.220174D-04 -0.655289D-04  0.799787D-03 -0.883943D-03  0.161276D-02
       46  -0.866868D-04 -0.362918D-04 -0.493706D-03  0.424626D-03 -0.356784D-03
       47   0.276647D-04  0.410071D-04  0.195753D-03 -0.130008D-03  0.137003D-03
       48   0.742954D-04 -0.228131D-04  0.299868D-03 -0.186461D-03  0.134564D-03
       49  -0.165196D-03 -0.185841D-04 -0.108704D-02  0.919487D-03 -0.717116D-03
       50  -0.525712D-05 -0.770681D-05 -0.491444D-04  0.643261D-04 -0.892455D-04
       51  -0.778828D-05  0.199227D-04  0.899782D-05  0.145933D-04  0.365335D-05


           ESTIMATED COVARIANCE MATRIX FOR PARAMETER ESTIMATES
                    46            47            48            49            50
              ________      ________      ________      ________      ________
       46   0.854629D-03
       47  -0.268379D-03  0.119552D-02
       48  -0.340268D-03  0.544725D-03  0.242207D-02
       49   0.392545D-03 -0.140952D-03 -0.184217D-03  0.998309D-03
       50   0.235196D-03 -0.134891D-03 -0.212348D-03  0.489366D-04  0.249301D-03
       51   0.221759D-04 -0.211155D-03 -0.656467D-03  0.213942D-04  0.224919D-04


           ESTIMATED COVARIANCE MATRIX FOR PARAMETER ESTIMATES
                    51
              ________
       51   0.435087D-03


           ESTIMATED CORRELATION MATRIX FOR PARAMETER ESTIMATES
                     1             2             3             4             5
              ________      ________      ________      ________      ________
        1       1.000
        2       0.393         1.000
        3       0.301         0.449         1.000
        4       0.034        -0.032         0.036         1.000
        5       0.046        -0.092        -0.035        -0.035         1.000
        6      -0.079        -0.101        -0.403        -0.082        -0.090
        7       0.194         0.261         0.351        -0.073        -0.005
        8       0.018         0.023         0.002         0.160         0.004
        9       0.005         0.045         0.007         0.060        -0.003
       10      -0.021        -0.031         0.045         0.016         0.282
       11      -0.016         0.047        -0.008         0.027         0.002
       12      -0.004        -0.006        -0.026        -0.076         0.034
       13      -0.035         0.001         0.026        -0.019         0.003
       14      -0.002        -0.091        -0.036        -0.049         0.088
       15       0.022        -0.004         0.010         0.010         0.038
       16       0.030         0.008        -0.058        -0.018         0.054
       17      -0.021        -0.029         0.121         0.027        -0.009
       18      -0.072        -0.090        -0.037         0.045         0.026
       19       0.041         0.032         0.031        -0.009         0.019
       20       0.128        -0.013        -0.133        -0.018         0.079
       21      -0.100         0.103         0.026         0.015        -0.051
       22       0.158         0.114        -0.018        -0.015        -0.048
       23       0.090         0.019        -0.003         0.011         0.033
       24      -0.115        -0.012         0.088         0.022        -0.032
       25       0.021        -0.061        -0.082        -0.010        -0.026
       26      -0.097         0.014        -0.078        -0.012         0.022
       27       0.061         0.040        -0.009         0.001         0.016
       28      -0.010         0.059        -0.087         0.007         0.063
       29      -0.024        -0.020         0.095        -0.019        -0.025
       30       0.032         0.026        -0.026        -0.032        -0.057
       31       0.041         0.038         0.042        -0.048         0.009
       32       0.013         0.036         0.027        -0.096        -0.065
       33      -0.062         0.114        -0.113         0.127         0.041
       34       0.003        -0.129         0.065        -0.069        -0.047
       35       0.016        -0.031         0.101        -0.031        -0.030
       36      -0.158         0.026         0.121        -0.067        -0.087
       37      -0.048        -0.027        -0.101         0.048         0.043
       38      -0.001         0.018         0.005         0.015         0.036
       39       0.021         0.002        -0.025        -0.024        -0.023
       40      -0.039         0.006        -0.013         0.056         0.034
       41       0.145         0.017        -0.097        -0.038         0.070
       42      -0.060        -0.009        -0.057         0.038         0.021
       43       0.108        -0.090        -0.499         0.080         0.061
       44      -0.373        -0.198         0.117        -0.070        -0.066
       45       0.180         0.075        -0.103         0.019         0.073
       46      -0.013        -0.171         0.128        -0.072        -0.071
       47       0.049         0.053        -0.062         0.020         0.028
       48      -0.009         0.051        -0.079         0.022         0.035
       49      -0.368        -0.198         0.143        -0.076        -0.076
       50       0.123        -0.075         0.066        -0.036        -0.018
       51      -0.065        -0.035         0.028        -0.007         0.022


           ESTIMATED CORRELATION MATRIX FOR PARAMETER ESTIMATES
                     6             7             8             9            10
              ________      ________      ________      ________      ________
        6       1.000
        7      -0.237         1.000
        8      -0.002        -0.018         1.000
        9      -0.009        -0.015         0.267         1.000
       10       0.000         0.042        -0.018        -0.013         1.000
       11       0.043        -0.004         0.047        -0.055         0.250
       12       0.220         0.028        -0.028         0.001        -0.031
       13       0.052         0.000        -0.011        -0.063         0.041
       14      -0.019         0.122        -0.009        -0.033        -0.086
       15       0.019         0.063         0.066        -0.086        -0.024
       16       0.034        -0.046        -0.015        -0.027        -0.004
       17      -0.008         0.034         0.031        -0.050         0.032
       18      -0.004        -0.016        -0.020        -0.015         0.021
       19      -0.016         0.046        -0.036         0.020         0.038
       20       0.082        -0.071         0.074         0.023        -0.005
       21      -0.014        -0.019         0.024         0.031        -0.022
       22       0.043         0.100        -0.003         0.027         0.031
       23       0.005         0.014        -0.051        -0.042        -0.001
       24      -0.045         0.004        -0.085         0.017         0.008
       25       0.014        -0.050        -0.061        -0.006        -0.014
       26       0.013        -0.023         0.016         0.019        -0.072
       27      -0.049        -0.002        -0.004         0.033        -0.011
       28      -0.006        -0.041         0.037         0.019         0.026
       29      -0.094         0.025        -0.003         0.011        -0.031
       30       0.037        -0.070         0.027         0.012        -0.017
       31       0.005         0.041        -0.028        -0.064        -0.037
       32      -0.026         0.017        -0.025         0.025         0.010
       33      -0.051        -0.060         0.082        -0.007         0.110
       34       0.065         0.061        -0.096        -0.015        -0.113
       35       0.037         0.037        -0.018        -0.001        -0.086
       36      -0.033         0.068         0.019        -0.013        -0.069
       37       0.027        -0.087         0.070         0.026         0.023
       38       0.031        -0.016        -0.004        -0.014         0.040
       39       0.035        -0.010        -0.019         0.012        -0.041
       40      -0.003        -0.059         0.057        -0.027         0.033
       41       0.061        -0.029         0.047        -0.015         0.012
       42       0.034        -0.032         0.001        -0.003         0.034
       43       0.077        -0.225        -0.014         0.003        -0.017
       44       0.040         0.062        -0.044        -0.029        -0.003
       45      -0.020        -0.097         0.011         0.017         0.033
       46       0.006         0.035        -0.037         0.014        -0.065
       47       0.002        -0.022         0.014        -0.039         0.034
       48       0.000        -0.028         0.022         0.034         0.081
       49       0.027         0.082         0.016         0.005        -0.048
       50       0.006         0.040        -0.134         0.009        -0.100
       51      -0.058         0.001        -0.004        -0.134        -0.055


           ESTIMATED CORRELATION MATRIX FOR PARAMETER ESTIMATES
                    11            12            13            14            15
              ________      ________      ________      ________      ________
       11       1.000
       12      -0.002         1.000
       13      -0.092         0.249         1.000
       14      -0.024        -0.073         0.017         1.000
       15      -0.045         0.072        -0.101         0.158         1.000
       16       0.024        -0.029         0.087         0.060        -0.008
       17       0.035        -0.020        -0.070        -0.023        -0.017
       18      -0.054         0.006         0.033         0.005         0.059
       19       0.056        -0.011        -0.041        -0.049        -0.043
       20       0.002         0.008        -0.044        -0.025         0.005
       21       0.050         0.006        -0.016        -0.048         0.022
       22      -0.026         0.014        -0.047         0.055        -0.036
       23      -0.034         0.004        -0.064        -0.084        -0.016
       24       0.027         0.023         0.015         0.017         0.025
       25      -0.060        -0.041         0.041         0.007        -0.061
       26      -0.042         0.004        -0.011        -0.012         0.046
       27       0.050         0.047         0.081        -0.007         0.037
       28       0.021         0.002        -0.003        -0.078         0.002
       29       0.003         0.001         0.012        -0.069         0.015
       30       0.014        -0.016         0.034         0.018        -0.051
       31       0.074        -0.017        -0.028        -0.011        -0.013
       32       0.064         0.034        -0.062        -0.002        -0.024
       33       0.106        -0.044        -0.028        -0.197        -0.075
       34      -0.125         0.032         0.003         0.147         0.101
       35      -0.096         0.029        -0.021         0.136         0.224
       36       0.042         0.046         0.032         0.016         0.047
       37       0.000        -0.028        -0.036        -0.004        -0.050
       38      -0.012        -0.011         0.009         0.023         0.056
       39      -0.040         0.008        -0.010         0.055         0.007
       40      -0.008         0.027         0.084        -0.017        -0.007
       41      -0.020        -0.029        -0.069        -0.029        -0.010
       42      -0.035        -0.018        -0.034         0.037        -0.025
       43       0.015        -0.083        -0.061        -0.024        -0.039
       44      -0.028         0.047         0.012         0.065         0.020
       45       0.037         0.014         0.012        -0.009        -0.055
       46      -0.048         0.026         0.040         0.095         0.035
       47       0.061        -0.025         0.013        -0.090        -0.089
       48       0.093        -0.038        -0.023        -0.128        -0.367
       49      -0.042         0.073         0.042         0.055         0.041
       50      -0.087         0.021        -0.012         0.125         0.045
       51      -0.049         0.021         0.007         0.077         0.259


           ESTIMATED CORRELATION MATRIX FOR PARAMETER ESTIMATES
                    16            17            18            19            20
              ________      ________      ________      ________      ________
       16       1.000
       17      -0.238         1.000
       18      -0.112         0.068         1.000
       19       0.061        -0.075        -0.399         1.000
       20       0.037        -0.077        -0.020        -0.159         1.000
       21      -0.495         0.143         0.063        -0.038         0.014
       22      -0.443         0.085         0.057        -0.023        -0.021
       23      -0.498         0.089         0.056         0.004        -0.001
       24      -0.042         0.078         0.032         0.147        -0.739
       25       0.141        -0.532        -0.065         0.014        -0.035
       26       0.087        -0.470        -0.003         0.016         0.062
       27       0.138        -0.521        -0.040         0.064         0.012
       28       0.010         0.016         0.031        -0.002         0.036
       29      -0.004         0.026        -0.008         0.078        -0.234
       30       0.092        -0.049        -0.524         0.207        -0.007
       31       0.046        -0.030        -0.536         0.206         0.022
       32       0.020        -0.054        -0.483         0.186        -0.036
       33       0.027        -0.012         0.021        -0.006         0.090
       34      -0.001        -0.038        -0.004         0.023        -0.067
       35      -0.042        -0.019        -0.046         0.007        -0.005
       36       0.014         0.047         0.010        -0.027        -0.291
       37      -0.064         0.034         0.082        -0.104         0.216
       38      -0.015         0.044         0.179        -0.472         0.004
       39      -0.037         0.042         0.242        -0.484         0.002
       40      -0.019         0.077         0.165        -0.463        -0.025
       41      -0.002        -0.049        -0.009        -0.137         0.836
       42      -0.053         0.027         0.068        -0.085         0.036
       43       0.053        -0.059        -0.004         0.003         0.177
       44      -0.057         0.065         0.030         0.017        -0.156
       45       0.038         0.032         0.016        -0.058         0.032
       46      -0.052         0.012         0.033        -0.013        -0.101
       47       0.066         0.000         0.076        -0.032         0.030
       48       0.028         0.028         0.018         0.001         0.016
       49      -0.037         0.043        -0.005         0.007        -0.147
       50       0.003         0.002         0.014        -0.064        -0.004
       51      -0.072        -0.035        -0.027        -0.004        -0.008


           ESTIMATED CORRELATION MATRIX FOR PARAMETER ESTIMATES
                    21            22            23            24            25
              ________      ________      ________      ________      ________
       21       1.000
       22      -0.045         1.000
       23       0.133         0.000         1.000
       24       0.005         0.017        -0.034         1.000
       25      -0.262         0.051        -0.061         0.036         1.000
       26      -0.003        -0.302         0.087        -0.083         0.040
       27      -0.054         0.030        -0.243         0.012         0.112
       28      -0.022         0.009         0.051        -0.004        -0.074
       29       0.039        -0.035        -0.087         0.223         0.018
       30      -0.077        -0.015        -0.065         0.022         0.116
       31      -0.034        -0.143         0.019        -0.056         0.020
       32      -0.009         0.032        -0.084         0.029         0.059
       33       0.002        -0.025        -0.011        -0.027        -0.066
       34       0.006        -0.007        -0.045         0.015         0.079
       35       0.050         0.000        -0.035         0.017         0.017
       36       0.011         0.027        -0.083         0.301         0.050
       37      -0.029         0.057         0.092        -0.163        -0.036
       38       0.071        -0.014        -0.005        -0.012        -0.073
       39       0.017         0.149        -0.039         0.001         0.040
       40       0.005        -0.023         0.094         0.013        -0.053
       41       0.011         0.011         0.054        -0.778        -0.038
       42      -0.010         0.060         0.061        -0.016        -0.010
       43      -0.079         0.015         0.040        -0.142         0.038
       44       0.099        -0.044        -0.051         0.126         0.025
       45      -0.044        -0.002         0.043        -0.015        -0.089
       46      -0.022         0.023        -0.010         0.064         0.052
       47      -0.067        -0.026         0.051        -0.010        -0.034
       48      -0.056         0.017         0.053        -0.034         0.009
       49       0.065        -0.070        -0.072         0.102         0.018
       50       0.003        -0.013        -0.010        -0.031         0.046
       51       0.083        -0.012        -0.015         0.001         0.008


           ESTIMATED CORRELATION MATRIX FOR PARAMETER ESTIMATES
                    26            27            28            29            30
              ________      ________      ________      ________      ________
       26       1.000
       27      -0.010         1.000
       28       0.065        -0.034         1.000
       29      -0.039         0.042        -0.180         1.000
       30      -0.049         0.056        -0.095         0.021         1.000
       31       0.091        -0.007        -0.050         0.026         0.077
       32      -0.026         0.080        -0.007         0.029         0.058
       33       0.033         0.002         0.411        -0.091        -0.045
       34       0.042         0.005        -0.587         0.109         0.040
       35       0.010        -0.005        -0.290         0.051         0.022
       36       0.014        -0.063        -0.146         0.115         0.022
       37      -0.010        -0.042         0.110        -0.674        -0.045
       38       0.041        -0.062         0.005        -0.033        -0.405
       39      -0.102        -0.055         0.026        -0.030        -0.041
       40      -0.014        -0.061         0.035        -0.026        -0.021
       41       0.064        -0.005         0.027        -0.240        -0.023
       42      -0.012        -0.040        -0.012        -0.640        -0.020
       43       0.007        -0.003         0.211        -0.109        -0.040
       44      -0.022         0.007        -0.311         0.085         0.074
       45      -0.028        -0.026         0.354        -0.019        -0.053
       46      -0.044         0.026        -0.540         0.140        -0.005
       47      -0.009        -0.004         0.271        -0.113        -0.038
       48       0.003        -0.038         0.197        -0.047        -0.011
       49       0.029         0.001        -0.273         0.080         0.070
       50      -0.023         0.013        -0.463         0.078         0.018
       51      -0.002         0.016        -0.100        -0.008         0.015


           ESTIMATED CORRELATION MATRIX FOR PARAMETER ESTIMATES
                    31            32            33            34            35
              ________      ________      ________      ________      ________
       31       1.000
       32       0.050         1.000
       33      -0.027        -0.007         1.000
       34       0.073        -0.027        -0.730         1.000
       35       0.129        -0.012        -0.357         0.552         1.000
       36      -0.007         0.023        -0.250         0.219         0.147
       37      -0.083        -0.045         0.130        -0.228        -0.279
       38       0.001         0.014         0.003        -0.013         0.059
       39      -0.406        -0.009        -0.067         0.043        -0.034
       40      -0.031        -0.362         0.172        -0.161        -0.086
       41       0.043        -0.023         0.080        -0.090        -0.034
       42      -0.059        -0.033         0.040         0.020         0.004
       43       0.039        -0.038         0.365        -0.278        -0.133
       44      -0.056         0.009        -0.367         0.347         0.094
       45       0.007        -0.023         0.237        -0.286        -0.055
       46      -0.033         0.034        -0.665         0.547         0.314
       47      -0.102        -0.073         0.228        -0.348        -0.599
       48      -0.081         0.001         0.345        -0.460        -0.729
       49      -0.014         0.012        -0.387         0.357         0.147
       50       0.047         0.007        -0.600         0.634         0.323
       51       0.103        -0.035        -0.048         0.232         0.566


           ESTIMATED CORRELATION MATRIX FOR PARAMETER ESTIMATES
                    36            37            38            39            40
              ________      ________      ________      ________      ________
       36       1.000
       37      -0.136         1.000
       38      -0.005         0.002         1.000
       39       0.005         0.039         0.002         1.000
       40      -0.009         0.052         0.096        -0.024         1.000
       41      -0.323         0.233         0.024        -0.023        -0.049
       42      -0.024         0.719         0.013         0.053         0.029
       43      -0.428         0.111        -0.003         0.011         0.008
       44       0.399        -0.046        -0.029        -0.020        -0.043
       45      -0.205        -0.009        -0.002         0.034         0.080
       46       0.252        -0.104         0.014         0.054        -0.089
       47      -0.107         0.196        -0.042         0.049         0.088
       48      -0.189         0.218        -0.029         0.024         0.071
       49       0.402        -0.095        -0.004        -0.038        -0.045
       50       0.094        -0.119         0.009         0.101        -0.085
       51       0.037        -0.152         0.023        -0.078         0.028


           ESTIMATED CORRELATION MATRIX FOR PARAMETER ESTIMATES
                    41            42            43            44            45
              ________      ________      ________      ________      ________
       41       1.000
       42       0.091         1.000
       43       0.165         0.026         1.000
       44      -0.144         0.019        -0.686         1.000
       45       0.015        -0.061         0.412        -0.614         1.000
       46      -0.084        -0.047        -0.350         0.405        -0.304
       47       0.023         0.045         0.117        -0.105         0.099
       48       0.043        -0.017         0.126        -0.106         0.068
       49      -0.148        -0.022        -0.712         0.812        -0.565
       50      -0.009        -0.018        -0.064         0.114        -0.141
       51      -0.011         0.036         0.009         0.020         0.004


           ESTIMATED CORRELATION MATRIX FOR PARAMETER ESTIMATES
                    46            47            48            49            50
              ________      ________      ________      ________      ________
       46       1.000
       47      -0.266         1.000
       48      -0.237         0.320         1.000
       49       0.425        -0.129        -0.118         1.000
       50       0.510        -0.247        -0.273         0.098         1.000
       51       0.036        -0.293        -0.639         0.032         0.068


           ESTIMATED CORRELATION MATRIX FOR PARAMETER ESTIMATES
                    51
              ________
       51       1.000


TECHNICAL 8 OUTPUT


   E STEP  ITER  LOGLIKELIHOOD    ABS CHANGE   REL CHANGE  ALGORITHM
              1 -0.17737734D+05    0.0000000    0.0000000  EM
              2 -0.17713863D+05   23.8704256    0.0013457  EM
              3 -0.17710434D+05    3.4290716    0.0001936  EM
              4 -0.17709731D+05    0.7036328    0.0000397  EM
              5 -0.17709544D+05    0.1863845    0.0000105  EM
              6 -0.17709474D+05    0.0704211    0.0000040  EM
              7 -0.17709436D+05    0.0375244    0.0000021  EM
              8 -0.17709411D+05    0.0253097    0.0000014  EM
              9 -0.17709392D+05    0.0194440    0.0000011  EM
             10 -0.17709376D+05    0.0159899    0.0000009  EM
             11 -0.17709362D+05    0.0136489    0.0000008  EM
             12 -0.17709350D+05    0.0119179    0.0000007  EM
             13 -0.17709340D+05    0.0105614    0.0000006  EM
             14 -0.17709330D+05    0.0094557    0.0000005  EM
             15 -0.17709322D+05    0.0085286    0.0000005  EM
             16 -0.17709314D+05    0.0077345    0.0000004  EM
             17 -0.17709307D+05    0.0070432    0.0000004  EM
             18 -0.17709300D+05    0.0064343    0.0000004  EM
             19 -0.17709294D+05    0.0058926    0.0000003  EM
             20 -0.17709289D+05    0.0054065    0.0000003  EM
             21 -0.17709284D+05    0.0049681    0.0000003  EM
             22 -0.17709280D+05    0.0045712    0.0000003  EM
             23 -0.17709275D+05    0.0042104    0.0000002  EM
             24 -0.17709271D+05    0.0038818    0.0000002  EM
             25 -0.17709268D+05    0.0035815    0.0000002  EM
             26 -0.17709265D+05    0.0033069    0.0000002  EM
             27 -0.17709262D+05    0.0030551    0.0000002  EM
             28 -0.17709259D+05    0.0028242    0.0000002  EM
             29 -0.17709256D+05    0.0026120    0.0000001  EM
             30 -0.17709254D+05    0.0024170    0.0000001  EM
             31 -0.17709251D+05    0.0022375    0.0000001  EM
             32 -0.17709249D+05    0.0020722    0.0000001  EM
             33 -0.17709247D+05    0.0019199    0.0000001  EM
             34 -0.17709246D+05    0.0017794    0.0000001  EM
             35 -0.17709244D+05    0.0016498    0.0000001  EM
             36 -0.17709242D+05    0.0015301    0.0000001  EM
             37 -0.17709241D+05    0.0014196    0.0000001  EM
             38 -0.17709224D+05    0.0171772    0.0000010  FS
             39 -0.17709223D+05    0.0012742    0.0000001  FS
             40 -0.17709222D+05    0.0002261    0.0000000  FS


RESULTS SAVING INFORMATION

  Order of data

    Parameter estimates
     (saved in order shown in Technical 1 output)
    Standard errors
     (saved in order shown in Technical 1 output)
    Number of Free Parameters
    H0 Loglikelihood
    H0 Scaling Correction Factor for MLR
    Akaike (AIC)
    Bayesian (BIC)
    Sample-Size Adjusted BIC
    Condition Number

  Save file
    estimates.dat

  Save file format           Free


SAVEDATA INFORMATION


  Estimated Covariance Matrix for the Parameter Estimates

  Save file
    tech3.dat
  Save format      Free

     Beginning Time:  20:34:48
        Ending Time:  20:34:58
       Elapsed Time:  00:00:10



MUTHEN & MUTHEN
3463 Stoner Ave.
Los Angeles, CA  90066

Tel: (310) 391-9971
Fax: (310) 391-8971
Web: www.StatModel.com
Support: Support@StatModel.com

Copyright (c) 1998-2025 Muthen & Muthen
