
     Mplus VERSION 9
     MUTHEN & MUTHEN

     Running input file 'model.inp'...

     Dimensions of integration:                  1
     Total number of integration points:         15


  ITER  LOGLIKELIHOOD    ABS CHANGE   REL CHANGE  ALGO  TIME  TOTAL TIME
     1 -0.17737734D+05    0.0000000    0.0000000  EM    0.03     0.0
     2 -0.17713863D+05   23.8704256    0.0013457  EM    0.03     0.1
     3 -0.17710434D+05    3.4290716    0.0001936  EM    0.03     0.1
     4 -0.17709731D+05    0.7036328    0.0000397  EM    0.08     0.2
     5 -0.17709544D+05    0.1863845    0.0000105  EM    0.44     0.6
     6 -0.17709474D+05    0.0704211    0.0000040  EM    0.05     0.7
     7 -0.17709436D+05    0.0375244    0.0000021  EM    0.03     0.7
     8 -0.17709411D+05    0.0253097    0.0000014  EM    0.02     0.7
     9 -0.17709392D+05    0.0194440    0.0000011  EM    0.02     0.7
    10 -0.17709376D+05    0.0159899    0.0000009  EM    0.02     0.8
    11 -0.17709362D+05    0.0136489    0.0000008  EM    0.02     0.8
    12 -0.17709350D+05    0.0119179    0.0000007  EM    0.02     0.8
    13 -0.17709340D+05    0.0105614    0.0000006  EM    0.02     0.8
    14 -0.17709330D+05    0.0094557    0.0000005  EM    0.02     0.9
    15 -0.17709322D+05    0.0085286    0.0000005  EM    0.02     0.9
    16 -0.17709314D+05    0.0077345    0.0000004  EM    0.02     0.9
    17 -0.17709307D+05    0.0070432    0.0000004  EM    0.07     1.0
    18 -0.17709300D+05    0.0064343    0.0000004  EM    0.03     1.0
    19 -0.17709294D+05    0.0058926    0.0000003  EM    0.02     1.0
    20 -0.17709289D+05    0.0054065    0.0000003  EM    0.03     1.1
    21 -0.17709284D+05    0.0049681    0.0000003  EM    0.02     1.1
    22 -0.17709280D+05    0.0045712    0.0000003  EM    0.03     1.1
    23 -0.17709275D+05    0.0042104    0.0000002  EM    0.23     1.3
    24 -0.17709271D+05    0.0038818    0.0000002  EM    0.13     1.5
    25 -0.17709268D+05    0.0035815    0.0000002  EM    0.06     1.5
    26 -0.17709265D+05    0.0033069    0.0000002  EM    0.06     1.6
    27 -0.17709262D+05    0.0030551    0.0000002  EM    0.06     1.7
    28 -0.17709259D+05    0.0028242    0.0000002  EM    0.05     1.7
    29 -0.17709256D+05    0.0026120    0.0000001  EM    0.03     1.7
    30 -0.17709254D+05    0.0024170    0.0000001  EM    0.03     1.8
    31 -0.17709251D+05    0.0022375    0.0000001  EM    0.02     1.8
    32 -0.17709249D+05    0.0020722    0.0000001  EM    0.04     1.8
    33 -0.17709247D+05    0.0019199    0.0000001  EM    0.03     1.9
    34 -0.17709246D+05    0.0017794    0.0000001  EM    0.03     1.9
    35 -0.17709244D+05    0.0016498    0.0000001  EM    0.03     1.9
    36 -0.17709242D+05    0.0015301    0.0000001  EM    0.03     2.0
    37 -0.17709241D+05    0.0014196    0.0000001  EM    0.02     2.0
    38 -0.17709224D+05    0.0171772    0.0000010  FS    2.02     4.0
    39 -0.17709223D+05    0.0012742    0.0000001  FS    2.30     6.3
    40 -0.17709222D+05    0.0002261    0.0000000  FS    1.79     8.1
     Parameters           8        16        14        44        41
     Derivatives  -0.18D-03 -0.15D-03  0.14D-03 -0.14D-03  0.13D-03
     Beginning Time:  20:34:48
        Ending Time:  20:34:58
       Elapsed Time:  00:00:10

     Output saved in 'model.out'.
