Mplus VERSION 9
MUTHEN & MUTHEN
10/09/2026   8:36 PM

INPUT INSTRUCTIONS

  TITLE:
  Round2E SYNTHETIC_SD_E1B_01_smoke
  DATA:
  FILE = "data.dat";
  VARIABLE:
  NAMES = fid x1 x2 x3 x4 x5 y1 y2 y3 y4 y5 z1 z2 z3 z4 z5 z0 gedu gurb ginc c1 c2 c3 c4
    c5 c6 c7 c8 c9 c10 c11 c12 c13 c14 c15 c16 c17 c18 c19 c20 c21 c22 c23 c24;
   MISSING=.;
   CLUSTER=fid; USEVARIABLES=x1-x5 y1-y5 z0 c1-c3;
  ANALYSIS:
  TYPE=COMPLEX RANDOM; ESTIMATOR=MLR; PROCESSORS=1;
  ALGORITHM=INTEGRATION; INTEGRATION=15;
  MCSEED=26101001; COVERAGE=.005; ITERATIONS=2000; MITERATIONS=4000;
  MODEL:
  ix sx | x1@0 x2*0.4 x3*0.6 x4*0.8 x5@1 ;
  iy sy | y1@0 y2@0.4 y3@0.6 y4@0.8 y5@1 ;
  iy ON ix (bii);
  sy ON ix (bis);
  sy ON sx (bss);
  sy ON iy (bsyiy);
  ix WITH sx;
  ix sx iy sy ON c1-c3;
  sx WITH iy;
  x1 WITH y1;
  x2 WITH y2;
  x3 WITH y3;
  x4 WITH y4;
  x5 WITH y5;
  ix sx ON z0;
  iy ON z0 (gi0);
  sy ON z0 (gs0);
  x1 y1 ON z0;
  sxz | sx XWITH z0;
  sy ON sxz (dc);
  sy@0;
  sx BY x2*0.69240131;
  sx BY x3*0.73957536;
  sx BY x4*1.0167382;
  [ix*-0.030513214];
  [sx*0.013059039];
  [iy*0.033253145];
  [sy*0.037009603];
  x1*0.27049199;
  x2*0.24497865;
  x3*0.2391535;
  x4*0.2424617;
  x5*0.2849668;
  y1*0.32038942;
  y2*0.31412985;
  y3*0.29880112;
  y4*0.29251662;
  y5*0.31619258;
  ix*0.65070803;
  sx*0.383588;
  iy*0.62323047;
  iy ON ix*-0.27610942;
  sy ON ix*0.034500263;
  sy ON sx*-0.17685051;
  sy ON iy*0.24613492;
  ix WITH sx*0.068902056;
  ix ON c1*0.064894214;
  sx ON c1*0.01350163;
  iy ON c1*-0.10576497;
  sy ON c1*0.048612896;
  ix ON c2*-0.0039757464;
  sx ON c2*0.049806674;
  iy ON c2*0.014048973;
  sy ON c2*-0.028834566;
  ix ON c3*0.0098874262;
  sx ON c3*-0.081854254;
  iy ON c3*0.016943949;
  sy ON c3*-0.031316509;
  iy WITH sx*0.00095489055;
  x1 WITH y1*0.025700572;
  x2 WITH y2*0.049455692;
  x3 WITH y3*0.049003777;
  x4 WITH y4*0.03826129;
  x5 WITH y5*0.054483822;
  ix ON z0*0.17748861;
  sx ON z0*0.071959032;
  iy ON z0*0.18697724;
  sy ON z0*0.065561146;
  x1 ON z0*0.071425431;
  y1 ON z0*0.087308651;
  sy ON sxz*0.2660836;
  OUTPUT:
  TECH1 TECH3 TECH8 CINTERVAL SVALUES;
  SAVEDATA:
  TECH3=tech3.dat; RESULTS=estimates.dat;



INPUT READING TERMINATED NORMALLY




Round2E SYNTHETIC_SD_E1B_01_smoke

SUMMARY OF ANALYSIS

Number of groups                                                 1
Number of observations                                        1600

Number of dependent variables                                   10
Number of independent variables                                  4
Number of continuous latent variables                            5

Observed dependent variables

  Continuous
   X1          X2          X3          X4          X5          Y1
   Y2          Y3          Y4          Y5

Observed independent variables
   Z0          C1          C2          C3

Continuous latent variables
   SX          IX          IY          SY          SXZ

Variables with special functions

  Cluster variable      FID

Estimator                                                      MLR
Information matrix                                        OBSERVED
Optimization Specifications for the Quasi-Newton Algorithm for
Continuous Outcomes
  Maximum number of iterations                                2000
  Convergence criterion                                  0.100D-05
Optimization Specifications for the EM Algorithm
  Maximum number of iterations                                4000
  Convergence criteria
    Loglikelihood change                                 0.100D-02
    Relative loglikelihood change                        0.100D-05
    Derivative                                           0.100D-02
Optimization Specifications for the M step of the EM Algorithm for
Categorical Latent Variables
  Number of M step iterations                                    1
  M step convergence criterion                           0.100D-02
  Basis for M step termination                           ITERATION
Optimization Specifications for the M step of the EM Algorithm for
Censored, Binary or Ordered Categorical (Ordinal), Unordered
Categorical (Nominal) and Count Outcomes
  Number of M step iterations                                    1
  M step convergence criterion                           0.100D-02
  Basis for M step termination                           ITERATION
  Maximum value for logit thresholds                            15
  Minimum value for logit thresholds                           -15
  Minimum expected cell size for chi-square              0.100D-01
Maximum number of iterations for H1                           2000
Convergence criterion for H1                             0.100D-03
Optimization algorithm                                         EMA
Integration Specifications
  Type                                                    STANDARD
  Number of integration points                                  15
  Dimensions of numerical integration                            1
  Adaptive quadrature                                           ON
Cholesky                                                       OFF

Input data file(s)
  data.dat
Input data format  FREE


SUMMARY OF DATA

     Number of missing data patterns             1
     Number of clusters                        800



COVARIANCE COVERAGE OF DATA

Minimum covariance coverage value   0.005


     PROPORTION OF DATA PRESENT FOR Y


           Covariance Coverage
              X1            X2            X3            X4            X5
              ________      ________      ________      ________      ________
 X1             1.000
 X2             1.000         1.000
 X3             1.000         1.000         1.000
 X4             1.000         1.000         1.000         1.000
 X5             1.000         1.000         1.000         1.000         1.000
 Y1             1.000         1.000         1.000         1.000         1.000
 Y2             1.000         1.000         1.000         1.000         1.000
 Y3             1.000         1.000         1.000         1.000         1.000
 Y4             1.000         1.000         1.000         1.000         1.000
 Y5             1.000         1.000         1.000         1.000         1.000
 Z0             1.000         1.000         1.000         1.000         1.000
 C1             1.000         1.000         1.000         1.000         1.000
 C2             1.000         1.000         1.000         1.000         1.000
 C3             1.000         1.000         1.000         1.000         1.000


           Covariance Coverage
              Y1            Y2            Y3            Y4            Y5
              ________      ________      ________      ________      ________
 Y1             1.000
 Y2             1.000         1.000
 Y3             1.000         1.000         1.000
 Y4             1.000         1.000         1.000         1.000
 Y5             1.000         1.000         1.000         1.000         1.000
 Z0             1.000         1.000         1.000         1.000         1.000
 C1             1.000         1.000         1.000         1.000         1.000
 C2             1.000         1.000         1.000         1.000         1.000
 C3             1.000         1.000         1.000         1.000         1.000


           Covariance Coverage
              Z0            C1            C2            C3
              ________      ________      ________      ________
 Z0             1.000
 C1             1.000         1.000
 C2             1.000         1.000         1.000
 C3             1.000         1.000         1.000         1.000



UNIVARIATE SAMPLE STATISTICS


     UNIVARIATE HIGHER-ORDER MOMENT DESCRIPTIVE STATISTICS

         Variable/         Mean/     Skewness/   Minimum/ % with                Percentiles
        Sample Size      Variance    Kurtosis    Maximum  Min/Max      20%/60%    40%/80%    Median

     X1                   -0.024       0.048      -3.696    0.06%      -0.877     -0.286     -0.051
            1600.000       0.983       0.051       3.627    0.06%       0.245      0.836
     X2                    0.016       0.027      -3.080    0.06%      -0.949     -0.227      0.014
            1600.000       1.219      -0.053       3.830    0.06%       0.319      0.944
     X3                    0.017       0.079      -3.190    0.06%      -0.887     -0.262      0.017
            1600.000       1.267       0.142       4.209    0.06%       0.292      0.888
     X4                   -0.025       0.019      -3.799    0.06%      -1.092     -0.328     -0.017
            1600.000       1.500      -0.140       4.357    0.06%       0.285      1.004
     X5                   -0.013       0.050      -3.465    0.06%      -1.081     -0.330     -0.032
            1600.000       1.511      -0.165       4.221    0.06%       0.301      1.002
     Y1                   -0.009       0.041      -3.117    0.06%      -0.873     -0.276     -0.011
            1600.000       1.037       0.020       3.461    0.06%       0.253      0.822
     Y2                    0.037      -0.021      -4.386    0.06%      -0.894     -0.244      0.050
            1600.000       1.216      -0.047       3.414    0.06%       0.319      0.975
     Y3                    0.017       0.014      -3.701    0.06%      -0.991     -0.261      0.033
            1600.000       1.337      -0.050       4.038    0.06%       0.297      0.990
     Y4                    0.036      -0.029      -3.463    0.06%      -0.992     -0.276      0.080
            1600.000       1.476      -0.120       3.827    0.06%       0.381      1.036
     Y5                    0.046      -0.010      -4.299    0.06%      -1.066     -0.283      0.061
            1600.000       1.686      -0.045       4.053    0.06%       0.402      1.125
     Z0                   -0.033      -0.040      -3.279    0.06%      -0.886     -0.274     -0.039
            1600.000       0.995      -0.182       2.760    0.06%       0.218      0.845
     C1                    0.407       0.376       0.000   59.25%       0.000      0.000      0.000
            1600.000       0.241      -1.858       1.000   40.75%       1.000      1.000
     C2                    0.403       0.398       0.000   59.75%       0.000      0.000      0.000
            1600.000       0.240      -1.842       1.000   40.25%       1.000      1.000
     C3                    0.395       0.430       0.000   60.50%       0.000      0.000      0.000
            1600.000       0.239      -1.815       1.000   39.50%       0.000      1.000


     VIF (VARIANCE INFLATION FACTOR) FOR EXPLORING MULTICOLLINEARITY OF INDEPENDENT VARIABLES

     Variable        VIF       Variable        VIF       Variable        VIF

     Z0             1.001      C1             1.001      C2             1.001
     C3             1.002


THE MODEL ESTIMATION TERMINATED NORMALLY



MODEL FIT INFORMATION

Number of Free Parameters                       50

Loglikelihood

          H0 Value                      -17719.476
          H0 Scaling Correction Factor      1.0442
            for MLR

Information Criteria

          Akaike (AIC)                   35538.952
          Bayesian (BIC)                 35807.840
          Sample-Size Adjusted BIC       35649.000
            (n* = (n + 2) / 24)



MODEL RESULTS

                                                    Two-Tailed
                    Estimate       S.E.  Est./S.E.    P-Value

 IX       |
    X1                 1.000      0.000    999.000    999.000
    X2                 1.000      0.000    999.000    999.000
    X3                 1.000      0.000    999.000    999.000
    X4                 1.000      0.000    999.000    999.000
    X5                 1.000      0.000    999.000    999.000

 SX       |
    X1                 0.000      0.000    999.000    999.000
    X2                 0.693      0.037     18.682      0.000
    X3                 0.735      0.037     19.905      0.000
    X4                 1.020      0.045     22.758      0.000
    X5                 1.000      0.000    999.000    999.000

 IY       |
    Y1                 1.000      0.000    999.000    999.000
    Y2                 1.000      0.000    999.000    999.000
    Y3                 1.000      0.000    999.000    999.000
    Y4                 1.000      0.000    999.000    999.000
    Y5                 1.000      0.000    999.000    999.000

 SY       |
    Y1                 0.000      0.000    999.000    999.000
    Y2                 0.400      0.000    999.000    999.000
    Y3                 0.600      0.000    999.000    999.000
    Y4                 0.800      0.000    999.000    999.000
    Y5                 1.000      0.000    999.000    999.000

 IY         ON
    IX                -0.339      0.051     -6.647      0.000

 SY         ON
    IX                 0.257      0.124      2.083      0.037
    SX                -0.465      0.215     -2.161      0.031
    IY                 0.488      0.048     10.182      0.000
    SXZ                0.292      0.053      5.489      0.000

 IY         ON
    C1                -0.100      0.048     -2.096      0.036
    C2                 0.016      0.048      0.322      0.747
    C3                 0.013      0.046      0.292      0.770
    Z0                 0.199      0.033      6.079      0.000

 SY         ON
    C1                 0.065      0.061      1.078      0.281
    C2                -0.019      0.064     -0.292      0.771
    C3                -0.054      0.060     -0.894      0.371
    Z0                 0.011      0.052      0.210      0.834

 IX         ON
    C1                 0.066      0.047      1.417      0.157
    C2                -0.003      0.048     -0.056      0.955
    C3                 0.007      0.049      0.136      0.892
    Z0                 0.180      0.037      4.876      0.000

 SX         ON
    C1                 0.012      0.045      0.269      0.788
    C2                 0.049      0.044      1.094      0.274
    C3                -0.078      0.045     -1.739      0.082
    Z0                 0.069      0.040      1.748      0.080

 X1         ON
    Z0                 0.069      0.034      2.028      0.043

 Y1         ON
    Z0                 0.087      0.027      3.272      0.001

 IX       WITH
    SX                 0.099      0.042      2.366      0.018

 SX       WITH
    IY                 0.054      0.038      1.408      0.159

 X1       WITH
    Y1                 0.061      0.018      3.313      0.001

 X2       WITH
    Y2                 0.051      0.009      5.608      0.000

 X3       WITH
    Y3                 0.047      0.008      5.674      0.000

 X4       WITH
    Y4                 0.041      0.009      4.311      0.000

 X5       WITH
    Y5                 0.062      0.011      5.528      0.000

 Intercepts
    X1                 0.000      0.000    999.000    999.000
    X2                 0.000      0.000    999.000    999.000
    X3                 0.000      0.000    999.000    999.000
    X4                 0.000      0.000    999.000    999.000
    X5                 0.000      0.000    999.000    999.000
    Y1                 0.000      0.000    999.000    999.000
    Y2                 0.000      0.000    999.000    999.000
    Y3                 0.000      0.000    999.000    999.000
    Y4                 0.000      0.000    999.000    999.000
    Y5                 0.000      0.000    999.000    999.000
    SX                 0.011      0.038      0.284      0.777
    IX                -0.029      0.043     -0.663      0.508
    IY                 0.034      0.043      0.790      0.429
    SY                 0.031      0.053      0.593      0.553

 Residual Variances
    X1                 0.299      0.037      8.126      0.000
    X2                 0.245      0.011     22.807      0.000
    X3                 0.238      0.011     22.398      0.000
    X4                 0.245      0.013     18.244      0.000
    X5                 0.287      0.015     18.716      0.000
    Y1                 0.376      0.023     16.154      0.000
    Y2                 0.320      0.013     24.013      0.000
    Y3                 0.295      0.013     22.468      0.000
    Y4                 0.294      0.013     22.000      0.000
    Y5                 0.346      0.018     19.659      0.000
    SX                 0.346      0.055      6.295      0.000
    IX                 0.626      0.045     13.940      0.000
    IY                 0.551      0.032     17.368      0.000
    SY                 0.000      0.000    999.000    999.000


QUALITY OF NUMERICAL RESULTS

     Condition Number for the Information Matrix              0.557E-04
       (ratio of smallest to largest eigenvalue)


CONFIDENCE INTERVALS OF MODEL RESULTS

                  Lower .5%  Lower 2.5%    Lower 5%    Estimate    Upper 5%  Upper 2.5%   Upper .5%

 IX       |
    X1               1.000       1.000       1.000       1.000       1.000       1.000       1.000
    X2               1.000       1.000       1.000       1.000       1.000       1.000       1.000
    X3               1.000       1.000       1.000       1.000       1.000       1.000       1.000
    X4               1.000       1.000       1.000       1.000       1.000       1.000       1.000
    X5               1.000       1.000       1.000       1.000       1.000       1.000       1.000

 SX       |
    X1               0.000       0.000       0.000       0.000       0.000       0.000       0.000
    X2               0.598       0.621       0.632       0.693       0.754       0.766       0.789
    X3               0.640       0.663       0.675       0.735       0.796       0.808       0.831
    X4               0.905       0.932       0.946       1.020       1.094       1.108       1.136
    X5               1.000       1.000       1.000       1.000       1.000       1.000       1.000

 IY       |
    Y1               1.000       1.000       1.000       1.000       1.000       1.000       1.000
    Y2               1.000       1.000       1.000       1.000       1.000       1.000       1.000
    Y3               1.000       1.000       1.000       1.000       1.000       1.000       1.000
    Y4               1.000       1.000       1.000       1.000       1.000       1.000       1.000
    Y5               1.000       1.000       1.000       1.000       1.000       1.000       1.000

 SY       |
    Y1               0.000       0.000       0.000       0.000       0.000       0.000       0.000
    Y2               0.400       0.400       0.400       0.400       0.400       0.400       0.400
    Y3               0.600       0.600       0.600       0.600       0.600       0.600       0.600
    Y4               0.800       0.800       0.800       0.800       0.800       0.800       0.800
    Y5               1.000       1.000       1.000       1.000       1.000       1.000       1.000

 IY       ON
    IX              -0.471      -0.439      -0.423      -0.339      -0.255      -0.239      -0.208

 SY       ON
    IX              -0.061       0.015       0.054       0.257       0.461       0.500       0.576
    SX              -1.020      -0.887      -0.819      -0.465      -0.111      -0.043       0.089
    IY               0.364       0.394       0.409       0.488       0.566       0.581       0.611
    SXZ              0.155       0.188       0.205       0.292       0.380       0.397       0.429

 IY       ON
    C1              -0.223      -0.194      -0.179      -0.100      -0.022      -0.006       0.023
    C2              -0.109      -0.079      -0.064       0.016       0.095       0.110       0.140
    C3              -0.105      -0.077      -0.062       0.013       0.089       0.103       0.132
    Z0               0.115       0.135       0.145       0.199       0.253       0.263       0.284

 SY       ON
    C1              -0.091      -0.053      -0.034       0.065       0.165       0.184       0.221
    C2              -0.182      -0.143      -0.123      -0.019       0.086       0.106       0.145
    C3              -0.209      -0.172      -0.153      -0.054       0.045       0.064       0.101
    Z0              -0.123      -0.091      -0.075       0.011       0.097       0.113       0.145

 IX       ON
    C1              -0.054      -0.025      -0.011       0.066       0.143       0.158       0.186
    C2              -0.127      -0.097      -0.082      -0.003       0.077       0.092       0.122
    C3              -0.119      -0.089      -0.074       0.007       0.087       0.102       0.132
    Z0               0.085       0.108       0.119       0.180       0.241       0.252       0.275

 SX       ON
    C1              -0.103      -0.076      -0.062       0.012       0.086       0.100       0.128
    C2              -0.066      -0.038      -0.024       0.049       0.122       0.136       0.163
    C3              -0.194      -0.166      -0.152      -0.078      -0.004       0.010       0.038
    Z0              -0.033      -0.008       0.004       0.069       0.134       0.147       0.171

 X1       ON
    Z0              -0.019       0.002       0.013       0.069       0.125       0.136       0.157

 Y1       ON
    Z0               0.019       0.035       0.043       0.087       0.131       0.139       0.156

 IX       WITH
    SX              -0.009       0.017       0.030       0.099       0.168       0.181       0.207

 SX       WITH
    IY              -0.045      -0.021      -0.009       0.054       0.117       0.129       0.152

 X1       WITH
    Y1               0.013       0.025       0.031       0.061       0.091       0.097       0.108

 X2       WITH
    Y2               0.027       0.033       0.036       0.051       0.065       0.068       0.074

 X3       WITH
    Y3               0.026       0.031       0.034       0.047       0.061       0.064       0.069

 X4       WITH
    Y4               0.016       0.022       0.025       0.041       0.057       0.060       0.065

 X5       WITH
    Y5               0.033       0.040       0.044       0.062       0.081       0.085       0.091

 Intercepts
    X1               0.000       0.000       0.000       0.000       0.000       0.000       0.000
    X2               0.000       0.000       0.000       0.000       0.000       0.000       0.000
    X3               0.000       0.000       0.000       0.000       0.000       0.000       0.000
    X4               0.000       0.000       0.000       0.000       0.000       0.000       0.000
    X5               0.000       0.000       0.000       0.000       0.000       0.000       0.000
    Y1               0.000       0.000       0.000       0.000       0.000       0.000       0.000
    Y2               0.000       0.000       0.000       0.000       0.000       0.000       0.000
    Y3               0.000       0.000       0.000       0.000       0.000       0.000       0.000
    Y4               0.000       0.000       0.000       0.000       0.000       0.000       0.000
    Y5               0.000       0.000       0.000       0.000       0.000       0.000       0.000
    SX              -0.087      -0.063      -0.051       0.011       0.073       0.085       0.108
    IX              -0.139      -0.113      -0.099      -0.029       0.042       0.056       0.082
    IY              -0.076      -0.050      -0.036       0.034       0.104       0.117       0.144
    SY              -0.105      -0.072      -0.056       0.031       0.118       0.135       0.168

 Residual Variances
    X1               0.205       0.227       0.239       0.299       0.360       0.372       0.394
    X2               0.217       0.224       0.227       0.245       0.262       0.266       0.272
    X3               0.211       0.218       0.221       0.238       0.256       0.259       0.266
    X4               0.210       0.219       0.223       0.245       0.267       0.271       0.279
    X5               0.248       0.257       0.262       0.287       0.313       0.317       0.327
    Y1               0.316       0.330       0.337       0.376       0.414       0.421       0.436
    Y2               0.286       0.294       0.299       0.320       0.342       0.347       0.355
    Y3               0.261       0.270       0.274       0.295       0.317       0.321       0.329
    Y4               0.259       0.268       0.272       0.294       0.316       0.320       0.328
    Y5               0.300       0.311       0.317       0.346       0.375       0.380       0.391
    SX               0.204       0.238       0.255       0.346       0.436       0.453       0.487
    IX               0.510       0.538       0.552       0.626       0.700       0.714       0.741
    IY               0.469       0.488       0.498       0.551       0.603       0.613       0.632
    SY               0.000       0.000       0.000       0.000       0.000       0.000       0.000


MODEL COMMAND WITH FINAL ESTIMATES USED AS STARTING VALUES

     sxz | sx XWITH z0;

     ix sx | x1@0 x2*0.4 x3*0.6 x4*0.8 x5@1;
     iy sy | y1@0 y2@0.4 y3@0.6 y4@0.8 y5@1;

     sx BY x2*0.69325;
     sx BY x3*0.73543;
     sx BY x4*1.02015;

     iy ON c1*-0.10006;
     iy ON c2*0.01559;
     iy ON c3*0.01340;
     iy ON z0*0.19920;
     sy ON c1*0.06530;
     sy ON c2*-0.01852;
     sy ON c3*-0.05394;
     sy ON z0*0.01092;
     ix ON c1*0.06618;
     ix ON c2*-0.00269;
     ix ON c3*0.00663;
     ix ON z0*0.17985;
     sx ON c1*0.01206;
     sx ON c2*0.04858;
     sx ON c3*-0.07827;
     sx ON z0*0.06916;
     iy ON ix*-0.33914;
     sy ON ix*0.25744;
     sy ON sx*-0.46521;
     sy ON iy*0.48758;
     sy ON sxz*0.29225;
     x1 ON z0*0.06916;
     y1 ON z0*0.08710;

     x1 WITH y1*0.06064;
     x2 WITH y2*0.05050;
     x3 WITH y3*0.04748;
     x4 WITH y4*0.04093;
     x5 WITH y5*0.06240;
     ix WITH sx*0.09889;
     sx WITH iy*0.05388;

     [ x1@0 ];
     [ x2@0 ];
     [ x3@0 ];
     [ x4@0 ];
     [ x5@0 ];
     [ y1@0 ];
     [ y2@0 ];
     [ y3@0 ];
     [ y4@0 ];
     [ y5@0 ];
     [ sx*0.01072 ];
     [ ix*-0.02850 ];
     [ iy*0.03371 ];
     [ sy*0.03139 ];

     x1*0.29948;
     x2*0.24466;
     x3*0.23838;
     x4*0.24481;
     x5*0.28733;
     y1*0.37574;
     y2*0.32050;
     y3*0.29535;
     y4*0.29380;
     y5*0.34572;
     sx*0.34559;
     ix*0.62585;
     iy*0.55058;
     sy@0;



TECHNICAL 1 OUTPUT


     PARAMETER SPECIFICATION


           NU
              X1            X2            X3            X4            X5
              ________      ________      ________      ________      ________
                    0             0             0             0             0


           NU
              Y1            Y2            Y3            Y4            Y5
              ________      ________      ________      ________      ________
                    0             0             0             0             0


           NU
              Z0            C1            C2            C3
              ________      ________      ________      ________
                    0             0             0             0


           LAMBDA
              SX            IX            IY            SY            SXZ
              ________      ________      ________      ________      ________
 X1                 0             0             0             0             0
 X2                 1             0             0             0             0
 X3                 2             0             0             0             0
 X4                 3             0             0             0             0
 X5                 0             0             0             0             0
 Y1                 0             0             0             0             0
 Y2                 0             0             0             0             0
 Y3                 0             0             0             0             0
 Y4                 0             0             0             0             0
 Y5                 0             0             0             0             0
 Z0                 0             0             0             0             0
 C1                 0             0             0             0             0
 C2                 0             0             0             0             0
 C3                 0             0             0             0             0


           LAMBDA
              X1            Y1            Z0            C1            C2
              ________      ________      ________      ________      ________
 X1                 0             0             0             0             0
 X2                 0             0             0             0             0
 X3                 0             0             0             0             0
 X4                 0             0             0             0             0
 X5                 0             0             0             0             0
 Y1                 0             0             0             0             0
 Y2                 0             0             0             0             0
 Y3                 0             0             0             0             0
 Y4                 0             0             0             0             0
 Y5                 0             0             0             0             0
 Z0                 0             0             0             0             0
 C1                 0             0             0             0             0
 C2                 0             0             0             0             0
 C3                 0             0             0             0             0


           LAMBDA
              C3
              ________
 X1                 0
 X2                 0
 X3                 0
 X4                 0
 X5                 0
 Y1                 0
 Y2                 0
 Y3                 0
 Y4                 0
 Y5                 0
 Z0                 0
 C1                 0
 C2                 0
 C3                 0


           THETA
              X1            X2            X3            X4            X5
              ________      ________      ________      ________      ________
 X1                 0
 X2                 0             4
 X3                 0             0             5
 X4                 0             0             0             6
 X5                 0             0             0             0             7
 Y1                 0             0             0             0             0
 Y2                 0             8             0             0             0
 Y3                 0             0            10             0             0
 Y4                 0             0             0            12             0
 Y5                 0             0             0             0            14
 Z0                 0             0             0             0             0
 C1                 0             0             0             0             0
 C2                 0             0             0             0             0
 C3                 0             0             0             0             0


           THETA
              Y1            Y2            Y3            Y4            Y5
              ________      ________      ________      ________      ________
 Y1                 0
 Y2                 0             9
 Y3                 0             0            11
 Y4                 0             0             0            13
 Y5                 0             0             0             0            15
 Z0                 0             0             0             0             0
 C1                 0             0             0             0             0
 C2                 0             0             0             0             0
 C3                 0             0             0             0             0


           THETA
              Z0            C1            C2            C3
              ________      ________      ________      ________
 Z0                 0
 C1                 0             0
 C2                 0             0             0
 C3                 0             0             0             0


           ALPHA
              SX            IX            IY            SY            SXZ
              ________      ________      ________      ________      ________
                   16            17            18            19             0


           ALPHA
              X1            Y1            Z0            C1            C2
              ________      ________      ________      ________      ________
                    0             0             0             0             0


           ALPHA
              C3
              ________
                    0


           BETA
              SX            IX            IY            SY            SXZ
              ________      ________      ________      ________      ________
 SX                 0             0             0             0             0
 IX                 0             0             0             0             0
 IY                 0            28             0             0             0
 SY                33            34            35             0            36
 SXZ                0             0             0             0             0
 X1                 0             0             0             0             0
 Y1                 0             0             0             0             0
 Z0                 0             0             0             0             0
 C1                 0             0             0             0             0
 C2                 0             0             0             0             0
 C3                 0             0             0             0             0


           BETA
              X1            Y1            Z0            C1            C2
              ________      ________      ________      ________      ________
 SX                 0             0            20            21            22
 IX                 0             0            24            25            26
 IY                 0             0            29            30            31
 SY                 0             0            37            38            39
 SXZ                0             0             0             0             0
 X1                 0             0            41             0             0
 Y1                 0             0            42             0             0
 Z0                 0             0             0             0             0
 C1                 0             0             0             0             0
 C2                 0             0             0             0             0
 C3                 0             0             0             0             0


           BETA
              C3
              ________
 SX                23
 IX                27
 IY                32
 SY                40
 SXZ                0
 X1                 0
 Y1                 0
 Z0                 0
 C1                 0
 C2                 0
 C3                 0


           PSI
              SX            IX            IY            SY            SXZ
              ________      ________      ________      ________      ________
 SX                43
 IX                44            45
 IY                46             0            47
 SY                 0             0             0             0
 SXZ                0             0             0             0             0
 X1                 0             0             0             0             0
 Y1                 0             0             0             0             0
 Z0                 0             0             0             0             0
 C1                 0             0             0             0             0
 C2                 0             0             0             0             0
 C3                 0             0             0             0             0


           PSI
              X1            Y1            Z0            C1            C2
              ________      ________      ________      ________      ________
 X1                48
 Y1                49            50
 Z0                 0             0             0
 C1                 0             0             0             0
 C2                 0             0             0             0             0
 C3                 0             0             0             0             0


           PSI
              C3
              ________
 C3                 0


     STARTING VALUES


           NU
              X1            X2            X3            X4            X5
              ________      ________      ________      ________      ________
                0.000         0.000         0.000         0.000         0.000


           NU
              Y1            Y2            Y3            Y4            Y5
              ________      ________      ________      ________      ________
                0.000         0.000         0.000         0.000         0.000


           NU
              Z0            C1            C2            C3
              ________      ________      ________      ________
                0.000         0.000         0.000         0.000


           LAMBDA
              SX            IX            IY            SY            SXZ
              ________      ________      ________      ________      ________
 X1             0.000         0.000         0.000         0.000         0.000
 X2             0.692         1.000         0.000         0.000         0.000
 X3             0.740         1.000         0.000         0.000         0.000
 X4             1.017         1.000         0.000         0.000         0.000
 X5             1.000         1.000         0.000         0.000         0.000
 Y1             0.000         0.000         0.000         0.000         0.000
 Y2             0.000         0.000         1.000         0.400         0.000
 Y3             0.000         0.000         1.000         0.600         0.000
 Y4             0.000         0.000         1.000         0.800         0.000
 Y5             0.000         0.000         1.000         1.000         0.000
 Z0             0.000         0.000         0.000         0.000         0.000
 C1             0.000         0.000         0.000         0.000         0.000
 C2             0.000         0.000         0.000         0.000         0.000
 C3             0.000         0.000         0.000         0.000         0.000


           LAMBDA
              X1            Y1            Z0            C1            C2
              ________      ________      ________      ________      ________
 X1             1.000         0.000         0.000         0.000         0.000
 X2             0.000         0.000         0.000         0.000         0.000
 X3             0.000         0.000         0.000         0.000         0.000
 X4             0.000         0.000         0.000         0.000         0.000
 X5             0.000         0.000         0.000         0.000         0.000
 Y1             0.000         1.000         0.000         0.000         0.000
 Y2             0.000         0.000         0.000         0.000         0.000
 Y3             0.000         0.000         0.000         0.000         0.000
 Y4             0.000         0.000         0.000         0.000         0.000
 Y5             0.000         0.000         0.000         0.000         0.000
 Z0             0.000         0.000         1.000         0.000         0.000
 C1             0.000         0.000         0.000         1.000         0.000
 C2             0.000         0.000         0.000         0.000         1.000
 C3             0.000         0.000         0.000         0.000         0.000


           LAMBDA
              C3
              ________
 X1             0.000
 X2             0.000
 X3             0.000
 X4             0.000
 X5             0.000
 Y1             0.000
 Y2             0.000
 Y3             0.000
 Y4             0.000
 Y5             0.000
 Z0             0.000
 C1             0.000
 C2             0.000
 C3             1.000


           THETA
              X1            X2            X3            X4            X5
              ________      ________      ________      ________      ________
 X1             0.000
 X2             0.000         0.245
 X3             0.000         0.000         0.239
 X4             0.000         0.000         0.000         0.242
 X5             0.000         0.000         0.000         0.000         0.285
 Y1             0.000         0.000         0.000         0.000         0.000
 Y2             0.000         0.049         0.000         0.000         0.000
 Y3             0.000         0.000         0.049         0.000         0.000
 Y4             0.000         0.000         0.000         0.038         0.000
 Y5             0.000         0.000         0.000         0.000         0.054
 Z0             0.000         0.000         0.000         0.000         0.000
 C1             0.000         0.000         0.000         0.000         0.000
 C2             0.000         0.000         0.000         0.000         0.000
 C3             0.000         0.000         0.000         0.000         0.000


           THETA
              Y1            Y2            Y3            Y4            Y5
              ________      ________      ________      ________      ________
 Y1             0.000
 Y2             0.000         0.314
 Y3             0.000         0.000         0.299
 Y4             0.000         0.000         0.000         0.293
 Y5             0.000         0.000         0.000         0.000         0.316
 Z0             0.000         0.000         0.000         0.000         0.000
 C1             0.000         0.000         0.000         0.000         0.000
 C2             0.000         0.000         0.000         0.000         0.000
 C3             0.000         0.000         0.000         0.000         0.000


           THETA
              Z0            C1            C2            C3
              ________      ________      ________      ________
 Z0             0.000
 C1             0.000         0.000
 C2             0.000         0.000         0.000
 C3             0.000         0.000         0.000         0.000


           ALPHA
              SX            IX            IY            SY            SXZ
              ________      ________      ________      ________      ________
                0.013        -0.031         0.033         0.037         0.000


           ALPHA
              X1            Y1            Z0            C1            C2
              ________      ________      ________      ________      ________
                0.000         0.000         0.000         0.000         0.000


           ALPHA
              C3
              ________
                0.000


           BETA
              SX            IX            IY            SY            SXZ
              ________      ________      ________      ________      ________
 SX             0.000         0.000         0.000         0.000         0.000
 IX             0.000         0.000         0.000         0.000         0.000
 IY             0.000        -0.276         0.000         0.000         0.000
 SY            -0.177         0.035         0.246         0.000         0.266
 SXZ            0.000         0.000         0.000         0.000         0.000
 X1             0.000         1.000         0.000         0.000         0.000
 Y1             0.000         0.000         1.000         0.000         0.000
 Z0             0.000         0.000         0.000         0.000         0.000
 C1             0.000         0.000         0.000         0.000         0.000
 C2             0.000         0.000         0.000         0.000         0.000
 C3             0.000         0.000         0.000         0.000         0.000


           BETA
              X1            Y1            Z0            C1            C2
              ________      ________      ________      ________      ________
 SX             0.000         0.000         0.072         0.014         0.050
 IX             0.000         0.000         0.177         0.065        -0.004
 IY             0.000         0.000         0.187        -0.106         0.014
 SY             0.000         0.000         0.066         0.049        -0.029
 SXZ            0.000         0.000         0.000         0.000         0.000
 X1             0.000         0.000         0.071         0.000         0.000
 Y1             0.000         0.000         0.087         0.000         0.000
 Z0             0.000         0.000         0.000         0.000         0.000
 C1             0.000         0.000         0.000         0.000         0.000
 C2             0.000         0.000         0.000         0.000         0.000
 C3             0.000         0.000         0.000         0.000         0.000


           BETA
              C3
              ________
 SX            -0.082
 IX             0.010
 IY             0.017
 SY            -0.031
 SXZ            0.000
 X1             0.000
 Y1             0.000
 Z0             0.000
 C1             0.000
 C2             0.000
 C3             0.000


           PSI
              SX            IX            IY            SY            SXZ
              ________      ________      ________      ________      ________
 SX             0.384
 IX             0.069         0.651
 IY             0.001         0.000         0.623
 SY             0.000         0.000         0.000         0.000
 SXZ            0.000         0.000         0.000         0.000         0.000
 X1             0.000         0.000         0.000         0.000         0.000
 Y1             0.000         0.000         0.000         0.000         0.000
 Z0             0.000         0.000         0.000         0.000         0.000
 C1             0.000         0.000         0.000         0.000         0.000
 C2             0.000         0.000         0.000         0.000         0.000
 C3             0.000         0.000         0.000         0.000         0.000


           PSI
              X1            Y1            Z0            C1            C2
              ________      ________      ________      ________      ________
 X1             0.270
 Y1             0.026         0.320
 Z0             0.000         0.000         0.497
 C1             0.000         0.000         0.000         0.121
 C2             0.000         0.000         0.000         0.000         0.120
 C3             0.000         0.000         0.000         0.000         0.000


           PSI
              C3
              ________
 C3             0.119


TECHNICAL 3 OUTPUT


           ESTIMATED COVARIANCE MATRIX FOR PARAMETER ESTIMATES
                     1             2             3             4             5
              ________      ________      ________      ________      ________
        1   0.137693D-02
        2   0.512491D-03  0.136512D-02
        3   0.570836D-03  0.796098D-03  0.200940D-02
        4   0.434990D-05 -0.168055D-04  0.199338D-04  0.115073D-03
        5   0.115094D-04 -0.432536D-04 -0.221493D-04 -0.448279D-05  0.113268D-03
        6  -0.366146D-04 -0.535718D-04 -0.209063D-03 -0.142420D-04 -0.133541D-04
        7   0.118026D-03  0.142468D-03  0.217124D-03 -0.141359D-04 -0.258673D-05
        8  -0.599330D-05  0.764080D-05  0.416619D-05  0.161033D-04 -0.416710D-06
        9   0.473975D-05  0.299880D-04  0.466409D-05  0.105186D-04  0.630770D-06
       10  -0.512578D-05 -0.820194D-05  0.194342D-04  0.114918D-05  0.249760D-04
       11  -0.530457D-05  0.159324D-04 -0.490044D-06  0.294652D-05 -0.949115D-07
       12   0.436923D-05  0.533916D-06  0.399586D-05 -0.841140D-05  0.342004D-05
       13  -0.233498D-04 -0.252445D-05  0.394003D-05 -0.248517D-05  0.859773D-06
       14  -0.145962D-04 -0.572409D-04 -0.658151D-04 -0.805272D-05  0.967566D-05
       15  -0.792108D-05  0.229631D-04 -0.255878D-04  0.103532D-04  0.130912D-04
       16   0.254602D-04  0.701884D-05 -0.838531D-04 -0.693879D-05  0.208025D-04
       17  -0.153662D-04 -0.438795D-04  0.224626D-03  0.119775D-04 -0.375511D-05
       18  -0.128279D-03 -0.162490D-03 -0.651423D-04  0.210031D-04  0.116606D-04
       19   0.119812D-03  0.104264D-03  0.489169D-04 -0.160274D-04  0.994372D-05
       20   0.162738D-03 -0.407857D-04 -0.212841D-03 -0.933444D-05  0.303953D-04
       21  -0.164870D-03  0.189041D-03  0.715425D-04  0.775720D-05 -0.236300D-04
       22   0.260457D-03  0.169210D-03 -0.425538D-04 -0.988444D-05 -0.235409D-04
       23   0.158229D-03  0.139754D-04 -0.100632D-04  0.435510D-05  0.161388D-04
       24  -0.135594D-03 -0.233924D-06  0.132704D-03  0.107149D-04 -0.788542D-05
       25   0.434193D-04 -0.101814D-03 -0.183632D-03 -0.381796D-05 -0.135864D-04
       26  -0.168432D-03  0.404422D-04 -0.159865D-03 -0.433916D-05  0.125990D-04
       27   0.920505D-04  0.694455D-04 -0.234524D-04 -0.999006D-06  0.668698D-05
       28  -0.198500D-03  0.369530D-05 -0.114126D-03  0.950244D-05  0.349401D-04
       29   0.812701D-05  0.367597D-05  0.146012D-03 -0.648269D-05 -0.845005D-05
       30   0.925991D-04  0.583257D-04 -0.619965D-04 -0.142595D-04 -0.305012D-04
       31   0.628034D-04  0.982058D-04  0.881466D-04 -0.238272D-04  0.785306D-05
       32   0.376194D-04  0.707079D-04  0.617471D-04 -0.487211D-04 -0.328625D-04
       33  -0.641992D-03  0.408546D-03 -0.971926D-03  0.269722D-03  0.141756D-03
       34   0.247615D-03 -0.278511D-03  0.275012D-03 -0.100411D-03 -0.840199D-04
       35   0.709980D-04 -0.288185D-05  0.136520D-03 -0.893537D-05 -0.177327D-04
       36  -0.226642D-03  0.163120D-03  0.266859D-03 -0.301367D-04 -0.399169D-04
       37  -0.292949D-04 -0.779995D-04 -0.261706D-03  0.179261D-04  0.297226D-04
       38  -0.101873D-03  0.904819D-04  0.620818D-04  0.135836D-04  0.238548D-04
       39   0.139487D-03  0.125244D-04 -0.283100D-04 -0.185029D-04 -0.299290D-04
       40  -0.881448D-04 -0.268497D-04 -0.111857D-03  0.568556D-04  0.398943D-04
       41   0.164406D-03  0.605257D-05 -0.127515D-03 -0.163031D-04  0.217115D-04
       42  -0.605974D-04 -0.122619D-04 -0.723407D-04  0.112477D-04  0.541946D-05
       43  -0.671128D-04 -0.229452D-03 -0.973068D-03  0.521378D-04  0.405440D-04
       44  -0.254906D-03 -0.178485D-03  0.988317D-04 -0.328377D-04 -0.297629D-04
       45   0.392679D-04  0.186183D-04 -0.144259D-03  0.121693D-04  0.353386D-04
       46   0.996606D-04 -0.164486D-03  0.629685D-04 -0.318156D-04 -0.294116D-04
       47   0.421654D-04 -0.146284D-04 -0.255344D-04 -0.905826D-05  0.224475D-05
       48  -0.198945D-03 -0.134103D-03  0.153402D-03 -0.298730D-04 -0.289747D-04
       49   0.137860D-03 -0.865372D-05  0.173335D-04 -0.770722D-05 -0.290446D-05
       50  -0.121271D-03  0.257054D-04 -0.416827D-04  0.194102D-04  0.187740D-04


           ESTIMATED COVARIANCE MATRIX FOR PARAMETER ESTIMATES
                     6             7             8             9            10
              ________      ________      ________      ________      ________
        6   0.180057D-03
        7  -0.345740D-04  0.235695D-03
        8  -0.142430D-05 -0.303812D-05  0.810882D-04
        9  -0.502848D-05 -0.482068D-05  0.334483D-04  0.178145D-03
       10  -0.373309D-06  0.544388D-05 -0.163900D-05 -0.450212D-06  0.700148D-04
       11   0.868594D-05  0.760653D-06  0.497343D-05 -0.897239D-05  0.266708D-04
       12   0.278003D-04  0.933709D-05 -0.343953D-05 -0.264680D-05 -0.263450D-05
       13   0.900936D-05 -0.160546D-05 -0.152682D-05 -0.144195D-04  0.437700D-05
       14   0.117462D-04  0.205331D-04 -0.234070D-05 -0.721288D-05 -0.694103D-05
       15  -0.161307D-04  0.270001D-06  0.113902D-04 -0.181629D-04  0.368426D-05
       16   0.111490D-04 -0.252697D-04 -0.630801D-05 -0.140870D-04 -0.120678D-05
       17   0.349913D-05  0.205612D-04  0.127439D-04 -0.285129D-04  0.113740D-04
       18  -0.165195D-05 -0.101738D-04 -0.592288D-05 -0.739558D-05  0.767826D-05
       19   0.209940D-06  0.338712D-04 -0.179400D-04  0.817342D-05  0.923377D-05
       20   0.377472D-04 -0.390143D-04  0.234502D-04  0.151583D-04 -0.276553D-05
       21  -0.126008D-04 -0.140549D-04  0.109836D-04  0.145526D-04 -0.768297D-05
       22   0.278559D-04  0.673542D-04 -0.369282D-05  0.146145D-04  0.106570D-04
       23   0.597794D-05  0.137258D-04 -0.199244D-04 -0.203404D-04 -0.992152D-06
       24  -0.242354D-04 -0.349437D-05 -0.270700D-04  0.751569D-05  0.403433D-05
       25   0.109523D-04 -0.314569D-04 -0.236386D-04 -0.185146D-05 -0.526398D-05
       26   0.402526D-05 -0.126767D-04  0.965740D-05  0.130358D-04 -0.288315D-04
       27  -0.324221D-04 -0.402960D-05 -0.503756D-05  0.171632D-04 -0.493905D-05
       28  -0.925133D-04 -0.842385D-04 -0.517617D-05  0.211424D-04  0.376567D-05
       29  -0.286931D-04  0.220271D-04  0.147486D-05  0.315821D-05 -0.660768D-05
       30   0.289861D-04 -0.440307D-04  0.129272D-04  0.550062D-05 -0.555091D-05
       31  -0.345460D-05  0.254237D-04 -0.119227D-04 -0.387676D-04 -0.134645D-04
       32  -0.137177D-04  0.134977D-04 -0.123165D-04  0.111011D-04  0.244826D-05
       33  -0.639828D-03 -0.531324D-03  0.270445D-04  0.119579D-03  0.935962D-04
       34   0.362380D-03  0.284712D-03 -0.144274D-04 -0.614607D-04 -0.520825D-04
       35   0.653879D-04  0.442750D-04  0.193228D-04  0.479110D-04 -0.621678D-05
       36  -0.271480D-04  0.505476D-04  0.147980D-04 -0.262482D-04 -0.180452D-04
       37   0.189023D-04 -0.775025D-04  0.302660D-04  0.115109D-04  0.147217D-05
       38   0.425067D-05 -0.855822D-05  0.900128D-06 -0.235117D-05  0.199033D-04
       39   0.607050D-04  0.323729D-04 -0.896125D-05  0.103739D-04 -0.109678D-04
       40  -0.379797D-04 -0.844445D-04  0.224042D-04 -0.112578D-04  0.145040D-04
       41   0.267544D-04 -0.957231D-05  0.121220D-04 -0.487940D-05  0.238307D-05
       42   0.113167D-04 -0.136786D-04  0.213485D-06 -0.193890D-05  0.742253D-05
       43  -0.746681D-04 -0.212552D-03 -0.174351D-04  0.319845D-04 -0.393336D-05
       44   0.113373D-03  0.810591D-04 -0.763266D-06 -0.380977D-04 -0.407622D-05
       45  -0.867922D-04 -0.103932D-03 -0.958268D-05  0.264305D-04  0.125510D-04
       46   0.932920D-04  0.580404D-04  0.118370D-05 -0.118740D-04 -0.138768D-04
       47   0.125127D-04  0.990455D-07 -0.100564D-04 -0.393506D-04 -0.702094D-05
       48   0.912344D-04  0.840256D-04  0.171406D-04 -0.198500D-04 -0.144502D-04
       49   0.317383D-04  0.272666D-04 -0.107585D-04  0.229737D-05 -0.901371D-05
       50  -0.701319D-04 -0.402284D-04  0.674722D-05 -0.781167D-05  0.825847D-05


           ESTIMATED COVARIANCE MATRIX FOR PARAMETER ESTIMATES
                    11            12            13            14            15
              ________      ________      ________      ________      ________
       11   0.172805D-03
       12   0.185127D-06  0.901427D-04
       13  -0.187240D-04  0.312646D-04  0.178348D-03
       14  -0.106073D-06 -0.218388D-05  0.313528D-05  0.127402D-03
       15  -0.205707D-05  0.967489D-05 -0.418011D-05  0.564464D-05  0.309260D-03
       16   0.103211D-04 -0.119026D-04  0.455469D-04  0.279375D-04  0.111053D-04
       17   0.193795D-04 -0.300174D-05 -0.394302D-04 -0.115532D-04 -0.461578D-05
       18  -0.295188D-04  0.468669D-05  0.208736D-04  0.370671D-05  0.507688D-04
       19   0.396467D-04 -0.906446D-05 -0.157140D-04 -0.751223D-05 -0.591092D-04
       20  -0.258320D-05  0.267471D-05 -0.214279D-04 -0.461292D-05  0.127911D-04
       21   0.307775D-04  0.951522D-06 -0.829048D-05 -0.297227D-04 -0.305175D-05
       22  -0.146810D-04  0.812794D-05 -0.300606D-04  0.249385D-04 -0.283086D-04
       23  -0.197628D-04  0.299647D-05 -0.392223D-04 -0.341252D-04 -0.295703D-05
       24   0.149901D-04  0.660072D-05  0.723942D-05 -0.453313D-06  0.205825D-04
       25  -0.340306D-04 -0.206146D-04  0.212482D-04  0.829155D-05 -0.693362D-04
       26  -0.274920D-04 -0.216324D-05 -0.548445D-05 -0.797643D-07  0.389683D-04
       27   0.324697D-04  0.204656D-04  0.502162D-04 -0.799096D-05  0.198884D-04
       28  -0.260773D-04 -0.824553D-05  0.356538D-04 -0.786543D-04  0.288064D-03
       29   0.890440D-05  0.191531D-05 -0.597574D-06 -0.183897D-04 -0.350517D-04
       30   0.108697D-04 -0.106803D-04  0.160776D-04  0.164437D-04 -0.691917D-04
       31   0.464213D-04 -0.134619D-04 -0.223270D-04 -0.173827D-04 -0.295567D-04
       32   0.405825D-04  0.176457D-04 -0.363666D-04  0.336748D-07 -0.248309D-04
       33  -0.140893D-04 -0.203368D-03  0.807564D-04 -0.570303D-03  0.143220D-02
       34  -0.303550D-06  0.742832D-04 -0.982717D-04  0.281864D-03 -0.848458D-03
       35   0.104409D-04  0.876716D-06 -0.589107D-04  0.462851D-04 -0.239604D-03
       36   0.466231D-04  0.163171D-04  0.235883D-04 -0.275824D-04 -0.200695D-04
       37  -0.233209D-04 -0.795494D-05 -0.120590D-04  0.592061D-05  0.887127D-04
       38   0.876146D-05 -0.254162D-06 -0.650165D-06 -0.813502D-05  0.623702D-04
       39  -0.347554D-04  0.230453D-04 -0.106873D-04  0.662287D-04 -0.528968D-04
       40  -0.383317D-04 -0.677026D-05  0.568486D-04 -0.484196D-04  0.141487D-03
       41  -0.115217D-04 -0.800740D-05 -0.304596D-04 -0.331840D-05  0.188901D-05
       42  -0.119771D-04 -0.493279D-05 -0.120589D-04  0.105605D-04 -0.899766D-05
       43  -0.163654D-04 -0.654405D-04 -0.110008D-04 -0.631221D-04  0.239155D-03
       44   0.820342D-05  0.327272D-04 -0.162460D-04  0.826459D-04 -0.207752D-03
       45   0.114425D-05 -0.738116D-05  0.276304D-04 -0.490161D-04  0.151669D-03
       46   0.131257D-04  0.219789D-04 -0.110053D-04  0.782519D-04 -0.237236D-03
       47  -0.330984D-05  0.620747D-05  0.213493D-04 -0.164321D-06  0.416450D-04
       48   0.227108D-05  0.362214D-04 -0.180897D-05  0.656894D-04 -0.176749D-03
       49  -0.120173D-05  0.727549D-05 -0.156114D-04  0.351906D-04 -0.991141D-04
       50   0.373693D-05 -0.161755D-04  0.375084D-05 -0.464105D-04  0.116218D-03


           ESTIMATED COVARIANCE MATRIX FOR PARAMETER ESTIMATES
                    16            17            18            19            20
              ________      ________      ________      ________      ________
       16   0.143052D-02
       17  -0.382359D-03  0.185037D-02
       18  -0.210200D-03  0.239056D-03  0.181866D-02
       19   0.627907D-03 -0.566555D-03 -0.129421D-02  0.280042D-02
       20   0.387724D-04 -0.118661D-03 -0.355883D-04 -0.275573D-03  0.156482D-02
       21  -0.836573D-03  0.268931D-03  0.139599D-03 -0.390912D-03  0.366649D-04
       22  -0.749573D-03  0.162076D-03  0.119355D-03 -0.315194D-03 -0.371610D-04
       23  -0.849941D-03  0.174062D-03  0.119819D-03 -0.295821D-03  0.880816D-05
       24  -0.479454D-04  0.114594D-03  0.565722D-04  0.207420D-03 -0.105137D-02
       25   0.244641D-03 -0.106438D-02 -0.195994D-03  0.305202D-03 -0.643149D-04
       26   0.154257D-03 -0.968867D-03 -0.603369D-04  0.218559D-03  0.110168D-03
       27   0.253151D-03 -0.109541D-02 -0.151747D-03  0.406489D-03  0.154544D-04
       28   0.915909D-05  0.211213D-04  0.694479D-04 -0.133624D-03  0.519426D-05
       29  -0.160113D-05  0.392777D-04 -0.103952D-04  0.140545D-03 -0.333510D-03
       30   0.184289D-03 -0.163517D-03 -0.107466D-02  0.792707D-03 -0.156300D-04
       31   0.100404D-03 -0.120213D-03 -0.109727D-02  0.744660D-03  0.482451D-04
       32   0.518048D-04 -0.174260D-03 -0.946576D-03  0.654677D-03 -0.715100D-04
       33   0.222279D-03 -0.261008D-03  0.231683D-04 -0.559239D-03  0.521854D-03
       34  -0.608136D-04  0.157264D-05 -0.310446D-04  0.446714D-03 -0.194239D-03
       35  -0.878993D-04  0.359209D-04 -0.765850D-04  0.427936D-04 -0.228090D-04
       36   0.753346D-04  0.700230D-04  0.261455D-04 -0.199501D-04 -0.608413D-03
       37  -0.990093D-04 -0.366496D-05  0.139583D-03 -0.444624D-03  0.999000D-03
       38  -0.354795D-03  0.366035D-03  0.724429D-03 -0.154637D-02  0.295410D-04
       39  -0.342189D-03  0.306929D-03  0.838123D-03 -0.153750D-02 -0.522225D-04
       40  -0.322329D-03  0.391849D-03  0.632662D-03 -0.146963D-02 -0.396633D-05
       41  -0.173706D-04 -0.613959D-04 -0.131578D-04 -0.220040D-03  0.110835D-02
       42  -0.544760D-04  0.326732D-04  0.811151D-04 -0.141361D-03  0.347616D-04
       43   0.756157D-04 -0.102818D-03  0.265435D-06 -0.109150D-03  0.264415D-03
       44  -0.612706D-04  0.838833D-04  0.358388D-04  0.113063D-03 -0.146705D-03
       45   0.495753D-04  0.631073D-04  0.509694D-04 -0.215807D-03 -0.150934D-04
       46  -0.498766D-04  0.265407D-04  0.451060D-04  0.452563D-04 -0.777907D-04
       47   0.618764D-04 -0.120220D-04  0.974789D-04 -0.321668D-04  0.143385D-04
       48  -0.297757D-04  0.468621D-04 -0.144767D-04  0.101929D-03 -0.123263D-03
       49   0.560128D-05  0.134388D-04  0.125189D-04 -0.191354D-04  0.248416D-04
       50  -0.321958D-04 -0.217875D-04 -0.944829D-05 -0.596714D-04  0.122598D-04


           ESTIMATED COVARIANCE MATRIX FOR PARAMETER ESTIMATES
                    21            22            23            24            25
              ________      ________      ________      ________      ________
       21   0.200986D-02
       22  -0.893521D-04  0.197193D-02
       23   0.263895D-03  0.189345D-05  0.202564D-02
       24   0.643550D-06  0.332977D-04 -0.630309D-04  0.136070D-02
       25  -0.550031D-03  0.106333D-03 -0.122181D-03  0.600918D-04  0.218173D-02
       26   0.138102D-06 -0.645145D-03  0.197539D-03 -0.145153D-03  0.819338D-04
       27  -0.115484D-03  0.679200D-04 -0.535239D-03  0.275863D-04  0.253855D-03
       28   0.476778D-05 -0.249136D-04  0.221899D-04  0.882583D-04 -0.202183D-03
       29   0.426109D-04 -0.373411D-04 -0.119617D-03  0.314901D-03  0.441848D-04
       30  -0.205825D-03 -0.231740D-04 -0.138967D-03  0.383134D-04  0.395548D-03
       31  -0.779603D-04 -0.344327D-03  0.537188D-04 -0.114874D-03  0.507571D-04
       32  -0.278180D-04  0.738828D-04 -0.209682D-03  0.528478D-04  0.145042D-03
       33   0.496516D-04 -0.228466D-03 -0.314833D-03  0.870111D-04 -0.566797D-03
       34  -0.286920D-04  0.720763D-04  0.403849D-04 -0.151389D-03  0.485941D-03
       35   0.371544D-05  0.709918D-04  0.353250D-04 -0.246092D-04  0.123750D-03
       36   0.548408D-05  0.825122D-04 -0.220860D-03  0.588418D-03  0.100814D-03
       37  -0.246224D-04  0.795590D-04  0.185415D-03 -0.765556D-03 -0.141446D-03
       38   0.863324D-03 -0.696946D-04  0.122168D-03 -0.364965D-04 -0.737486D-03
       39   0.287431D-04  0.109066D-02 -0.128360D-03  0.643564D-04  0.118553D-03
       40   0.117830D-03 -0.879820D-04  0.899488D-03 -0.346756D-05 -0.253599D-03
       41   0.242958D-04  0.175043D-04  0.920130D-04 -0.959477D-03 -0.585834D-04
       42  -0.929578D-05  0.700760D-04  0.748073D-04 -0.119550D-04 -0.148592D-04
       43  -0.130513D-03 -0.514993D-05  0.239610D-04 -0.145105D-03  0.401602D-04
       44   0.119314D-03 -0.302963D-04 -0.243694D-04  0.619259D-04  0.815760D-04
       45  -0.445323D-04 -0.420112D-04  0.220306D-04  0.712492D-04 -0.203545D-03
       46  -0.639937D-04  0.504646D-04  0.458387D-04 -0.368023D-05  0.112669D-03
       47  -0.605974D-04 -0.459971D-04  0.396377D-04  0.904807D-05 -0.502111D-04
       48   0.558616D-04 -0.595694D-04 -0.452894D-04  0.299077D-04  0.590505D-04
       49  -0.217271D-04  0.195643D-05  0.322409D-04 -0.572462D-04  0.425084D-04
       50   0.528505D-04 -0.202751D-04 -0.858688D-06  0.873205D-05 -0.329976D-04


           ESTIMATED COVARIANCE MATRIX FOR PARAMETER ESTIMATES
                    26            27            28            29            30
              ________      ________      ________      ________      ________
       26   0.232867D-02
       27  -0.349403D-04  0.238756D-02
       28   0.131826D-03 -0.743938D-04  0.260358D-02
       29  -0.695829D-04  0.713453D-04 -0.364838D-03  0.107393D-02
       30  -0.114980D-03  0.146102D-03 -0.304740D-03  0.584778D-04  0.227913D-02
       31   0.354009D-03 -0.266802D-04  0.917448D-05  0.876812D-05  0.166568D-03
       32  -0.694764D-04  0.331131D-03 -0.406494D-04  0.548808D-04  0.151614D-03
       33   0.199196D-03 -0.194843D-04  0.728265D-02 -0.121399D-02 -0.845779D-03
       34   0.559126D-04  0.456456D-04 -0.506437D-02  0.753226D-03  0.570404D-03
       35  -0.904726D-05 -0.693578D-04 -0.117060D-02  0.199950D-03  0.114396D-03
       36   0.479959D-04 -0.145117D-03 -0.166493D-04  0.179268D-03  0.386445D-04
       37   0.506229D-04 -0.979644D-04  0.445328D-03 -0.131625D-02 -0.153026D-03
       38   0.134428D-03 -0.269881D-03  0.141120D-03 -0.637198D-04 -0.165523D-02
       39  -0.859294D-03 -0.883358D-04 -0.291443D-03  0.721331D-05 -0.893026D-04
       40   0.647149D-04 -0.725126D-03  0.603621D-03 -0.185438D-03 -0.219601D-03
       41   0.100429D-03 -0.142106D-04 -0.403300D-04 -0.291571D-03 -0.373943D-04
       42  -0.154127D-04 -0.528953D-04 -0.262238D-05 -0.548077D-03 -0.299313D-04
       43   0.110920D-04 -0.217932D-04  0.124083D-02 -0.292494D-03 -0.173141D-03
       44  -0.445284D-04  0.344700D-04 -0.118243D-02  0.195695D-03  0.196394D-03
       45  -0.442570D-04 -0.677061D-04  0.133785D-02 -0.126017D-03 -0.187271D-03
       46  -0.617518D-04  0.373172D-04 -0.137807D-02  0.236413D-03  0.837827D-04
       47  -0.854935D-05  0.143783D-04  0.236252D-03 -0.969917D-04 -0.594086D-04
       48   0.376176D-04  0.163426D-04 -0.985933D-03  0.166543D-03  0.167312D-03
       49  -0.165502D-04  0.833472D-06 -0.556431D-03  0.739035D-04  0.460468D-04
       50   0.405474D-05 -0.977618D-05  0.600428D-03 -0.113959D-03 -0.538774D-04


           ESTIMATED COVARIANCE MATRIX FOR PARAMETER ESTIMATES
                    31            32            33            34            35
              ________      ________      ________      ________      ________
       31   0.233814D-02
       32   0.949198D-04  0.210771D-02
       33   0.590160D-03 -0.281576D-03  0.463345D-01
       34  -0.169091D-03  0.644573D-04 -0.244020D-01  0.152799D-01
       35   0.105187D-03  0.401612D-04 -0.423944D-02  0.301954D-02  0.229298D-02
       36  -0.521161D-04  0.722197D-04 -0.114920D-02  0.360036D-03  0.170587D-05
       37  -0.894610D-04 -0.147871D-03  0.195364D-02 -0.132233D-02 -0.563017D-03
       38  -0.698353D-04 -0.454442D-04  0.571598D-03 -0.423033D-03  0.127840D-03
       39  -0.176731D-02  0.577906D-05 -0.251125D-02  0.121211D-02  0.116365D-03
       40  -0.981438D-05 -0.145566D-02  0.390268D-02 -0.220904D-02 -0.379437D-03
       41   0.790567D-04 -0.400767D-04  0.214614D-03 -0.831730D-04  0.918968D-06
       42  -0.749591D-04 -0.450964D-04  0.235250D-03 -0.178097D-04 -0.535065D-04
       43   0.161220D-03 -0.111059D-03  0.905577D-02 -0.454919D-02 -0.715381D-03
       44  -0.156780D-03  0.364104D-04 -0.713562D-02  0.408411D-02  0.576918D-03
       45   0.555765D-04 -0.601828D-04  0.586979D-02 -0.380281D-02 -0.547122D-03
       46  -0.143030D-03  0.632679D-04 -0.711290D-02  0.391192D-02  0.950445D-03
       47  -0.110353D-03 -0.106061D-03 -0.115345D-03 -0.345943D-03 -0.988974D-03
       48  -0.744728D-04  0.333460D-04 -0.627687D-02  0.348146D-02  0.572440D-03
       49  -0.162634D-04  0.104871D-04 -0.263709D-02  0.159236D-02  0.316962D-03
       50   0.742220D-04 -0.439023D-04  0.375267D-02 -0.198154D-02 -0.279420D-03


           ESTIMATED COVARIANCE MATRIX FOR PARAMETER ESTIMATES
                    36            37            38            39            40
              ________      ________      ________      ________      ________
       36   0.283526D-02
       37  -0.476028D-03  0.270856D-02
       38  -0.667616D-04  0.842420D-04  0.366879D-02
       39   0.842163D-04  0.424883D-04 -0.266375D-04  0.403482D-02
       40  -0.115999D-03  0.317773D-03  0.413129D-03 -0.278688D-03  0.364152D-02
       41  -0.568934D-03  0.805962D-03  0.671351D-04 -0.785965D-04 -0.431087D-04
       42  -0.257888D-04  0.935597D-03  0.215533D-04  0.104552D-03  0.906723D-04
       43  -0.832954D-03  0.517748D-03  0.509236D-04 -0.422683D-03  0.710886D-03
       44   0.444832D-03 -0.332732D-03 -0.127477D-03  0.322098D-03 -0.618637D-03
       45  -0.154356D-03  0.194283D-03  0.111482D-03 -0.219435D-03  0.628040D-03
       46   0.135067D-03 -0.343030D-03 -0.552982D-04  0.430236D-03 -0.590127D-03
       47   0.170612D-04  0.254323D-03 -0.100973D-03  0.112229D-03  0.895994D-04
       48   0.418388D-03 -0.331586D-03 -0.769797D-04  0.217279D-03 -0.541667D-03
       49  -0.901443D-04 -0.106814D-03 -0.282057D-04  0.201030D-03 -0.204276D-03
       50  -0.877326D-04  0.147943D-03  0.607566D-04 -0.265292D-03  0.385432D-03


           ESTIMATED COVARIANCE MATRIX FOR PARAMETER ESTIMATES
                    41            42            43            44            45
              ________      ________      ________      ________      ________
       41   0.116233D-02
       42   0.813489D-04  0.708523D-03
       43   0.180509D-03  0.490392D-04  0.301367D-02
       44  -0.899031D-04  0.774514D-05 -0.175546D-02  0.174730D-02
       45  -0.552404D-04 -0.568342D-04  0.132745D-02 -0.131273D-02  0.201564D-02
       46  -0.235839D-04 -0.478135D-04 -0.120112D-02  0.106600D-02 -0.933115D-03
       47  -0.984348D-05  0.426903D-04 -0.424330D-04  0.408009D-04  0.254976D-04
       48  -0.862010D-04 -0.300527D-04 -0.160345D-02  0.132691D-02 -0.109372D-02
       49   0.318201D-04 -0.149634D-04 -0.315636D-03  0.297576D-03 -0.306590D-03
       50   0.889823D-05  0.246673D-04  0.663777D-03 -0.514915D-03  0.454515D-03


           ESTIMATED COVARIANCE MATRIX FOR PARAMETER ESTIMATES
                    46            47            48            49            50
              ________      ________      ________      ________      ________
       46   0.146436D-02
       47  -0.592396D-04  0.100499D-02
       48   0.940566D-03  0.241012D-04  0.135816D-02
       49   0.451593D-03 -0.314983D-04  0.254360D-03  0.335139D-03
       50  -0.580393D-03 -0.459088D-04 -0.454898D-03 -0.239571D-03  0.540994D-03


           ESTIMATED CORRELATION MATRIX FOR PARAMETER ESTIMATES
                     1             2             3             4             5
              ________      ________      ________      ________      ________
        1       1.000
        2       0.374         1.000
        3       0.343         0.481         1.000
        4       0.011        -0.042         0.041         1.000
        5       0.029        -0.110        -0.046        -0.039         1.000
        6      -0.074        -0.108        -0.348        -0.099        -0.094
        7       0.207         0.251         0.316        -0.086        -0.016
        8      -0.018         0.023         0.010         0.167        -0.004
        9       0.010         0.061         0.008         0.073         0.004
       10      -0.017        -0.027         0.052         0.013         0.280
       11      -0.011         0.033        -0.001         0.021        -0.001
       12       0.012         0.002         0.009        -0.083         0.034
       13      -0.047        -0.005         0.007        -0.017         0.006
       14      -0.035        -0.137        -0.130        -0.067         0.081
       15      -0.012         0.035        -0.032         0.055         0.070
       16       0.018         0.005        -0.049        -0.017         0.052
       17      -0.010        -0.028         0.116         0.026        -0.008
       18      -0.081        -0.103        -0.034         0.046         0.026
       19       0.061         0.053         0.021        -0.028         0.018
       20       0.111        -0.028        -0.120        -0.022         0.072
       21      -0.099         0.114         0.036         0.016        -0.050
       22       0.158         0.103        -0.021        -0.021        -0.050
       23       0.095         0.008        -0.005         0.009         0.034
       24      -0.099         0.000         0.080         0.027        -0.020
       25       0.025        -0.059        -0.088        -0.008        -0.027
       26      -0.094         0.023        -0.074        -0.008         0.025
       27       0.051         0.038        -0.011        -0.002         0.013
       28      -0.105         0.002        -0.050         0.017         0.064
       29       0.007         0.003         0.099        -0.018        -0.024
       30       0.052         0.033        -0.029        -0.028        -0.060
       31       0.035         0.055         0.041        -0.046         0.015
       32       0.022         0.042         0.030        -0.099        -0.067
       33      -0.080         0.051        -0.101         0.117         0.062
       34       0.054        -0.061         0.050        -0.076        -0.064
       35       0.040        -0.002         0.064        -0.017        -0.035
       36      -0.115         0.083         0.112        -0.053        -0.070
       37      -0.015        -0.041        -0.112         0.032         0.054
       38      -0.045         0.040         0.023         0.021         0.037
       39       0.059         0.005        -0.010        -0.027        -0.044
       40      -0.039        -0.012        -0.041         0.088         0.062
       41       0.130         0.005        -0.083        -0.045         0.060
       42      -0.061        -0.012        -0.061         0.039         0.019
       43      -0.033        -0.113        -0.395         0.089         0.069
       44      -0.164        -0.116         0.053        -0.073        -0.067
       45       0.024         0.011        -0.072         0.025         0.074
       46       0.070        -0.116         0.037        -0.078        -0.072
       47       0.036        -0.012        -0.018        -0.027         0.007
       48      -0.145        -0.098         0.093        -0.076        -0.074
       49       0.203        -0.013         0.021        -0.039        -0.015
       50      -0.141         0.030        -0.040         0.078         0.076


           ESTIMATED CORRELATION MATRIX FOR PARAMETER ESTIMATES
                     6             7             8             9            10
              ________      ________      ________      ________      ________
        6       1.000
        7      -0.168         1.000
        8      -0.012        -0.022         1.000
        9      -0.028        -0.024         0.278         1.000
       10      -0.003         0.042        -0.022        -0.004         1.000
       11       0.049         0.004         0.042        -0.051         0.242
       12       0.218         0.064        -0.040        -0.021        -0.033
       13       0.050        -0.008        -0.013        -0.081         0.039
       14       0.078         0.118        -0.023        -0.048        -0.073
       15      -0.068         0.001         0.072        -0.077         0.025
       16       0.022        -0.044        -0.019        -0.028        -0.004
       17       0.006         0.031         0.033        -0.050         0.032
       18      -0.003        -0.016        -0.015        -0.013         0.022
       19       0.000         0.042        -0.038         0.012         0.021
       20       0.071        -0.064         0.066         0.029        -0.008
       21      -0.021        -0.020         0.027         0.024        -0.020
       22       0.047         0.099        -0.009         0.025         0.029
       23       0.010         0.020        -0.049        -0.034        -0.003
       24      -0.049        -0.006        -0.081         0.015         0.013
       25       0.017        -0.044        -0.056        -0.003        -0.013
       26       0.006        -0.017         0.022         0.020        -0.071
       27      -0.049        -0.005        -0.011         0.026        -0.012
       28      -0.135        -0.108        -0.011         0.031         0.009
       29      -0.065         0.044         0.005         0.007        -0.024
       30       0.045        -0.060         0.030         0.009        -0.014
       31      -0.005         0.034        -0.027        -0.060        -0.033
       32      -0.022         0.019        -0.030         0.018         0.006
       33      -0.222        -0.161         0.014         0.042         0.052
       34       0.218         0.150        -0.013        -0.037        -0.050
       35       0.102         0.060         0.045         0.075        -0.016
       36      -0.038         0.062         0.031        -0.037        -0.041
       37       0.027        -0.097         0.065         0.017         0.003
       38       0.005        -0.009         0.002        -0.003         0.039
       39       0.071         0.033        -0.016         0.012        -0.021
       40      -0.047        -0.091         0.041        -0.014         0.029
       41       0.058        -0.018         0.039        -0.011         0.008
       42       0.032        -0.033         0.001        -0.005         0.033
       43      -0.101        -0.252        -0.035         0.044        -0.009
       44       0.202         0.126        -0.002        -0.068        -0.012
       45      -0.144        -0.151        -0.024         0.044         0.033
       46       0.182         0.099         0.003        -0.023        -0.043
       47       0.029         0.000        -0.035        -0.093        -0.026
       48       0.184         0.149         0.052        -0.040        -0.047
       49       0.129         0.097        -0.065         0.009        -0.059
       50      -0.225        -0.113         0.032        -0.025         0.042


           ESTIMATED CORRELATION MATRIX FOR PARAMETER ESTIMATES
                    11            12            13            14            15
              ________      ________      ________      ________      ________
       11       1.000
       12       0.001         1.000
       13      -0.107         0.247         1.000
       14      -0.001        -0.020         0.021         1.000
       15      -0.009         0.058        -0.018         0.028         1.000
       16       0.021        -0.033         0.090         0.065         0.017
       17       0.034        -0.007        -0.069        -0.024        -0.006
       18      -0.053         0.012         0.037         0.008         0.068
       19       0.057        -0.018        -0.022        -0.013        -0.064
       20      -0.005         0.007        -0.041        -0.010         0.018
       21       0.052         0.002        -0.014        -0.059        -0.004
       22      -0.025         0.019        -0.051         0.050        -0.036
       23      -0.033         0.007        -0.065        -0.067        -0.004
       24       0.031         0.019         0.015        -0.001         0.032
       25      -0.055        -0.046         0.034         0.016        -0.084
       26      -0.043        -0.005        -0.009         0.000         0.046
       27       0.051         0.044         0.077        -0.014         0.023
       28      -0.039        -0.017         0.052        -0.137         0.321
       29       0.021         0.006        -0.001        -0.050        -0.061
       30       0.017        -0.024         0.025         0.031        -0.082
       31       0.073        -0.029        -0.035        -0.032        -0.035
       32       0.067         0.040        -0.059         0.000        -0.031
       33      -0.005        -0.100         0.028        -0.235         0.378
       34       0.000         0.063        -0.060         0.202        -0.390
       35       0.017         0.002        -0.092         0.086        -0.285
       36       0.067         0.032         0.033        -0.046        -0.021
       37      -0.034        -0.016        -0.017         0.010         0.097
       38       0.011         0.000        -0.001        -0.012         0.059
       39      -0.042         0.038        -0.013         0.092        -0.047
       40      -0.048        -0.012         0.071        -0.071         0.133
       41      -0.026        -0.025        -0.067        -0.009         0.003
       42      -0.034        -0.020        -0.034         0.035        -0.019
       43      -0.023        -0.126        -0.015        -0.102         0.248
       44       0.015         0.082        -0.029         0.175        -0.283
       45       0.002        -0.017         0.046        -0.097         0.192
       46       0.026         0.060        -0.022         0.181        -0.353
       47      -0.008         0.021         0.050         0.000         0.075
       48       0.005         0.104        -0.004         0.158        -0.273
       49      -0.005         0.042        -0.064         0.170        -0.308
       50       0.012        -0.073         0.012        -0.177         0.284


           ESTIMATED CORRELATION MATRIX FOR PARAMETER ESTIMATES
                    16            17            18            19            20
              ________      ________      ________      ________      ________
       16       1.000
       17      -0.235         1.000
       18      -0.130         0.130         1.000
       19       0.314        -0.249        -0.573         1.000
       20       0.026        -0.070        -0.021        -0.132         1.000
       21      -0.493         0.139         0.073        -0.165         0.021
       22      -0.446         0.085         0.063        -0.134        -0.021
       23      -0.499         0.090         0.062        -0.124         0.005
       24      -0.034         0.072         0.036         0.106        -0.721
       25       0.138        -0.530        -0.098         0.123        -0.035
       26       0.085        -0.467        -0.029         0.086         0.058
       27       0.137        -0.521        -0.073         0.157         0.008
       28       0.005         0.010         0.032        -0.049         0.003
       29      -0.001         0.028        -0.007         0.081        -0.257
       30       0.102        -0.080        -0.528         0.314        -0.008
       31       0.055        -0.058        -0.532         0.291         0.025
       32       0.030        -0.088        -0.483         0.269        -0.039
       33       0.027        -0.028         0.003        -0.049         0.061
       34      -0.013         0.000        -0.006         0.068        -0.040
       35      -0.049         0.017        -0.038         0.017        -0.012
       36       0.037         0.031         0.012        -0.007        -0.289
       37      -0.050        -0.002         0.063        -0.161         0.485
       38      -0.155         0.140         0.280        -0.482         0.012
       39      -0.142         0.112         0.309        -0.457        -0.021
       40      -0.141         0.151         0.246        -0.460        -0.002
       41      -0.013        -0.042        -0.009        -0.122         0.822
       42      -0.054         0.029         0.071        -0.100         0.033
       43       0.036        -0.044         0.000        -0.038         0.122
       44      -0.039         0.047         0.020         0.051        -0.089
       45       0.029         0.033         0.027        -0.091        -0.008
       46      -0.034         0.016         0.028         0.022        -0.051
       47       0.052        -0.009         0.072        -0.019         0.011
       48      -0.021         0.030        -0.009         0.052        -0.085
       49       0.008         0.017         0.016        -0.020         0.034
       50      -0.037        -0.022        -0.010        -0.048         0.013


           ESTIMATED CORRELATION MATRIX FOR PARAMETER ESTIMATES
                    21            22            23            24            25
              ________      ________      ________      ________      ________
       21       1.000
       22      -0.045         1.000
       23       0.131         0.001         1.000
       24       0.000         0.020        -0.038         1.000
       25      -0.263         0.051        -0.058         0.035         1.000
       26       0.000        -0.301         0.091        -0.082         0.036
       27      -0.053         0.031        -0.243         0.015         0.111
       28       0.002        -0.011         0.010         0.047        -0.085
       29       0.029        -0.026        -0.081         0.260         0.029
       30      -0.096        -0.011        -0.065         0.022         0.177
       31      -0.036        -0.160         0.025        -0.064         0.022
       32      -0.014         0.036        -0.101         0.031         0.068
       33       0.005        -0.024        -0.032         0.011        -0.056
       34      -0.005         0.013         0.007        -0.033         0.084
       35       0.002         0.033         0.016        -0.014         0.055
       36       0.002         0.035        -0.092         0.300         0.041
       37      -0.011         0.034         0.079        -0.399        -0.058
       38       0.318        -0.026         0.045        -0.016        -0.261
       39       0.010         0.387        -0.045         0.027         0.040
       40       0.044        -0.033         0.331        -0.002        -0.090
       41       0.016         0.012         0.060        -0.763        -0.037
       42      -0.008         0.059         0.062        -0.012        -0.012
       43      -0.053        -0.002         0.010        -0.072         0.016
       44       0.064        -0.016        -0.013         0.040         0.042
       45      -0.022        -0.021         0.011         0.043        -0.097
       46      -0.037         0.030         0.027        -0.003         0.063
       47      -0.043        -0.033         0.028         0.008        -0.034
       48       0.034        -0.036        -0.027         0.022         0.034
       49      -0.026         0.002         0.039        -0.085         0.050
       50       0.051        -0.020        -0.001         0.010        -0.030


           ESTIMATED CORRELATION MATRIX FOR PARAMETER ESTIMATES
                    26            27            28            29            30
              ________      ________      ________      ________      ________
       26       1.000
       27      -0.015         1.000
       28       0.054        -0.030         1.000
       29      -0.044         0.045        -0.218         1.000
       30      -0.050         0.063        -0.125         0.037         1.000
       31       0.152        -0.011         0.004         0.006         0.072
       32      -0.031         0.148        -0.017         0.036         0.069
       33       0.019        -0.002         0.663        -0.172        -0.082
       34       0.009         0.008        -0.803         0.186         0.097
       35      -0.004        -0.030        -0.479         0.127         0.050
       36       0.019        -0.056        -0.006         0.103         0.015
       37       0.020        -0.039         0.168        -0.772        -0.062
       38       0.046        -0.091         0.046        -0.032        -0.572
       39      -0.280        -0.028        -0.090         0.003        -0.029
       40       0.022        -0.246         0.196        -0.094        -0.076
       41       0.061        -0.009        -0.023        -0.261        -0.023
       42      -0.012        -0.041        -0.002        -0.628        -0.024
       43       0.004        -0.008         0.443        -0.163        -0.066
       44      -0.022         0.017        -0.554         0.143         0.098
       45      -0.020        -0.031         0.584        -0.086        -0.087
       46      -0.033         0.020        -0.706         0.189         0.046
       47      -0.006         0.009         0.146        -0.093        -0.039
       48       0.021         0.009        -0.524         0.138         0.095
       49      -0.019         0.001        -0.596         0.123         0.053
       50       0.004        -0.009         0.506        -0.150        -0.049


           ESTIMATED CORRELATION MATRIX FOR PARAMETER ESTIMATES
                    31            32            33            34            35
              ________      ________      ________      ________      ________
       31       1.000
       32       0.043         1.000
       33       0.057        -0.028         1.000
       34      -0.028         0.011        -0.917         1.000
       35       0.045         0.018        -0.411         0.510         1.000
       36      -0.020         0.030        -0.100         0.055         0.001
       37      -0.036        -0.062         0.174        -0.206        -0.226
       38      -0.024        -0.016         0.044        -0.057         0.044
       39      -0.575         0.002        -0.184         0.154         0.038
       40      -0.003        -0.525         0.300        -0.296        -0.131
       41       0.048        -0.026         0.029        -0.020         0.001
       42      -0.058        -0.037         0.041        -0.005        -0.042
       43       0.061        -0.044         0.766        -0.670        -0.272
       44      -0.078         0.019        -0.793         0.790         0.288
       45       0.026        -0.029         0.607        -0.685        -0.254
       46      -0.077         0.036        -0.864         0.827         0.519
       47      -0.072        -0.073        -0.017        -0.088        -0.651
       48      -0.042         0.020        -0.791         0.764         0.324
       49      -0.018         0.012        -0.669         0.704         0.362
       50       0.066        -0.041         0.750        -0.689        -0.251


           ESTIMATED CORRELATION MATRIX FOR PARAMETER ESTIMATES
                    36            37            38            39            40
              ________      ________      ________      ________      ________
       36       1.000
       37      -0.172         1.000
       38      -0.021         0.027         1.000
       39       0.025         0.013        -0.007         1.000
       40      -0.036         0.101         0.113        -0.073         1.000
       41      -0.313         0.454         0.033        -0.036        -0.021
       42      -0.018         0.675         0.013         0.062         0.056
       43      -0.285         0.181         0.015        -0.121         0.215
       44       0.200        -0.153        -0.050         0.121        -0.245
       45      -0.065         0.083         0.041        -0.077         0.232
       46       0.066        -0.172        -0.024         0.177        -0.256
       47       0.010         0.154        -0.053         0.056         0.047
       48       0.213        -0.173        -0.034         0.093        -0.244
       49      -0.092        -0.112        -0.025         0.173        -0.185
       50      -0.071         0.122         0.043        -0.180         0.275


           ESTIMATED CORRELATION MATRIX FOR PARAMETER ESTIMATES
                    41            42            43            44            45
              ________      ________      ________      ________      ________
       41       1.000
       42       0.090         1.000
       43       0.096         0.034         1.000
       44      -0.063         0.007        -0.765         1.000
       45      -0.036        -0.048         0.539        -0.699         1.000
       46      -0.018        -0.047        -0.572         0.666        -0.543
       47      -0.009         0.051        -0.024         0.031         0.018
       48      -0.069        -0.031        -0.793         0.861        -0.661
       49       0.051        -0.031        -0.314         0.389        -0.373
       50       0.011         0.040         0.520        -0.530         0.435


           ESTIMATED CORRELATION MATRIX FOR PARAMETER ESTIMATES
                    46            47            48            49            50
              ________      ________      ________      ________      ________
       46       1.000
       47      -0.049         1.000
       48       0.667         0.021         1.000
       49       0.645        -0.054         0.377         1.000
       50      -0.652        -0.062        -0.531        -0.563         1.000


TECHNICAL 8 OUTPUT


   E STEP  ITER  LOGLIKELIHOOD    ABS CHANGE   REL CHANGE  ALGORITHM
              1 -0.17771090D+05    0.0000000    0.0000000  EM
              2 -0.17721748D+05   49.3422044    0.0027765  EM
              3 -0.17721232D+05    0.5163499    0.0000291  EM
              4 -0.17720936D+05    0.2962265    0.0000167  EM
              5 -0.17720721D+05    0.2143666    0.0000121  EM
              6 -0.17720553D+05    0.1677910    0.0000095  EM
              7 -0.17720418D+05    0.1353974    0.0000076  EM
              8 -0.17720307D+05    0.1109126    0.0000063  EM
              9 -0.17720215D+05    0.0917612    0.0000052  EM
             10 -0.17720139D+05    0.0765514    0.0000043  EM
             11 -0.17720074D+05    0.0643758    0.0000036  EM
             12 -0.17720020D+05    0.0545872    0.0000031  EM
             13 -0.17719973D+05    0.0466798    0.0000026  EM
             14 -0.17719933D+05    0.0402659    0.0000023  EM
             15 -0.17719898D+05    0.0350415    0.0000020  EM
             16 -0.17719867D+05    0.0307584    0.0000017  EM
             17 -0.17719840D+05    0.0272281    0.0000015  EM
             18 -0.17719816D+05    0.0242959    0.0000014  EM
             19 -0.17719794D+05    0.0218419    0.0000012  EM
             20 -0.17719774D+05    0.0197697    0.0000011  EM
             21 -0.17719756D+05    0.0180080    0.0000010  EM
             22 -0.17719740D+05    0.0164922    0.0000009  EM
             23 -0.17719724D+05    0.0151795    0.0000009  EM
             24 -0.17719710D+05    0.0140317    0.0000008  EM
             25 -0.17719697D+05    0.0130186    0.0000007  EM
             26 -0.17719685D+05    0.0121183    0.0000007  EM
             27 -0.17719674D+05    0.0113107    0.0000006  EM
             28 -0.17719663D+05    0.0105809    0.0000006  EM
             29 -0.17719653D+05    0.0099228    0.0000006  EM
             30 -0.17719644D+05    0.0093162    0.0000005  EM
             31 -0.17719635D+05    0.0087607    0.0000005  EM
             32 -0.17719627D+05    0.0082504    0.0000005  EM
             33 -0.17719619D+05    0.0077771    0.0000004  EM
             34 -0.17719612D+05    0.0073380    0.0000004  EM
             35 -0.17719506D+05    0.1054971    0.0000060  FS
             36 -0.17719485D+05    0.0218221    0.0000012  FS
             37 -0.17719479D+05    0.0060000    0.0000003  FS
             38 -0.17719477D+05    0.0018229    0.0000001  FS
             39 -0.17719476D+05    0.0005544    0.0000000  FS


RESULTS SAVING INFORMATION

  Order of data

    Parameter estimates
     (saved in order shown in Technical 1 output)
    Standard errors
     (saved in order shown in Technical 1 output)
    Number of Free Parameters
    H0 Loglikelihood
    H0 Scaling Correction Factor for MLR
    Akaike (AIC)
    Bayesian (BIC)
    Sample-Size Adjusted BIC
    Condition Number

  Save file
    estimates.dat

  Save file format           Free


SAVEDATA INFORMATION


  Estimated Covariance Matrix for the Parameter Estimates

  Save file
    tech3.dat
  Save format      Free

     Beginning Time:  20:36:13
        Ending Time:  20:36:22
       Elapsed Time:  00:00:09



MUTHEN & MUTHEN
3463 Stoner Ave.
Los Angeles, CA  90066

Tel: (310) 391-9971
Fax: (310) 391-8971
Web: www.StatModel.com
Support: Support@StatModel.com

Copyright (c) 1998-2025 Muthen & Muthen
