
     Mplus VERSION 9
     MUTHEN & MUTHEN

     Running input file 'model.inp'...

     Dimensions of integration:                  1
     Total number of integration points:         15


  ITER  LOGLIKELIHOOD    ABS CHANGE   REL CHANGE  ALGO  TIME  TOTAL TIME
     1 -0.17771090D+05    0.0000000    0.0000000  EM    0.05     0.1
     2 -0.17721748D+05   49.3422044    0.0027765  EM    0.04     0.1
     3 -0.17721232D+05    0.5163499    0.0000291  EM    0.04     0.1
     4 -0.17720936D+05    0.2962265    0.0000167  EM    0.11     0.2
     5 -0.17720721D+05    0.2143666    0.0000121  EM    0.07     0.3
     6 -0.17720553D+05    0.1677910    0.0000095  EM    0.07     0.4
     7 -0.17720418D+05    0.1353974    0.0000076  EM    0.06     0.4
     8 -0.17720307D+05    0.1109126    0.0000063  EM    0.13     0.6
     9 -0.17720215D+05    0.0917612    0.0000052  EM    0.06     0.6
    10 -0.17720139D+05    0.0765514    0.0000043  EM    0.08     0.7
    11 -0.17720074D+05    0.0643758    0.0000036  EM    0.03     0.8
    12 -0.17720020D+05    0.0545872    0.0000031  EM    0.02     0.8
    13 -0.17719973D+05    0.0466798    0.0000026  EM    0.02     0.8
    14 -0.17719933D+05    0.0402659    0.0000023  EM    0.02     0.8
    15 -0.17719898D+05    0.0350415    0.0000020  EM    0.02     0.8
    16 -0.17719867D+05    0.0307584    0.0000017  EM    0.02     0.9
    17 -0.17719840D+05    0.0272281    0.0000015  EM    0.02     0.9
    18 -0.17719816D+05    0.0242959    0.0000014  EM    0.02     0.9
    19 -0.17719794D+05    0.0218419    0.0000012  EM    0.02     0.9
    20 -0.17719774D+05    0.0197697    0.0000011  EM    0.02     1.0
    21 -0.17719756D+05    0.0180080    0.0000010  EM    0.03     1.0
    22 -0.17719740D+05    0.0164922    0.0000009  EM    0.04     1.0
    23 -0.17719724D+05    0.0151795    0.0000009  EM    0.02     1.0
    24 -0.17719710D+05    0.0140317    0.0000008  EM    0.02     1.1
    25 -0.17719697D+05    0.0130186    0.0000007  EM    0.03     1.1
    26 -0.17719685D+05    0.0121183    0.0000007  EM    0.02     1.1
    27 -0.17719674D+05    0.0113107    0.0000006  EM    0.03     1.2
    28 -0.17719663D+05    0.0105809    0.0000006  EM    0.02     1.2
    29 -0.17719653D+05    0.0099228    0.0000006  EM    0.02     1.2
    30 -0.17719644D+05    0.0093162    0.0000005  EM    0.03     1.2
    31 -0.17719635D+05    0.0087607    0.0000005  EM    0.02     1.2
    32 -0.17719627D+05    0.0082504    0.0000005  EM    0.02     1.3
    33 -0.17719619D+05    0.0077771    0.0000004  EM    0.05     1.3
    34 -0.17719612D+05    0.0073380    0.0000004  EM    0.03     1.4
    35 -0.17719506D+05    0.1054971    0.0000060  FS    1.51     2.9
    36 -0.17719485D+05    0.0218221    0.0000012  FS    1.35     4.2
    37 -0.17719479D+05    0.0060000    0.0000003  FS    1.34     5.5
    38 -0.17719477D+05    0.0018229    0.0000001  FS    0.91     6.5
    39 -0.17719476D+05    0.0005544    0.0000000  FS    1.14     7.6
     Parameters          44         8        20        15         6
     Derivatives  -0.13D-03 -0.13D-03 -0.10D-03 -0.98D-04  0.95D-04
     Beginning Time:  20:36:13
        Ending Time:  20:36:22
       Elapsed Time:  00:00:09

     Output saved in 'model.out'.
