Mplus VERSION 9
MUTHEN & MUTHEN
10/02/2026   7:56 AM

INPUT INSTRUCTIONS



    TITLE:
    Class-1_pp_LGCA
    DATA:
    FILE = "corrected_imputations.list";
    TYPE = IMPUTATION;

    VARIABLE:
    NAMES = SEX12 EDU12 URBAN12 PROV12 CDN12 CDAR12 CDSC12 MINOR12 HUKOU12 PINC12
         PINC212 CORES12 HEAL12 MARR12 ECO12 HWC12 SAT12 ADL12 FINC12 PID FID WAVE
         WFDMS12 WFDMS16 WFDMS18 WFDMS20 WFDMS22 WFDSS12 WFDSS16 WFDSS18 WFDSS20
  WFDSS22
         WFDDS12 WFDDS16 WFDDS18 WFDDS20 WFDDS22 WFDDS112 WFDDS116 WFDDS118
  WFDDS120
         WFDDS122 CES8SD12 CES8SD16 CES8SD18 CES8SD20 CES8SD22 AGEG12 AGEG16
  AGEG18
         AGEG20 AGEG22 PROV122 PROV123 CDSC121 CDSC122 PINCM112 PINCM212 HEAL121
  HEAL123
         ECO122 ECO123 HWC122 HWC123;
     MISSING=.;
     usevar =
    wfdms12

    wfdds12 wfdds16 wfdds18 wfdds20 wfdds22

    ces8sd12 ces8sd16 ces8sd18 ces8sd20 ces8sd22


    sex12 edu12 urban12
    prov122 prov123
    cdn12 cdar12
    cdsc121 cdsc122
    minor12 wave


    ageg12 pinc12 pinc212 cores12 heal121 heal123
    marr12 eco122 eco123 hwc122 hwc123 hukou12 sat12 adl12 finc12










    ;
    idvariable=pid;
    cluster=fid;
    ANALYSIS:
    estimator = mlr;
    TYPE=COMPLEX;





    PROCESSORS = 1;
    coverage = 0.005;
    MODEL:



    i3 s3 | wfdds12@0 wfdds16@4 wfdds18@6 wfdds20@8 wfdds22@10;

    i5 s5 | ces8sd12@0 ces8sd16*4 ces8sd18*6 ces8sd20*8 ces8sd22@10;










    i5 on i3 wfdms12;


    s5 on i3 s3 i5 wfdms12;



    i5 s5 on sex12 edu12 urban12 prov122 prov123;
    i5 s5 on cdn12 cdar12 cdsc121 cdsc122 minor12 wave ;


    i5 s5 on ageg12 pinc12 pinc212 cores12 heal121 heal123;
    i5 s5 on marr12 hukou12 eco122 eco123 hwc122 hwc123 sat12 adl12 finc12;
























    OUTPUT:
    tech1 tech8 tech10 tech11 tech14 sampstat patterns stdyx;
    SAVEDATA:
    FILE = corrected_savedata.txt;
    SAVE = CPROB;
    PLOT:
    type = plot3;
    series = wfdds12-wfdds22(s3)|ces8sd12-ces8sd22(s5);






*** WARNING in SAVEDATA command
  The FILE option is not available for TYPE=MONTECARLO or TYPE=IMPUTATION
  unless the filename has *.  The FILE option will be ignored.
*** WARNING in SAVEDATA command
  Class probabilities can only be saved for TYPE=MIXTURE.
*** ERROR in SAVEDATA command
  No filename given for saving raw data.  SAVE options ignored.
*** WARNING in PLOT command
  PLOT1 and PLOT3 options are not available with TYPE=IMPUTATION in the DATA command.
  Request for PLOT1 and/or PLOT3 will be ignored.
*** WARNING in OUTPUT command
  TECH10 option is not available with multiple imputation.
  Request for TECH10 is ignored.
*** WARNING in OUTPUT command
  TECH8 option is available only with analysis types MIXTURE, RANDOM, or
  TWOLEVEL with estimators ML, MLF, or MLR or ALGORITHM=INTEGRATION.
  Request for TECH8 is ignored.
*** WARNING in OUTPUT command
  TECH11 option is available only with TYPE=MIXTURE.
  Request for TECH11 is ignored.
*** WARNING in OUTPUT command
  TECH14 option is available only with TYPE=MIXTURE.
  Request for TECH14 is ignored.
   1 ERROR(S) FOUND IN THE INPUT INSTRUCTIONS
   7 WARNING(S) FOUND IN THE INPUT INSTRUCTIONS




Class-1_pp_LGCA

