
     Mplus VERSION 9
     MUTHEN & MUTHEN

     Running input file 'model.inp'...

     Dimensions of integration:                  1
     Total number of integration points:         15


  ITER  LOGLIKELIHOOD    ABS CHANGE   REL CHANGE  ALGO  TIME  TOTAL TIME
     1 -0.19411443D+05    0.0000000    0.0000000  EM    0.05     0.1
     2 -0.19383354D+05   28.0896245    0.0014471  EM   12.91    13.0
     3 -0.19382689D+05    0.6649972    0.0000343  EM    3.20    16.2
     4 -0.19382171D+05    0.5172432    0.0000267  EM    0.32    16.5
     5 -0.19381731D+05    0.4403838    0.0000227  EM    0.29    16.8
     6 -0.19381347D+05    0.3844086    0.0000198  EM    0.23    17.0
     7 -0.19381008D+05    0.3388677    0.0000175  EM    0.22    17.2
     8 -0.19380708D+05    0.3000917    0.0000155  EM    0.30    17.5
     9 -0.19380441D+05    0.2665046    0.0000138  EM    0.19    17.7
    10 -0.19380204D+05    0.2372088    0.0000122  EM    0.23    17.9
    11 -0.19379992D+05    0.2115871    0.0000109  EM    0.29    18.2
    12 -0.19379803D+05    0.1891410    0.0000098  EM    0.26    18.5
    13 -0.19379634D+05    0.1694543    0.0000087  EM    0.23    18.7
    14 -0.19379482D+05    0.1521702    0.0000079  EM    0.17    18.9
    15 -0.19379345D+05    0.1369775    0.0000071  EM    0.16    19.0
    16 -0.19379221D+05    0.1236039    0.0000064  EM    0.20    19.2
    17 -0.19379109D+05    0.1118184    0.0000058  EM    0.17    19.4
    18 -0.19379008D+05    0.1014106    0.0000052  EM    0.15    19.6
    19 -0.19378916D+05    0.0922073    0.0000048  EM    0.13    19.7
    20 -0.19378831D+05    0.0840511    0.0000043  EM    0.13    19.8
    21 -0.19378755D+05    0.0768079    0.0000040  EM    0.14    20.0
    22 -0.19378684D+05    0.0703619    0.0000036  EM    0.25    20.2
    23 -0.19378620D+05    0.0646120    0.0000033  EM    0.26    20.5
    24 -0.19378560D+05    0.0594704    0.0000031  EM    0.14    20.6
    25 -0.19378505D+05    0.0548627    0.0000028  EM    0.16    20.8
    26 -0.19378455D+05    0.0507204    0.0000026  EM    0.95    21.7
    27 -0.19378408D+05    0.0469855    0.0000024  EM    3.04    24.8
    28 -0.19378364D+05    0.0436202    0.0000023  EM    0.77    25.5
    29 -0.19378323D+05    0.0405691    0.0000021  EM    0.18    25.7
    30 -0.19378286D+05    0.0377979    0.0000020  EM    0.19    25.9
    31 -0.19378250D+05    0.0352758    0.0000018  EM    0.22    26.1
    32 -0.19378217D+05    0.0329756    0.0000017  EM    0.21    26.3
    33 -0.19378187D+05    0.0308734    0.0000016  EM    0.37    26.7
    34 -0.19378158D+05    0.0289478    0.0000015  EM    0.24    26.9
    35 -0.19378130D+05    0.0271786    0.0000014  EM   10.09    37.0
    36 -0.19378105D+05    0.0255520    0.0000013  EM    0.53    37.6
    37 -0.19378081D+05    0.0240533    0.0000012  EM    0.17    37.7
    38 -0.19378058D+05    0.0226691    0.0000012  EM    0.12    37.9
    39 -0.19378037D+05    0.0213904    0.0000011  EM    0.23    38.1
    40 -0.19378017D+05    0.0202066    0.0000010  EM    0.25    38.3
    41 -0.19377997D+05    0.0191090    0.0000010  EM    0.25    38.6
    42 -0.19377979D+05    0.0180903    0.0000009  EM    0.11    38.7
    43 -0.19377962D+05    0.0171445    0.0000009  EM    0.19    38.9
    44 -0.19377946D+05    0.0162645    0.0000008  EM    0.23    39.1
    45 -0.19377930D+05    0.0154454    0.0000008  EM    0.20    39.3
    46 -0.19377916D+05    0.0146824    0.0000008  EM    0.14    39.4
    47 -0.19377902D+05    0.0139711    0.0000007  EM    0.16    39.6
    48 -0.19377889D+05    0.0133075    0.0000007  EM    0.12    39.7
    49 -0.19377876D+05    0.0126879    0.0000007  EM    0.12    39.8
    50 -0.19377864D+05    0.0121094    0.0000006  EM    0.20    40.0
    51 -0.19377852D+05    0.0115686    0.0000006  EM    0.12    40.2
    52 -0.19377841D+05    0.0110631    0.0000006  EM    0.16    40.3
    53 -0.19377831D+05    0.0105901    0.0000005  EM    0.30    40.6
    54 -0.19377820D+05    0.0101475    0.0000005  EM    0.23    40.9
    55 -0.19377811D+05    0.0097330    0.0000005  EM    0.13    41.0
    56 -0.19376943D+05    0.8673569    0.0000448  QN    0.29    41.3
    57 -0.19376911D+05    0.0322160    0.0000017  EM    0.29    41.6
    58 -0.19376902D+05    0.0085730    0.0000004  EM    0.18    41.8
    59 -0.19376897D+05    0.0052787    0.0000003  EM    0.14    41.9
    60 -0.19376893D+05    0.0043373    0.0000002  EM    0.16    42.1
    61 -0.19376889D+05    0.0039849    0.0000002  EM    0.12    42.2
    62 -0.19376885D+05    0.0037951    0.0000002  EM    0.17    42.4
    63 -0.19376881D+05    0.0036556    0.0000002  EM    0.15    42.5
    64 -0.19376878D+05    0.0035349    0.0000002  EM    0.15    42.6
    65 -0.19376874D+05    0.0034236    0.0000002  EM    0.16    42.8
    66 -0.19376871D+05    0.0033191    0.0000002  EM    0.15    43.0
    67 -0.19376868D+05    0.0032201    0.0000002  EM    0.09    43.0
    68 -0.19376865D+05    0.0031262    0.0000002  EM    0.12    43.2
    69 -0.19376862D+05    0.0030369    0.0000002  EM    0.12    43.3
    70 -0.19375961D+05    0.9010931    0.0000465  QN    2.78    46.1
    71 -0.19375906D+05    0.0545850    0.0000028  EM    1.45    47.5
    72 -0.19375900D+05    0.0059271    0.0000003  EM    0.66    48.2
    73 -0.19375897D+05    0.0030856    0.0000002  EM    4.16    52.3
    74 -0.19375895D+05    0.0020942    0.0000001  EM    3.95    56.3
    75 -0.19375893D+05    0.0015123    0.0000001  EM    3.62    59.9
    76 -0.19375892D+05    0.0011141    0.0000001  EM    2.45    62.4
    77 -0.19375892D+05    0.0008337    0.0000000  EM    3.71    66.1
     Parameters         119        27        42        26        30
     Derivatives  -0.12D-01  0.10D-01  0.59D-02  0.35D-02  0.27D-02
     Beginning Time:  20:54:00
        Ending Time:  20:55:20
       Elapsed Time:  00:01:20

     Output saved in 'model.out'.
