Mplus VERSION 9
MUTHEN & MUTHEN
10/06/2026   7:23 PM

INPUT INSTRUCTIONS

  TITLE:
  Round2B K3
  DATA:
  FILE = "data.dat";
  VARIABLE:
  NAMES = fid x1 x2 x3 x4 x5 y1 y2 y3 y4 y5 c1 c2 c3 c4 c5 c6 c7 c8 c9 c10 c11 c12 c13
       c14 c15 c16 c17 c18 c19 c20 c21 c22 c23 c24;
   MISSING=.;
   CLUSTER=fid; USEVARIABLES=x1-x5 y1-y5 c1-c24;
  ANALYSIS:
  TYPE=COMPLEX; ESTIMATOR=MLR; PROCESSORS=1; COVERAGE=.005; ITERATIONS=1000;
  MODEL:
  ix sx | x1@0 x2*0.4 x3*0.6 x4*0.8 x5@1 ;
  iy sy | y1@0 y2@0.4 y3@0.6 y4@0.8 y5@1 ;
  iy ON ix (bii);
  sy ON ix (bis) sx (bss) iy (bsyiy);
  ix WITH sx;
  ix sx iy sy ON c1-c24;
  x1 WITH y1;
  x2 WITH y2;
  x3 WITH y3;
  x4 WITH y4;
  x5 WITH y5;
  OUTPUT:
  TECH1 TECH3 TECH4 TECH8 SAMPSTAT RESIDUAL CINTERVAL;
  SAVEDATA:
  TECH3=tech3.dat; RESULTS=estimates.dat;

*** ERROR in MODEL command
  There should be no extra characters after the right parenthesis of an equality or parameter label.
  Problem with the following statement:
  IX (BIS) SX (BSS) IY (BSYIY)


MUTHEN & MUTHEN
3463 Stoner Ave.
Los Angeles, CA  90066

Tel: (310) 391-9971
Fax: (310) 391-8971
Web: www.StatModel.com
Support: Support@StatModel.com

Copyright (c) 1998-2025 Muthen & Muthen
