
     Mplus VERSION 9
     MUTHEN & MUTHEN

     Running input file 'model.inp'...

     Dimensions of integration:                  2
     Total number of integration points:         225


  ITER  LOGLIKELIHOOD    ABS CHANGE   REL CHANGE  ALGO  TIME  TOTAL TIME
     1 -0.47201124D+05    0.0000000    0.0000000  EM    0.71     0.7
     2 -0.43012691D+05 4188.4321512    0.0887359  EM   42.67    43.4
     3 -0.42882008D+05  130.6834624    0.0030383  EM   11.60    55.0
     4 -0.42825482D+05   56.5255417    0.0013182  EM    1.67    56.7
     5 -0.42794792D+05   30.6906306    0.0007166  EM    1.38    58.0
     6 -0.42776345D+05   18.4469138    0.0004311  EM    1.21    59.2
     7 -0.42764214D+05   12.1310449    0.0002836  EM    1.10    60.3
     8 -0.42755493D+05    8.7211111    0.0002039  EM    1.07    61.4
     9 -0.42748705D+05    6.7875628    0.0001588  EM    1.12    62.5
    10 -0.42743086D+05    5.6189325    0.0001314  EM    0.99    63.5
    11 -0.42738229D+05    4.8576789    0.0001136  EM    1.07    64.6
    12 -0.42733906D+05    4.3230119    0.0001012  EM    1.06    65.7
    13 -0.42729984D+05    3.9217418    0.0000918  EM    0.85    66.5
    14 -0.42726379D+05    3.6043323    0.0000844  EM    0.80    67.3
    15 -0.42723036D+05    3.3433091    0.0000782  EM    1.00    68.3
    16 -0.42719914D+05    3.1226547    0.0000731  EM    0.91    69.2
    17 -0.42716981D+05    2.9324873    0.0000686  EM    1.00    70.2
    18 -0.42714215D+05    2.7664079    0.0000648  EM    0.84    71.1
    19 -0.42711595D+05    2.6198477    0.0000613  EM    0.83    71.9
    20 -0.42709105D+05    2.4894373    0.0000583  EM    0.81    72.7
    21 -0.42706733D+05    2.3723732    0.0000555  EM    0.83    73.5
    22 -0.42704467D+05    2.2663678    0.0000531  EM    0.89    74.4
    23 -0.42702297D+05    2.1693956    0.0000508  EM    0.93    75.3
    24 -0.42700218D+05    2.0796645    0.0000487  EM    0.88    76.2
    25 -0.42698222D+05    1.9956506    0.0000467  EM    0.92    77.1
    26 -0.42696306D+05    1.9159850    0.0000449  EM    0.92    78.1
    27 -0.42694466D+05    1.8395649    0.0000431  EM    0.90    79.0
    28 -0.42692701D+05    1.7654974    0.0000414  EM    0.88    79.8
    29 -0.42691008D+05    1.6930498    0.0000397  EM    1.00    80.8
    30 -0.42689386D+05    1.6217377    0.0000380  EM    0.96    81.8
    31 -0.42687835D+05    1.5512290    0.0000363  EM    0.88    82.7
    32 -0.42686353D+05    1.4813609    0.0000347  EM    0.80    83.5
    33 -0.42684941D+05    1.4121013    0.0000331  EM    0.76    84.2
    34 -0.42683598D+05    1.3435387    0.0000315  EM    0.82    85.1
    35 -0.42682322D+05    1.2758439    0.0000299  EM    0.76    85.8
    36 -0.42681113D+05    1.2092432    0.0000283  EM  148.45   234.3

  IT APPEARS THAT ACCELERATING ITERATIONS LABELED AS FS AND QN IN THE
  ITERATIONS SHOWN ON THE SCREEN ARE TAKING A LONG TIME.  USING THE
  OPTION ALGORITHM=EM IN THE ANALYSIS COMMAND MAY IMPROVE THE SPEED OF
  THE COMPUTATION.

    37 -0.42679969D+05    1.1440049    0.0000268  EM    0.69   235.0
    38 -0.42678888D+05    1.0804048    0.0000253  EM    0.73   235.7
    39 -0.42677870D+05    1.0187145    0.0000239  EM    0.79   236.5
    40 -0.42676910D+05    0.9591832    0.0000225  EM    0.78   237.3
    41 -0.42676008D+05    0.9020293    0.0000211  EM    0.72   238.0
    42 -0.42675161D+05    0.8474320    0.0000199  EM    0.71   238.7
    43 -0.42674365D+05    0.7955259    0.0000186  EM    0.68   239.4
    44 -0.42673619D+05    0.7464017    0.0000175  EM    0.75   240.1
    45 -0.42672919D+05    0.7001077    0.0000164  EM    0.67   240.8
    46 -0.42672262D+05    0.6566533    0.0000154  EM    0.66   241.5
    47 -0.42671646D+05    0.6160117    0.0000144  EM    0.71   242.2
    48 -0.42671068D+05    0.5781270    0.0000135  EM    0.80   243.0
    49 -0.42670525D+05    0.5429147    0.0000127  EM    0.77   243.8
    50 -0.42670015D+05    0.5102801    0.0000120  EM    0.73   244.5
    51 -0.42669535D+05    0.4801009    0.0000113  EM    0.65   245.1
    52 -0.42669083D+05    0.4522573    0.0000106  EM    0.69   245.8
    53 -0.42668656D+05    0.4266137    0.0000100  EM    0.75   246.6
    54 -0.42668253D+05    0.4030349    0.0000094  EM    0.86   247.4
    55 -0.42667872D+05    0.3813866    0.0000089  EM    0.74   248.2
    56 -0.42667510D+05    0.3615346    0.0000085  EM    0.69   248.9
    57 -0.42667167D+05    0.3433473    0.0000080  EM    0.79   249.6
    58 -0.42666840D+05    0.3267061    0.0000077  EM    0.75   250.4
    59 -0.42666528D+05    0.3114762    0.0000073  EM    0.75   251.1
    60 -0.42666231D+05    0.2975582    0.0000070  EM    0.79   251.9
    61 -0.42661034D+05    5.1970996    0.0001218  QN    2.58   254.5
    62 -0.42658569D+05    2.4652922    0.0000578  EM    0.98   255.5
    63 -0.42657862D+05    0.7069527    0.0000166  EM    0.86   256.4
    64 -0.42657330D+05    0.5318353    0.0000125  EM    0.81   257.2
    65 -0.42656895D+05    0.4350131    0.0000102  EM    0.96   258.1
    66 -0.42656520D+05    0.3751516    0.0000088  EM    1.08   259.2
    67 -0.42656184D+05    0.3353028    0.0000079  EM    0.88   260.1
    68 -0.42655877D+05    0.3071061    0.0000072  EM    0.87   261.0
    69 -0.42655591D+05    0.2861711    0.0000067  EM    0.84   261.8
    70 -0.42655321D+05    0.2700619    0.0000063  EM    0.85   262.7
    71 -0.42655064D+05    0.2573692    0.0000060  EM    0.77   263.4
    72 -0.42654816D+05    0.2472307    0.0000058  EM    0.84   264.3
    73 -0.42654577D+05    0.2390885    0.0000056  EM    0.89   265.2
    74 -0.42654345D+05    0.2325877    0.0000055  EM    0.74   265.9
    75 -0.42652222D+05    2.1223171    0.0000498  QN    4.25   270.1
    76 -0.42650779D+05    1.4430811    0.0000338  EM    1.03   271.2
    77 -0.42650094D+05    0.6855615    0.0000161  EM    0.88   272.1
    78 -0.42649555D+05    0.5383300    0.0000126  EM    0.87   272.9
    79 -0.42649086D+05    0.4693738    0.0000110  EM    0.93   273.9
    80 -0.42648651D+05    0.4346040    0.0000102  EM    1.35   275.2
    81 -0.42648234D+05    0.4172824    0.0000098  EM    5.30   280.5
    82 -0.42647824D+05    0.4099402    0.0000096  EM    1.55   282.1
    83 -0.42647416D+05    0.4084031    0.0000096  EM    1.14   283.2
    84 -0.42647005D+05    0.4105841    0.0000096  EM    0.92   284.1
    85 -0.42646590D+05    0.4152518    0.0000097  EM    1.25   285.4
    86 -0.42646168D+05    0.4216031    0.0000099  EM    0.93   286.3
    87 -0.42645739D+05    0.4291412    0.0000101  EM    0.95   287.3
    88 -0.42645302D+05    0.4375082    0.0000103  EM    0.94   288.2
    89 -0.42642014D+05    3.2876366    0.0000771  QN    7.70   295.9
    90 -0.42638774D+05    3.2396283    0.0000760  EM  229.89   525.8
    91 -0.42638360D+05    0.4143439    0.0000097  EM   95.94   621.7
    92 -0.42635448D+05    2.9116939    0.0000683  EM   94.55   716.3
    93 -0.42634323D+05    1.1257782    0.0000264  EM  139.93   856.2
    94 -0.42633530D+05    0.7928510    0.0000186  EM  126.09   982.3
    95 -0.42632853D+05    0.6770332    0.0000159  EM  111.30  1093.6
    96 -0.42632240D+05    0.6124172    0.0000144  EM  115.99  1209.6
    97 -0.42631681D+05    0.5594895    0.0000131  EM   92.84  1302.4
    98 -0.42631163D+05    0.5181764    0.0000122  EM  493.47  1795.9
    99 -0.42630679D+05    0.4840658    0.0000114  EM   77.32  1873.2
   100 -0.42630223D+05    0.4555159    0.0000107  EM   81.18  1954.4
   101 -0.42629791D+05    0.4317103    0.0000101  EM   81.34  2035.8
   102 -0.42629386D+05    0.4056712    0.0000095  EM  105.45  2141.2
   103 -0.42628997D+05    0.3885528    0.0000091  EM   91.32  2232.5
   104 -0.42628629D+05    0.3681251    0.0000086  EM  121.64  2354.2
   105 -0.42628272D+05    0.3571375    0.0000084  EM  100.76  2454.9
   106 -0.42627920D+05    0.3520916    0.0000083  EM  107.98  2562.9
   107 -0.42627576D+05    0.3437010    0.0000081  EM  108.04  2670.9
   108 -0.42625371D+05    2.2054063    0.0000517  QN    3.51  2674.5
   109 -0.42623924D+05    1.4465361    0.0000339  EM  132.59  2807.0

  IT APPEARS THAT ACCELERATING ITERATIONS LABELED AS FS AND QN IN THE
  ITERATIONS SHOWN ON THE SCREEN ARE TAKING A LONG TIME.  USING THE
  OPTION ALGORITHM=EM IN THE ANALYSIS COMMAND MAY IMPROVE THE SPEED OF
  THE COMPUTATION.

   110 -0.42622924D+05    1.0003194    0.0000235  EM  105.39  2912.4
   111 -0.42622285D+05    0.6387753    0.0000150  EM  105.16  3017.6
   112 -0.42621664D+05    0.6207702    0.0000146  EM  134.98  3152.6
   113 -0.42621014D+05    0.6505035    0.0000153  EM  109.24  3261.8
   114 -0.42620318D+05    0.6956848    0.0000163  EM  159.35  3421.2
   115 -0.42619517D+05    0.8012760    0.0000188  EM  119.70  3540.9
   116 -0.42618610D+05    0.9064369    0.0000213  EM  109.81  3650.7
   117 -0.42617535D+05    1.0756003    0.0000252  EM  121.71  3772.4
   118 -0.42616273D+05    1.2622115    0.0000296  EM  111.43  3883.8
   119 -0.42614730D+05    1.5426468    0.0000362  EM  136.06  4019.9
   120 -0.42612837D+05    1.8933655    0.0000444  EM  123.06  4142.9
   121 -0.42610457D+05    2.3796003    0.0000558  EM  129.62  4272.5
   122 -0.42607449D+05    3.0077687    0.0000706  EM  126.93  4399.5
   123 -0.42603607D+05    3.8417303    0.0000902  EM  116.03  4515.5
   124 -0.42598655D+05    4.9524990    0.0001162  EM  103.96  4619.5
   125 -0.42592505D+05    6.1495775    0.0001444  EM  118.03  4737.5
   126 -0.42584941D+05    7.5642541    0.0001776  EM  102.37  4839.9
   127 -0.42576636D+05    8.3048869    0.0001950  EM  134.29  4974.1
   128 -0.42569000D+05    7.6357030    0.0001793  EM  113.17  5087.3
   129 -0.42565651D+05    3.3494400    0.0000787  EM  125.37  5212.7
   130 -0.42571125D+05   -5.4741617   -0.0001286  EM  113.79  5326.5
   131 -0.42587779D+05  -16.6536178   -0.0003912  EM  120.78  5447.3
   132 -0.42606763D+05  -18.9839483   -0.0004458  EM  476.65  5923.9
   133 -0.42623786D+05  -17.0227512   -0.0003995  EM   87.38  6011.3
   134 -0.42633485D+05   -9.6996862   -0.0002276  EM   83.43  6094.7
   135 -0.42643144D+05   -9.6590008   -0.0002266  EM   95.34  6190.1
   136 -0.42645084D+05   -1.9401078   -0.0000455  EM  143.92  6334.0
   137 -0.42647599D+05   -2.5149900   -0.0000590  EM  113.78  6447.8
   138 -0.42716881D+05  -69.2818565   -0.0016245  EM   86.66  6534.4
   139 -0.48551393D+05 ************   -0.1365856  EM    0.92  6535.3
   140 -0.42681668D+05 5869.7250352    0.1208972  EM  116.60  6651.9

  IT APPEARS THAT ACCELERATING ITERATIONS LABELED AS FS AND QN IN THE
  ITERATIONS SHOWN ON THE SCREEN ARE TAKING A LONG TIME.  USING THE
  OPTION ALGORITHM=EM IN THE ANALYSIS COMMAND MAY IMPROVE THE SPEED OF
  THE COMPUTATION.

   141 -0.42669840D+05   11.8274901    0.0002771  EM   96.52  6748.5
   142 -0.42665307D+05    4.5330839    0.0001062  EM  113.11  6861.6
   143 -0.42662425D+05    2.8820845    0.0000676  EM   90.27  6951.9
   144 -0.42660490D+05    1.9348658    0.0000454  EM  111.35  7063.2
   145 -0.42659109D+05    1.3815908    0.0000324  EM   88.19  7151.4
   146 -0.42658055D+05    1.0535396    0.0000247  EM  479.17  7630.6
   147 -0.42657223D+05    0.8326277    0.0000195  EM   76.34  7706.9
   148 -0.42656526D+05    0.6964394    0.0000163  EM   86.48  7793.4
   149 -0.42655918D+05    0.6082871    0.0000143  EM  183.57  7977.0
   150 -0.42655362D+05    0.5558499    0.0000130  EM   88.88  8065.8
   151 -0.42654808D+05    0.5541692    0.0000130  EM  107.44  8173.3
   152 -0.42654214D+05    0.5934136    0.0000139  EM   22.61  8195.9
   153 -0.42653687D+05    0.5274691    0.0000124  EM    5.67  8201.6
   154 -0.42653170D+05    0.5169945    0.0000121  EM    3.49  8205.1
   155 -0.42652657D+05    0.5128153    0.0000120  EM    2.78  8207.8
   156 -0.42652145D+05    0.5122958    0.0000120  EM    2.65  8210.5
   157 -0.42651630D+05    0.5145718    0.0000121  EM    2.94  8213.4
   158 -0.42651111D+05    0.5190698    0.0000122  EM    1.04  8214.5
   159 -0.42650586D+05    0.5253369    0.0000123  EM    1.13  8215.6
   160 -0.42650053D+05    0.5329846    0.0000125  EM    1.10  8216.7
   161 -0.42649511D+05    0.5416662    0.0000127  EM    1.01  8217.7
   162 -0.42648960D+05    0.5510717    0.0000129  EM    0.93  8218.6
   163 -0.42648399D+05    0.5609155    0.0000132  EM    0.88  8219.5
   164 -0.42647828D+05    0.5709438    0.0000134  EM    0.88  8220.4
   165 -0.42647247D+05    0.5809274    0.0000136  EM    0.95  8221.3
   166 -0.42646657D+05    0.5906851    0.0000139  EM    1.04  8222.4
   167 -0.42646057D+05    0.6000603    0.0000141  EM    1.04  8223.4
   168 -0.42645448D+05    0.6089473    0.0000143  EM    1.11  8224.5
   169 -0.42644830D+05    0.6172839    0.0000145  EM    0.87  8225.4
   170 -0.42644205D+05    0.6250323    0.0000147  EM    0.85  8226.2
   171 -0.42643573D+05    0.6321964    0.0000148  EM    0.77  8227.0
   172 -0.42642934D+05    0.6387993    0.0000150  EM    0.78  8227.8
   173 -0.42642289D+05    0.6449040    0.0000151  EM    0.74  8228.5
   174 -0.42641639D+05    0.6505598    0.0000153  EM    0.73  8229.3
   175 -0.42640983D+05    0.6558471    0.0000154  EM    0.76  8230.0
   176 -0.42640322D+05    0.6608398    0.0000155  EM    0.77  8230.8
   177 -0.42639657D+05    0.6656179    0.0000156  EM    0.68  8231.5
   178 -0.42638986D+05    0.6702624    0.0000157  EM    0.71  8232.2
   179 -0.42638311D+05    0.6748554    0.0000158  EM    0.79  8233.0
   180 -0.42637632D+05    0.6794792    0.0000159  EM    0.73  8233.7
   181 -0.42636948D+05    0.6842166    0.0000160  EM    0.70  8234.4
   182 -0.42636259D+05    0.6891422    0.0000162  EM    0.70  8235.1
   183 -0.42635564D+05    0.6943185    0.0000163  EM    0.70  8235.8
   184 -0.42634865D+05    0.6997819    0.0000164  EM    0.77  8236.6
   185 -0.42634159D+05    0.7055356    0.0000165  EM    0.74  8237.3
   186 -0.42633447D+05    0.7115166    0.0000167  EM    0.74  8238.0
   187 -0.42632730D+05    0.7175908    0.0000168  EM    0.71  8238.8
   188 -0.42632006D+05    0.7235339    0.0000170  EM    0.80  8239.6
   189 -0.42631277D+05    0.7290457    0.0000171  EM    0.77  8240.3
   190 -0.42630544D+05    0.7337657    0.0000172  EM    1.27  8241.6
   191 -0.42629806D+05    0.7372984    0.0000173  EM    7.26  8248.8
   192 -0.42629067D+05    0.7393777    0.0000173  EM    3.02  8251.9
   193 -0.42628327D+05    0.7397075    0.0000174  EM    1.36  8253.2
   194 -0.42621753D+05    6.5741718    0.0001542  QN   12.22  8265.5
   195 -0.42619570D+05    2.1834029    0.0000512  EM    4.75  8270.2
   196 -0.42619064D+05    0.5053434    0.0000119  EM    1.61  8271.8
   197 -0.42618636D+05    0.4278483    0.0000100  EM    1.94  8273.8
   198 -0.42618234D+05    0.4023283    0.0000094  EM    1.18  8274.9
   199 -0.42617853D+05    0.3812608    0.0000089  EM    1.35  8276.3
   200 -0.42617489D+05    0.3636169    0.0000085  EM    1.26  8277.5
   201 -0.42617140D+05    0.3492791    0.0000082  EM    1.11  8278.6
   202 -0.42616802D+05    0.3375570    0.0000079  EM   78.48  8357.1

  IT APPEARS THAT ACCELERATING ITERATIONS LABELED AS FS AND QN IN THE
  ITERATIONS SHOWN ON THE SCREEN ARE TAKING A LONG TIME.  USING THE
  OPTION ALGORITHM=EM IN THE ANALYSIS COMMAND MAY IMPROVE THE SPEED OF
  THE COMPUTATION.

   203 -0.42616475D+05    0.3276960    0.0000077  EM    0.76  8357.9
   204 -0.42616155D+05    0.3191419    0.0000075  EM    0.78  8358.7
   205 -0.42615844D+05    0.3115150    0.0000073  EM    0.71  8359.4
   206 -0.42615539D+05    0.3045735    0.0000071  EM    1.09  8360.5
   207 -0.42615241D+05    0.2981679    0.0000070  EM    4.69  8365.2
   208 -0.42614949D+05    0.2922126    0.0000069  EM    1.21  8366.4
   209 -0.42614662D+05    0.2866328    0.0000067  EM    0.98  8367.4
   210 -0.42614381D+05    0.2814223    0.0000066  EM    1.00  8368.3
   211 -0.42614104D+05    0.2765664    0.0000065  EM    1.00  8369.3
   212 -0.42613832D+05    0.2720651    0.0000064  EM    0.81  8370.2
   213 -0.42613564D+05    0.2679465    0.0000063  EM    0.82  8371.0
   214 -0.42613300D+05    0.2642388    0.0000062  EM    1.71  8372.7
   215 -0.42613039D+05    0.2609742    0.0000061  EM    7.00  8379.7
   216 -0.42612781D+05    0.2582335    0.0000061  EM    2.75  8382.4
   217 -0.42612525D+05    0.2560456    0.0000060  EM    1.19  8383.6
   218 -0.42612270D+05    0.2544792    0.0000060  EM    0.96  8384.6
   219 -0.42612017D+05    0.2536108    0.0000060  EM    1.31  8385.9
   220 -0.42611763D+05    0.2534904    0.0000059  EM    0.91  8386.8
   221 -0.42611509D+05    0.2541945    0.0000060  EM    0.88  8387.7
   222 -0.42611253D+05    0.2557505    0.0000060  EM    0.89  8388.6
   223 -0.42610995D+05    0.2581795    0.0000061  EM    0.95  8389.5
   224 -0.42610734D+05    0.2614657    0.0000061  EM    0.92  8390.4
   225 -0.42610468D+05    0.2655316    0.0000062  EM    1.06  8391.5
   226 -0.42610198D+05    0.2702342    0.0000063  EM    1.19  8392.7
   227 -0.42609923D+05    0.2753505    0.0000065  EM    1.21  8393.9
   228 -0.42609642D+05    0.2805666    0.0000066  EM    1.07  8395.0
   229 -0.42609357D+05    0.2854813    0.0000067  EM    1.06  8396.0
   230 -0.42609067D+05    0.2896317    0.0000068  EM    1.12  8397.2
   231 -0.42608774D+05    0.2925188    0.0000069  EM    0.97  8398.1
   232 -0.42608481D+05    0.2936573    0.0000069  EM    1.07  8399.2
   233 -0.42608188D+05    0.2926314    0.0000069  EM    1.33  8400.5
   234 -0.42607899D+05    0.2891521    0.0000068  EM    0.96  8401.5
   235 -0.42607616D+05    0.2830781    0.0000066  EM    1.13  8402.6
   236 -0.42607341D+05    0.2744564    0.0000064  EM    1.35  8404.0
   237 -0.42607078D+05    0.2634977    0.0000062  EM    1.23  8405.2
   238 -0.42606827D+05    0.2505532    0.0000059  EM    1.32  8406.5
   239 -0.42606591D+05    0.2360668    0.0000055  EM    1.16  8407.7
   240 -0.42606371D+05    0.2205206    0.0000052  EM    1.24  8408.9
   241 -0.42606166D+05    0.2043889    0.0000048  EM    1.60  8410.5
   242 -0.42605978D+05    0.1881031    0.0000044  EM    9.32  8419.9
   243 -0.42605806D+05    0.1720169    0.0000040  EM    4.88  8424.7
   244 -0.42605650D+05    0.1564117    0.0000037  EM    1.98  8426.7
   245 -0.42605508D+05    0.1414922    0.0000033  EM    2.07  8428.8
   246 -0.42605381D+05    0.1273826    0.0000030  EM    1.95  8430.7
   247 -0.42605267D+05    0.1141494    0.0000027  EM   10.70  8441.4
   248 -0.42605165D+05    0.1018242    0.0000024  EM    4.54  8446.0
   249 -0.42605075D+05    0.0903930    0.0000021  EM    1.47  8447.4
   250 -0.42604995D+05    0.0798248    0.0000019  EM    1.44  8448.9
   251 -0.42604925D+05    0.0700757    0.0000016  EM    1.31  8450.2
   252 -0.42604864D+05    0.0610904    0.0000014  EM    1.17  8451.4
   253 -0.42604811D+05    0.0528228    0.0000012  EM   71.61  8523.0

  IT APPEARS THAT ACCELERATING ITERATIONS LABELED AS FS AND QN IN THE
  ITERATIONS SHOWN ON THE SCREEN ARE TAKING A LONG TIME.  USING THE
  OPTION ALGORITHM=EM IN THE ANALYSIS COMMAND MAY IMPROVE THE SPEED OF
  THE COMPUTATION.

   254 -0.42604766D+05    0.0451974    0.0000011  EM    1.41  8524.4
   255 -0.42604727D+05    0.0381768    0.0000009  EM    4.67  8529.0
   256 -0.42604696D+05    0.0317041    0.0000007  EM    2.84  8531.9
   257 -0.42604670D+05    0.0257397    0.0000006  EM    4.62  8536.5
   258 -0.42604650D+05    0.0202234    0.0000005  EM    2.67  8539.2
   259 -0.42604635D+05    0.0151394    0.0000004  EM    1.63  8540.8
   260 -0.42604624D+05    0.0104415    0.0000002  EM    4.79  8545.6
   261 -0.42604618D+05    0.0060935    0.0000001  EM    3.02  8548.6
   262 -0.42604616D+05    0.0020752    0.0000000  EM    1.29  8549.9
   263 -0.42604618D+05   -0.0016370    0.0000000  EM    1.03  8550.9
     Parameters         205       198       197       202       206
     Derivatives   0.26D+00 -0.20D+00 -0.17D+00 -0.15D+00  0.15D+00
   264 -0.42604623D+05   -0.0050742   -0.0000001  EM    1.00  8551.9
     Parameters         205       198       197       202       206
     Derivatives   0.25D+00 -0.20D+00 -0.17D+00 -0.15D+00  0.15D+00
   265 -0.42604631D+05   -0.0082551   -0.0000002  EM    1.09  8553.0
     Parameters         205       198       197       202       206
     Derivatives   0.25D+00 -0.20D+00 -0.17D+00 -0.15D+00  0.14D+00
   266 -0.42604642D+05   -0.0111958   -0.0000003  EM    1.03  8554.0
     Parameters         205       198       197       202       206
     Derivatives   0.25D+00 -0.20D+00 -0.17D+00 -0.15D+00  0.14D+00
   267 -0.42604656D+05   -0.0139187   -0.0000003  EM    1.03  8555.1
     Parameters         205       198       197       202       206
     Derivatives   0.24D+00 -0.19D+00 -0.16D+00 -0.15D+00  0.14D+00
   268 -0.42604673D+05   -0.0164349   -0.0000004  EM    1.07  8556.1
     Parameters         205       198       197       202       206
     Derivatives   0.24D+00 -0.19D+00 -0.16D+00 -0.15D+00  0.14D+00
   269 -0.42604691D+05   -0.0187647   -0.0000004  EM    1.01  8557.1
     Parameters         205       198       197       202       206
     Derivatives   0.24D+00 -0.19D+00 -0.16D+00 -0.15D+00  0.14D+00
   270 -0.42604712D+05   -0.0209125   -0.0000005  EM    0.94  8558.1
     Parameters         205       198       197       202       206
     Derivatives   0.24D+00 -0.19D+00 -0.16D+00 -0.15D+00  0.13D+00
   271 -0.42604735D+05   -0.0229013   -0.0000005  EM    0.87  8559.0
     Parameters         205       198       197       202       206
     Derivatives   0.23D+00 -0.18D+00 -0.15D+00 -0.15D+00  0.13D+00
   272 -0.42604760D+05   -0.0247369   -0.0000006  EM    1.29  8560.2
     Parameters         205       198       197       202       206
     Derivatives   0.23D+00 -0.18D+00 -0.15D+00 -0.15D+00  0.13D+00
   273 -0.42604786D+05   -0.0264273   -0.0000006  EM    5.04  8565.3
     Parameters         205       198       197       202       206
     Derivatives   0.23D+00 -0.18D+00 -0.15D+00 -0.15D+00  0.13D+00
   274 -0.42604814D+05   -0.0279957   -0.0000007  EM    2.88  8568.2
     Parameters         205       198       197       202       206
     Derivatives   0.23D+00 -0.18D+00 -0.15D+00 -0.15D+00  0.13D+00
   275 -0.42604844D+05   -0.0294306   -0.0000007  EM    1.88  8570.0
     Parameters         205       198       197       202       206
     Derivatives   0.22D+00 -0.18D+00 -0.15D+00 -0.15D+00  0.13D+00
   276 -0.42604874D+05   -0.0307615   -0.0000007  EM    1.35  8571.4
     Parameters         205       198       197       202       206
     Derivatives   0.22D+00 -0.18D+00 -0.15D+00 -0.15D+00  0.13D+00
   277 -0.42604906D+05   -0.0319823   -0.0000008  EM    1.78  8573.2
     Parameters         205       198       202       197       206
     Derivatives   0.22D+00 -0.17D+00 -0.14D+00 -0.14D+00  0.13D+00
   278 -0.42604940D+05   -0.0331051   -0.0000008  EM    5.80  8579.0
     Parameters         205       198       202       197       206
     Derivatives   0.22D+00 -0.17D+00 -0.14D+00 -0.14D+00  0.13D+00
   279 -0.42604974D+05   -0.0341398   -0.0000008  EM    3.44  8582.4
     Parameters         205       198       202       197       206
     Derivatives   0.22D+00 -0.17D+00 -0.14D+00 -0.14D+00  0.12D+00
   280 -0.42605009D+05   -0.0350878   -0.0000008  EM    2.17  8584.6
     Parameters         205       198       202       197       206
     Derivatives   0.22D+00 -0.17D+00 -0.14D+00 -0.14D+00  0.12D+00
   281 -0.42605045D+05   -0.0359605   -0.0000008  EM   14.78  8599.4
     Parameters         205       198       202       197       206
     Derivatives   0.21D+00 -0.17D+00 -0.14D+00 -0.14D+00  0.12D+00
   282 -0.42605082D+05   -0.0367622   -0.0000009  EM    5.93  8605.3
     Parameters         205       198       202       197       206
     Derivatives   0.21D+00 -0.17D+00 -0.14D+00 -0.14D+00  0.12D+00
   283 -0.42605119D+05   -0.0374941   -0.0000009  EM    6.64  8611.9
     Parameters         205       198       202       197       206
     Derivatives   0.21D+00 -0.17D+00 -0.14D+00 -0.14D+00  0.12D+00
   284 -0.42605157D+05   -0.0381698   -0.0000009  EM    4.13  8616.1
     Parameters         205       198       202       197       206
     Derivatives   0.21D+00 -0.16D+00 -0.14D+00 -0.14D+00  0.12D+00
   285 -0.42605196D+05   -0.0387893   -0.0000009  EM    1.77  8617.8
     Parameters         205       198       202       197       206
     Derivatives   0.21D+00 -0.16D+00 -0.14D+00 -0.13D+00  0.12D+00
   286 -0.42605235D+05   -0.0393485   -0.0000009  EM    2.05  8619.9
     Parameters         205       198       202       197       206
     Derivatives   0.21D+00 -0.16D+00 -0.14D+00 -0.13D+00  0.12D+00
   287 -0.42605275D+05   -0.0398693   -0.0000009  EM    6.71  8626.6
     Parameters         205       198       202       197       206
     Derivatives   0.21D+00 -0.16D+00 -0.14D+00 -0.13D+00  0.12D+00
   288 -0.42605316D+05   -0.0403416   -0.0000009  EM    4.07  8630.7
     Parameters         205       198       202       197       206
     Derivatives   0.21D+00 -0.16D+00 -0.14D+00 -0.13D+00  0.12D+00
   289 -0.42605356D+05   -0.0407777   -0.0000010  EM    7.37  8638.0
     Parameters         205       198       202       197       206
     Derivatives   0.21D+00 -0.16D+00 -0.14D+00 -0.13D+00  0.12D+00
   290 -0.42605397D+05   -0.0411745   -0.0000010  EM    4.82  8642.9
     Parameters         205       198       202       197       206
     Derivatives   0.21D+00 -0.16D+00 -0.14D+00 -0.13D+00  0.12D+00
   291 -0.42605439D+05   -0.0415380   -0.0000010  EM    8.83  8651.7
     Parameters         205       198       202       197       206
     Derivatives   0.20D+00 -0.16D+00 -0.14D+00 -0.13D+00  0.12D+00
   292 -0.42605481D+05   -0.0418690   -0.0000010  EM    4.25  8655.9
     Parameters         205       198       202       197       206
     Derivatives   0.20D+00 -0.16D+00 -0.14D+00 -0.13D+00  0.12D+00
   293 -0.42605523D+05   -0.0421778   -0.0000010  EM    8.20  8664.1
     Parameters         205       198       202       197       206
     Derivatives   0.20D+00 -0.16D+00 -0.14D+00 -0.13D+00  0.12D+00
   294 -0.42605566D+05   -0.0424647   -0.0000010  EM   12.04  8676.2
     Parameters         205       198       202       197       206
     Derivatives   0.20D+00 -0.16D+00 -0.14D+00 -0.13D+00  0.12D+00
   295 -0.42605608D+05   -0.0427012   -0.0000010  EM    6.22  8682.4
     Parameters         205       198       202       197       206
     Derivatives   0.20D+00 -0.15D+00 -0.14D+00 -0.12D+00  0.12D+00
   296 -0.42605651D+05   -0.0429385   -0.0000010  EM    1.71  8684.1
     Parameters         205       198       202       197       206
     Derivatives   0.20D+00 -0.15D+00 -0.14D+00 -0.12D+00  0.12D+00
   297 -0.42605694D+05   -0.0431510   -0.0000010  EM    1.84  8685.9
     Parameters         205       198       202       197       206
     Derivatives   0.20D+00 -0.15D+00 -0.14D+00 -0.12D+00  0.11D+00
   298 -0.42605738D+05   -0.0433396   -0.0000010  EM    5.80  8691.7
     Parameters         205       198       202       197       206
     Derivatives   0.20D+00 -0.15D+00 -0.14D+00 -0.12D+00  0.11D+00
   299 -0.42605781D+05   -0.0435093   -0.0000010  EM    4.84  8696.6
     Parameters         205       198       202       197       206
     Derivatives   0.20D+00 -0.15D+00 -0.13D+00 -0.12D+00  0.11D+00
   300 -0.42605825D+05   -0.0436675   -0.0000010  EM    5.46  8702.0
     Parameters         205       198       202       197       206
     Derivatives   0.20D+00 -0.15D+00 -0.13D+00 -0.12D+00  0.11D+00
   301 -0.42605869D+05   -0.0438022   -0.0000010  EM    4.10  8706.2
     Parameters         205       198       202       197       206
     Derivatives   0.20D+00 -0.15D+00 -0.13D+00 -0.12D+00  0.11D+00
   302 -0.42605913D+05   -0.0439223   -0.0000010  EM    5.91  8712.1
     Parameters         205       198       202       197       206
     Derivatives   0.20D+00 -0.15D+00 -0.13D+00 -0.11D+00  0.11D+00
   303 -0.42605957D+05   -0.0440220   -0.0000010  EM    5.26  8717.3
     Parameters         205       198       202       197       206
     Derivatives   0.19D+00 -0.15D+00 -0.13D+00 -0.11D+00  0.11D+00
   304 -0.42606001D+05   -0.0441096   -0.0000010  EM    5.42  8722.7
     Parameters         205       198       202       197       206
     Derivatives   0.19D+00 -0.14D+00 -0.13D+00 -0.11D+00  0.11D+00
   305 -0.42606045D+05   -0.0441780   -0.0000010  EM    3.24  8726.0
     Parameters         205       198       202       206       197
     Derivatives   0.19D+00 -0.14D+00 -0.13D+00  0.11D+00 -0.11D+00
   306 -0.42606089D+05   -0.0442369   -0.0000010  EM  119.66  8845.6

  IT APPEARS THAT ACCELERATING ITERATIONS LABELED AS FS AND QN IN THE
  ITERATIONS SHOWN ON THE SCREEN ARE TAKING A LONG TIME.  USING THE
  OPTION ALGORITHM=EM IN THE ANALYSIS COMMAND MAY IMPROVE THE SPEED OF
  THE COMPUTATION.

     Parameters         205       198       202       206       197
     Derivatives   0.19D+00 -0.14D+00 -0.12D+00  0.11D+00 -0.11D+00
   307 -0.42606133D+05   -0.0442639   -0.0000010  EM    3.48  8849.1
     Parameters         205       198       202       206       197
     Derivatives   0.19D+00 -0.14D+00 -0.12D+00  0.11D+00 -0.11D+00
   308 -0.42606178D+05   -0.0442978   -0.0000010  EM    3.18  8852.3
     Parameters         205       198       202       206       197
     Derivatives   0.19D+00 -0.14D+00 -0.12D+00  0.11D+00 -0.10D+00
   309 -0.42606222D+05   -0.0442976   -0.0000010  EM    3.09  8855.4
     Parameters         205       198       202       206       197
     Derivatives   0.18D+00 -0.14D+00 -0.12D+00  0.11D+00 -0.10D+00
   310 -0.42606266D+05   -0.0442756   -0.0000010  EM    2.81  8858.2
     Parameters         205       198       202       206       197
     Derivatives   0.18D+00 -0.13D+00 -0.11D+00  0.11D+00 -0.99D-01
   311 -0.42606311D+05   -0.0442491   -0.0000010  EM    4.18  8862.4
     Parameters         205       198       202       206       197
     Derivatives   0.18D+00 -0.13D+00 -0.11D+00  0.11D+00 -0.96D-01
   312 -0.42606355D+05   -0.0441986   -0.0000010  EM    9.59  8872.0
     Parameters         205       198       202       206       197
     Derivatives   0.18D+00 -0.13D+00 -0.11D+00  0.11D+00 -0.94D-01
   313 -0.42606399D+05   -0.0441318   -0.0000010  EM    9.02  8881.0
     Parameters         205       198       202       206       197
     Derivatives   0.18D+00 -0.13D+00 -0.11D+00  0.10D+00 -0.91D-01
   314 -0.42606443D+05   -0.0440382   -0.0000010  EM   10.17  8891.2
     Parameters         205       198       202       206       197
     Derivatives   0.17D+00 -0.13D+00 -0.10D+00  0.10D+00 -0.88D-01
   315 -0.42606487D+05   -0.0439284   -0.0000010  EM    8.96  8900.1
     Parameters         205       198       206       202       207
     Derivatives   0.17D+00 -0.12D+00  0.10D+00 -0.10D+00  0.86D-01
   316 -0.42606531D+05   -0.0438022   -0.0000010  EM    2.34  8902.5
     Parameters         205       198       206       202       207
     Derivatives   0.17D+00 -0.12D+00  0.10D+00 -0.98D-01  0.85D-01
   317 -0.42606574D+05   -0.0436473   -0.0000010  EM    1.96  8904.4
     Parameters         205       198       206       202       207
     Derivatives   0.17D+00 -0.12D+00  0.10D+00 -0.95D-01  0.84D-01
   318 -0.42606618D+05   -0.0434736   -0.0000010  EM    2.63  8907.1
     Parameters         205       198       206       202       207
     Derivatives   0.16D+00 -0.12D+00  0.10D+00 -0.92D-01  0.82D-01
   319 -0.42606661D+05   -0.0432864   -0.0000010  EM   11.13  8918.2
     Parameters         205       198       206       202       207
     Derivatives   0.16D+00 -0.11D+00  0.99D-01 -0.88D-01  0.81D-01
   320 -0.42606704D+05   -0.0430657   -0.0000010  EM   10.96  8929.2
     Parameters         205       198       206       202       207
     Derivatives   0.16D+00 -0.11D+00  0.98D-01 -0.85D-01  0.80D-01
   321 -0.42606747D+05   -0.0428319   -0.0000010  EM    8.89  8938.1
     Parameters         205       198       206       202       207
     Derivatives   0.16D+00 -0.11D+00  0.97D-01 -0.81D-01  0.78D-01
   322 -0.42606789D+05   -0.0425781   -0.0000010  EM    7.73  8945.8
     Parameters         205       198       206       202       207
     Derivatives   0.15D+00 -0.11D+00  0.95D-01 -0.77D-01  0.77D-01
   323 -0.42606513D+05    0.2762486    0.0000065  QN   47.09  8992.9
   324 -0.42606539D+05   -0.0257761   -0.0000006  EM    7.63  9000.5
     Parameters         205       198       206       202       207
     Derivatives   0.12D+00 -0.71D-01  0.65D-01 -0.61D-01  0.58D-01
   325 -0.42606589D+05   -0.0501692   -0.0000012  EM    7.84  9008.3
     Parameters         205       198       202       206       207
     Derivatives   0.16D+00 -0.98D-01 -0.96D-01  0.89D-01  0.88D-01
   326 -0.42606643D+05   -0.0537691   -0.0000013  EM    5.45  9013.8
     Parameters         205       202       198       207       206
     Derivatives   0.18D+00 -0.11D+00 -0.11D+00  0.10D+00  0.10D+00
   327 -0.42606698D+05   -0.0547506   -0.0000013  EM    5.45  9019.2
     Parameters         205       202       198       207       206
     Derivatives   0.19D+00 -0.12D+00 -0.12D+00  0.11D+00  0.11D+00
   328 -0.42606753D+05   -0.0551734   -0.0000013  EM    3.38  9022.6
     Parameters         205       202       198       207       206
     Derivatives   0.20D+00 -0.13D+00 -0.13D+00  0.12D+00  0.11D+00
   329 -0.42606808D+05   -0.0554058   -0.0000013  EM    6.23  9028.8
     Parameters         205       202       198       207       206
     Derivatives   0.20D+00 -0.13D+00 -0.13D+00  0.12D+00  0.11D+00
   330 -0.42606864D+05   -0.0555031   -0.0000013  EM    6.05  9034.9
     Parameters         205       202       198       207       206
     Derivatives   0.20D+00 -0.13D+00 -0.13D+00  0.12D+00  0.11D+00
   331 -0.42606919D+05   -0.0554495   -0.0000013  EM    6.91  9041.8
     Parameters         205       202       198       207       206
     Derivatives   0.20D+00 -0.13D+00 -0.13D+00  0.12D+00  0.11D+00
   332 -0.42606975D+05   -0.0552823   -0.0000013  EM    6.50  9048.3
     Parameters         205       198       202       207       206
     Derivatives   0.20D+00 -0.13D+00 -0.12D+00  0.12D+00  0.11D+00
   333 -0.42607030D+05   -0.0549954   -0.0000013  EM    6.83  9055.1
     Parameters         205       198       202       207       206
     Derivatives   0.20D+00 -0.12D+00 -0.12D+00  0.12D+00  0.11D+00
   334 -0.42607084D+05   -0.0546197   -0.0000013  EM    7.19  9062.3
     Parameters         205       198       202       207       206
     Derivatives   0.19D+00 -0.12D+00 -0.12D+00  0.11D+00  0.11D+00
   335 -0.42607138D+05   -0.0541548   -0.0000013  EM    8.54  9070.9
     Parameters         205       198       207       206       202
     Derivatives   0.19D+00 -0.12D+00  0.11D+00  0.11D+00 -0.11D+00
   336 -0.42607192D+05   -0.0536359   -0.0000013  EM    7.37  9078.2
     Parameters         205       198       207       206       202
     Derivatives   0.18D+00 -0.12D+00  0.11D+00  0.11D+00 -0.11D+00
   337 -0.42607245D+05   -0.0530670   -0.0000012  EM    7.04  9085.3
     Parameters         205       198       206       207       202
     Derivatives   0.18D+00 -0.11D+00  0.11D+00  0.11D+00 -0.10D+00
   338 -0.42607297D+05   -0.0524512   -0.0000012  EM    7.78  9093.1
     Parameters         205       198       206       207       202
     Derivatives   0.18D+00 -0.11D+00  0.11D+00  0.11D+00 -0.94D-01
   339 -0.42607349D+05   -0.0518151   -0.0000012  EM    8.85  9101.9
     Parameters         205       198       206       207       202
     Derivatives   0.17D+00 -0.11D+00  0.11D+00  0.10D+00 -0.88D-01
   340 -0.42607400D+05   -0.0511496   -0.0000012  EM    6.87  9108.8
     Parameters         205       206       198       207       202
     Derivatives   0.17D+00  0.10D+00 -0.10D+00  0.10D+00 -0.82D-01
   341 -0.42607451D+05   -0.0504720   -0.0000012  EM    5.33  9114.1
     Parameters         205       206       198       207       208
     Derivatives   0.16D+00  0.10D+00 -0.99D-01  0.97D-01 -0.80D-01
   342 -0.42607501D+05   -0.0497856   -0.0000012  EM    7.37  9121.5
     Parameters         205       206       198       207       208
     Derivatives   0.16D+00  0.10D+00 -0.96D-01  0.94D-01 -0.79D-01
   343 -0.42607550D+05   -0.0490920   -0.0000012  EM    9.71  9131.2
     Parameters         205       206       198       207        73
     Derivatives   0.15D+00  0.99D-01 -0.92D-01  0.92D-01  0.81D-01
   344 -0.42607598D+05   -0.0484036   -0.0000011  EM    3.48  9134.7
     Parameters         205       206       198       207        73
     Derivatives   0.15D+00  0.97D-01 -0.89D-01  0.89D-01  0.83D-01
   345 -0.42607646D+05   -0.0477166   -0.0000011  EM    6.01  9140.7
     Parameters         205       206       207       198        73
     Derivatives   0.14D+00  0.96D-01  0.86D-01 -0.86D-01  0.85D-01
   346 -0.42607693D+05   -0.0470382   -0.0000011  EM    6.02  9146.7
     Parameters         205       206        73       207        90
     Derivatives   0.14D+00  0.95D-01  0.88D-01  0.84D-01  0.83D-01
   347 -0.42607739D+05   -0.0463631   -0.0000011  EM    6.13  9152.8
     Parameters         205       206        73        90       207
     Derivatives   0.13D+00  0.93D-01  0.90D-01  0.85D-01  0.82D-01
   348 -0.42607785D+05   -0.0457066   -0.0000011  EM    6.22  9159.1
     Parameters         205        73       206        90       207
     Derivatives   0.13D+00  0.93D-01  0.92D-01  0.87D-01  0.79D-01
   349 -0.42607830D+05   -0.0450627   -0.0000011  EM    5.42  9164.5
     Parameters         205        73       206        90       207
     Derivatives   0.13D+00  0.96D-01  0.91D-01  0.89D-01  0.77D-01
   350 -0.42607874D+05   -0.0444328   -0.0000010  EM    5.19  9169.7
     Parameters         205        73        90       206       207
     Derivatives   0.12D+00  0.98D-01  0.91D-01  0.90D-01  0.75D-01
   351 -0.42607918D+05   -0.0438249   -0.0000010  EM    5.16  9174.8
     Parameters         205        73        90       206       207
     Derivatives   0.12D+00  0.10D+00  0.93D-01  0.89D-01  0.73D-01
   352 -0.42607962D+05   -0.0432354   -0.0000010  EM    5.17  9180.0
     Parameters         205        73        90       206       208
     Derivatives   0.12D+00  0.10D+00  0.95D-01  0.88D-01 -0.72D-01
   353 -0.42608004D+05   -0.0426681   -0.0000010  EM    5.82  9185.8
     Parameters         205        73        90       206       208
     Derivatives   0.11D+00  0.11D+00  0.97D-01  0.87D-01 -0.71D-01
   354 -0.42608046D+05   -0.0421244   -0.0000010  EM    7.16  9193.0
     Parameters          73       205        90       206       208
     Derivatives   0.11D+00  0.11D+00  0.99D-01  0.87D-01 -0.71D-01
   355 -0.42608088D+05   -0.0416070   -0.0000010  EM    5.63  9198.6
     Parameters          73       205        90       206       208
     Derivatives   0.11D+00  0.11D+00  0.10D+00  0.86D-01 -0.71D-01
   356 -0.42608129D+05   -0.0411080   -0.0000010  EM    6.96  9205.6
     Parameters          73       205        90       206       208
     Derivatives   0.12D+00  0.10D+00  0.10D+00  0.86D-01 -0.71D-01
   357 -0.42608170D+05   -0.0406434   -0.0000010  EM    7.60  9213.2
     Parameters          73        90       205       206       208
     Derivatives   0.12D+00  0.11D+00  0.10D+00  0.85D-01 -0.71D-01
   358 -0.42608210D+05   -0.0402059   -0.0000009  EM    9.81  9223.0
     Parameters          73        90       205       206       208
     Derivatives   0.12D+00  0.11D+00  0.10D+00  0.85D-01 -0.71D-01
   359 -0.42608250D+05   -0.0397969   -0.0000009  EM  111.30  9334.3
     Parameters          73        90       205       206       153
     Derivatives   0.13D+00  0.11D+00  0.10D+00  0.85D-01  0.73D-01
   360 -0.42608289D+05   -0.0394103   -0.0000009  EM   10.58  9344.9
     Parameters          73        90       205       206       153
     Derivatives   0.13D+00  0.11D+00  0.99D-01  0.85D-01  0.75D-01
   361 -0.42608328D+05   -0.0390500   -0.0000009  EM    7.84  9352.7
     Parameters          73        90       205       206       153
     Derivatives   0.13D+00  0.12D+00  0.98D-01  0.86D-01  0.77D-01
   362 -0.42608367D+05   -0.0387345   -0.0000009  EM    7.58  9360.3
     Parameters          73        90       205       206       153
     Derivatives   0.14D+00  0.12D+00  0.97D-01  0.86D-01  0.80D-01
   363 -0.42608405D+05   -0.0384413   -0.0000009  EM    6.00  9366.3
     Parameters          73        90       205       206       153
     Derivatives   0.14D+00  0.12D+00  0.97D-01  0.87D-01  0.82D-01
   364 -0.42608443D+05   -0.0381608   -0.0000009  EM    6.09  9372.4
     Parameters          73        90       205       206       153
     Derivatives   0.15D+00  0.12D+00  0.98D-01  0.87D-01  0.85D-01
   365 -0.42608481D+05   -0.0379267   -0.0000009  EM    5.58  9378.0
     Parameters          73        90       205       206       153
     Derivatives   0.15D+00  0.13D+00  0.98D-01  0.88D-01  0.87D-01
   366 -0.42608519D+05   -0.0377233   -0.0000009  EM    6.49  9384.5
     Parameters          73        90       205       153       206
     Derivatives   0.15D+00  0.13D+00  0.99D-01  0.90D-01  0.89D-01
   367 -0.42608557D+05   -0.0375355   -0.0000009  EM    5.68  9390.1
     Parameters          73        90       205       153       206
     Derivatives   0.16D+00  0.13D+00  0.10D+00  0.92D-01  0.90D-01
   368 -0.42608594D+05   -0.0373838   -0.0000009  EM    5.98  9396.1
     Parameters          73        90       205       153       206
     Derivatives   0.16D+00  0.13D+00  0.10D+00  0.95D-01  0.91D-01
   369 -0.42608631D+05   -0.0372594   -0.0000009  EM    6.59  9402.7
     Parameters          73        90       205       153       206
     Derivatives   0.16D+00  0.14D+00  0.10D+00  0.98D-01  0.93D-01
   370 -0.42608668D+05   -0.0371638   -0.0000009  EM    7.31  9410.0
     Parameters          73        90       205       153       206
     Derivatives   0.17D+00  0.14D+00  0.11D+00  0.10D+00  0.94D-01
   371 -0.42608706D+05   -0.0370879   -0.0000009  EM    8.52  9418.5
     Parameters          73        90       205       153       206
     Derivatives   0.17D+00  0.14D+00  0.11D+00  0.10D+00  0.96D-01
   372 -0.42608743D+05   -0.0370373   -0.0000009  EM    9.79  9428.3
     Parameters          73        90       205       153       206
     Derivatives   0.18D+00  0.14D+00  0.11D+00  0.11D+00  0.98D-01
   373 -0.42608780D+05   -0.0370101   -0.0000009  EM   12.77  9441.1
     Parameters          73        90       205       153       206
     Derivatives   0.18D+00  0.15D+00  0.12D+00  0.11D+00  0.10D+00
   374 -0.42608817D+05   -0.0370043   -0.0000009  EM   10.82  9451.9
     Parameters          73        90       205       153       206
     Derivatives   0.19D+00  0.15D+00  0.12D+00  0.11D+00  0.10D+00
   375 -0.42608854D+05   -0.0370210   -0.0000009  EM   12.03  9463.9
     Parameters          73        90       205       153       206
     Derivatives   0.19D+00  0.15D+00  0.12D+00  0.12D+00  0.10D+00
   376 -0.42608891D+05   -0.0370535   -0.0000009  EM   10.54  9474.5
     Parameters          73        90       205       153       206
     Derivatives   0.19D+00  0.15D+00  0.13D+00  0.12D+00  0.11D+00
   377 -0.42608928D+05   -0.0371087   -0.0000009  EM    8.59  9483.1
     Parameters          73        90       205       153       206
     Derivatives   0.20D+00  0.16D+00  0.13D+00  0.12D+00  0.11D+00
   378 -0.42608965D+05   -0.0371763   -0.0000009  EM   11.45  9494.5
     Parameters          73        90       205       153       206
     Derivatives   0.20D+00  0.16D+00  0.14D+00  0.13D+00  0.11D+00
   379 -0.42609002D+05   -0.0372726   -0.0000009  EM    8.70  9503.2
     Parameters          73        90       205       153       177
     Derivatives   0.21D+00  0.16D+00  0.14D+00  0.13D+00 -0.11D+00
   380 -0.42609040D+05   -0.0373608   -0.0000009  EM    8.00  9511.2
     Parameters          73        90       205       153       177
     Derivatives   0.21D+00  0.17D+00  0.15D+00  0.13D+00 -0.12D+00
   381 -0.42609077D+05   -0.0374587   -0.0000009  EM   11.51  9522.7
     Parameters          73        90       205       153       177
     Derivatives   0.22D+00  0.17D+00  0.15D+00  0.14D+00 -0.12D+00
   382 -0.42609115D+05   -0.0375844   -0.0000009  EM    9.95  9532.7
     Parameters          73        90       205       153       206
     Derivatives   0.22D+00  0.17D+00  0.16D+00  0.14D+00  0.12D+00
   383 -0.42609152D+05   -0.0377137   -0.0000009  EM   10.13  9542.8
     Parameters          73        90       205       153       206
     Derivatives   0.23D+00  0.18D+00  0.17D+00  0.14D+00  0.13D+00
   384 -0.42609190D+05   -0.0378461   -0.0000009  EM   10.83  9553.6
     Parameters          73        90       205       153       207
     Derivatives   0.23D+00  0.18D+00  0.18D+00  0.15D+00  0.13D+00
   385 -0.42609228D+05   -0.0379893   -0.0000009  EM    9.87  9563.5
     Parameters          73       205        90       153       207
     Derivatives   0.24D+00  0.18D+00  0.18D+00  0.15D+00  0.14D+00
   386 -0.42609266D+05   -0.0381241   -0.0000009  EM   15.36  9578.8
     Parameters          73       205        90       153       207
     Derivatives   0.24D+00  0.19D+00  0.19D+00  0.15D+00  0.14D+00
   387 -0.42609305D+05   -0.0382724   -0.0000009  EM   11.59  9590.4
     Parameters          73       205        90       153       207
     Derivatives   0.25D+00  0.20D+00  0.19D+00  0.16D+00  0.15D+00
   388 -0.42609343D+05   -0.0384218   -0.0000009  EM   15.97  9606.4
     Parameters          73       205        90       153       207
     Derivatives   0.25D+00  0.21D+00  0.19D+00  0.16D+00  0.16D+00
   389 -0.42609382D+05   -0.0385657   -0.0000009  EM   15.27  9621.7
     Parameters          73       205        90       153       207
     Derivatives   0.26D+00  0.21D+00  0.20D+00  0.17D+00  0.16D+00
   390 -0.42609420D+05   -0.0387115   -0.0000009  EM   16.48  9638.2
     Parameters          73       205        90       207       153
     Derivatives   0.26D+00  0.22D+00  0.20D+00  0.17D+00  0.17D+00
   391 -0.42609459D+05   -0.0388496   -0.0000009  EM   15.40  9653.5
     Parameters          73       205        90       207       153
     Derivatives   0.27D+00  0.23D+00  0.20D+00  0.18D+00  0.17D+00
   392 -0.42609498D+05   -0.0389861   -0.0000009  EM   15.27  9668.8
     Parameters          73       205        90       207       153
     Derivatives   0.27D+00  0.24D+00  0.21D+00  0.18D+00  0.18D+00
   393 -0.42609537D+05   -0.0391158   -0.0000009  EM   13.81  9682.6
     Parameters          73       205        90       207       153
     Derivatives   0.28D+00  0.25D+00  0.21D+00  0.19D+00  0.18D+00
   394 -0.42609576D+05   -0.0392397   -0.0000009  EM   12.49  9695.1
     Parameters          73       205        90       207       153
     Derivatives   0.29D+00  0.26D+00  0.21D+00  0.20D+00  0.19D+00
   395 -0.42609616D+05   -0.0393533   -0.0000009  EM   12.27  9707.4
     Parameters          73       205        90       207       153
     Derivatives   0.29D+00  0.27D+00  0.22D+00  0.21D+00  0.19D+00
   396 -0.42609655D+05   -0.0394608   -0.0000009  EM   12.54  9719.9
     Parameters          73       205        90       207       153
     Derivatives   0.30D+00  0.27D+00  0.22D+00  0.21D+00  0.20D+00
   397 -0.42609695D+05   -0.0395583   -0.0000009  EM   10.47  9730.4
     Parameters          73       205        90       207       153
     Derivatives   0.30D+00  0.28D+00  0.23D+00  0.22D+00  0.20D+00
   398 -0.42609735D+05   -0.0396454   -0.0000009  EM   11.55  9742.0
     Parameters          73       205        90       207       153
     Derivatives   0.31D+00  0.29D+00  0.23D+00  0.23D+00  0.21D+00
   399 -0.42609774D+05   -0.0397208   -0.0000009  EM    9.93  9751.9
     Parameters          73       205       207        90       153
     Derivatives   0.32D+00  0.30D+00  0.24D+00  0.23D+00  0.21D+00
   400 -0.42609814D+05   -0.0397881   -0.0000009  EM   11.46  9763.3
     Parameters          73       205       207        90       153
     Derivatives   0.32D+00  0.31D+00  0.24D+00  0.24D+00  0.22D+00
   401 -0.42609854D+05   -0.0398442   -0.0000009  EM   12.42  9775.8
     Parameters          73       205       207        90       153
     Derivatives   0.33D+00  0.32D+00  0.25D+00  0.24D+00  0.22D+00
   402 -0.42609894D+05   -0.0398854   -0.0000009  EM   15.24  9791.0
     Parameters          73       205       207        90       153
     Derivatives   0.34D+00  0.32D+00  0.26D+00  0.25D+00  0.23D+00
   403 -0.42609934D+05   -0.0399120   -0.0000009  EM   13.64  9804.6
     Parameters          73       205       207        90       153
     Derivatives   0.34D+00  0.33D+00  0.26D+00  0.25D+00  0.23D+00
   404 -0.42609974D+05   -0.0399299   -0.0000009  EM   12.77  9817.4
     Parameters          73       205       207        90       153
     Derivatives   0.35D+00  0.34D+00  0.27D+00  0.26D+00  0.24D+00
   405 -0.42610014D+05   -0.0399317   -0.0000009  EM   15.34  9832.8
     Parameters          73       205       207        90       153
     Derivatives   0.36D+00  0.35D+00  0.28D+00  0.26D+00  0.24D+00
   406 -0.42610053D+05   -0.0399223   -0.0000009  EM  532.51 10365.3

  IT APPEARS THAT ACCELERATING ITERATIONS LABELED AS FS AND QN IN THE
  ITERATIONS SHOWN ON THE SCREEN ARE TAKING A LONG TIME.  USING THE
  OPTION ALGORITHM=EM IN THE ANALYSIS COMMAND MAY IMPROVE THE SPEED OF
  THE COMPUTATION.

     Parameters          73       205       207        90       153
     Derivatives   0.37D+00  0.35D+00  0.28D+00  0.27D+00  0.25D+00
   407 -0.42610093D+05   -0.0399008   -0.0000009  EM    9.30 10374.6
     Parameters          73       205       207        90       153
     Derivatives   0.38D+00  0.36D+00  0.29D+00  0.27D+00  0.26D+00
   408 -0.42610133D+05   -0.0398695   -0.0000009  EM    8.31 10382.9
     Parameters          73       205       207        90       153
     Derivatives   0.38D+00  0.36D+00  0.29D+00  0.28D+00  0.26D+00
   409 -0.42610173D+05   -0.0398159   -0.0000009  EM    9.24 10392.1
     Parameters          73       205       207        90       153
     Derivatives   0.39D+00  0.37D+00  0.30D+00  0.28D+00  0.27D+00
   410 -0.42610213D+05   -0.0397492   -0.0000009  EM   70.37 10462.5
     Parameters          73       205       207        90       153
     Derivatives   0.40D+00  0.37D+00  0.30D+00  0.29D+00  0.28D+00
   411 -0.42610252D+05   -0.0396711   -0.0000009  EM   15.01 10477.5
     Parameters          73       205       207        90       153
     Derivatives   0.41D+00  0.37D+00  0.30D+00  0.29D+00  0.28D+00
   412 -0.42610292D+05   -0.0395934   -0.0000009  EM   13.93 10491.4
     Parameters          73       205       207        90       153
     Derivatives   0.42D+00  0.37D+00  0.31D+00  0.30D+00  0.29D+00
   413 -0.42610332D+05   -0.0394833   -0.0000009  EM   14.28 10505.7
     Parameters          73       205       207        90       153
     Derivatives   0.43D+00  0.37D+00  0.31D+00  0.30D+00  0.30D+00
   414 -0.42610371D+05   -0.0393774   -0.0000009  EM   15.30 10521.0
     Parameters          73       205        90       207       153
     Derivatives   0.44D+00  0.37D+00  0.31D+00  0.31D+00  0.31D+00
   415 -0.42610410D+05   -0.0392530   -0.0000009  EM   13.34 10534.3
     Parameters          73       205        90       153       207
     Derivatives   0.45D+00  0.37D+00  0.32D+00  0.32D+00  0.31D+00
   416 -0.42610449D+05   -0.0391105   -0.0000009  EM   16.51 10550.8
     Parameters          73       205       153        90       207
     Derivatives   0.46D+00  0.37D+00  0.32D+00  0.32D+00  0.31D+00
   417 -0.42610488D+05   -0.0389638   -0.0000009  EM   16.17 10567.0
     Parameters          73       205       153        90       207
     Derivatives   0.47D+00  0.36D+00  0.33D+00  0.33D+00  0.30D+00
   418 -0.42610527D+05   -0.0388067   -0.0000009  EM   18.19 10585.2
     Parameters          73       205       153        90       207
     Derivatives   0.48D+00  0.36D+00  0.34D+00  0.34D+00  0.30D+00
   419 -0.42610566D+05   -0.0386332   -0.0000009  EM   13.25 10598.5
     Parameters          73       153       205        90       177
     Derivatives   0.49D+00  0.35D+00  0.35D+00  0.34D+00 -0.30D+00
   420 -0.42610604D+05   -0.0384613   -0.0000009  EM   17.68 10616.1
     Parameters          73       153        90       205       177
     Derivatives   0.50D+00  0.36D+00  0.35D+00  0.34D+00 -0.31D+00
   421 -0.42610642D+05   -0.0382691   -0.0000009  EM   19.63 10635.8
     Parameters          73       153        90       205       177
     Derivatives   0.51D+00  0.37D+00  0.36D+00  0.32D+00 -0.31D+00
   422 -0.42610680D+05   -0.0380696   -0.0000009  EM   20.23 10656.0
     Parameters          73       153        90       177       205
     Derivatives   0.53D+00  0.38D+00  0.36D+00 -0.32D+00  0.31D+00
   423 -0.42610718D+05   -0.0378619   -0.0000009  EM   22.23 10678.2
     Parameters          73       153        90       177       205
     Derivatives   0.54D+00  0.39D+00  0.37D+00 -0.33D+00  0.29D+00
   424 -0.42610756D+05   -0.0376480   -0.0000009  EM   28.64 10706.9
     Parameters          73       153        90       177       170
     Derivatives   0.55D+00  0.40D+00  0.38D+00 -0.34D+00  0.28D+00
   425 -0.42610793D+05   -0.0374260   -0.0000009  EM   28.45 10735.3
     Parameters          73       153        90       177       170
     Derivatives   0.57D+00  0.41D+00  0.39D+00 -0.35D+00  0.28D+00
   426 -0.42610831D+05   -0.0371933   -0.0000009  EM   22.40 10757.7
     Parameters          73       153        90       177       170
     Derivatives   0.58D+00  0.42D+00  0.40D+00 -0.36D+00  0.29D+00
   427 -0.42610868D+05   -0.0369544   -0.0000009  EM   27.90 10785.6
     Parameters          73       153        90       177       170
     Derivatives   0.60D+00  0.44D+00  0.41D+00 -0.37D+00  0.30D+00
   428 -0.42610904D+05   -0.0367062   -0.0000009  EM   25.89 10811.5
     Parameters          73       153        90       177       170
     Derivatives   0.61D+00  0.45D+00  0.42D+00 -0.38D+00  0.31D+00
   429 -0.42610941D+05   -0.0364590   -0.0000009  EM   31.54 10843.1
     Parameters          73       153        90       177       170
     Derivatives   0.63D+00  0.46D+00  0.43D+00 -0.39D+00  0.32D+00
   430 -0.42610977D+05   -0.0362108   -0.0000008  EM   34.29 10877.3
     Parameters          73       153        90       177       202
     Derivatives   0.65D+00  0.48D+00  0.44D+00 -0.40D+00  0.32D+00
   431 -0.42611013D+05   -0.0359460   -0.0000008  EM   35.68 10913.0
     Parameters          73       153        90       177       202
     Derivatives   0.66D+00  0.49D+00  0.45D+00 -0.41D+00  0.39D+00
   432 -0.42611049D+05   -0.0356796   -0.0000008  EM   43.19 10956.2
     Parameters          73       153       202        90       177
     Derivatives   0.68D+00  0.51D+00  0.46D+00  0.46D+00 -0.43D+00
   433 -0.42611084D+05   -0.0353985   -0.0000008  EM   32.53 10988.7
     Parameters          73       202       153        90       177
     Derivatives   0.70D+00  0.54D+00  0.52D+00  0.47D+00 -0.44D+00
   434 -0.42611119D+05   -0.0351377   -0.0000008  EM   46.12 11034.9
     Parameters          73       202       153        90       197
     Derivatives   0.72D+00  0.63D+00  0.54D+00  0.48D+00  0.48D+00
   435 -0.42611154D+05   -0.0348499   -0.0000008  EM   43.71 11078.6
     Parameters          73       202       153       197        90
     Derivatives   0.74D+00  0.73D+00  0.56D+00  0.54D+00  0.50D+00
   436 -0.42611189D+05   -0.0345722   -0.0000008  EM   51.56 11130.1
     Parameters         202        73       197       153        90
     Derivatives   0.83D+00  0.77D+00  0.61D+00  0.58D+00  0.51D+00
   437 -0.42611223D+05   -0.0342876   -0.0000008  EM   56.15 11186.3
     Parameters         202        73       197       153        90
     Derivatives   0.95D+00  0.79D+00  0.68D+00  0.59D+00  0.52D+00
   438 -0.42611257D+05   -0.0339974   -0.0000008  EM   34.08 11220.3
     Parameters         202        73       197       153        90
     Derivatives   0.11D+01  0.81D+00  0.77D+00  0.61D+00  0.54D+00
   439 -0.42611291D+05   -0.0337098   -0.0000008  EM   39.53 11259.9
     Parameters         202       197        73       153       205
     Derivatives   0.12D+01  0.86D+00  0.84D+00  0.64D+00 -0.59D+00
   440 -0.42611324D+05   -0.0334197   -0.0000008  EM   60.93 11320.8
     Parameters         202       197        73       205       153
     Derivatives   0.14D+01  0.96D+00  0.87D+00 -0.71D+00  0.66D+00
   441 -0.42611357D+05   -0.0331307   -0.0000008  EM   64.38 11385.2
     Parameters         202       197        73       205       153
     Derivatives   0.16D+01  0.11D+01  0.90D+00 -0.84D+00  0.68D+00
   442 -0.42611390D+05   -0.0328310   -0.0000008  EM   57.15 11442.3
     Parameters         202       197       205        73       207
     Derivatives   0.17D+01  0.12D+01 -0.99D+00  0.93D+00 -0.72D+00
   443 -0.42611422D+05   -0.0325363   -0.0000008  EM   57.67 11500.0
     Parameters         202       197       205        73       207
     Derivatives   0.20D+01  0.13D+01 -0.12D+01  0.96D+00 -0.84D+00
   444 -0.42611455D+05   -0.0322375   -0.0000008  EM   74.01 11574.0
     Parameters         202       197       205        73       207
     Derivatives   0.22D+01  0.15D+01 -0.13D+01  0.99D+00 -0.99D+00
   445 -0.42611487D+05   -0.0319346   -0.0000007  EM   70.28 11644.3
     Parameters         202       197       205       207        73
     Derivatives   0.25D+01  0.16D+01 -0.15D+01 -0.11D+01  0.10D+01
   446 -0.42611518D+05   -0.0316402   -0.0000007  EM   47.23 11691.5
     Parameters         202       197       205       207        73
     Derivatives   0.27D+01  0.18D+01 -0.17D+01 -0.13D+01  0.11D+01
   447 -0.42611550D+05   -0.0313543   -0.0000007  EM   85.33 11776.9
     Parameters         202       197       205       207       203
     Derivatives   0.30D+01  0.20D+01 -0.20D+01 -0.15D+01  0.12D+01
   448 -0.42611581D+05   -0.0310372   -0.0000007  EM   54.80 11831.6
     Parameters         202       205       197       207       203
     Derivatives   0.34D+01 -0.23D+01  0.22D+01 -0.17D+01  0.13D+01
   449 -0.42611611D+05   -0.0307364   -0.0000007  EM   89.19 11920.8
     Parameters         202       205       197       207       203
     Derivatives   0.38D+01 -0.26D+01  0.25D+01 -0.20D+01  0.15D+01
   450 -0.42611642D+05   -0.0304302   -0.0000007  EM  108.01 12028.8
     Parameters         202       205       197       207       203
     Derivatives   0.43D+01 -0.29D+01  0.28D+01 -0.22D+01  0.16D+01
   451 -0.42611672D+05   -0.0301375   -0.0000007  EM   90.23 12119.1
     Parameters         202       205       197       207       203
     Derivatives   0.47D+01 -0.33D+01  0.31D+01 -0.25D+01  0.18D+01
   452 -0.42611702D+05   -0.0298452   -0.0000007  EM  100.46 12219.5
     Parameters         202       205       197       207       203
     Derivatives   0.52D+01 -0.37D+01  0.34D+01 -0.28D+01  0.20D+01
   453 -0.42611731D+05   -0.0295234   -0.0000007  EM  138.60 12358.1
     Parameters         202       205       197       207       203
     Derivatives   0.59D+01 -0.42D+01  0.38D+01 -0.32D+01  0.23D+01
   454 -0.42611761D+05   -0.0292179   -0.0000007  EM  130.00 12488.1
     Parameters         202       205       197       207       203
     Derivatives   0.65D+01 -0.47D+01  0.42D+01 -0.37D+01  0.25D+01
   455 -0.42611789D+05   -0.0289277   -0.0000007  EM  137.58 12625.7
     Parameters         202       205       197       207       203
     Derivatives   0.73D+01 -0.53D+01  0.47D+01 -0.42D+01  0.29D+01
   456 -0.42611818D+05   -0.0286394   -0.0000007  EM  305.37 12931.1
     Parameters         202       205       197       207       203
     Derivatives   0.82D+01 -0.60D+01  0.52D+01 -0.47D+01  0.32D+01
   457 -0.42611846D+05   -0.0283444   -0.0000007  EM   23.60 12954.7
     Parameters         202       205       197       207       203
     Derivatives   0.85D+01 -0.63D+01  0.54D+01 -0.49D+01  0.34D+01
   458 -0.42611874D+05   -0.0280532   -0.0000007  EM   99.31 13054.0
     Parameters         202       205       197       207       203
     Derivatives   0.97D+01 -0.71D+01  0.61D+01 -0.56D+01  0.38D+01
   459 -0.42611902D+05   -0.0277482   -0.0000007  EM  169.24 13223.2
     Parameters         202       205       197       207       203
     Derivatives   0.11D+02 -0.81D+01  0.69D+01 -0.64D+01  0.43D+01
   460 -0.42611930D+05   -0.0274326   -0.0000006  EM  153.41 13376.6
     Parameters         202       205       197       207       203
     Derivatives   0.12D+02 -0.91D+01  0.76D+01 -0.72D+01  0.48D+01
   461 -0.42611957D+05   -0.0271592   -0.0000006  EM  166.58 13543.2
     Parameters         202       205       197       207       203
     Derivatives   0.12D+02 -0.93D+01  0.78D+01 -0.74D+01  0.49D+01
   462 -0.42611984D+05   -0.0268586   -0.0000006  EM  156.68 13699.9
     Parameters         202       205       197       207       203
     Derivatives   0.14D+02 -0.11D+02  0.88D+01 -0.85D+01  0.56D+01
   463 -0.42612010D+05   -0.0265395   -0.0000006  EM   64.96 13764.8
     Parameters         202       205       197       207       203
     Derivatives   0.15D+02 -0.11D+02  0.94D+01 -0.90D+01  0.60D+01
   464 -0.42612037D+05   -0.0263087   -0.0000006  EM   19.39 13784.2
     Parameters         202       205       197       207       203
     Derivatives   0.15D+02 -0.12D+02  0.96D+01 -0.93D+01  0.62D+01
   465 -0.42612062D+05   -0.0259681   -0.0000006  EM  113.52 13897.8
     Parameters         202       205       197       207       203
     Derivatives   0.17D+02 -0.13D+02  0.11D+02 -0.11D+02  0.69D+01
   466 -0.42612088D+05   -0.0256403   -0.0000006  EM  104.11 14001.9
     Parameters         202       205       197       207       203
     Derivatives   0.19D+02 -0.15D+02  0.12D+02 -0.12D+02  0.77D+01
   467 -0.42612113D+05   -0.0253377   -0.0000006  EM  125.76 14127.6
     Parameters         202       205       197       207       203
     Derivatives   0.21D+02 -0.16D+02  0.13D+02 -0.13D+02  0.86D+01
   468 -0.42612138D+05   -0.0250170   -0.0000006  EM  107.19 14234.8
     Parameters         202       205       197       207       203
     Derivatives   0.24D+02 -0.18D+02  0.15D+02 -0.15D+02  0.95D+01
   469 -0.42612163D+05   -0.0247253   -0.0000006  EM   90.95 14325.8
     Parameters         202       205       207       197       203
     Derivatives   0.25D+02 -0.19D+02 -0.16D+02  0.16D+02  0.10D+02
   470 -0.42612188D+05   -0.0244144   -0.0000006  EM  122.17 14447.9
     Parameters         202       205       207       197       203
     Derivatives   0.28D+02 -0.21D+02 -0.17D+02  0.17D+02  0.11D+02
   471 -0.42612212D+05   -0.0241397   -0.0000006  EM  111.82 14559.8
     Parameters         202       205       207       197       203
     Derivatives   0.31D+02 -0.24D+02 -0.19D+02  0.19D+02  0.12D+02
   472 -0.42612236D+05   -0.0238219   -0.0000006  EM  122.86 14682.6
     Parameters         202       205       207       197       203
     Derivatives   0.33D+02 -0.26D+02 -0.21D+02  0.21D+02  0.14D+02
   473 -0.42612259D+05   -0.0235470   -0.0000006  EM   73.11 14755.7
     Parameters         202       205       207       197       203
     Derivatives   0.35D+02 -0.27D+02 -0.22D+02  0.22D+02  0.14D+02
   474 -0.42612282D+05   -0.0232571   -0.0000005  EM  117.99 14873.7
     Parameters         202       205       207       197       203
     Derivatives   0.38D+02 -0.29D+02 -0.24D+02  0.23D+02  0.15D+02
   475 -0.42612305D+05   -0.0229552   -0.0000005  EM  122.38 14996.1
     Parameters         202       205       207       197       203
     Derivatives   0.41D+02 -0.32D+02 -0.26D+02  0.25D+02  0.17D+02
   476 -0.42612215D+05    0.0905871    0.0000021  QN   36.40 15032.5
   477 -0.42612556D+05   -0.3408145   -0.0000080  EM  107.82 15140.3
     Parameters         202       205       207       197       203
     Derivatives   0.71D+03 -0.57D+03 -0.46D+03  0.44D+03  0.29D+03
   478 -0.42612772D+05   -0.2159915   -0.0000051  EM  129.13 15269.4
     Parameters         202       205       207       197       203
     Derivatives   0.70D+03 -0.57D+03 -0.46D+03  0.43D+03  0.28D+03
   479 -0.42612927D+05   -0.1551270   -0.0000036  EM  102.05 15371.5
     Parameters         202       205       207       197       203
     Derivatives   0.67D+03 -0.55D+03 -0.44D+03  0.42D+03  0.27D+03
   480 -0.42613055D+05   -0.1287902   -0.0000030  EM   94.63 15466.1
     Parameters         202       205       207       197       203
     Derivatives   0.65D+03 -0.53D+03 -0.43D+03  0.40D+03  0.26D+03
   481 -0.42613172D+05   -0.1166263   -0.0000027  EM  133.73 15599.9
     Parameters         202       205       207       197       203
     Derivatives   0.65D+03 -0.52D+03 -0.42D+03  0.40D+03  0.26D+03
   482 -0.42613282D+05   -0.1101360   -0.0000026  EM  116.91 15716.8
     Parameters         202       205       207       197       203
     Derivatives   0.65D+03 -0.53D+03 -0.43D+03  0.40D+03  0.27D+03
   483 -0.42613388D+05   -0.1056651   -0.0000025  EM  102.11 15818.9
     Parameters         202       205       207       197       203
     Derivatives   0.67D+03 -0.54D+03 -0.44D+03  0.41D+03  0.27D+03
   484 -0.42613490D+05   -0.1018214   -0.0000024  EM  114.53 15933.4
     Parameters         202       205       207       197       203
     Derivatives   0.70D+03 -0.56D+03 -0.46D+03  0.43D+03  0.29D+03
   485 -0.42613588D+05   -0.0979398   -0.0000023  EM  121.49 16054.9
     Parameters         202       205       207       197       203
     Derivatives   0.73D+03 -0.59D+03 -0.48D+03  0.45D+03  0.30D+03
   486 -0.42613682D+05   -0.0941374   -0.0000022  EM  112.68 16167.6
     Parameters         202       205       207       197       203
     Derivatives   0.77D+03 -0.62D+03 -0.50D+03  0.47D+03  0.31D+03
   487 -0.42613772D+05   -0.0902694   -0.0000021  EM  109.70 16277.3
     Parameters         202       205       207       197       203
     Derivatives   0.80D+03 -0.64D+03 -0.53D+03  0.49D+03  0.33D+03
   488 -0.42613858D+05   -0.0863797   -0.0000020  EM  114.17 16391.5
     Parameters         202       205       207       197       203
     Derivatives   0.86D+03 -0.69D+03 -0.57D+03  0.52D+03  0.35D+03
   489 -0.42613941D+05   -0.0822970   -0.0000019  EM  117.59 16509.1
     Parameters         202       205       207       197       203
     Derivatives   0.91D+03 -0.73D+03 -0.60D+03  0.55D+03  0.38D+03
   490 -0.42614019D+05   -0.0782958   -0.0000018  EM  106.65 16615.7
     Parameters         202       205       207       197       203
     Derivatives   0.96D+03 -0.77D+03 -0.63D+03  0.58D+03  0.40D+03
   491 -0.42614093D+05   -0.0743812   -0.0000017  EM  103.56 16719.3
     Parameters         202       205       207       197       203
     Derivatives   0.10D+04 -0.81D+03 -0.67D+03  0.61D+03  0.42D+03
   492 -0.42614164D+05   -0.0704558   -0.0000017  EM  118.79 16838.0
     Parameters         202       205       207       197       203
     Derivatives   0.11D+04 -0.85D+03 -0.71D+03  0.65D+03  0.44D+03
   493 -0.42614230D+05   -0.0665311   -0.0000016  EM  117.32 16955.4
     Parameters         202       205       207       197       203
     Derivatives   0.11D+04 -0.90D+03 -0.75D+03  0.68D+03  0.47D+03
   494 -0.42614293D+05   -0.0626865   -0.0000015  EM  120.71 17076.1
     Parameters         202       205       207       197       203
     Derivatives   0.12D+04 -0.95D+03 -0.79D+03  0.72D+03  0.50D+03
   495 -0.42614352D+05   -0.0589474   -0.0000014  EM  131.92 17208.0
     Parameters         202       205       207       197       203
     Derivatives   0.13D+04 -0.10D+04 -0.83D+03  0.75D+03  0.52D+03
   496 -0.42614407D+05   -0.0552258   -0.0000013  EM  117.39 17325.4
     Parameters         202       205       207       197       203
     Derivatives   0.13D+04 -0.10D+04 -0.87D+03  0.78D+03  0.54D+03
   497 -0.42614459D+05   -0.0517154   -0.0000012  EM  119.52 17444.9
     Parameters         202       205       207       197       203
     Derivatives   0.14D+04 -0.11D+04 -0.91D+03  0.82D+03  0.57D+03
   498 -0.42614507D+05   -0.0481920   -0.0000011  EM  124.58 17569.5
     Parameters         202       205       207       197       203
     Derivatives   0.14D+04 -0.11D+04 -0.94D+03  0.85D+03  0.59D+03
   499 -0.42614552D+05   -0.0448031   -0.0000011  EM  113.61 17683.1
     Parameters         202       205       207       197       203
     Derivatives   0.15D+04 -0.12D+04 -0.98D+03  0.88D+03  0.62D+03
   500 -0.42614593D+05   -0.0414588   -0.0000010  EM  116.40 17799.5
     Parameters         202       205       207       197       203
     Derivatives   0.15D+04 -0.12D+04 -0.10D+04  0.91D+03  0.64D+03
   501 -0.42614632D+05   -0.0382788   -0.0000009  EM  116.45 17915.9
     Parameters         202       205       207       197       203
     Derivatives   0.16D+04 -0.13D+04 -0.11D+04  0.94D+03  0.67D+03
   502 -0.42614667D+05   -0.0351381   -0.0000008  EM  112.06 18028.0
     Parameters         202       205       207       197       203
     Derivatives   0.16D+04 -0.13D+04 -0.11D+04  0.97D+03  0.69D+03
   503 -0.42614699D+05   -0.0321007   -0.0000008  EM  113.83 18141.8
     Parameters         202       205       207       197       203
     Derivatives   0.17D+04 -0.13D+04 -0.11D+04  0.10D+04  0.71D+03
   504 -0.42614728D+05   -0.0292044   -0.0000007  EM  112.54 18254.4
     Parameters         202       205       207       197       203
     Derivatives   0.17D+04 -0.14D+04 -0.12D+04  0.10D+04  0.73D+03
   505 -0.42614755D+05   -0.0263524   -0.0000006  EM   99.70 18354.1
     Parameters         202       205       207       197       203
     Derivatives   0.18D+04 -0.14D+04 -0.12D+04  0.11D+04  0.76D+03
   506 -0.42614778D+05   -0.0236664   -0.0000006  EM  107.28 18461.3
     Parameters         202       205       207       197       203
     Derivatives   0.19D+04 -0.15D+04 -0.12D+04  0.11D+04  0.79D+03
   507 -0.42614799D+05   -0.0210306   -0.0000005  EM  112.12 18573.5
     Parameters         202       205       207       197       203
     Derivatives   0.19D+04 -0.15D+04 -0.13D+04  0.11D+04  0.81D+03
   508 -0.42614818D+05   -0.0183524   -0.0000004  EM  129.48 18702.9
     Parameters         202       205       207       197       203
     Derivatives   0.20D+04 -0.15D+04 -0.13D+04  0.12D+04  0.83D+03
   509 -0.42614834D+05   -0.0159827   -0.0000004  EM  149.74 18852.7
     Parameters         202       205       207       197       203
     Derivatives   0.20D+04 -0.16D+04 -0.13D+04  0.12D+04  0.86D+03
   510 -0.42614847D+05   -0.0136381   -0.0000003  EM  138.43 18991.1
     Parameters         202       205       207       197       203
     Derivatives   0.20D+04 -0.16D+04 -0.14D+04  0.12D+04  0.87D+03
   511 -0.42614859D+05   -0.0113477   -0.0000003  EM  109.82 19100.9
     Parameters         202       205       207       197       203
     Derivatives   0.21D+04 -0.16D+04 -0.14D+04  0.12D+04  0.89D+03
   512 -0.42614868D+05   -0.0091441   -0.0000002  EM  107.48 19208.4
     Parameters         202       205       207       197       203
     Derivatives   0.21D+04 -0.17D+04 -0.14D+04  0.12D+04  0.91D+03
   513 -0.42614875D+05   -0.0070553   -0.0000002  EM  123.88 19332.3
     Parameters         202       205       207       197       203
     Derivatives   0.22D+04 -0.17D+04 -0.15D+04  0.13D+04  0.93D+03
   514 -0.42614880D+05   -0.0050168   -0.0000001  EM  185.50 19517.8
     Parameters         202       205       207       197       203
     Derivatives   0.22D+04 -0.17D+04 -0.15D+04  0.13D+04  0.95D+03
   515 -0.42614883D+05   -0.0030465   -0.0000001  EM  112.89 19630.7
     Parameters         202       205       207       197       203
     Derivatives   0.22D+04 -0.18D+04 -0.15D+04  0.13D+04  0.96D+03
   516 -0.42614884D+05   -0.0011829    0.0000000  EM  112.35 19743.0
     Parameters         202       205       207       197       203
     Derivatives   0.23D+04 -0.18D+04 -0.15D+04  0.13D+04  0.98D+03
   517 -0.42614883D+05    0.0005845    0.0000000  EM  127.83 19870.9
     Parameters         202       205       207       197       203
     Derivatives   0.23D+04 -0.18D+04 -0.16D+04  0.13D+04  0.10D+04
   518 -0.42614881D+05    0.0022692    0.0000001  EM  125.02 19995.9
   519 -0.42614877D+05    0.0038727    0.0000001  EM  111.23 20107.1
   520 -0.42614872D+05    0.0054519    0.0000001  EM  114.37 20221.5
   521 -0.42614865D+05    0.0069356    0.0000002  EM  103.34 20324.8
   522 -0.42618084D+05   -3.2186796   -0.0000755  EM    1.20 20326.0
     Beginning Time:  02:21:57
        Ending Time:  08:00:44
       Elapsed Time:  05:38:47

     Output saved in 'model.out'.
