
     Mplus VERSION 9
     MUTHEN & MUTHEN

     Running input file 'model.inp'...

     Dimensions of integration:                  1
     Total number of integration points:         15


  ITER  LOGLIKELIHOOD    ABS CHANGE   REL CHANGE  ALGO  TIME  TOTAL TIME
     1 -0.27662430D+05    0.0000000    0.0000000  EM    0.09     0.1
     2 -0.27659922D+05    2.5082059    0.0000907  EM    8.76     8.9
     3 -0.27659164D+05    0.7578056    0.0000274  EM    5.05    13.9
     4 -0.27658901D+05    0.2631084    0.0000095  EM    0.80    14.7
     5 -0.27658778D+05    0.1225318    0.0000044  EM    0.33    15.0
     6 -0.27658700D+05    0.0783467    0.0000028  EM    0.51    15.5
     7 -0.27658639D+05    0.0614323    0.0000022  EM    0.27    15.8
     8 -0.27658586D+05    0.0527094    0.0000019  EM    0.69    16.5
     9 -0.27658539D+05    0.0467419    0.0000017  EM    0.39    16.9
    10 -0.27658497D+05    0.0419285    0.0000015  EM    0.26    17.1
    11 -0.27658459D+05    0.0377698    0.0000014  EM    0.30    17.4
    12 -0.27658425D+05    0.0340824    0.0000012  EM    0.47    17.9
    13 -0.27658395D+05    0.0307878    0.0000011  EM    0.16    18.1
    14 -0.27658367D+05    0.0278359    0.0000010  EM    0.33    18.4
    15 -0.27658342D+05    0.0251844    0.0000009  EM    0.54    18.9
    16 -0.27658319D+05    0.0228039    0.0000008  EM    0.22    19.1
    17 -0.27658298D+05    0.0206648    0.0000007  EM    0.26    19.4
    18 -0.27658279D+05    0.0187427    0.0000007  EM    0.23    19.6
    19 -0.27658262D+05    0.0170138    0.0000006  EM    0.34    20.0
    20 -0.27658247D+05    0.0154588    0.0000006  EM    0.23    20.2
    21 -0.27658233D+05    0.0140589    0.0000005  EM    0.22    20.4
    22 -0.27658220D+05    0.0127980    0.0000005  EM    0.16    20.6
    23 -0.27658208D+05    0.0116624    0.0000004  EM    0.23    20.8
    24 -0.27658198D+05    0.0106383    0.0000004  EM    0.23    21.1
    25 -0.27658188D+05    0.0097140    0.0000004  EM    0.18    21.2
    26 -0.27658179D+05    0.0088800    0.0000003  EM    0.34    21.6
    27 -0.27658171D+05    0.0081255    0.0000003  EM    0.16    21.7
    28 -0.27658164D+05    0.0074450    0.0000003  EM    0.21    21.9
    29 -0.27658157D+05    0.0068281    0.0000002  EM    0.16    22.1
    30 -0.27658150D+05    0.0062698    0.0000002  EM    0.20    22.3
    31 -0.27658145D+05    0.0057628    0.0000002  EM    0.16    22.5
    32 -0.27658139D+05    0.0053046    0.0000002  EM    0.18    22.6
    33 -0.27658135D+05    0.0048878    0.0000002  EM    0.15    22.8
    34 -0.27658130D+05    0.0045090    0.0000002  EM    0.30    23.1
    35 -0.27658126D+05    0.0041645    0.0000002  EM    0.16    23.2
    36 -0.27658122D+05    0.0038509    0.0000001  EM    0.14    23.4
    37 -0.27658068D+05    0.0542758    0.0000020  FS   17.70    41.1
    38 -0.27658064D+05    0.0037672    0.0000001  FS   19.10    60.2
    39 -0.27658036D+05    0.0281089    0.0000010  EM   19.24    79.4
    40 -0.27658034D+05    0.0016484    0.0000001  EM    0.23    79.6
    41 -0.27658033D+05    0.0010587    0.0000000  EM    0.18    79.8
    42 -0.27658032D+05    0.0008448    0.0000000  EM    0.15    80.0
     Parameters          27        44        26        33       130
     Derivatives  -0.29D-02  0.15D-02 -0.89D-03  0.63D-03  0.62D-03
     Beginning Time:  20:49:39
        Ending Time:  20:51:24
       Elapsed Time:  00:01:45

     Output saved in 'model.out'.
