
     Mplus VERSION 9
     MUTHEN & MUTHEN

     Running input file 'model.inp'...

     Dimensions of integration:                  2
     Total number of integration points:         225


  ITER  LOGLIKELIHOOD    ABS CHANGE   REL CHANGE  ALGO  TIME  TOTAL TIME
     1 -0.32998273D+05    0.0000000    0.0000000  EM    0.48     0.5
     2 -0.30318832D+05 2679.4417548    0.0811995  EM   25.20    25.7
     3 -0.30236884D+05   81.9470560    0.0027028  EM    7.80    33.5
     4 -0.30199565D+05   37.3196703    0.0012342  EM    1.15    34.6
     5 -0.30177427D+05   22.1382122    0.0007331  EM    1.05    35.7
     6 -0.30162960D+05   14.4665290    0.0004794  EM    1.11    36.8
     7 -0.30152806D+05   10.1540274    0.0003366  EM    0.87    37.7
     8 -0.30145182D+05    7.6236771    0.0002528  EM    1.39    39.1
     9 -0.30139103D+05    6.0792667    0.0002017  EM    0.86    39.9
    10 -0.30134019D+05    5.0841782    0.0001687  EM    0.95    40.9
    11 -0.30129620D+05    4.3990209    0.0001460  EM    0.78    41.7
    12 -0.30125726D+05    3.8941778    0.0001292  EM    0.84    42.5
    13 -0.30122226D+05    3.4993782    0.0001162  EM    0.73    43.2
    14 -0.30119051D+05    3.1756247    0.0001054  EM    0.68    43.9
    15 -0.30116150D+05    2.9004628    0.0000963  EM    0.62    44.5
    16 -0.30113490D+05    2.6603549    0.0000883  EM    0.68    45.2
    17 -0.30111043D+05    2.4468924    0.0000813  EM    0.71    45.9
    18 -0.30108788D+05    2.2546347    0.0000749  EM    0.82    46.7
    19 -0.30106708D+05    2.0800179    0.0000691  EM    0.68    47.4
    20 -0.30104788D+05    1.9206124    0.0000638  EM    0.70    48.1
    21 -0.30103013D+05    1.7746400    0.0000589  EM    0.71    48.8
    22 -0.30101372D+05    1.6408124    0.0000545  EM    0.64    49.5
    23 -0.30099854D+05    1.5180298    0.0000504  EM    0.84    50.3
    24 -0.30098449D+05    1.4053750    0.0000467  EM    0.79    51.1
    25 -0.30097147D+05    1.3019992    0.0000433  EM    1.26    52.4
    26 -0.30095940D+05    1.2071334    0.0000401  EM    1.17    53.5
    27 -0.30094820D+05    1.1200811    0.0000372  EM    0.86    54.4
    28 -0.30093779D+05    1.0401771    0.0000346  EM    1.14    55.5
    29 -0.30092813D+05    0.9667995    0.0000321  EM    1.04    56.6
    30 -0.30091913D+05    0.8993906    0.0000299  EM    1.09    57.7
    31 -0.30091076D+05    0.8374207    0.0000278  EM    1.03    58.7
    32 -0.30090295D+05    0.7804150    0.0000259  EM    0.67    59.3
    33 -0.30089568D+05    0.7279335    0.0000242  EM    0.68    60.0
    34 -0.30088888D+05    0.6795769    0.0000226  EM    0.77    60.8
    35 -0.30088253D+05    0.6349831    0.0000211  EM    0.91    61.7
    36 -0.30087659D+05    0.5938208    0.0000197  EM  111.45   173.2

  IT APPEARS THAT ACCELERATING ITERATIONS LABELED AS FS AND QN IN THE
  ITERATIONS SHOWN ON THE SCREEN ARE TAKING A LONG TIME.  USING THE
  OPTION ALGORITHM=EM IN THE ANALYSIS COMMAND MAY IMPROVE THE SPEED OF
  THE COMPUTATION.

    37 -0.30087103D+05    0.5557832    0.0000185  EM    0.64   173.8
    38 -0.30086583D+05    0.5206097    0.0000173  EM    0.64   174.4
    39 -0.30086095D+05    0.4880473    0.0000162  EM    0.64   175.1
    40 -0.30085637D+05    0.4578767    0.0000152  EM    0.71   175.8
    41 -0.30085207D+05    0.4298941    0.0000143  EM    0.72   176.5
    42 -0.30084803D+05    0.4039131    0.0000134  EM    0.79   177.3
    43 -0.30084423D+05    0.3797738    0.0000126  EM    0.77   178.1
    44 -0.30084066D+05    0.3573198    0.0000119  EM    0.65   178.7
    45 -0.30083730D+05    0.3364141    0.0000112  EM    0.73   179.5
    46 -0.30083413D+05    0.3169343    0.0000105  EM    0.69   180.1
    47 -0.30083114D+05    0.2987643    0.0000099  EM    0.68   180.8
    48 -0.30082832D+05    0.2818074    0.0000094  EM    0.70   181.5
    49 -0.30082566D+05    0.2659623    0.0000088  EM    0.86   182.4
    50 -0.30082315D+05    0.2511468    0.0000083  EM    0.66   183.0
    51 -0.30082078D+05    0.2372828    0.0000079  EM    0.70   183.7
    52 -0.30081853D+05    0.2242980    0.0000075  EM    0.60   184.3
    53 -0.30081641D+05    0.2121274    0.0000071  EM    0.72   185.1
    54 -0.30081440D+05    0.2007114    0.0000067  EM    0.74   185.8
    55 -0.30081250D+05    0.1899952    0.0000063  EM    0.68   186.5
    56 -0.30081071D+05    0.1799288    0.0000060  EM    0.66   187.1
    57 -0.30080900D+05    0.1704661    0.0000057  EM    0.62   187.8
    58 -0.30080739D+05    0.1615647    0.0000054  EM    0.72   188.5
    59 -0.30080585D+05    0.1531864    0.0000051  EM    0.86   189.3
    60 -0.30080440D+05    0.1452950    0.0000048  EM    0.93   190.3
    61 -0.30078973D+05    1.4671291    0.0000488  QN    2.98   193.3
    62 -0.30078478D+05    0.4945047    0.0000164  EM    1.09   194.3
    63 -0.30078359D+05    0.1198307    0.0000040  EM    0.75   195.1
    64 -0.30078265D+05    0.0931109    0.0000031  EM    0.78   195.9
    65 -0.30078190D+05    0.0758765    0.0000025  EM    0.66   196.5
    66 -0.30078126D+05    0.0634099    0.0000021  EM    0.69   197.2
    67 -0.30078072D+05    0.0539215    0.0000018  EM    0.65   197.9
    68 -0.30078026D+05    0.0464770    0.0000015  EM    0.62   198.5
    69 -0.30077985D+05    0.0405241    0.0000013  EM    0.66   199.2
    70 -0.30077950D+05    0.0357027    0.0000012  EM    0.69   199.8
    71 -0.30077918D+05    0.0317598    0.0000011  EM    0.60   200.4
    72 -0.30077889D+05    0.0285097    0.0000009  EM    0.66   201.1
    73 -0.30077863D+05    0.0258106    0.0000009  EM    0.65   201.8
    74 -0.30077840D+05    0.0235531    0.0000008  EM    0.58   202.3
    75 -0.30076963D+05    0.8768329    0.0000292  QN    3.56   205.9
    76 -0.30076010D+05    0.9535404    0.0000317  EM    0.94   206.8
    77 -0.30075897D+05    0.1124840    0.0000037  EM    0.75   207.6
    78 -0.30075841D+05    0.0557648    0.0000019  EM    0.68   208.3
    79 -0.30075803D+05    0.0382920    0.0000013  EM    0.70   209.0
    80 -0.30075772D+05    0.0314329    0.0000010  EM    0.62   209.6
    81 -0.30075744D+05    0.0278281    0.0000009  EM    0.62   210.2
    82 -0.30075718D+05    0.0254216    0.0000008  EM    0.66   210.9
    83 -0.30075695D+05    0.0235685    0.0000008  EM    0.60   211.5
    84 -0.30075673D+05    0.0220297    0.0000007  EM    0.66   212.1
    85 -0.30075652D+05    0.0206983    0.0000007  EM    0.68   212.8
    86 -0.30075633D+05    0.0195196    0.0000006  EM    0.66   213.4
    87 -0.30075614D+05    0.0184609    0.0000006  EM    0.96   214.4
    88 -0.30075597D+05    0.0175039    0.0000006  EM    2.97   217.4
    89 -0.30071789D+05    3.8072902    0.0001266  QN    9.57   227.0
    90 -0.30069342D+05    2.4471787    0.0000814  EM    4.67   231.6
    91 -0.30064453D+05    4.8892771    0.0001626  EM   96.22   327.9
    92 -0.30048032D+05   16.4207198    0.0005462  EM    1.81   329.7
    93 -0.29967037D+05   80.9949760    0.0026955  EM    2.31   332.0
    94 -0.29535452D+05  431.5847586    0.0144020  EM   10.01   342.0
    95 -0.29266766D+05  268.6865043    0.0090971  EM   11.45   353.4
    96 -0.29399350D+05 -132.5836657   -0.0045302  EM   23.05   376.5
    97 -0.30078214D+05 -678.8645737   -0.0230911  EM    0.94   377.4
    98 -0.30067546D+05   10.6684932    0.0003547  EM    7.47   384.9
    99 -0.30056731D+05   10.8150531    0.0003597  EM    6.49   391.4
   100 -0.30012834D+05   43.8966140    0.0014605  EM    6.58   398.0
   101 -0.29779891D+05  232.9426772    0.0077614  EM    8.46   406.4
   102 -0.29266957D+05  512.9347208    0.0172242  EM   14.02   420.5
   103 -0.29280865D+05  -13.9088830   -0.0004752  EM   23.76   444.2
   104 -0.30472991D+05 ************   -0.0407135  EM   44.27   488.5
   105 -0.30227124D+05  245.8675155    0.0080684  EM    1.25   489.7
   106 -0.30106079D+05  121.0446279    0.0040045  EM    7.48   497.2
   107 -0.30075933D+05   30.1465713    0.0010013  EM    3.38   500.6
   108 -0.30064822D+05   11.1110257    0.0003694  EM    7.38   508.0
   109 -0.30034936D+05   29.8853501    0.0009940  EM    7.48   515.5
   110 -0.29884307D+05  150.6292941    0.0050151  EM    8.50   524.0
   111 -0.29306573D+05  577.7341545    0.0193324  EM   14.44   538.4
   112 -0.29317142D+05  -10.5692385   -0.0003606  EM    0.63   539.0
   113 -0.30068792D+05 -751.6495950   -0.0256386  EM    0.94   540.0
   114 -0.30066035D+05    2.7562410    0.0000917  EM    7.41   547.4
   115 -0.30049096D+05   16.9392505    0.0005634  EM    6.79   554.2
   116 -0.29966782D+05   82.3143555    0.0027393  EM    7.43   561.6
   117 -0.29514141D+05  452.6410737    0.0151048  EM    8.04   569.6
   118 -0.29242705D+05  271.4358135    0.0091968  EM   27.52   597.1
   119 -0.29293593D+05  -50.8879844   -0.0017402  EM    0.69   597.8
   120 -0.30062588D+05 -768.9949528   -0.0262513  EM    1.34   599.2
   121 -0.30059706D+05    2.8816298    0.0000959  EM    7.18   606.4
   122 -0.30021566D+05   38.1398697    0.0012688  EM    7.16   613.5
   123 -0.29820084D+05  201.4819928    0.0067112  EM    4.02   617.5
   124 -0.29191419D+05  628.6656337    0.0210820  EM   36.93   654.5
   125 -0.29260992D+05  -69.5731125   -0.0023833  EM    0.78   655.2
   126 -0.30059859D+05 -798.8673859   -0.0273014  EM    1.08   656.3
   127 -0.30057665D+05    2.1945376    0.0000730  EM    6.91   663.2
   128 -0.30011129D+05   46.5356427    0.0015482  EM    4.41   667.7
   129 -0.29764343D+05  246.7861455    0.0082232  EM    8.64   676.3
   130 -0.29187914D+05  576.4288858    0.0193664  EM   31.95   708.2
   131 -0.29415009D+05 -227.0953184   -0.0077805  EM    0.65   708.9
   132 -0.30064544D+05 -649.5345936   -0.0220817  EM    1.14   710.0
   133 -0.30057676D+05    6.8677701    0.0002284  EM    5.38   715.4
   134 -0.30008773D+05   48.9027745    0.0016270  EM    3.65   719.1
   135 -0.29752057D+05  256.7164010    0.0085547  EM    7.97   727.0
   136 -0.29190763D+05  561.2937528    0.0188657  EM   52.62   779.6
   137 -0.29441792D+05 -251.0284405   -0.0085996  EM    0.63   780.3
   138 -0.30064157D+05 -622.3654996   -0.0211388  EM    0.96   781.2
   139 -0.30095596D+05  -31.4389259   -0.0010457  EM    7.34   788.6
   140 -0.30089928D+05    5.6684694    0.0001883  EM    3.89   792.5
   141 -0.30088699D+05    1.2284808    0.0000408  EM    5.67   798.1
   142 -0.30088222D+05    0.4768116    0.0000158  EM    4.80   802.9
   143 -0.30087986D+05    0.2362002    0.0000079  EM    2.71   805.7
   144 -0.30087865D+05    0.1212125    0.0000040  EM    1.45   807.1
   145 -0.30087813D+05    0.0518445    0.0000017  EM    6.55   813.7
   146 -0.30087806D+05    0.0066215    0.0000002  EM    2.80   816.5
   147 -0.30087830D+05   -0.0233146   -0.0000008  EM    1.00   817.5
     Parameters          83       182        67        68        71
     Derivatives  -0.68D+00  0.57D+00 -0.39D+00 -0.39D+00 -0.31D+00
   148 -0.30087873D+05   -0.0431145   -0.0000014  EM    0.84   818.3
     Parameters          83        67        68       182        71
     Derivatives  -0.67D+00 -0.39D+00 -0.38D+00  0.32D+00 -0.31D+00
   149 -0.30087929D+05   -0.0563245   -0.0000019  EM    1.02   819.3
     Parameters          83        67        68        71       187
     Derivatives  -0.66D+00 -0.39D+00 -0.37D+00 -0.31D+00  0.25D+00
   150 -0.30087995D+05   -0.0653398   -0.0000022  EM    1.92   821.2
     Parameters          83        67        68        71       187
     Derivatives  -0.65D+00 -0.39D+00 -0.37D+00 -0.31D+00  0.28D+00
   151 -0.30088066D+05   -0.0716657   -0.0000024  EM    6.23   827.5
     Parameters          83        67        68       187        71
     Derivatives  -0.64D+00 -0.39D+00 -0.36D+00  0.32D+00 -0.31D+00
   152 -0.30088143D+05   -0.0763753   -0.0000025  EM    6.38   833.9
     Parameters          83        67        68       187       182
     Derivatives  -0.63D+00 -0.39D+00 -0.36D+00  0.35D+00 -0.32D+00
   153 -0.30088223D+05   -0.0800129   -0.0000027  EM    3.36   837.2
     Parameters          83       182        67       187        68
     Derivatives  -0.63D+00 -0.43D+00 -0.39D+00  0.37D+00 -0.36D+00
   154 -0.30088306D+05   -0.0829628   -0.0000028  EM    5.69   842.9
     Parameters          83       182       187        67        68
     Derivatives  -0.63D+00 -0.53D+00  0.39D+00 -0.39D+00 -0.36D+00
   155 -0.30088391D+05   -0.0854845   -0.0000028  EM    6.23   849.1
     Parameters          83       182       187        67        68
     Derivatives  -0.62D+00 -0.61D+00  0.41D+00 -0.39D+00 -0.36D+00
   156 -0.30088479D+05   -0.0876893   -0.0000029  EM    6.53   855.7
     Parameters         182        83       187        67        68
     Derivatives  -0.69D+00 -0.62D+00  0.43D+00 -0.39D+00 -0.36D+00
   157 -0.30088568D+05   -0.0897701   -0.0000030  EM    3.15   858.8
     Parameters         182        83       187        67        68
     Derivatives  -0.75D+00 -0.62D+00  0.44D+00 -0.39D+00 -0.37D+00
   158 -0.30088660D+05   -0.0914838   -0.0000030  EM    3.14   861.9
     Parameters         182        83       187        67        68
     Derivatives  -0.82D+00 -0.62D+00  0.46D+00 -0.39D+00 -0.37D+00
   159 -0.30088753D+05   -0.0931829   -0.0000031  EM    3.80   865.7
     Parameters         182        83       187        67        68
     Derivatives  -0.87D+00 -0.62D+00  0.47D+00 -0.39D+00 -0.38D+00
   160 -0.30088848D+05   -0.0944841   -0.0000031  EM    1.29   867.0
     Parameters         182        83       187        67        68
     Derivatives  -0.92D+00 -0.61D+00  0.48D+00 -0.39D+00 -0.38D+00
   161 -0.30088944D+05   -0.0961695   -0.0000032  EM    4.43   871.5
     Parameters         182        83       187        67        68
     Derivatives  -0.97D+00 -0.61D+00  0.49D+00 -0.39D+00 -0.38D+00
   162 -0.30089041D+05   -0.0974526   -0.0000032  EM    6.31   877.8
     Parameters         182        83       187        67        68
     Derivatives  -0.10D+01 -0.61D+00  0.50D+00 -0.39D+00 -0.39D+00
   163 -0.30089140D+05   -0.0987030   -0.0000033  EM    5.89   883.6
     Parameters         182        83       187        68        67
     Derivatives  -0.11D+01 -0.61D+00  0.51D+00 -0.40D+00 -0.39D+00
   164 -0.30089240D+05   -0.0998877   -0.0000033  EM    5.59   889.2
     Parameters         182        83       187        68        67
     Derivatives  -0.11D+01 -0.61D+00  0.52D+00 -0.40D+00 -0.39D+00
   165 -0.30089341D+05   -0.1009747   -0.0000034  EM    5.71   894.9
     Parameters         182        83       187        68        67
     Derivatives  -0.11D+01 -0.61D+00  0.53D+00 -0.41D+00 -0.39D+00
   166 -0.30089443D+05   -0.1019999   -0.0000034  EM   53.64   948.6
     Parameters         182        83       187        68        67
     Derivatives  -0.12D+01 -0.61D+00  0.54D+00 -0.41D+00 -0.39D+00
   167 -0.30089546D+05   -0.1029684   -0.0000034  EM    5.46   954.0
     Parameters         182        83       187        68        67
     Derivatives  -0.12D+01 -0.61D+00  0.54D+00 -0.42D+00 -0.39D+00
   168 -0.30089650D+05   -0.1038596   -0.0000035  EM    4.94   959.0
     Parameters         182        83       187        68        67
     Derivatives  -0.12D+01 -0.61D+00  0.55D+00 -0.42D+00 -0.39D+00
   169 -0.30089754D+05   -0.1047025   -0.0000035  EM    2.98   962.0
     Parameters         182        83       187        68        67
     Derivatives  -0.13D+01 -0.61D+00  0.56D+00 -0.43D+00 -0.40D+00
   170 -0.30089860D+05   -0.1054823   -0.0000035  EM    1.38   963.3
     Parameters         182        83       187        68        67
     Derivatives  -0.13D+01 -0.60D+00  0.57D+00 -0.43D+00 -0.40D+00
   171 -0.30089966D+05   -0.1062048   -0.0000035  EM    5.79   969.1
     Parameters         182        83       187        68        67
     Derivatives  -0.13D+01 -0.60D+00  0.57D+00 -0.44D+00 -0.40D+00
   172 -0.30090073D+05   -0.1068748   -0.0000036  EM    3.53   972.7
     Parameters         182        83       187        68        67
     Derivatives  -0.14D+01 -0.60D+00  0.58D+00 -0.44D+00 -0.40D+00
   173 -0.30090180D+05   -0.1074814   -0.0000036  EM    5.85   978.5
     Parameters         182        83       187        68        67
     Derivatives  -0.14D+01 -0.60D+00  0.58D+00 -0.45D+00 -0.40D+00
   174 -0.30090288D+05   -0.1080433   -0.0000036  EM    6.59   985.1
     Parameters         182        83       187        68        67
     Derivatives  -0.14D+01 -0.60D+00  0.59D+00 -0.46D+00 -0.40D+00
   175 -0.30090397D+05   -0.1085543   -0.0000036  EM    7.45   992.6
     Parameters         182        83       187        68        67
     Derivatives  -0.14D+01 -0.60D+00  0.59D+00 -0.46D+00 -0.40D+00
   176 -0.30090506D+05   -0.1090104   -0.0000036  EM    6.34   998.9
     Parameters         182       187        83        68        67
     Derivatives  -0.15D+01  0.60D+00 -0.60D+00 -0.47D+00 -0.40D+00
   177 -0.30090615D+05   -0.1094228   -0.0000036  EM    7.01  1005.9
     Parameters         182       187        83        68        67
     Derivatives  -0.15D+01  0.60D+00 -0.60D+00 -0.47D+00 -0.40D+00
   178 -0.30090725D+05   -0.1097861   -0.0000036  EM    5.38  1011.3
     Parameters         182       187        83        68        67
     Derivatives  -0.15D+01  0.61D+00 -0.60D+00 -0.48D+00 -0.40D+00
   179 -0.30090835D+05   -0.1101063   -0.0000037  EM    2.81  1014.1
     Parameters         182       187        83        68        67
     Derivatives  -0.15D+01  0.61D+00 -0.59D+00 -0.48D+00 -0.40D+00
   180 -0.30090946D+05   -0.1103822   -0.0000037  EM    1.07  1015.2
     Parameters         182       187        83        68        67
     Derivatives  -0.15D+01  0.62D+00 -0.59D+00 -0.49D+00 -0.40D+00
   181 -0.30091056D+05   -0.1106140   -0.0000037  EM    1.07  1016.2
     Parameters         182       187        83        68        67
     Derivatives  -0.16D+01  0.62D+00 -0.59D+00 -0.49D+00 -0.40D+00
   182 -0.30091167D+05   -0.1108068   -0.0000037  EM    0.98  1017.2
     Parameters         182       187        83        68        67
     Derivatives  -0.16D+01  0.62D+00 -0.59D+00 -0.50D+00 -0.40D+00
   183 -0.30091278D+05   -0.1109645   -0.0000037  EM    0.85  1018.1
     Parameters         182       187        83        68        67
     Derivatives  -0.16D+01  0.63D+00 -0.59D+00 -0.50D+00 -0.40D+00
   184 -0.30091389D+05   -0.1110868   -0.0000037  EM    1.11  1019.2
     Parameters         182       187        83        68        67
     Derivatives  -0.16D+01  0.63D+00 -0.59D+00 -0.51D+00 -0.40D+00
   185 -0.30091500D+05   -0.1111564   -0.0000037  EM    5.50  1024.7
     Parameters         182       187        83        68        67
     Derivatives  -0.16D+01  0.64D+00 -0.59D+00 -0.51D+00 -0.40D+00
   186 -0.30091612D+05   -0.1112167   -0.0000037  EM    6.25  1030.9
     Parameters         182       187        83        68        67
     Derivatives  -0.16D+01  0.64D+00 -0.58D+00 -0.52D+00 -0.40D+00
   187 -0.30091723D+05   -0.1112278   -0.0000037  EM    5.86  1036.8
     Parameters         182       187        83        68        67
     Derivatives  -0.17D+01  0.64D+00 -0.58D+00 -0.52D+00 -0.40D+00
   188 -0.30091834D+05   -0.1112125   -0.0000037  EM    6.28  1043.1
     Parameters         182       187        83        68        67
     Derivatives  -0.17D+01  0.65D+00 -0.58D+00 -0.52D+00 -0.40D+00
   189 -0.30091945D+05   -0.1111775   -0.0000037  EM    6.22  1049.3
     Parameters         182       187        83        68        67
     Derivatives  -0.17D+01  0.65D+00 -0.58D+00 -0.53D+00 -0.40D+00
   190 -0.30092056D+05   -0.1111121   -0.0000037  EM    6.81  1056.1
     Parameters         182       187        83        68        67
     Derivatives  -0.17D+01  0.65D+00 -0.58D+00 -0.53D+00 -0.39D+00
   191 -0.30092167D+05   -0.1109180   -0.0000037  EM    4.36  1060.5
     Parameters         182       187        83        68        67
     Derivatives  -0.17D+01  0.65D+00 -0.58D+00 -0.54D+00 -0.39D+00
   192 -0.30092278D+05   -0.1108933   -0.0000037  EM    4.41  1064.9
     Parameters         182       187        83        68        67
     Derivatives  -0.17D+01  0.66D+00 -0.58D+00 -0.54D+00 -0.39D+00
   193 -0.30092389D+05   -0.1107780   -0.0000037  EM    3.05  1067.9
     Parameters         182       187        83        68        67
     Derivatives  -0.18D+01  0.66D+00 -0.57D+00 -0.55D+00 -0.39D+00
   194 -0.30092499D+05   -0.1106284   -0.0000037  EM    6.20  1074.1
     Parameters         182       187        83        68        67
     Derivatives  -0.18D+01  0.66D+00 -0.57D+00 -0.55D+00 -0.39D+00
   195 -0.30092610D+05   -0.1104200   -0.0000037  EM    2.86  1077.0
     Parameters         182       187        83        68        67
     Derivatives  -0.18D+01  0.66D+00 -0.57D+00 -0.55D+00 -0.39D+00
   196 -0.30092720D+05   -0.1102130   -0.0000037  EM    1.18  1078.2
     Parameters         182       187        83        68        67
     Derivatives  -0.18D+01  0.67D+00 -0.57D+00 -0.56D+00 -0.39D+00
   197 -0.30092830D+05   -0.1099918   -0.0000037  EM    1.73  1079.9
     Parameters         182       187        83        68        67
     Derivatives  -0.18D+01  0.67D+00 -0.57D+00 -0.56D+00 -0.39D+00
   198 -0.30092940D+05   -0.1097458   -0.0000036  EM    5.88  1085.8
     Parameters         182       187        83        68        67
     Derivatives  -0.18D+01  0.67D+00 -0.57D+00 -0.57D+00 -0.39D+00
   199 -0.30093049D+05   -0.1094844   -0.0000036  EM    5.92  1091.7
     Parameters         182       187        68        83        67
     Derivatives  -0.18D+01  0.67D+00 -0.57D+00 -0.57D+00 -0.39D+00
   200 -0.30093159D+05   -0.1092178   -0.0000036  EM    5.50  1097.2
     Parameters         182       187        68        83        67
     Derivatives  -0.18D+01  0.68D+00 -0.57D+00 -0.56D+00 -0.39D+00
   201 -0.30093267D+05   -0.1089241   -0.0000036  EM    2.75  1099.9
     Parameters         182       187        68        83        67
     Derivatives  -0.19D+01  0.68D+00 -0.58D+00 -0.56D+00 -0.39D+00
   202 -0.30093376D+05   -0.1086232   -0.0000036  EM    1.57  1101.5
     Parameters         182       187        68        83        67
     Derivatives  -0.19D+01  0.68D+00 -0.58D+00 -0.56D+00 -0.39D+00
   203 -0.30093484D+05   -0.1082948   -0.0000036  EM    5.12  1106.6
     Parameters         182       187        68        83        67
     Derivatives  -0.19D+01  0.68D+00 -0.58D+00 -0.56D+00 -0.39D+00
   204 -0.30093592D+05   -0.1079878   -0.0000036  EM    5.16  1111.8
     Parameters         182       187        68        83        67
     Derivatives  -0.19D+01  0.68D+00 -0.59D+00 -0.56D+00 -0.39D+00
   205 -0.30093700D+05   -0.1076430   -0.0000036  EM    5.41  1117.2
     Parameters         182       187        68        83        67
     Derivatives  -0.19D+01  0.69D+00 -0.59D+00 -0.56D+00 -0.39D+00
   206 -0.30093807D+05   -0.1073012   -0.0000036  EM    6.64  1123.8
     Parameters         182       187        68        83        67
     Derivatives  -0.19D+01  0.69D+00 -0.59D+00 -0.56D+00 -0.39D+00
   207 -0.30093914D+05   -0.1069196   -0.0000036  EM    5.66  1129.5
     Parameters         182       187        68        83        67
     Derivatives  -0.19D+01  0.69D+00 -0.59D+00 -0.55D+00 -0.39D+00
   208 -0.30094021D+05   -0.1065436   -0.0000035  EM    5.44  1134.9
     Parameters         182       187        68        83        67
     Derivatives  -0.19D+01  0.69D+00 -0.60D+00 -0.55D+00 -0.39D+00
   209 -0.30094127D+05   -0.1061519   -0.0000035  EM    3.35  1138.3
     Parameters         182       187        68        83        67
     Derivatives  -0.19D+01  0.69D+00 -0.60D+00 -0.55D+00 -0.39D+00
   210 -0.30094233D+05   -0.1057497   -0.0000035  EM    5.34  1143.6
     Parameters         182       187        68        83        67
     Derivatives  -0.19D+01  0.69D+00 -0.60D+00 -0.55D+00 -0.39D+00
   211 -0.30094338D+05   -0.1053594   -0.0000035  EM    3.05  1146.7
     Parameters         182       187        68        83        67
     Derivatives  -0.20D+01  0.69D+00 -0.61D+00 -0.55D+00 -0.39D+00
   212 -0.30094443D+05   -0.1049398   -0.0000035  EM    1.09  1147.8
     Parameters         182       187        68        83        67
     Derivatives  -0.20D+01  0.69D+00 -0.61D+00 -0.55D+00 -0.39D+00
   213 -0.30094548D+05   -0.1045174   -0.0000035  EM    0.98  1148.8
     Parameters         182       187        68        83        67
     Derivatives  -0.20D+01  0.70D+00 -0.61D+00 -0.54D+00 -0.38D+00
   214 -0.30094652D+05   -0.1040808   -0.0000035  EM    0.89  1149.6
     Parameters         182       187        68        83        67
     Derivatives  -0.20D+01  0.70D+00 -0.61D+00 -0.54D+00 -0.38D+00
   215 -0.30094755D+05   -0.1036371   -0.0000034  EM    1.96  1151.6
     Parameters         182       187        68        83        67
     Derivatives  -0.20D+01  0.70D+00 -0.62D+00 -0.54D+00 -0.38D+00
   216 -0.30094858D+05   -0.1031894   -0.0000034  EM    5.69  1157.3
     Parameters         182       187        68        83        67
     Derivatives  -0.20D+01  0.70D+00 -0.62D+00 -0.54D+00 -0.38D+00
   217 -0.30094961D+05   -0.1027288   -0.0000034  EM   51.04  1208.3
     Parameters         182       187        68        83        67
     Derivatives  -0.20D+01  0.70D+00 -0.62D+00 -0.54D+00 -0.38D+00
   218 -0.30095063D+05   -0.1022144   -0.0000034  EM    5.87  1214.2
     Parameters         182       187        68        83        67
     Derivatives  -0.20D+01  0.70D+00 -0.62D+00 -0.53D+00 -0.38D+00
   219 -0.30095165D+05   -0.1018293   -0.0000034  EM    5.83  1220.0
     Parameters         182       187        68        83        67
     Derivatives  -0.20D+01  0.70D+00 -0.62D+00 -0.53D+00 -0.38D+00
   220 -0.30095266D+05   -0.1012436   -0.0000034  EM    5.00  1225.0
     Parameters         182       187        68        83        67
     Derivatives  -0.20D+01  0.70D+00 -0.63D+00 -0.53D+00 -0.38D+00
   221 -0.30095367D+05   -0.1008820   -0.0000034  EM    6.16  1231.2
     Parameters         182       187        68        83        67
     Derivatives  -0.20D+01  0.70D+00 -0.63D+00 -0.53D+00 -0.38D+00
   222 -0.30095468D+05   -0.1003498   -0.0000033  EM    5.79  1237.0
     Parameters         182       187        68        83        67
     Derivatives  -0.20D+01  0.70D+00 -0.63D+00 -0.53D+00 -0.38D+00
   223 -0.30095568D+05   -0.0998440   -0.0000033  EM    6.75  1243.7
     Parameters         182       187        68        83        67
     Derivatives  -0.20D+01  0.70D+00 -0.63D+00 -0.52D+00 -0.38D+00
   224 -0.30095667D+05   -0.0993389   -0.0000033  EM    3.91  1247.6
     Parameters         182       187        68        83        67
     Derivatives  -0.20D+01  0.70D+00 -0.63D+00 -0.52D+00 -0.37D+00
   225 -0.30095766D+05   -0.0988308   -0.0000033  EM    5.92  1253.6
     Parameters         182       187        68        83        67
     Derivatives  -0.20D+01  0.70D+00 -0.63D+00 -0.52D+00 -0.37D+00
   226 -0.30095864D+05   -0.0982138   -0.0000033  EM    5.00  1258.6
     Parameters         182       187        68        83        67
     Derivatives  -0.20D+01  0.69D+00 -0.64D+00 -0.52D+00 -0.37D+00
   227 -0.30095962D+05   -0.0978306   -0.0000033  EM    5.70  1264.3
     Parameters         182       187        68        83        67
     Derivatives  -0.20D+01  0.69D+00 -0.64D+00 -0.51D+00 -0.37D+00
   228 -0.30096059D+05   -0.0973037   -0.0000032  EM    6.04  1270.3
     Parameters         182       187        68        83        67
     Derivatives  -0.20D+01  0.69D+00 -0.64D+00 -0.51D+00 -0.37D+00
   229 -0.30096156D+05   -0.0967572   -0.0000032  EM    7.24  1277.5
     Parameters         182       187        68        83        67
     Derivatives  -0.20D+01  0.69D+00 -0.64D+00 -0.51D+00 -0.37D+00
   230 -0.30096252D+05   -0.0962206   -0.0000032  EM    5.11  1282.6
     Parameters         182       187        68        83        67
     Derivatives  -0.20D+01  0.69D+00 -0.64D+00 -0.51D+00 -0.37D+00
   231 -0.30096348D+05   -0.0956751   -0.0000032  EM    3.25  1285.9
     Parameters         182       187        68        83        67
     Derivatives  -0.20D+01  0.69D+00 -0.64D+00 -0.50D+00 -0.37D+00
   232 -0.30096443D+05   -0.0951429   -0.0000032  EM    5.16  1291.1
     Parameters         182       187        68        83        67
     Derivatives  -0.20D+01  0.69D+00 -0.64D+00 -0.50D+00 -0.36D+00
   233 -0.30096537D+05   -0.0946001   -0.0000031  EM    4.69  1295.7
     Parameters         182       187        68        83        67
     Derivatives  -0.20D+01  0.69D+00 -0.64D+00 -0.50D+00 -0.36D+00
   234 -0.30096631D+05   -0.0940455   -0.0000031  EM    3.14  1298.9
     Parameters         182       187        68        83        67
     Derivatives  -0.20D+01  0.69D+00 -0.65D+00 -0.49D+00 -0.36D+00
   235 -0.30096725D+05   -0.0935112   -0.0000031  EM    5.91  1304.8
     Parameters         182       187        68        83        67
     Derivatives  -0.20D+01  0.69D+00 -0.65D+00 -0.49D+00 -0.36D+00
   236 -0.30096818D+05   -0.0929113   -0.0000031  EM    5.05  1309.8
     Parameters         182       187        68        83        67
     Derivatives  -0.20D+01  0.69D+00 -0.65D+00 -0.49D+00 -0.36D+00
   237 -0.30096910D+05   -0.0924244   -0.0000031  EM    4.84  1314.7
     Parameters         182       187        68        83        67
     Derivatives  -0.20D+01  0.69D+00 -0.65D+00 -0.48D+00 -0.36D+00
   238 -0.30097002D+05   -0.0918546   -0.0000031  EM    3.14  1317.8
     Parameters         182       187        68        83        67
     Derivatives  -0.20D+01  0.69D+00 -0.65D+00 -0.48D+00 -0.35D+00
   239 -0.30097093D+05   -0.0912955   -0.0000030  EM    0.97  1318.8
     Parameters         182       187        68        83        67
     Derivatives  -0.20D+01  0.69D+00 -0.65D+00 -0.47D+00 -0.35D+00
   240 -0.30097184D+05   -0.0907383   -0.0000030  EM    1.19  1320.0
     Parameters         182       187        68        83        67
     Derivatives  -0.20D+01  0.69D+00 -0.65D+00 -0.47D+00 -0.35D+00
   241 -0.30097274D+05   -0.0901867   -0.0000030  EM    4.42  1324.4
     Parameters         182       187        68        83        67
     Derivatives  -0.20D+01  0.69D+00 -0.65D+00 -0.47D+00 -0.35D+00
   242 -0.30097364D+05   -0.0896216   -0.0000030  EM    2.95  1327.3
     Parameters         182       187        68        83        67
     Derivatives  -0.20D+01  0.69D+00 -0.65D+00 -0.46D+00 -0.35D+00
   243 -0.30097453D+05   -0.0890647   -0.0000030  EM    1.41  1328.8
     Parameters         182       187        68        83        67
     Derivatives  -0.20D+01  0.69D+00 -0.65D+00 -0.46D+00 -0.35D+00
   244 -0.30097542D+05   -0.0885033   -0.0000029  EM    1.14  1329.9
     Parameters         182       187        68        83        67
     Derivatives  -0.20D+01  0.69D+00 -0.65D+00 -0.45D+00 -0.34D+00
   245 -0.30097630D+05   -0.0879447   -0.0000029  EM    2.05  1331.9
     Parameters         182       187        68        83        67
     Derivatives  -0.20D+01  0.69D+00 -0.65D+00 -0.45D+00 -0.34D+00
   246 -0.30097717D+05   -0.0873888   -0.0000029  EM    4.79  1336.7
     Parameters         182       187        68        83        67
     Derivatives  -0.20D+01  0.70D+00 -0.65D+00 -0.44D+00 -0.34D+00
   247 -0.30097804D+05   -0.0868241   -0.0000029  EM    1.77  1338.5
     Parameters         182       187        68        83        67
     Derivatives  -0.20D+01  0.70D+00 -0.65D+00 -0.44D+00 -0.34D+00
   248 -0.30097890D+05   -0.0862619   -0.0000029  EM    5.09  1343.6
     Parameters         182       187        68        83        67
     Derivatives  -0.20D+01  0.70D+00 -0.65D+00 -0.43D+00 -0.34D+00
   249 -0.30097976D+05   -0.0856807   -0.0000028  EM    3.29  1346.9
     Parameters         182       187        68        83        67
     Derivatives  -0.20D+01  0.70D+00 -0.65D+00 -0.43D+00 -0.33D+00
   250 -0.30098061D+05   -0.0851445   -0.0000028  EM    5.05  1351.9
     Parameters         182       187        68        83        67
     Derivatives  -0.21D+01  0.71D+00 -0.65D+00 -0.42D+00 -0.33D+00
   251 -0.30098145D+05   -0.0845587   -0.0000028  EM    5.05  1357.0
     Parameters         182       187        68        83        67
     Derivatives  -0.21D+01  0.71D+00 -0.65D+00 -0.41D+00 -0.33D+00
   252 -0.30098229D+05   -0.0839885   -0.0000028  EM    2.87  1359.9
     Parameters         182       187        68        83        67
     Derivatives  -0.21D+01  0.71D+00 -0.65D+00 -0.41D+00 -0.33D+00
   253 -0.30098313D+05   -0.0834129   -0.0000028  EM    5.64  1365.5
     Parameters         182       187        68        83        67
     Derivatives  -0.21D+01  0.72D+00 -0.65D+00 -0.40D+00 -0.32D+00
   254 -0.30098396D+05   -0.0828317   -0.0000028  EM    3.55  1369.1
     Parameters         182       187        68        83        67
     Derivatives  -0.21D+01  0.72D+00 -0.65D+00 -0.40D+00 -0.32D+00
   255 -0.30098478D+05   -0.0822571   -0.0000027  EM    4.74  1373.8
     Parameters         182       187        68        83        67
     Derivatives  -0.21D+01  0.73D+00 -0.65D+00 -0.39D+00 -0.32D+00
   256 -0.30098560D+05   -0.0816571   -0.0000027  EM    3.07  1376.9
     Parameters         182       187        68        83        67
     Derivatives  -0.21D+01  0.73D+00 -0.65D+00 -0.38D+00 -0.32D+00
   257 -0.30098641D+05   -0.0810873   -0.0000027  EM    5.04  1381.9
     Parameters         182       187        68        83        67
     Derivatives  -0.21D+01  0.74D+00 -0.65D+00 -0.38D+00 -0.31D+00
   258 -0.30098721D+05   -0.0804846   -0.0000027  EM    2.58  1384.5
     Parameters         182       187        68        83        67
     Derivatives  -0.21D+01  0.74D+00 -0.65D+00 -0.37D+00 -0.31D+00
   259 -0.30098801D+05   -0.0798914   -0.0000027  EM    1.57  1386.1
     Parameters         182       187        68        83        67
     Derivatives  -0.21D+01  0.75D+00 -0.65D+00 -0.36D+00 -0.31D+00
   260 -0.30098880D+05   -0.0792561   -0.0000026  EM    5.33  1391.4
     Parameters         182       187        68        83        67
     Derivatives  -0.21D+01  0.76D+00 -0.65D+00 -0.35D+00 -0.31D+00
   261 -0.30098959D+05   -0.0786481   -0.0000026  EM    5.46  1396.8
     Parameters         182       187        68        83        67
     Derivatives  -0.21D+01  0.76D+00 -0.65D+00 -0.34D+00 -0.30D+00
   262 -0.30099037D+05   -0.0780120   -0.0000026  EM    5.39  1402.2
     Parameters         182       187        68        83        67
     Derivatives  -0.21D+01  0.77D+00 -0.65D+00 -0.34D+00 -0.30D+00
   263 -0.30099114D+05   -0.0773642   -0.0000026  EM    5.21  1407.5
     Parameters         182       187        68        83        67
     Derivatives  -0.22D+01  0.78D+00 -0.65D+00 -0.33D+00 -0.30D+00
   264 -0.30099191D+05   -0.0767003   -0.0000025  EM    4.82  1412.3
     Parameters         182       187        68        83        67
     Derivatives  -0.22D+01  0.79D+00 -0.65D+00 -0.32D+00 -0.29D+00
   265 -0.30099267D+05   -0.0760531   -0.0000025  EM    5.45  1417.7
     Parameters         182       187        68        83        67
     Derivatives  -0.22D+01  0.80D+00 -0.65D+00 -0.31D+00 -0.29D+00
   266 -0.30099342D+05   -0.0753711   -0.0000025  EM    5.85  1423.6
     Parameters         182       187        68        83        67
     Derivatives  -0.22D+01  0.81D+00 -0.65D+00 -0.30D+00 -0.29D+00
   267 -0.30099417D+05   -0.0746705   -0.0000025  EM    4.62  1428.2
     Parameters         182       187        68        83        67
     Derivatives  -0.22D+01  0.82D+00 -0.65D+00 -0.29D+00 -0.29D+00
   268 -0.30099491D+05   -0.0739527   -0.0000025  EM   47.90  1476.1
     Parameters         182       187        68        83        67
     Derivatives  -0.22D+01  0.84D+00 -0.65D+00 -0.28D+00 -0.28D+00
   269 -0.30099564D+05   -0.0732128   -0.0000024  EM    1.52  1477.6
     Parameters         182       187        68        67       181
     Derivatives  -0.23D+01  0.85D+00 -0.65D+00 -0.28D+00  0.28D+00
   270 -0.30099637D+05   -0.0724563   -0.0000024  EM    5.85  1483.5
     Parameters         182       187        68       181        67
     Derivatives  -0.23D+01  0.87D+00 -0.65D+00  0.28D+00 -0.28D+00
   271 -0.30099708D+05   -0.0716856   -0.0000024  EM    4.78  1488.2
     Parameters         182       187        68       181        67
     Derivatives  -0.23D+01  0.88D+00 -0.66D+00  0.29D+00 -0.27D+00
   272 -0.30099779D+05   -0.0708923   -0.0000024  EM    5.42  1493.7
     Parameters         182       187        68       181        67
     Derivatives  -0.23D+01  0.90D+00 -0.66D+00  0.29D+00 -0.27D+00
   273 -0.30099849D+05   -0.0700694   -0.0000023  EM    3.21  1496.9
     Parameters         182       187        68       181        67
     Derivatives  -0.24D+01  0.92D+00 -0.66D+00  0.30D+00 -0.27D+00
   274 -0.30099919D+05   -0.0692099   -0.0000023  EM    4.85  1501.7
     Parameters         182       187        68       181        67
     Derivatives  -0.24D+01  0.94D+00 -0.66D+00  0.30D+00 -0.27D+00
   275 -0.30099987D+05   -0.0683386   -0.0000023  EM    4.86  1506.6
     Parameters         182       187        68       181        67
     Derivatives  -0.25D+01  0.96D+00 -0.66D+00  0.31D+00 -0.26D+00
   276 -0.30100054D+05   -0.0674301   -0.0000022  EM    4.82  1511.4
     Parameters         182       187        68       181        67
     Derivatives  -0.25D+01  0.98D+00 -0.66D+00  0.32D+00 -0.26D+00
   277 -0.30100121D+05   -0.0664868   -0.0000022  EM    3.26  1514.6
     Parameters         182       187        68       181       183
     Derivatives  -0.25D+01  0.10D+01 -0.66D+00  0.32D+00 -0.27D+00
   278 -0.30100121D+05    0.0000000    0.0000000  QN    7.11  1521.8
   279 -0.30100186D+05   -0.0655134   -0.0000022  EM    4.87  1526.6
     Parameters         182       187        68       181       183
     Derivatives  -0.26D+01  0.10D+01 -0.66D+00  0.33D+00 -0.28D+00
   280 -0.30100251D+05   -0.0644917   -0.0000021  EM    4.44  1531.1
     Parameters         182       187        68       181       183
     Derivatives  -0.26D+01  0.11D+01 -0.67D+00  0.34D+00 -0.29D+00
   281 -0.30100314D+05   -0.0634305   -0.0000021  EM    3.14  1534.2
     Parameters         182       187        68       181       183
     Derivatives  -0.27D+01  0.11D+01 -0.67D+00  0.35D+00 -0.30D+00
   282 -0.30100377D+05   -0.0623124   -0.0000021  EM    5.27  1539.5
     Parameters         182       187        68       181       183
     Derivatives  -0.28D+01  0.11D+01 -0.67D+00  0.36D+00 -0.31D+00
   283 -0.30100438D+05   -0.0611419   -0.0000020  EM    3.66  1543.1
     Parameters         182       187        68       181       183
     Derivatives  -0.28D+01  0.12D+01 -0.68D+00  0.37D+00 -0.33D+00
   284 -0.30100498D+05   -0.0598946   -0.0000020  EM    1.08  1544.2
     Parameters         182       187        68       181       183
     Derivatives  -0.29D+01  0.12D+01 -0.68D+00  0.39D+00 -0.34D+00
   285 -0.30100556D+05   -0.0585645   -0.0000019  EM    1.21  1545.4
     Parameters         182       187        68       181       183
     Derivatives  -0.30D+01  0.12D+01 -0.69D+00  0.40D+00 -0.36D+00
   286 -0.30100613D+05   -0.0571320   -0.0000019  EM    4.98  1550.4
     Parameters         182       187        68       181       183
     Derivatives  -0.31D+01  0.13D+01 -0.70D+00  0.41D+00 -0.37D+00
   287 -0.30100669D+05   -0.0555747   -0.0000018  EM    3.58  1554.0
     Parameters         182       187        68       181       183
     Derivatives  -0.32D+01  0.13D+01 -0.70D+00  0.43D+00 -0.39D+00
   288 -0.30100723D+05   -0.0538642   -0.0000018  EM    6.06  1560.1
     Parameters         182       187        68       181       183
     Derivatives  -0.33D+01  0.14D+01 -0.71D+00  0.45D+00 -0.41D+00
   289 -0.30100775D+05   -0.0519436   -0.0000017  EM    5.63  1565.7
     Parameters         182       187        68       181       183
     Derivatives  -0.34D+01  0.14D+01 -0.72D+00  0.47D+00 -0.43D+00
   290 -0.30100824D+05   -0.0497700   -0.0000017  EM    7.36  1573.0
     Parameters         182       187        68       181       183
     Derivatives  -0.35D+01  0.15D+01 -0.73D+00  0.49D+00 -0.45D+00
   291 -0.30100872D+05   -0.0472880   -0.0000016  EM    5.60  1578.6
     Parameters         182       187        68       181       183
     Derivatives  -0.37D+01  0.16D+01 -0.75D+00  0.51D+00 -0.48D+00
   292 -0.30100916D+05   -0.0443953   -0.0000015  EM    6.66  1585.3
     Parameters         182       187        68       181       183
     Derivatives  -0.38D+01  0.17D+01 -0.76D+00  0.54D+00 -0.51D+00
   293 -0.30100957D+05   -0.0410019   -0.0000014  EM    3.65  1588.9
     Parameters         182       187        68       181       183
     Derivatives  -0.40D+01  0.18D+01 -0.78D+00  0.57D+00 -0.54D+00
   294 -0.30100994D+05   -0.0369910   -0.0000012  EM    4.60  1593.6
     Parameters         182       187        68       181       183
     Derivatives  -0.42D+01  0.19D+01 -0.79D+00  0.61D+00 -0.58D+00
   295 -0.30101026D+05   -0.0322067   -0.0000011  EM    2.88  1596.4
     Parameters         182       187        68       181       183
     Derivatives  -0.45D+01  0.20D+01 -0.81D+00  0.65D+00 -0.62D+00
   296 -0.30101053D+05   -0.0265097   -0.0000009  EM    1.51  1597.9
     Parameters         182       187        68       181       183
     Derivatives  -0.48D+01  0.21D+01 -0.83D+00  0.70D+00 -0.67D+00
   297 -0.30101073D+05   -0.0197888   -0.0000007  EM    1.08  1599.0
     Parameters         182       187        68       181       183
     Derivatives  -0.51D+01  0.23D+01 -0.86D+00  0.76D+00 -0.73D+00
   298 -0.30101085D+05   -0.0119869   -0.0000004  EM    2.69  1601.7
     Parameters         182       187        68       181       183
     Derivatives  -0.56D+01  0.25D+01 -0.89D+00  0.83D+00 -0.81D+00
   299 -0.30101088D+05   -0.0031740   -0.0000001  EM   12.58  1614.3
     Parameters         182       187        68       181       183
     Derivatives  -0.60D+01  0.27D+01 -0.92D+00  0.91D+00 -0.89D+00
   300 -0.30101081D+05    0.0063980    0.0000002  EM    5.59  1619.9
   301 -0.30101065D+05    0.0163321    0.0000005  EM    5.63  1625.5
   302 -0.30101039D+05    0.0261241    0.0000009  EM    5.78  1631.3
   303 -0.30101004D+05    0.0354081    0.0000012  EM    5.99  1637.3
   304 -0.30100959D+05    0.0440736    0.0000015  EM    3.37  1640.6
   305 -0.30100907D+05    0.0524033    0.0000017  EM    5.06  1645.7
   306 -0.30100846D+05    0.0608663    0.0000020  EM    2.88  1648.6
   307 -0.30100776D+05    0.0700338    0.0000023  EM    1.44  1650.0
   308 -0.30100696D+05    0.0803678    0.0000027  EM    8.44  1658.5
   309 -0.30100604D+05    0.0921467    0.0000031  EM    8.09  1666.6
   310 -0.30100498D+05    0.1055661    0.0000035  EM    3.95  1670.5
   311 -0.30100377D+05    0.1207467    0.0000040  EM    8.20  1678.7
   312 -0.30100240D+05    0.1377754    0.0000046  EM    7.73  1686.4
   313 -0.30100083D+05    0.1568231    0.0000052  EM    7.62  1694.1
   314 -0.30099905D+05    0.1781243    0.0000059  EM    6.96  1701.0
   315 -0.30099703D+05    0.2020829    0.0000067  EM    6.95  1708.0
   316 -0.30099474D+05    0.2288964    0.0000076  EM    7.34  1715.3
   317 -0.30099215D+05    0.2584852    0.0000086  EM    8.62  1723.9
   318 -0.30098925D+05    0.2901052    0.0000096  EM    8.63  1732.6
   319 -0.30098603D+05    0.3217481    0.0000107  EM    6.18  1738.7
   320 -0.30098253D+05    0.3502355    0.0000116  EM    7.49  1746.2
   321 -0.30097881D+05    0.3716717    0.0000123  EM    7.61  1753.8
   322 -0.30097499D+05    0.3828233    0.0000127  EM   52.90  1806.7
   323 -0.30097117D+05    0.3820239    0.0000127  EM   10.83  1817.6
   324 -0.30096747D+05    0.3692026    0.0000123  EM    7.25  1824.8
   325 -0.30096402D+05    0.3451165    0.0000115  EM    6.68  1831.5
   326 -0.30096091D+05    0.3108583    0.0000103  EM    5.93  1837.4
   327 -0.30095823D+05    0.2681514    0.0000089  EM    6.41  1843.8
   328 -0.30095603D+05    0.2198172    0.0000073  EM    5.71  1849.5
   329 -0.30095434D+05    0.1696546    0.0000056  EM    5.45  1855.0
   330 -0.30095312D+05    0.1216909    0.0000040  EM    6.07  1861.0
   331 -0.30095232D+05    0.0799033    0.0000027  EM    4.43  1865.5
   332 -0.30095184D+05    0.0485817    0.0000016  EM    4.23  1869.7
   333 -0.30095150D+05    0.0337620    0.0000011  EM    5.14  1874.8
   334 -0.30095105D+05    0.0443839    0.0000015  EM    5.22  1880.1
   335 -0.30095018D+05    0.0875956    0.0000029  EM    3.86  1883.9
   336 -0.30094871D+05    0.1470572    0.0000049  EM    4.62  1888.5
   337 -0.30094701D+05    0.1698596    0.0000056  EM    3.73  1892.3
   338 -0.30094575D+05    0.1260355    0.0000042  EM    3.80  1896.1
   339 -0.30094526D+05    0.0492709    0.0000016  EM    3.72  1899.8
   340 -0.30094550D+05   -0.0240796   -0.0000008  EM    5.18  1905.0
     Parameters         182       187       181       183       190
     Derivatives   0.19D+02 -0.75D+01 -0.46D+01  0.40D+01  0.28D+01
   341 -0.30094634D+05   -0.0842988   -0.0000028  EM    4.96  1909.9
     Parameters         182       187       181       183       190
     Derivatives   0.21D+02 -0.86D+01 -0.50D+01  0.43D+01  0.30D+01
   342 -0.30094767D+05   -0.1327336   -0.0000044  EM    4.72  1914.7
     Parameters         182       187       181       183       190
     Derivatives   0.23D+02 -0.95D+01 -0.53D+01  0.46D+01  0.33D+01
   343 -0.30094938D+05   -0.1713958   -0.0000057  EM    4.80  1919.4
     Parameters         182       187       181       183       190
     Derivatives   0.25D+02 -0.10D+02 -0.55D+01  0.48D+01  0.34D+01
   344 -0.30095140D+05   -0.2018960   -0.0000067  EM    5.15  1924.6
     Parameters         182       187       181       183       190
     Derivatives   0.26D+02 -0.11D+02 -0.56D+01  0.49D+01  0.35D+01
   345 -0.30095365D+05   -0.2254760   -0.0000075  EM    5.11  1929.7
     Parameters         182       187       181       183       190
     Derivatives   0.26D+02 -0.11D+02 -0.57D+01  0.50D+01  0.36D+01
   346 -0.30095609D+05   -0.2432120   -0.0000081  EM    6.48  1936.2
     Parameters         182       187       181       183       190
     Derivatives   0.27D+02 -0.11D+02 -0.57D+01  0.50D+01  0.36D+01
   347 -0.30095865D+05   -0.2558504   -0.0000085  EM    5.63  1941.8
     Parameters         182       187       181       183       190
     Derivatives   0.27D+02 -0.11D+02 -0.56D+01  0.49D+01  0.36D+01
   348 -0.30096129D+05   -0.2641138   -0.0000088  EM    5.53  1947.4
     Parameters         182       187       181       183       190
     Derivatives   0.26D+02 -0.11D+02 -0.55D+01  0.48D+01  0.35D+01
   349 -0.30096397D+05   -0.2686966   -0.0000089  EM    6.10  1953.5
     Parameters         182       187       181       183       190
     Derivatives   0.26D+02 -0.11D+02 -0.54D+01  0.47D+01  0.34D+01
   350 -0.30096668D+05   -0.2704271   -0.0000090  EM    5.87  1959.3
     Parameters         182       187       181       183       190
     Derivatives   0.25D+02 -0.10D+02 -0.52D+01  0.46D+01  0.33D+01
   351 -0.30096938D+05   -0.2701733   -0.0000090  EM    7.18  1966.5
     Parameters         182       187       181       183       190
     Derivatives   0.24D+02 -0.10D+02 -0.51D+01  0.45D+01  0.32D+01
   352 -0.30097207D+05   -0.2688274   -0.0000089  EM    6.74  1973.2
     Parameters         182       187       181       183       190
     Derivatives   0.23D+02 -0.98D+01 -0.49D+01  0.43D+01  0.31D+01
   353 -0.30097474D+05   -0.2672239   -0.0000089  EM    6.69  1979.9
     Parameters         182       187       181       183       190
     Derivatives   0.22D+02 -0.94D+01 -0.47D+01  0.42D+01  0.30D+01
   354 -0.30097740D+05   -0.2659780   -0.0000088  EM    6.84  1986.8
     Parameters         182       187       181       183       190
     Derivatives   0.21D+02 -0.90D+01 -0.46D+01  0.40D+01  0.29D+01
   355 -0.30098005D+05   -0.2653725   -0.0000088  EM    7.35  1994.1
     Parameters         182       187       181       183       190
     Derivatives   0.21D+02 -0.87D+01 -0.44D+01  0.39D+01  0.28D+01
   356 -0.30098271D+05   -0.2654859   -0.0000088  EM    7.03  2001.2
     Parameters         182       187       181       183       190
     Derivatives   0.20D+02 -0.83D+01 -0.42D+01  0.38D+01  0.27D+01
   357 -0.30098537D+05   -0.2662888   -0.0000088  EM    6.04  2007.2
     Parameters         182       187       181       183       190
     Derivatives   0.19D+02 -0.79D+01 -0.40D+01  0.36D+01  0.26D+01
   358 -0.30098805D+05   -0.2678799   -0.0000089  EM    5.55  2012.7
     Parameters         182       187       181       183       190
     Derivatives   0.18D+02 -0.74D+01 -0.38D+01  0.34D+01  0.25D+01
   359 -0.30099076D+05   -0.2709398   -0.0000090  EM    5.36  2018.1
     Parameters         182       187       181       183       190
     Derivatives   0.16D+02 -0.68D+01 -0.36D+01  0.32D+01  0.23D+01
   360 -0.30099353D+05   -0.2769981   -0.0000092  EM    2.88  2021.0
     Parameters         182       187       181       183       190
     Derivatives   0.15D+02 -0.62D+01 -0.33D+01  0.30D+01  0.21D+01
   361 -0.30099642D+05   -0.2891541   -0.0000096  EM    5.82  2026.8
     Parameters         182       187       181       183       190
     Derivatives   0.13D+02 -0.54D+01 -0.31D+01  0.28D+01  0.19D+01
   362 -0.30099954D+05   -0.3121662   -0.0000104  EM    4.98  2031.8
     Parameters         182       187       181       183       190
     Derivatives   0.11D+02 -0.46D+01 -0.27D+01  0.25D+01  0.17D+01
   363 -0.30100304D+05   -0.3499278   -0.0000116  EM    5.03  2036.8
     Parameters         182       187       181       183        71
     Derivatives   0.83D+01 -0.36D+01 -0.24D+01  0.22D+01  0.15D+01
   364 -0.30100706D+05   -0.4018291   -0.0000133  EM    2.36  2039.2
     Parameters         182       187       181       183        71
     Derivatives   0.57D+01 -0.26D+01 -0.20D+01  0.19D+01  0.14D+01
   365 -0.30101168D+05   -0.4620303   -0.0000153  EM    4.88  2044.0
     Parameters         182       181       187       183        71
     Derivatives   0.30D+01 -0.16D+01 -0.15D+01  0.15D+01  0.13D+01
   366 -0.30101691D+05   -0.5228956   -0.0000174  EM    4.91  2049.0
     Parameters          67        71       181       183       190
     Derivatives   0.13D+01  0.13D+01 -0.12D+01  0.11D+01  0.59D+00
   367 -0.30102269D+05   -0.5778379   -0.0000192  EM    5.07  2054.0
     Parameters         182        67        71       187       181
     Derivatives  -0.32D+01  0.13D+01  0.12D+01  0.96D+00 -0.75D+00
   368 -0.30102892D+05   -0.6229454   -0.0000207  EM    4.95  2059.0
     Parameters         182       187        67        71        68
     Derivatives  -0.65D+01  0.23D+01  0.13D+01  0.11D+01 -0.62D+00
   369 -0.30103550D+05   -0.6580950   -0.0000219  EM    4.59  2063.6
     Parameters         182       187        67        71        68
     Derivatives  -0.98D+01  0.37D+01  0.12D+01  0.11D+01 -0.81D+00
   370 -0.30104234D+05   -0.6843120   -0.0000227  EM    3.94  2067.5
     Parameters         182       187        67        68        71
     Derivatives  -0.13D+02  0.49D+01  0.12D+01 -0.10D+01  0.99D+00
   371 -0.30104933D+05   -0.6992440   -0.0000232  EM    3.96  2071.5
     Parameters         182       187        68        67       181
     Derivatives  -0.16D+02  0.60D+01 -0.12D+01  0.12D+01  0.10D+01
   372 -0.30105630D+05   -0.6966269   -0.0000231  EM    4.54  2076.0
     Parameters         182       187        68       181       183
     Derivatives  -0.18D+02  0.70D+01 -0.15D+01  0.13D+01 -0.12D+01
   373 -0.30106300D+05   -0.6702058   -0.0000223  EM    4.75  2080.8
     Parameters         182       187        68       181       183
     Derivatives  -0.21D+02  0.79D+01 -0.17D+01  0.17D+01 -0.15D+01
   374 -0.30106921D+05   -0.6212825   -0.0000206  EM    5.44  2086.2
     Parameters         182       187       181        68       183
     Derivatives  -0.23D+02  0.88D+01  0.20D+01 -0.20D+01 -0.18D+01
   375 -0.30107498D+05   -0.5768680   -0.0000192  EM   36.64  2122.8
     Parameters         182       187       181        68       183
     Derivatives  -0.25D+02  0.95D+01  0.22D+01 -0.22D+01 -0.21D+01
   376 -0.30108065D+05   -0.5666839   -0.0000188  EM    5.80  2128.6
     Parameters         182       187        68       181       183
     Derivatives  -0.26D+02  0.97D+01 -0.24D+01  0.23D+01 -0.21D+01
   377 -0.30108639D+05   -0.5735151   -0.0000190  EM    6.18  2134.8
     Parameters         182       187        68       181       183
     Derivatives  -0.25D+02  0.95D+01 -0.25D+01  0.23D+01 -0.20D+01
   378 -0.30109212D+05   -0.5731899   -0.0000190  EM    5.21  2140.0
     Parameters         182       187        68       181       183
     Derivatives  -0.24D+02  0.89D+01 -0.26D+01  0.21D+01 -0.19D+01
   379 -0.30109772D+05   -0.5605035   -0.0000186  EM    7.45  2147.5
     Parameters         182       187        68       181       183
     Derivatives  -0.22D+02  0.82D+01 -0.25D+01  0.18D+01 -0.16D+01
   380 -0.30110302D+05   -0.5298731   -0.0000176  EM    7.57  2155.0
     Parameters         182       187        68       181       190
     Derivatives  -0.20D+02  0.75D+01 -0.23D+01  0.16D+01 -0.14D+01
   381 -0.30110756D+05   -0.4542166   -0.0000151  EM    6.86  2161.9
     Parameters         182       187        68       181       190
     Derivatives  -0.20D+02  0.74D+01 -0.17D+01  0.14D+01 -0.13D+01
   382 -0.30111011D+05   -0.2551659   -0.0000085  EM    6.38  2168.3
     Parameters         182       187       181       183       190
     Derivatives  -0.24D+02  0.94D+01  0.19D+01 -0.17D+01 -0.16D+01
   383 -0.30110894D+05    0.1176784    0.0000039  EM    4.83  2173.1
   384 -0.30110534D+05    0.3596056    0.0000119  EM    4.62  2177.7
   385 -0.30110237D+05    0.2976801    0.0000099  EM    5.11  2182.9
   386 -0.30110096D+05    0.1404002    0.0000047  EM    5.55  2188.4
   387 -0.30110090D+05    0.0056553    0.0000002  EM    3.89  2192.3
   388 -0.30110171D+05   -0.0808895   -0.0000027  EM    3.73  2196.0
     Parameters         182       187       183       181       190
     Derivatives  -0.65D+02  0.27D+02 -0.69D+01  0.68D+01 -0.50D+01
   389 -0.30110304D+05   -0.1328381   -0.0000044  EM    3.63  2199.6
     Parameters         182       187       181       183       190
     Derivatives  -0.62D+02  0.25D+02  0.64D+01 -0.64D+01 -0.47D+01
   390 -0.30110466D+05   -0.1615946   -0.0000054  EM    5.80  2205.4
     Parameters         182       187       181       183       190
     Derivatives  -0.59D+02  0.24D+02  0.60D+01 -0.58D+01 -0.44D+01
   391 -0.30110636D+05   -0.1705200   -0.0000057  EM    3.88  2209.3
     Parameters         182       187       181       183       190
     Derivatives  -0.56D+02  0.22D+02  0.57D+01 -0.53D+01 -0.40D+01
   392 -0.30110794D+05   -0.1577744   -0.0000052  EM    3.82  2213.1
     Parameters         182       187       181       183       190
     Derivatives  -0.53D+02  0.21D+02  0.54D+01 -0.48D+01 -0.38D+01
   393 -0.30110912D+05   -0.1176726   -0.0000039  EM    3.58  2216.7
     Parameters         182       187       181       183       190
     Derivatives  -0.52D+02  0.21D+02  0.54D+01 -0.46D+01 -0.37D+01
   394 -0.30110953D+05   -0.0413973   -0.0000014  EM    3.69  2220.4
     Parameters         182       187       181       183       190
     Derivatives  -0.53D+02  0.21D+02  0.58D+01 -0.47D+01 -0.38D+01
   395 -0.30110876D+05    0.0773925    0.0000026  EM    3.45  2223.9
   396 -0.30110651D+05    0.2244019    0.0000075  EM    3.52  2227.4
   397 -0.30110305D+05    0.3459251    0.0000115  EM    3.61  2231.0
   398 -0.30109923D+05    0.3826340    0.0000127  EM    3.67  2234.7
   399 -0.30109582D+05    0.3404012    0.0000113  EM    3.60  2238.3
   400 -0.30109319D+05    0.2630605    0.0000087  EM    3.68  2241.9
   401 -0.30109188D+05    0.1316278    0.0000044  EM    3.93  2245.9
   402 -0.30109217D+05   -0.0295259   -0.0000010  EM    3.46  2249.3
     Parameters          68        83       182        67       142
     Derivatives  -0.98D+01 -0.62D+01 -0.46D+01 -0.22D+01  0.21D+01
   403 -0.30109358D+05   -0.1408122   -0.0000047  EM    4.50  2253.8
     Parameters         182        68       187        83       183
     Derivatives   0.17D+02 -0.10D+02 -0.93D+01 -0.63D+01  0.43D+01
   404 -0.30109554D+05   -0.1955703   -0.0000065  EM    3.39  2257.2
     Parameters         182       187        68        83       183
     Derivatives   0.33D+02 -0.16D+02 -0.10D+02 -0.64D+01  0.62D+01
   405 -0.30109764D+05   -0.2103882   -0.0000070  EM    4.90  2262.1
     Parameters         182       187        68       183       181
     Derivatives   0.44D+02 -0.21D+02 -0.10D+02  0.74D+01 -0.68D+01
   406 -0.30109973D+05   -0.2093117   -0.0000070  EM    4.28  2266.4
     Parameters         182       187        68       183       181
     Derivatives   0.50D+02 -0.24D+02 -0.10D+02  0.81D+01 -0.76D+01
   407 -0.30110198D+05   -0.2248111   -0.0000075  EM    3.53  2269.9
     Parameters         182       187        68       183       181
     Derivatives   0.54D+02 -0.25D+02 -0.10D+02  0.85D+01 -0.81D+01
   408 -0.30110474D+05   -0.2763054   -0.0000092  EM    3.88  2273.8
     Parameters         182       187        68       183       181
     Derivatives   0.57D+02 -0.27D+02 -0.99D+01  0.89D+01 -0.87D+01
   409 -0.30110823D+05   -0.3482876   -0.0000116  EM    4.12  2277.9
     Parameters         182       187        68       183       181
     Derivatives   0.62D+02 -0.29D+02 -0.98D+01  0.94D+01 -0.94D+01
   410 -0.30111235D+05   -0.4120090   -0.0000137  EM    3.89  2281.8
     Parameters         182       187       181       183        68
     Derivatives   0.67D+02 -0.31D+02 -0.10D+02  0.99D+01 -0.97D+01
   411 -0.30111691D+05   -0.4558486   -0.0000151  EM    3.98  2285.8
     Parameters         182       187       181       183        68
     Derivatives   0.71D+02 -0.33D+02 -0.11D+02  0.10D+02 -0.97D+01
   412 -0.30112175D+05   -0.4840466   -0.0000161  EM    4.36  2290.2
     Parameters         182       187       181       183        68
     Derivatives   0.74D+02 -0.34D+02 -0.11D+02  0.11D+02 -0.96D+01
   413 -0.30112678D+05   -0.5035825   -0.0000167  EM    4.65  2294.8
     Parameters         182       187       181       183        68
     Derivatives   0.77D+02 -0.35D+02 -0.11D+02  0.11D+02 -0.95D+01
   414 -0.30113197D+05   -0.5192187   -0.0000172  EM    5.66  2300.5
     Parameters         182       187       181       183        68
     Derivatives   0.78D+02 -0.36D+02 -0.11D+02  0.11D+02 -0.95D+01
   415 -0.30113731D+05   -0.5332763   -0.0000177  EM    5.90  2306.4
     Parameters         182       187       181       183        68
     Derivatives   0.79D+02 -0.36D+02 -0.12D+02  0.11D+02 -0.94D+01
   416 -0.30114278D+05   -0.5468931   -0.0000182  EM    6.57  2312.9
     Parameters         182       187       181       183        68
     Derivatives   0.79D+02 -0.36D+02 -0.12D+02  0.11D+02 -0.94D+01
   417 -0.30114838D+05   -0.5603000   -0.0000186  EM    6.99  2319.9
     Parameters         182       187       181       183        68
     Derivatives   0.80D+02 -0.36D+02 -0.12D+02  0.11D+02 -0.93D+01
   418 -0.30115411D+05   -0.5734400   -0.0000190  EM    6.66  2326.6
     Parameters         182       187       181       183        68
     Derivatives   0.80D+02 -0.36D+02 -0.12D+02  0.11D+02 -0.92D+01
   419 -0.30115997D+05   -0.5859582   -0.0000195  EM    5.30  2331.9
     Parameters         182       187       181       183        68
     Derivatives   0.80D+02 -0.36D+02 -0.11D+02  0.11D+02 -0.92D+01
   420 -0.30116595D+05   -0.5973580   -0.0000198  EM    5.24  2337.1
     Parameters         182       187       181       183        68
     Derivatives   0.80D+02 -0.36D+02 -0.11D+02  0.11D+02 -0.91D+01
   421 -0.30117202D+05   -0.6073246   -0.0000202  EM    5.53  2342.7
     Parameters         182       187       181       183        68
     Derivatives   0.79D+02 -0.36D+02 -0.11D+02  0.11D+02 -0.90D+01
   422 -0.30117817D+05   -0.6154801   -0.0000204  EM    5.04  2347.7
     Parameters         182       187       181       183        68
     Derivatives   0.79D+02 -0.36D+02 -0.11D+02  0.10D+02 -0.89D+01
   423 -0.30118439D+05   -0.6213666   -0.0000206  EM    5.39  2353.1
     Parameters         182       187       181       183        68
     Derivatives   0.79D+02 -0.36D+02 -0.11D+02  0.10D+02 -0.87D+01
   424 -0.30119064D+05   -0.6247205   -0.0000207  EM    5.15  2358.2
     Parameters         182       187       181       183        68
     Derivatives   0.79D+02 -0.36D+02 -0.11D+02  0.10D+02 -0.86D+01
   425 -0.30119689D+05   -0.6249778   -0.0000208  EM    4.49  2362.7
     Parameters         182       187       181       183        68
     Derivatives   0.78D+02 -0.35D+02 -0.11D+02  0.10D+02 -0.84D+01
   426 -0.30120310D+05   -0.6216470   -0.0000206  EM    4.42  2367.1
     Parameters         182       187       181       183        68
     Derivatives   0.78D+02 -0.35D+02 -0.11D+02  0.10D+02 -0.82D+01
   427 -0.30120924D+05   -0.6138110   -0.0000204  EM    4.38  2371.5
     Parameters         182       187       181       183        68
     Derivatives   0.78D+02 -0.35D+02 -0.11D+02  0.10D+02 -0.79D+01
   428 -0.30121524D+05   -0.5995878   -0.0000199  EM    4.89  2376.4
     Parameters         182       187       181       183        68
     Derivatives   0.77D+02 -0.34D+02 -0.11D+02  0.98D+01 -0.75D+01
   429 -0.30122099D+05   -0.5749338   -0.0000191  EM    4.26  2380.7
     Parameters         182       187       181       183        68
     Derivatives   0.76D+02 -0.34D+02 -0.10D+02  0.96D+01 -0.70D+01
   430 -0.30122629D+05   -0.5307521   -0.0000176  EM    5.32  2386.0
     Parameters         182       187       181       183       190
     Derivatives   0.73D+02 -0.32D+02 -0.10D+02  0.93D+01  0.66D+01
   431 -0.30123077D+05   -0.4479120   -0.0000149  EM    3.91  2389.9
     Parameters         182       187       181       183       190
     Derivatives   0.66D+02 -0.29D+02 -0.93D+01  0.85D+01  0.60D+01
   432 -0.30123384D+05   -0.3069207   -0.0000102  EM    4.73  2394.6
     Parameters         182       187       181       183       190
     Derivatives   0.51D+02 -0.23D+02 -0.77D+01  0.71D+01  0.48D+01
   433 -0.30123554D+05   -0.1701319   -0.0000056  EM   30.73  2425.4
     Parameters         182       187       181       183       190
     Derivatives   0.32D+02 -0.15D+02 -0.56D+01  0.51D+01  0.33D+01
   434 -0.30123731D+05   -0.1763579   -0.0000059  EM    3.20  2428.6
     Parameters         182       187       181       183        68
     Derivatives   0.18D+02 -0.10D+02 -0.41D+01  0.36D+01 -0.27D+01
   435 -0.30123975D+05   -0.2445026   -0.0000081  EM    3.38  2431.9
     Parameters         182       187       181       183        68
     Derivatives   0.13D+02 -0.80D+01 -0.35D+01  0.30D+01 -0.25D+01
   436 -0.30124247D+05   -0.2721391   -0.0000090  EM    4.86  2436.8
     Parameters         182       187       181       183        68
     Derivatives   0.11D+02 -0.76D+01 -0.33D+01  0.28D+01 -0.24D+01
   437 -0.30124528D+05   -0.2806460   -0.0000093  EM    4.40  2441.2
     Parameters         182       187       181       183        68
     Derivatives   0.12D+02 -0.77D+01 -0.34D+01  0.28D+01 -0.23D+01
   438 -0.30124820D+05   -0.2926135   -0.0000097  EM    3.83  2445.0
     Parameters         182       187       181       183        68
     Derivatives   0.12D+02 -0.79D+01 -0.34D+01  0.28D+01 -0.22D+01
   439 -0.30125133D+05   -0.3127605   -0.0000104  EM    3.53  2448.6
     Parameters         182       187       181       183        68
     Derivatives   0.12D+02 -0.81D+01 -0.35D+01  0.28D+01 -0.22D+01
   440 -0.30125471D+05   -0.3381868   -0.0000112  EM    3.35  2451.9
     Parameters         182       187       181       183        68
     Derivatives   0.12D+02 -0.82D+01 -0.35D+01  0.28D+01 -0.22D+01
   441 -0.30125836D+05   -0.3649406   -0.0000121  EM    3.71  2455.6
     Parameters         182       187       181       183        68
     Derivatives   0.12D+02 -0.82D+01 -0.35D+01  0.28D+01 -0.22D+01
   442 -0.30126225D+05   -0.3888023   -0.0000129  EM    3.64  2459.3
     Parameters         182       187       181       183        68
     Derivatives   0.12D+02 -0.79D+01 -0.35D+01  0.27D+01 -0.22D+01
   443 -0.30126632D+05   -0.4066182   -0.0000135  EM    3.87  2463.1
     Parameters         182       187       181       183        68
     Derivatives   0.99D+01 -0.74D+01 -0.34D+01  0.25D+01 -0.21D+01
   444 -0.30127048D+05   -0.4159387   -0.0000138  EM    5.28  2468.4
     Parameters         182       187       181       183        68
     Derivatives   0.72D+01 -0.63D+01 -0.31D+01  0.22D+01 -0.20D+01
   445 -0.30127464D+05   -0.4161697   -0.0000138  EM    5.62  2474.0
     Parameters         187       182       181        68        71
     Derivatives  -0.49D+01  0.34D+01 -0.28D+01 -0.19D+01  0.19D+01
   446 -0.30127873D+05   -0.4087681   -0.0000136  EM    5.48  2479.5
     Parameters         187       181        71        68       183
     Derivatives  -0.32D+01 -0.23D+01  0.18D+01 -0.18D+01  0.13D+01
   447 -0.30128268D+05   -0.3958143   -0.0000131  EM    4.10  2483.6
     Parameters         182       181        71        68       187
     Derivatives  -0.58D+01 -0.19D+01  0.18D+01 -0.15D+01 -0.15D+01
   448 -0.30128647D+05   -0.3788817   -0.0000126  EM    4.05  2487.7
     Parameters         182        71       181        67        83
     Derivatives  -0.10D+02  0.18D+01 -0.15D+01  0.13D+01 -0.13D+01
   449 -0.30129008D+05   -0.3604116   -0.0000120  EM    4.60  2492.3
     Parameters         182        71       187        67        83
     Derivatives  -0.14D+02  0.18D+01  0.15D+01  0.14D+01 -0.13D+01
   450 -0.30129353D+05   -0.3447829   -0.0000114  EM    4.91  2497.2
     Parameters         182       187        71        67        83
     Derivatives  -0.17D+02  0.25D+01  0.18D+01  0.15D+01 -0.13D+01
   451 -0.30129688D+05   -0.3353589   -0.0000111  EM    4.65  2501.8
     Parameters         182       187        71        67        83
     Derivatives  -0.18D+02  0.30D+01  0.17D+01  0.15D+01 -0.12D+01
   452 -0.30130016D+05   -0.3282290   -0.0000109  EM    6.19  2508.0
     Parameters         182       187        71        67        83
     Derivatives  -0.19D+02  0.34D+01  0.17D+01  0.16D+01 -0.11D+01
   453 -0.30130329D+05   -0.3131810   -0.0000104  EM    5.37  2513.4
     Parameters         182       187        71        67        83
     Derivatives  -0.21D+02  0.40D+01  0.17D+01  0.16D+01 -0.11D+01
   454 -0.30130606D+05   -0.2768973   -0.0000092  EM    5.62  2519.0
     Parameters         182       187        71        67       190
     Derivatives  -0.25D+02  0.56D+01  0.16D+01  0.16D+01 -0.12D+01
   455 -0.30091743D+05   38.8633694    0.0012898  QN   40.07  2559.1
   456 -0.30086757D+05    4.9856895    0.0001657  EM    3.76  2562.8
   457 -0.30086013D+05    0.7442253    0.0000247  EM    1.30  2564.1
   458 -0.30085387D+05    0.6258654    0.0000208  EM    0.83  2565.0
   459 -0.30084823D+05    0.5640461    0.0000187  EM    0.66  2565.6
   460 -0.30084307D+05    0.5160022    0.0000172  EM    0.52  2566.1
   461 -0.30083831D+05    0.4762158    0.0000158  EM    0.46  2566.6
   462 -0.30083389D+05    0.4421082    0.0000147  EM    0.46  2567.1
   463 -0.30082977D+05    0.4121110    0.0000137  EM    0.43  2567.5
   464 -0.30082591D+05    0.3852134    0.0000128  EM    0.49  2568.0
   465 -0.30082231D+05    0.3607484    0.0000120  EM    0.45  2568.4
   466 -0.30081892D+05    0.3382677    0.0000112  EM    0.48  2568.9
   467 -0.30081575D+05    0.3174640    0.0000106  EM    0.43  2569.4
   468 -0.30081277D+05    0.2981181    0.0000099  EM    0.48  2569.8
   469 -0.30080997D+05    0.2800721    0.0000093  EM    0.44  2570.3
   470 -0.30080734D+05    0.2632019    0.0000087  EM    0.42  2570.7
   471 -0.30080486D+05    0.2474113    0.0000082  EM    0.45  2571.1
   472 -0.30080253D+05    0.2326201    0.0000077  EM    0.46  2571.6
   473 -0.30080035D+05    0.2187594    0.0000073  EM    0.45  2572.1
   474 -0.30079829D+05    0.2057704    0.0000068  EM    0.45  2572.5
   475 -0.30079635D+05    0.1935961    0.0000064  EM    0.51  2573.0
   476 -0.30079453D+05    0.1821875    0.0000061  EM    0.49  2573.5
   477 -0.30079282D+05    0.1714982    0.0000057  EM    0.41  2573.9
   478 -0.30079120D+05    0.1614843    0.0000054  EM    0.39  2574.3
   479 -0.30078968D+05    0.1521058    0.0000051  EM    0.46  2574.8
   480 -0.30078825D+05    0.1433237    0.0000048  EM    0.44  2575.2
   481 -0.30078690D+05    0.1351024    0.0000045  EM    0.41  2575.6
   482 -0.30078562D+05    0.1274070    0.0000042  EM    0.44  2576.1
   483 -0.30078442D+05    0.1202059    0.0000040  EM    0.40  2576.5
   484 -0.30078329D+05    0.1134681    0.0000038  EM    0.46  2576.9
   485 -0.30078221D+05    0.1071651    0.0000036  EM    0.39  2577.3
   486 -0.30078120D+05    0.1012697    0.0000034  EM    0.44  2577.8
   487 -0.30078024D+05    0.0957563    0.0000032  EM   52.86  2630.6

  IT APPEARS THAT ACCELERATING ITERATIONS LABELED AS FS AND QN IN THE
  ITERATIONS SHOWN ON THE SCREEN ARE TAKING A LONG TIME.  USING THE
  OPTION ALGORITHM=EM IN THE ANALYSIS COMMAND MAY IMPROVE THE SPEED OF
  THE COMPUTATION.

   488 -0.30077934D+05    0.0906006    0.0000030  EM    0.40  2631.0
   489 -0.30077848D+05    0.0857802    0.0000029  EM    0.36  2631.4
   490 -0.30077767D+05    0.0812735    0.0000027  EM    0.38  2631.8
   491 -0.30077690D+05    0.0770603    0.0000026  EM    0.36  2632.1
   492 -0.30077617D+05    0.0731222    0.0000024  EM    0.38  2632.5
   493 -0.30077547D+05    0.0694409    0.0000023  EM    0.48  2633.0
   494 -0.30077481D+05    0.0660001    0.0000022  EM    0.40  2633.4
   495 -0.30077418D+05    0.0627840    0.0000021  EM    0.39  2633.8
   496 -0.30077359D+05    0.0597779    0.0000020  EM    0.39  2634.2
   497 -0.30077302D+05    0.0569684    0.0000019  EM    0.38  2634.5
   498 -0.30077247D+05    0.0543424    0.0000018  EM    0.43  2635.0
   499 -0.30077195D+05    0.0518878    0.0000017  EM    0.42  2635.4
   500 -0.30077146D+05    0.0495935    0.0000016  EM    0.50  2635.9
   501 -0.30077098D+05    0.0474487    0.0000016  EM    0.41  2636.3
   502 -0.30077053D+05    0.0454438    0.0000015  EM    0.41  2636.7
   503 -0.30077009D+05    0.0435695    0.0000014  EM    0.40  2637.1
   504 -0.30076967D+05    0.0418172    0.0000014  EM    0.40  2637.5
   505 -0.30076927D+05    0.0401787    0.0000013  EM    0.42  2637.9
   506 -0.30076889D+05    0.0386466    0.0000013  EM    0.37  2638.3
   507 -0.30076851D+05    0.0372137    0.0000012  EM    0.41  2638.7
   508 -0.30076816D+05    0.0358736    0.0000012  EM    0.45  2639.2
   509 -0.30076781D+05    0.0346201    0.0000012  EM    0.43  2639.6
   510 -0.30076747D+05    0.0334476    0.0000011  EM    0.45  2640.0
   511 -0.30076715D+05    0.0323506    0.0000011  EM    0.42  2640.5
   512 -0.30076684D+05    0.0313242    0.0000010  EM    0.46  2640.9
   513 -0.30076653D+05    0.0303636    0.0000010  EM    0.41  2641.3
   514 -0.30076624D+05    0.0294647    0.0000010  EM    0.43  2641.8
   515 -0.30076595D+05    0.0286233    0.0000010  EM    0.45  2642.2
   516 -0.30076568D+05    0.0278357    0.0000009  EM    0.39  2642.6
   517 -0.30076540D+05    0.0270983    0.0000009  EM    0.40  2643.0
   518 -0.30076514D+05    0.0264080    0.0000009  EM    0.38  2643.4
   519 -0.30076488D+05    0.0257616    0.0000009  EM    0.43  2643.8
   520 -0.30076463D+05    0.0251562    0.0000008  EM    0.40  2644.2
   521 -0.30076439D+05    0.0245894    0.0000008  EM    0.39  2644.6
   522 -0.30076414D+05    0.0240586    0.0000008  EM    0.47  2645.1
   523 -0.30076391D+05    0.0235614    0.0000008  EM    0.40  2645.5
   524 -0.30076368D+05    0.0230959    0.0000008  EM    0.43  2645.9
   525 -0.30076345D+05    0.0226600    0.0000008  EM    0.41  2646.3
   526 -0.30076323D+05    0.0222519    0.0000007  EM    0.41  2646.7
   527 -0.30076301D+05    0.0218698    0.0000007  EM    0.41  2647.1
   528 -0.30076279D+05    0.0215122    0.0000007  EM    0.40  2647.5
   529 -0.30076258D+05    0.0211778    0.0000007  EM    0.43  2647.9
   530 -0.30076237D+05    0.0208649    0.0000007  EM    0.43  2648.4
   531 -0.30076217D+05    0.0205725    0.0000007  EM    0.46  2648.8
   532 -0.30076197D+05    0.0202994    0.0000007  EM    0.44  2649.3
   533 -0.30076177D+05    0.0200445    0.0000007  EM    0.41  2649.7
   534 -0.30076157D+05    0.0198068    0.0000007  EM    0.43  2650.1
   535 -0.30076137D+05    0.0195854    0.0000007  EM    0.41  2650.5
   536 -0.30076118D+05    0.0193795    0.0000006  EM    0.46  2651.0
   537 -0.30076099D+05    0.0191884    0.0000006  EM    0.51  2651.5
   538 -0.30076080D+05    0.0190113    0.0000006  EM   68.33  2719.8

  IT APPEARS THAT ACCELERATING ITERATIONS LABELED AS FS AND QN IN THE
  ITERATIONS SHOWN ON THE SCREEN ARE TAKING A LONG TIME.  USING THE
  OPTION ALGORITHM=EM IN THE ANALYSIS COMMAND MAY IMPROVE THE SPEED OF
  THE COMPUTATION.

   539 -0.30076061D+05    0.0188477    0.0000006  EM    0.52  2720.3
   540 -0.30076042D+05    0.0186969    0.0000006  EM    0.51  2720.9
   541 -0.30076023D+05    0.0185587    0.0000006  EM    0.49  2721.3
   542 -0.30076005D+05    0.0184323    0.0000006  EM    0.43  2721.8
   543 -0.30075987D+05    0.0183175    0.0000006  EM    0.47  2722.2
   544 -0.30075968D+05    0.0182140    0.0000006  EM    0.45  2722.7
   545 -0.30075950D+05    0.0181214    0.0000006  EM    0.50  2723.2
   546 -0.30075932D+05    0.0180396    0.0000006  EM    0.46  2723.7
   547 -0.30075914D+05    0.0179684    0.0000006  EM    0.48  2724.1
   548 -0.30075896D+05    0.0179075    0.0000006  EM    0.45  2724.6
   549 -0.30075879D+05    0.0178570    0.0000006  EM    0.50  2725.1
   550 -0.30075861D+05    0.0178170    0.0000006  EM    0.59  2725.7
   551 -0.30075843D+05    0.0177872    0.0000006  EM    0.45  2726.1
   552 -0.30075825D+05    0.0177678    0.0000006  EM    0.45  2726.6
   553 -0.30075807D+05    0.0177590    0.0000006  EM    0.44  2727.0
   554 -0.30075790D+05    0.0177609    0.0000006  EM    0.43  2727.4
   555 -0.30075772D+05    0.0177737    0.0000006  EM    0.39  2727.8
   556 -0.30075754D+05    0.0177976    0.0000006  EM    0.47  2728.3
   557 -0.30075736D+05    0.0178331    0.0000006  EM    0.43  2728.7
   558 -0.30075718D+05    0.0178804    0.0000006  EM    0.48  2729.2
   559 -0.30075700D+05    0.0179401    0.0000006  EM    0.43  2729.6
   560 -0.30075682D+05    0.0180125    0.0000006  EM    0.43  2730.1
   561 -0.30075664D+05    0.0180985    0.0000006  EM    0.45  2730.5
   562 -0.30075646D+05    0.0181984    0.0000006  EM    0.41  2730.9
   563 -0.30075628D+05    0.0183131    0.0000006  EM    0.45  2731.4
   564 -0.30075609D+05    0.0184434    0.0000006  EM    0.43  2731.8
   565 -0.30075591D+05    0.0185899    0.0000006  EM    0.44  2732.3
   566 -0.30075572D+05    0.0187540    0.0000006  EM    0.39  2732.6
   567 -0.30075553D+05    0.0189365    0.0000006  EM    0.41  2733.0
   568 -0.30075534D+05    0.0191388    0.0000006  EM    0.43  2733.5
   569 -0.30075515D+05    0.0193620    0.0000006  EM    0.41  2733.9
   570 -0.30075495D+05    0.0196075    0.0000007  EM    0.45  2734.3
   571 -0.30075475D+05    0.0198771    0.0000007  EM    0.42  2734.8
   572 -0.30075455D+05    0.0201724    0.0000007  EM    0.44  2735.2
   573 -0.30075434D+05    0.0204952    0.0000007  EM    0.43  2735.6
   574 -0.30075414D+05    0.0208478    0.0000007  EM    0.40  2736.0
   575 -0.30075392D+05    0.0212325    0.0000007  EM    0.44  2736.5
   576 -0.30075371D+05    0.0216514    0.0000007  EM    0.46  2736.9
   577 -0.30075349D+05    0.0221078    0.0000007  EM    0.44  2737.4
   578 -0.30075326D+05    0.0226044    0.0000008  EM    0.44  2737.8
   579 -0.30075303D+05    0.0231447    0.0000008  EM    0.43  2738.2
   580 -0.30075279D+05    0.0237324    0.0000008  EM    0.46  2738.7
   581 -0.30075255D+05    0.0243715    0.0000008  EM    0.47  2739.2
   582 -0.30075230D+05    0.0250667    0.0000008  EM    0.42  2739.6
   583 -0.30075204D+05    0.0258229    0.0000009  EM    0.38  2740.0
   584 -0.30075177D+05    0.0266456    0.0000009  EM    0.42  2740.4
   585 -0.30075150D+05    0.0275409    0.0000009  EM    0.48  2740.9
   586 -0.30075121D+05    0.0285158    0.0000009  EM    0.44  2741.3
   587 -0.30075092D+05    0.0295776    0.0000010  EM    0.39  2741.7
   588 -0.30075061D+05    0.0307352    0.0000010  EM    0.45  2742.2
   589 -0.30075029D+05    0.0319975    0.0000011  EM   51.52  2793.7

  IT APPEARS THAT ACCELERATING ITERATIONS LABELED AS FS AND QN IN THE
  ITERATIONS SHOWN ON THE SCREEN ARE TAKING A LONG TIME.  USING THE
  OPTION ALGORITHM=EM IN THE ANALYSIS COMMAND MAY IMPROVE THE SPEED OF
  THE COMPUTATION.

   590 -0.30074996D+05    0.0333826    0.0000011  EM    2.26  2795.9
   591 -0.30074961D+05    0.0348805    0.0000012  EM    0.90  2796.8
   592 -0.30074924D+05    0.0365258    0.0000012  EM    0.49  2797.3
   593 -0.30074886D+05    0.0383265    0.0000013  EM    0.57  2797.9
   594 -0.30074845D+05    0.0402977    0.0000013  EM    0.45  2798.4
   595 -0.30074803D+05    0.0424606    0.0000014  EM    0.52  2798.9
   596 -0.30074758D+05    0.0448343    0.0000015  EM    0.45  2799.3
   597 -0.30074711D+05    0.0474405    0.0000016  EM    0.36  2799.7
   598 -0.30074660D+05    0.0503106    0.0000017  EM    0.52  2800.2
   599 -0.30074607D+05    0.0534706    0.0000018  EM    0.47  2800.7
   600 -0.30074550D+05    0.0569578    0.0000019  EM    0.51  2801.2
   601 -0.30074489D+05    0.0608110    0.0000020  EM    0.64  2801.8
   602 -0.30074424D+05    0.0650714    0.0000022  EM    0.50  2802.3
   603 -0.30074354D+05    0.0697901    0.0000023  EM    0.45  2802.8
   604 -0.30074279D+05    0.0750240    0.0000025  EM    0.58  2803.4
   605 -0.30074198D+05    0.0808393    0.0000027  EM    0.86  2804.2
   606 -0.30074111D+05    0.0873081    0.0000029  EM    0.61  2804.8
   607 -0.30074017D+05    0.0945152    0.0000031  EM    0.61  2805.4
   608 -0.30073914D+05    0.1025556    0.0000034  EM    0.52  2806.0
   609 -0.30067725D+05    6.1893890    0.0002058  QN   21.21  2827.2
   610 -0.30051396D+05   16.3288275    0.0005431  EM    9.38  2836.6
   611 -0.30046471D+05    4.9249797    0.0001639  EM   45.02  2881.6
   612 -0.30042950D+05    3.5208669    0.0001172  EM   65.27  2946.8
   613 -0.30040160D+05    2.7897278    0.0000929  EM   67.94  3014.8
   614 -0.30037896D+05    2.2646876    0.0000754  EM   82.14  3096.9
   615 -0.30036033D+05    1.8628300    0.0000620  EM   62.20  3159.1
   616 -0.30034472D+05    1.5607439    0.0000520  EM   77.39  3236.5
   617 -0.30033148D+05    1.3241273    0.0000441  EM   67.80  3304.3
   618 -0.30032014D+05    1.1340912    0.0000378  EM   65.95  3370.3
   619 -0.30031042D+05    0.9717145    0.0000324  EM   71.02  3441.3
   620 -0.30030186D+05    0.8557499    0.0000285  EM   60.95  3502.2
   621 -0.30029438D+05    0.7480879    0.0000249  EM   68.49  3570.7
   622 -0.30028783D+05    0.6551392    0.0000218  EM   59.73  3630.5
   623 -0.30028783D+05    0.0000000    0.0000000  QN    1.05  3631.5
   624 -0.30028196D+05    0.5868381    0.0000195  EM   77.55  3709.1

  IT APPEARS THAT ACCELERATING ITERATIONS LABELED AS FS AND QN IN THE
  ITERATIONS SHOWN ON THE SCREEN ARE TAKING A LONG TIME.  USING THE
  OPTION ALGORITHM=EM IN THE ANALYSIS COMMAND MAY IMPROVE THE SPEED OF
  THE COMPUTATION.

   625 -0.30027676D+05    0.5206648    0.0000173  EM   71.78  3780.8
   626 -0.30027214D+05    0.4619584    0.0000154  EM   61.31  3842.1
   627 -0.30026801D+05    0.4122254    0.0000137  EM   75.25  3917.4
   628 -0.30026432D+05    0.3697332    0.0000123  EM   60.60  3978.0
   629 -0.30026099D+05    0.3327749    0.0000111  EM   70.84  4048.8
   630 -0.30025798D+05    0.3010971    0.0000100  EM   68.48  4117.3
   631 -0.30025525D+05    0.2724006    0.0000091  EM   62.50  4179.8
   632 -0.30025280D+05    0.2457916    0.0000082  EM   77.37  4257.2
   633 -0.30025058D+05    0.2211987    0.0000074  EM   63.13  4320.3
   634 -0.30024858D+05    0.2001785    0.0000067  EM   71.71  4392.0
   635 -0.30024678D+05    0.1802934    0.0000060  EM   65.07  4457.1
   636 -0.30024516D+05    0.1622227    0.0000054  EM   73.20  4530.3
   637 -0.30024370D+05    0.1456496    0.0000049  EM   67.60  4597.9
   638 -0.30024240D+05    0.1299601    0.0000043  EM   62.11  4660.0
   639 -0.30024124D+05    0.1159348    0.0000039  EM   75.13  4735.1
   640 -0.30024022D+05    0.1019726    0.0000034  EM   62.75  4797.9
   641 -0.30023933D+05    0.0895530    0.0000030  EM   72.16  4870.0
   642 -0.30023854D+05    0.0782330    0.0000026  EM   93.93  4964.0
   643 -0.30023786D+05    0.0680232    0.0000023  EM   72.81  5036.8
   644 -0.30023728D+05    0.0586372    0.0000020  EM   63.72  5100.5
   645 -0.30023678D+05    0.0498111    0.0000017  EM   73.12  5173.6
   646 -0.30023636D+05    0.0417846    0.0000014  EM   61.73  5235.3
   647 -0.30023601D+05    0.0350099    0.0000012  EM   82.84  5318.2
   648 -0.30023572D+05    0.0291648    0.0000010  EM   79.61  5397.8
   649 -0.30023548D+05    0.0235217    0.0000008  EM   63.41  5461.2
   650 -0.30023528D+05    0.0201632    0.0000007  EM   85.65  5546.8
   651 -0.30023512D+05    0.0163325    0.0000005  EM   66.02  5612.9
   652 -0.30023497D+05    0.0147976    0.0000005  EM   69.78  5682.6
   653 -0.30023484D+05    0.0133619    0.0000004  EM   72.88  5755.5
   654 -0.30023469D+05    0.0143669    0.0000005  EM   59.75  5815.3
   655 -0.30023457D+05    0.0125596    0.0000004  EM   83.04  5898.3
   656 -0.30023437D+05    0.0202773    0.0000007  EM   64.70  5963.0
   657 -0.30023420D+05    0.0171053    0.0000006  EM   63.92  6026.9
   658 -0.30023399D+05    0.0205975    0.0000007  EM   72.49  6099.4
   659 -0.30023375D+05    0.0235411    0.0000008  EM   64.58  6164.0
   660 -0.30023342D+05    0.0329356    0.0000011  EM   72.42  6236.4
   661 -0.30023308D+05    0.0339775    0.0000011  EM   64.52  6300.9
   662 -0.30023278D+05    0.0300894    0.0000010  EM   67.62  6368.6
   663 -0.30023240D+05    0.0380909    0.0000013  EM   64.58  6433.2
   664 -0.30023196D+05    0.0445685    0.0000015  EM   63.00  6496.2
   665 -0.30023156D+05    0.0399587    0.0000013  EM   74.89  6571.1
   666 -0.30023107D+05    0.0490814    0.0000016  EM   60.04  6631.1
   667 -0.30023058D+05    0.0483114    0.0000016  EM   65.43  6696.5
   668 -0.30023007D+05    0.0513608    0.0000017  EM   66.66  6763.2
   669 -0.30022961D+05    0.0463515    0.0000015  EM   70.98  6834.2
   670 -0.30022907D+05    0.0534534    0.0000018  EM   70.13  6904.3
   671 -0.30022854D+05    0.0530846    0.0000018  EM   62.18  6966.5
   672 -0.30022804D+05    0.0498877    0.0000017  EM   75.69  7042.2
   673 -0.30022750D+05    0.0537490    0.0000018  EM   63.25  7105.4
   674 -0.30022692D+05    0.0586820    0.0000020  EM   72.94  7178.3
   675 -0.30022636D+05    0.0554826    0.0000018  EM   64.43  7242.8
   676 -0.30022583D+05    0.0530106    0.0000018  EM   67.59  7310.4
   677 -0.30022527D+05    0.0563019    0.0000019  EM   71.01  7381.4
   678 -0.30022469D+05    0.0581115    0.0000019  EM   60.86  7442.2
   679 -0.30022413D+05    0.0562533    0.0000019  EM   64.98  7507.2
   680 -0.30022355D+05    0.0576497    0.0000019  EM   68.09  7575.3
   681 -0.30022300D+05    0.0553199    0.0000018  EM   62.95  7638.3
   682 -0.30022243D+05    0.0570501    0.0000019  EM   66.03  7704.3
   683 -0.30022187D+05    0.0560116    0.0000019  EM   60.70  7765.0
   684 -0.30022128D+05    0.0589812    0.0000020  EM   71.74  7836.7
   685 -0.30022071D+05    0.0569359    0.0000019  EM   63.16  7899.9
   686 -0.30022013D+05    0.0579782    0.0000019  EM   59.50  7959.4
   687 -0.30021951D+05    0.0616069    0.0000021  EM   71.16  8030.5
   688 -0.30021890D+05    0.0606179    0.0000020  EM   60.51  8091.1
   689 -0.30021826D+05    0.0648739    0.0000022  EM   64.01  8155.1
   690 -0.30021764D+05    0.0613150    0.0000020  EM   65.11  8220.2
   691 -0.30021696D+05    0.0679080    0.0000023  EM   60.95  8281.1
   692 -0.30021634D+05    0.0625384    0.0000021  EM   25.13  8306.3
   693 -0.36063350D+05 ************   -0.2012454  EM   37.80  8344.1
   694 -0.30111252D+05 5952.0978085    0.1650456  EM   56.30  8400.4
   695 -0.30105389D+05    5.8625323    0.0001947  EM   62.12  8462.5
   696 -0.30101337D+05    4.0525639    0.0001346  EM   61.59  8524.1
   697 -0.30097822D+05    3.5148597    0.0001168  EM   64.48  8588.6
   698 -0.30094656D+05    3.1661081    0.0001052  EM   61.34  8649.9
   699 -0.30091762D+05    2.8935423    0.0000961  EM   61.70  8711.6
   700 -0.30089052D+05    2.7105240    0.0000901  EM   62.13  8773.7
   701 -0.30086490D+05    2.5620569    0.0000851  EM   59.17  8832.9
   702 -0.30084033D+05    2.4564953    0.0000816  EM   67.12  8900.0
   703 -0.30081652D+05    2.3814060    0.0000792  EM   61.26  8961.3
   704 -0.30079318D+05    2.3341593    0.0000776  EM   64.94  9026.2
   705 -0.30076970D+05    2.3476283    0.0000780  EM   62.04  9088.3
   706 -0.30074561D+05    2.4087612    0.0000801  EM   61.42  9149.7
   707 -0.30072040D+05    2.5207638    0.0000838  EM   87.75  9237.4
   708 -0.30069360D+05    2.6806676    0.0000891  EM   65.96  9303.4
   709 -0.30066494D+05    2.8653898    0.0000953  EM   72.23  9375.6
   710 -0.30063451D+05    3.0434812    0.0001012  EM   45.08  9420.7
     Beginning Time:  09:48:12
        Ending Time:  12:25:13
       Elapsed Time:  02:37:01

     Output saved in 'model.out'.
