Mplus VERSION 9
MUTHEN & MUTHEN
01/30/2026   4:57 PM

INPUT INSTRUCTIONS

  TITLE:
  Class-1_pp_LGCA
  DATA:
  FILE = "pp_lgca_type13_r_step1.dat";

  VARIABLE:
  NAMES = pid fid wfd_m10 wfd_s10 wfd_c10 wfd_d10 wfd_d110 wfd_d210 wfd_d310 wfd_d410
       wfd_d510 wfd_d610 wfd_d710 wfd_d810 wfd_d910 wfd_m12 wfd_s12 wfd_c12 wfd_d12
       wfd_d112 wfd_d212 wfd_d312 wfd_d412 wfd_d512 wfd_d612 wfd_d712 wfd_d812
       wfd_d912 wfd_m16 wfd_s16 wfd_c16 wfd_d16 wfd_d116 wfd_d216 wfd_d316 wfd_d416
       wfd_d516 wfd_d616 wfd_d716 wfd_d816 wfd_d916 wfd_m18 wfd_s18 wfd_c18 wfd_d18
       wfd_d118 wfd_d218 wfd_d318 wfd_d418 wfd_d518 wfd_d618 wfd_d718 wfd_d818
       wfd_d918 wfd_m20 wfd_s20 wfd_c20 wfd_d20 wfd_d120 wfd_d220 wfd_d320 wfd_d420
       wfd_d520 wfd_d620 wfd_d720 wfd_d820 wfd_d920 wfd_m22 wfd_s22 wfd_c22 wfd_d22
       wfd_d122 wfd_d222 wfd_d322 wfd_d422 wfd_d522 wfd_d622 wfd_d722 wfd_d822
       wfd_d922 sat10 sat12 sat14 sat16 sat18 sat20 sat22 ces812 ces816 ces818 ces820
       ces822 ces8sc12 ces8sc16 ces8sc18 ces8sc20 ces8sc22 wfdms10 wfdms12 wfdms16
       wfdms18 wfdms20 wfdms22 wfdss10 wfdss12 wfdss16 wfdss18 wfdss20 wfdss22 wfdcs10
       wfdcs12 wfdcs16 wfdcs18 wfdcs20 wfdcs22 wfdds10 wfdds12 wfdds16 wfdds18 wfdds20
       wfdds22 wfdds110 wfdds112 wfdds116 wfdds118 wfdds120 wfdds122 wfdds210 wfdds212
       wfdds216 wfdds218 wfdds220 wfdds222 wfdds310 wfdds312 wfdds316 wfdds318
       wfdds320 wfdds322 wfdds410 wfdds412 wfdds416 wfdds418 wfdds420 wfdds422
       wfdds510 wfdds512 wfdds516 wfdds518 wfdds520 wfdds522 wfdds610 wfdds612
       wfdds616 wfdds618 wfdds620 wfdds622 wfdds710 wfdds712 wfdds716 wfdds718
       wfdds720 wfdds722 wfdds810 wfdds812 wfdds816 wfdds818 wfdds820 wfdds822
       wfdds910 wfdds912 wfdds916 wfdds918 wfdds920 wfdds922 ces8sd12 ces8sd16
       ces8sd18 ces8sd20 ces8sd22 cohort wave sex12 edu12 urban12 prov12 prov122
       prov123 cdn12 cdar12 cdsc12 cdsc121 cdsc122 minor12 party12 age10 ageg10 pinc10
       pincm110 pincm210 cores10 heal10 heal101 heal103 marr10 eco10 eco102 eco103
       hwc10 hwc102 hwc103 hukou10 pinc210 finc10 age12 ageg12 pinc12 pincm112
       pincm212 cores12 heal12 heal121 heal123 marr12 eco12 eco122 eco123 hwc12 hwc122
       hwc123 hukou12 pinc212 pinc312 pinc412 finc12 age14 ageg14 pinc14 pincm114
       pincm214 cores14 heal14 heal141 heal143 marr14 hukou14 pinc214 finc14 age16
       ageg16 pinc16 pincm116 pincm216 cores16 heal16 heal161 heal163 marr16 eco16
       eco162 eco163 hwc16 hwc162 hwc163 hukou16 pinc216 finc16 age18 ageg18 pinc18
       pincm118 pincm218 cores18 heal18 heal181 heal183 marr18 eco18 eco182 eco183
       hwc18 hwc182 hwc183 hukou18 pinc218 finc18 age20 ageg20 pinc20 pincm120
       pincm220 cores20 heal20 heal201 heal203 marr20 eco20 eco202 eco203 hwc20 hwc202
       hwc203 hukou20 pinc220 finc20 age22 ageg22 pinc22 pincm122 pincm222 cores22
       heal22 heal221 heal223 marr22 eco22 eco222 eco223 hwc22 hwc222 hwc223 hukou22
       pinc222 finc22 consu110 fpinc10 employ10 heala110 heala210 heala310 heala410
       adl10 cog10 consu112 consu212 fpinc12 employ12 heala112 heala212 heala312
       heala412 adl12 consu114 consu214 fpinc14 employ14 heala114 heala214 heala314
       heala414 adl14 cog14 consu116 consu216 fpinc16 employ16 heala116 heala216
       heala316 heala416 adl16 consu118 consu218 fpinc18 employ18 heala118 heala218
       heala318 heala418 adl18 cog18 consu120 consu220 fpinc20 employ20 heala120
       heala220 heala320 heala420 adl20 consu122 consu222 fpinc22 employ22 heala122
       heala222 heala322 heala422 adl22 cog22 wfd_x12 wfd_i12;
   MISSING=.;
   usevar =
  !wfdms12 wfdms16 wfdms18 wfdms20 wfdms22
  !wfdcs12 wfdcs16 wfdcs18 wfdcs20 wfdcs22
  wfdds712 wfdds716 wfdds718 wfdds720 wfdds722
  !wfdds812 wfdds816 wfdds818 wfdds820 wfdds822
  !ces8sd12 ces8sd16 ces8sd18 ces8sd20 ces8sd22
  ;

  idvariable=pid;

  auxiliary =
  fid
  wfdms12 wfdms16 wfdms18 wfdms20 wfdms22
  wfdcs12 wfdcs16 wfdcs18 wfdcs20 wfdcs22
  !wfdds712 wfdds716 wfdds718 wfdds720 wfdds722
  wfdds812 wfdds816 wfdds818 wfdds820 wfdds822
  ces8sd12 ces8sd16 ces8sd18 ces8sd20 ces8sd22

  !!! time-invar
  sex12 edu12 urban12
  prov122 prov123
  cdn12 cdar12
  cdsc121 cdsc122
  minor12 party12 hukou12 wave

  !!! time-var
  ageg12 pincm112 pincm212 cores12 heal121 heal123
  marr12 eco122 eco123 hwc122 hwc123 sat12
  !ageg14 pinc14 cores14 heal141 heal143
  !marr14 										
  !ageg16 pinc16 cores16 heal161 heal163
  !marr16 eco162 eco163 hwc162 hwc163
  !ageg18 pinc18 cores18 heal181 heal183
  !marr18 eco182 eco183 hwc182 hwc183
  !ageg20 pinc20 cores20 heal201 heal203
  !marr20 eco202 eco203 hwc202 hwc203
  !ageg22 pinc22 cores22 heal221 heal223
  !marr22 eco222 eco223 hwc222 hwc223
  ;
  ANALYSIS:
  estimator = mlr;
  !TYPE=COMPLEX;
  !type = mixture;
  !ALGORITHM=INTEGRATION;
  !starts = 600 200;
  !starts = 20;
  !LRTBOOTSTRAP = 200;
  processors = 10;
  coverage = 0.005;
  MODEL:

  !i1 s1 | wfdms12@0 wfdms16*4 wfdms18*6 wfdms20*8 wfdms22@10;
  !i2 s2 | wfdcs12@0 wfdcs16*4 wfdcs18*6 wfdcs20*8 wfdcs22@10;
  i3 s3 | wfdds712@0 wfdds716@4 wfdds718@6 wfdds720@8 wfdds722@10;
  !i4 s4 | wfdds812@0 wfdds816@4 wfdds818@6 wfdds820@8 wfdds822@10;
  !i5 s5 | ces8sd12@0 ces8sd16*4 ces8sd18*6 ces8sd20*8 ces8sd22@10;

  OUTPUT:
  tech1 tech4 sampstat patterns stdyx;
  SAVEDATA:
  FILE = pp_lgca_type13_r_step1.txt;
  !SAVE = CPROB;
  PLOT:
  type = plot3;
      series = wfdds712-wfdds722(*);



*** WARNING
  Data set contains cases with missing on all variables.
  These cases were not included in the analysis.
  Number of cases with missing on all variables:  929
   1 WARNING(S) FOUND IN THE INPUT INSTRUCTIONS




Class-1_pp_LGCA

SUMMARY OF ANALYSIS

Number of groups                                                 1
Number of observations                                        2345

Number of dependent variables                                    5
Number of independent variables                                  0
Number of continuous latent variables                            2

Observed dependent variables

  Continuous
   WFDDS712    WFDDS716    WFDDS718    WFDDS720    WFDDS722

Observed auxiliary variables
   FID         WFDMS12     WFDMS16     WFDMS18     WFDMS20     WFDMS22
   WFDCS12     WFDCS16     WFDCS18     WFDCS20     WFDCS22     WFDDS812
   WFDDS816    WFDDS818    WFDDS820    WFDDS822    CES8SD12    CES8SD16
   CES8SD18    CES8SD20    CES8SD22    SEX12       EDU12       URBAN12
   PROV122     PROV123     CDN12       CDAR12      CDSC121     CDSC122
   MINOR12     PARTY12     HUKOU12     WAVE        AGEG12      PINCM112
   PINCM212    CORES12     HEAL121     HEAL123     MARR12      ECO122
   ECO123      HWC122      HWC123      SAT12

Continuous latent variables
   I3          S3

Variables with special functions

  ID variable           PID

Estimator                                                      MLR
Information matrix                                        OBSERVED
Maximum number of iterations                                  1000
Convergence criterion                                    0.500D-04
Maximum number of steepest descent iterations                   20
Maximum number of iterations for H1                           2000
Convergence criterion for H1                             0.100D-03

Input data file(s)
  pp_lgca_type13_r_step1.dat

Input data format  FREE


SUMMARY OF DATA

     Number of missing data patterns            19


SUMMARY OF MISSING DATA PATTERNS


     MISSING DATA PATTERNS (x = not missing)

           1  2  3  4  5  6  7  8  9 10 11 12 13 14 15 16 17 18 19
 WFDDS712  x  x  x  x  x  x  x  x  x  x  x  x  x  x  x  x
 WFDDS716  x  x  x  x  x  x  x  x                          x  x
 WFDDS718  x  x  x  x              x  x  x  x              x  x
 WFDDS720  x  x        x  x        x  x        x  x              x
 WFDDS722  x     x     x     x     x     x     x     x     x


     MISSING DATA PATTERN FREQUENCIES

    Pattern   Frequency     Pattern   Frequency     Pattern   Frequency
          1         316           8         602          15           7
          2         273           9          18          16           4
          3         171          10          20          17           1
          4         645          11          19          18           3
          5          38          12         120          19           2
          6          57          13           3
          7          34          14          12


COVARIANCE COVERAGE OF DATA

Minimum covariance coverage value   0.005


     PROPORTION OF DATA PRESENT


           Covariance Coverage
              WFDDS712      WFDDS716      WFDDS718      WFDDS720      WFDDS722
              ________      ________      ________      ________      ________
 WFDDS712       0.997
 WFDDS716       0.911         0.913
 WFDDS718       0.675         0.601         0.676
 WFDDS720       0.314         0.292         0.267         0.315
 WFDDS722       0.258         0.239         0.224         0.160         0.259


SAMPLE STATISTICS


     ESTIMATED SAMPLE STATISTICS


           Means
              WFDDS712      WFDDS716      WFDDS718      WFDDS720      WFDDS722
              ________      ________      ________      ________      ________
                0.000        -0.026        -0.059        -0.113        -0.119


           Covariances
              WFDDS712      WFDDS716      WFDDS718      WFDDS720      WFDDS722
              ________      ________      ________      ________      ________
 WFDDS712       1.000
 WFDDS716       0.181         0.968
 WFDDS718       0.147         0.259         1.218
 WFDDS720       0.076         0.158         0.308         1.351
 WFDDS722       0.099         0.269         0.310         0.604         1.887


           Correlations
              WFDDS712      WFDDS716      WFDDS718      WFDDS720      WFDDS722
              ________      ________      ________      ________      ________
 WFDDS712       1.000
 WFDDS716       0.184         1.000
 WFDDS718       0.133         0.238         1.000
 WFDDS720       0.066         0.138         0.240         1.000
 WFDDS722       0.072         0.199         0.204         0.378         1.000


     MAXIMUM LOG-LIKELIHOOD VALUE FOR THE UNRESTRICTED (H1) MODEL IS -10790.178


UNIVARIATE SAMPLE STATISTICS


     UNIVARIATE HIGHER-ORDER MOMENT DESCRIPTIVE STATISTICS

         Variable/         Mean/     Skewness/   Minimum/ % with                Percentiles
        Sample Size      Variance    Kurtosis    Maximum  Min/Max      20%/60%    40%/80%    Median

     WFDDS712              0.000      -0.664      -8.674    0.04%       0.063      0.063      0.063
            2339.000       1.000      14.942       8.940    0.04%       0.063      0.063
     WFDDS716             -0.022      -1.605      -9.923    0.05%       0.063      0.063      0.063
            2140.000       0.965      20.525       6.967    0.05%       0.063      0.063
     WFDDS718             -0.063      -0.350      -7.925    0.06%      -0.459      0.063      0.063
            1586.000       1.210      10.748       8.940    0.06%       0.063      0.063
     WFDDS720             -0.110      -1.013      -8.813    0.27%      -0.465      0.063      0.063
             739.000       1.318      16.326       8.940    0.14%       0.063      0.063
     WFDDS722             -0.108      -0.689     -11.349    0.16%      -0.705      0.063      0.063
             607.000       1.819      14.866       8.940    0.16%       0.063      0.063


THE MODEL ESTIMATION TERMINATED NORMALLY



MODEL FIT INFORMATION

Number of Free Parameters                       10

Loglikelihood

          H0 Value                      -10795.249
          H0 Scaling Correction Factor      5.1975
            for MLR
          H1 Value                      -10790.178
          H1 Scaling Correction Factor      3.6505
            for MLR

Information Criteria

          Akaike (AIC)                   21610.498
          Bayesian (BIC)                 21668.099
          Sample-Size Adjusted BIC       21636.327
            (n* = (n + 2) / 24)

Chi-Square Test of Model Fit

          Value                              4.821*
          Degrees of Freedom                    10
          P-Value                           0.9028
          Scaling Correction Factor         2.1036
            for MLR

*   The chi-square value for MLM, MLMV, MLR, ULSMV, WLSM and WLSMV cannot be used
    for chi-square difference testing in the regular way.  MLM, MLR and WLSM
    chi-square difference testing is described on the Mplus website.  MLMV, WLSMV,
    and ULSMV difference testing is done using the DIFFTEST option.

RMSEA (Root Mean Square Error Of Approximation)

          Estimate                           0.000
          90 Percent C.I.                    0.000  0.009
          Probability RMSEA <= .05           1.000

CFI/TLI

          CFI                                1.000
          TLI                                1.000

Chi-Square Test of Model Fit for the Baseline Model

          Value                            100.201
          Degrees of Freedom                    10
          P-Value                           0.0000

SRMR (Standardized Root Mean Square Residual)

          Value                              0.030



MODEL RESULTS

                                                    Two-Tailed
                    Estimate       S.E.  Est./S.E.    P-Value

 I3       |
    WFDDS712           1.000      0.000    999.000    999.000
    WFDDS716           1.000      0.000    999.000    999.000
    WFDDS718           1.000      0.000    999.000    999.000
    WFDDS720           1.000      0.000    999.000    999.000
    WFDDS722           1.000      0.000    999.000    999.000

 S3       |
    WFDDS712           0.000      0.000    999.000    999.000
    WFDDS716           4.000      0.000    999.000    999.000
    WFDDS718           6.000      0.000    999.000    999.000
    WFDDS720           8.000      0.000    999.000    999.000
    WFDDS722          10.000      0.000    999.000    999.000

 S3       WITH
    I3                -0.020      0.010     -1.997      0.046

 Means
    I3                 0.006      0.020      0.282      0.778
    S3                -0.011      0.004     -2.740      0.006

 Intercepts
    WFDDS712           0.000      0.000    999.000    999.000
    WFDDS716           0.000      0.000    999.000    999.000
    WFDDS718           0.000      0.000    999.000    999.000
    WFDDS720           0.000      0.000    999.000    999.000
    WFDDS722           0.000      0.000    999.000    999.000

 Variances
    I3                 0.261      0.067      3.914      0.000
    S3                 0.007      0.002      3.008      0.003

 Residual Variances
    WFDDS712           0.740      0.088      8.438      0.000
    WFDDS716           0.753      0.078      9.660      0.000
    WFDDS718           0.936      0.101      9.238      0.000
    WFDDS720           0.975      0.180      5.418      0.000
    WFDDS722           1.295      0.243      5.319      0.000


QUALITY OF NUMERICAL RESULTS

     Condition Number for the Information Matrix              0.279E-04
       (ratio of smallest to largest eigenvalue)


STANDARDIZED MODEL RESULTS


STDYX Standardization

                                                    Two-Tailed
                    Estimate       S.E.  Est./S.E.    P-Value

 I3       |
    WFDDS712           0.511      0.061      8.368      0.000
    WFDDS716           0.519      0.064      8.157      0.000
    WFDDS718           0.464      0.061      7.617      0.000
    WFDDS720           0.437      0.065      6.716      0.000
    WFDDS722           0.375      0.058      6.473      0.000

 S3       |
    WFDDS712           0.000      0.000    999.000    999.000
    WFDDS716           0.339      0.051      6.612      0.000
    WFDDS718           0.454      0.072      6.272      0.000
    WFDDS720           0.570      0.088      6.491      0.000
    WFDDS722           0.611      0.097      6.295      0.000

 S3       WITH
    I3                -0.459      0.145     -3.165      0.002

 Means
    I3                 0.011      0.038      0.280      0.779
    S3                -0.133      0.049     -2.717      0.007

 Intercepts
    WFDDS712           0.000      0.000    999.000    999.000
    WFDDS716           0.000      0.000    999.000    999.000
    WFDDS718           0.000      0.000    999.000    999.000
    WFDDS720           0.000      0.000    999.000    999.000
    WFDDS722           0.000      0.000    999.000    999.000

 Variances
    I3                 1.000      0.000    999.000    999.000
    S3                 1.000      0.000    999.000    999.000

 Residual Variances
    WFDDS712           0.739      0.062     11.859      0.000
    WFDDS716           0.777      0.031     25.268      0.000
    WFDDS718           0.772      0.052     14.755      0.000
    WFDDS720           0.713      0.076      9.444      0.000
    WFDDS722           0.697      0.085      8.237      0.000


R-SQUARE

    Observed                                        Two-Tailed
    Variable        Estimate       S.E.  Est./S.E.    P-Value

    WFDDS712           0.261      0.062      4.184      0.000
    WFDDS716           0.223      0.031      7.233      0.000
    WFDDS718           0.228      0.052      4.351      0.000
    WFDDS720           0.287      0.076      3.797      0.000
    WFDDS722           0.303      0.085      3.587      0.000


TECHNICAL 1 OUTPUT


     PARAMETER SPECIFICATION


           NU
              WFDDS712      WFDDS716      WFDDS718      WFDDS720      WFDDS722
              ________      ________      ________      ________      ________
                  0             0             0             0             0


           LAMBDA
              I3            S3
              ________      ________
 WFDDS712           0             0
 WFDDS716           0             0
 WFDDS718           0             0
 WFDDS720           0             0
 WFDDS722           0             0


           THETA
              WFDDS712      WFDDS716      WFDDS718      WFDDS720      WFDDS722
              ________      ________      ________      ________      ________
 WFDDS712           1
 WFDDS716           0             2
 WFDDS718           0             0             3
 WFDDS720           0             0             0             4
 WFDDS722           0             0             0             0             5


           ALPHA
              I3            S3
              ________      ________
                  6             7


           BETA
              I3            S3
              ________      ________
 I3                 0             0
 S3                 0             0


           PSI
              I3            S3
              ________      ________
 I3                 8
 S3                 9            10


     STARTING VALUES


           NU
              WFDDS712      WFDDS716      WFDDS718      WFDDS720      WFDDS722
              ________      ________      ________      ________      ________
                0.000         0.000         0.000         0.000         0.000


           LAMBDA
              I3            S3
              ________      ________
 WFDDS712       1.000         0.000
 WFDDS716       1.000         4.000
 WFDDS718       1.000         6.000
 WFDDS720       1.000         8.000
 WFDDS722       1.000        10.000


           THETA
              WFDDS712      WFDDS716      WFDDS718      WFDDS720      WFDDS722
              ________      ________      ________      ________      ________
 WFDDS712       0.500
 WFDDS716       0.000         0.483
 WFDDS718       0.000         0.000         0.605
 WFDDS720       0.000         0.000         0.000         0.659
 WFDDS722       0.000         0.000         0.000         0.000         0.910


           ALPHA
              I3            S3
              ________      ________
                0.010        -0.011


           BETA
              I3            S3
              ________      ________
 I3             0.000         0.000
 S3             0.000         0.000


           PSI
              I3            S3
              ________      ________
 I3             0.906
 S3             0.000         0.075


TECHNICAL 4 OUTPUT


     ESTIMATES DERIVED FROM THE MODEL


           ESTIMATED MEANS FOR THE LATENT VARIABLES
              I3            S3
              ________      ________
                0.006        -0.011


           S.E. FOR ESTIMATED MEANS FOR THE LATENT VARIABLES
              I3            S3
              ________      ________
                0.020         0.004


           EST./S.E. FOR ESTIMATED MEANS FOR THE LATENT VARIABLES
              I3            S3
              ________      ________
                0.282        -2.740


           TWO-TAILED P-VALUE FOR ESTIMATED MEANS FOR THE LATENT VARIABLES
              I3            S3
              ________      ________
                0.778         0.006


           ESTIMATED COVARIANCE MATRIX FOR THE LATENT VARIABLES
              I3            S3
              ________      ________
 I3             0.261
 S3            -0.020         0.007


           S.E. FOR ESTIMATED COVARIANCE MATRIX FOR THE LATENT VARIABLES
              I3            S3
              ________      ________
 I3             0.067
 S3             0.010         0.002


           EST./S.E. FOR ESTIMATED COVARIANCE MATRIX FOR THE LATENT VARIABLES
              I3            S3
              ________      ________
 I3             3.914
 S3            -1.997         3.008


           TWO-TAILED P-VALUE FOR ESTIMATED COVARIANCE MATRIX FOR THE LATENT VARIABLES
              I3            S3
              ________      ________
 I3             0.000
 S3             0.046         0.003


           ESTIMATED CORRELATION MATRIX FOR THE LATENT VARIABLES
              I3            S3
              ________      ________
 I3             1.000
 S3            -0.459         1.000


           S.E. FOR ESTIMATED CORRELATION MATRIX FOR THE LATENT VARIABLES
              I3            S3
              ________      ________
 I3             0.000
 S3             0.145         0.000


           EST./S.E. FOR ESTIMATED CORRELATION MATRIX FOR THE LATENT VARIABLES
              I3            S3
              ________      ________
 I3           999.000
 S3            -3.165       999.000


           TWO-TAILED P-VALUE FOR ESTIMATED CORRELATION MATRIX FOR THE LATENT VARIABLES
              I3            S3
              ________      ________
 I3             0.000
 S3             0.002         0.000


           ESTIMATED PARTIAL CORRELATION MATRIX FOR THE LATENT VARIABLES
              I3            S3
              ________      ________
 I3             1.000
 S3            -0.459         1.000


SAMPLE STATISTICS FOR ESTIMATED FACTOR SCORES


     SAMPLE STATISTICS


           Means
              I3            I3_SE         S3            S3_SE
              ________      ________      ________      ________
                0.006         0.414        -0.011         0.075


           Covariances
              I3            I3_SE         S3            S3_SE
              ________      ________      ________      ________
 I3             0.090
 I3_SE          0.000         0.000
 S3            -0.002         0.000         0.001
 S3_SE          0.000         0.000         0.000         0.000


           Correlations
              I3            I3_SE         S3            S3_SE
              ________      ________      ________      ________
 I3             1.000
 I3_SE         -0.040         1.000
 S3            -0.211        -0.012         1.000
 S3_SE          0.002         0.297         0.000         1.000


PLOT INFORMATION

The following plots are available:

  Histograms (sample values, estimated factor scores, estimated values, residuals)
  Scatterplots (sample values, estimated factor scores, estimated values, residuals)
  Sample means
  Estimated means
  Sample and estimated means
  Latent variable distribution plots
  Observed individual values
  Estimated individual values

SAVEDATA INFORMATION


  Save file
    pp_lgca_type13_r_step1.txt

  Order and format of variables

    WFDDS712       F10.3
    WFDDS716       F10.3
    WFDDS718       F10.3
    WFDDS720       F10.3
    WFDDS722       F10.3
    FID            F10.3
    WFDMS12        F10.3
    WFDMS16        F10.3
    WFDMS18        F10.3
    WFDMS20        F10.3
    WFDMS22        F10.3
    WFDCS12        F10.3
    WFDCS16        F10.3
    WFDCS18        F10.3
    WFDCS20        F10.3
    WFDCS22        F10.3
    WFDDS812       F10.3
    WFDDS816       F10.3
    WFDDS818       F10.3
    WFDDS820       F10.3
    WFDDS822       F10.3
    CES8SD12       F10.3
    CES8SD16       F10.3
    CES8SD18       F10.3
    CES8SD20       F10.3
    CES8SD22       F10.3
    SEX12          F10.3
    EDU12          F10.3
    URBAN12        F10.3
    PROV122        F10.3
    PROV123        F10.3
    CDN12          F10.3
    CDAR12         F10.3
    CDSC121        F10.3
    CDSC122        F10.3
    MINOR12        F10.3
    PARTY12        F10.3
    HUKOU12        F10.3
    WAVE           F10.3
    AGEG12         F10.3
    PINCM112       F10.3
    PINCM212       F10.3
    CORES12        F10.3
    HEAL121        F10.3
    HEAL123        F10.3
    MARR12         F10.3
    ECO122         F10.3
    ECO123         F10.3
    HWC122         F10.3
    HWC123         F10.3
    SAT12          F10.3
    I3             F10.3
    I3_SE          F10.3
    S3             F10.3
    S3_SE          F10.3
    PID            I10

  Save file format
    55F10.3 I10

  Save file record length    10000

  Save missing symbol        *


     Beginning Time:  16:57:14
        Ending Time:  16:57:15
       Elapsed Time:  00:00:01



MUTHEN & MUTHEN
3463 Stoner Ave.
Los Angeles, CA  90066

Tel: (310) 391-9971
Fax: (310) 391-8971
Web: www.StatModel.com
Support: Support@StatModel.com

Copyright (c) 1998-2025 Muthen & Muthen
