Mplus VERSION 9
MUTHEN & MUTHEN
10/05/2026  10:34 AM

INPUT INSTRUCTIONS

  TITLE:
  CFPS review sensitivity univariate_CESD20_five
  DATA:
  FILE = "data.dat";
  VARIABLE:
  NAMES = fid y1 y2 y3 y4 y5;
   MISSING=.;
   CLUSTER=fid; USEVARIABLES= y1 y2 y3 y4 y5 ;
  ANALYSIS:
  TYPE=COMPLEX; ESTIMATOR=MLR; PROCESSORS=1; COVERAGE=.005;
  MODEL:
  iy sy | y1@0 y2*4 y3*6 y4*8 y5@10 ;
  OUTPUT:
  TECH1 TECH4 SAMPSTAT RESIDUAL;



INPUT READING TERMINATED NORMALLY




CFPS review sensitivity univariate_CESD20_five

SUMMARY OF ANALYSIS

Number of groups                                                 1
Number of observations                                        2225

Number of dependent variables                                    5
Number of independent variables                                  0
Number of continuous latent variables                            2

Observed dependent variables

  Continuous
   Y1          Y2          Y3          Y4          Y5

Continuous latent variables
   IY          SY

Variables with special functions

  Cluster variable      FID

Estimator                                                      MLR
Information matrix                                        OBSERVED
Maximum number of iterations                                  1000
Convergence criterion                                    0.500D-04
Maximum number of steepest descent iterations                   20
Maximum number of iterations for H1                           2000
Convergence criterion for H1                             0.100D-03

Input data file(s)
  data.dat

Input data format  FREE


SUMMARY OF DATA

     Number of missing data patterns            19
     Number of clusters                       1684



COVARIANCE COVERAGE OF DATA

Minimum covariance coverage value   0.005


     PROPORTION OF DATA PRESENT


           Covariance Coverage
              Y1            Y2            Y3            Y4            Y5
              ________      ________      ________      ________      ________
 Y1             0.973
 Y2             0.940         0.965
 Y3             0.929         0.919         0.952
 Y4             0.500         0.483         0.475         0.511
 Y5             0.378         0.364         0.359         0.283         0.386


SAMPLE STATISTICS


     ESTIMATED SAMPLE STATISTICS


           Means
              Y1            Y2            Y3            Y4            Y5
              ________      ________      ________      ________      ________
               13.103        12.691        13.417        13.100        14.093


           Covariances
              Y1            Y2            Y3            Y4            Y5
              ________      ________      ________      ________      ________
 Y1            73.631
 Y2            33.678        75.992
 Y3            35.184        40.743        81.094
 Y4            31.226        31.639        35.269        76.535
 Y5            31.613        35.745        39.384        38.378        85.247


           Correlations
              Y1            Y2            Y3            Y4            Y5
              ________      ________      ________      ________      ________
 Y1             1.000
 Y2             0.450         1.000
 Y3             0.455         0.519         1.000
 Y4             0.416         0.415         0.448         1.000
 Y5             0.399         0.444         0.474         0.475         1.000


     MAXIMUM LOG-LIKELIHOOD VALUE FOR THE UNRESTRICTED (H1) MODEL IS -29289.880


UNIVARIATE SAMPLE STATISTICS


     UNIVARIATE HIGHER-ORDER MOMENT DESCRIPTIVE STATISTICS

         Variable/         Mean/     Skewness/   Minimum/ % with                Percentiles
        Sample Size      Variance    Kurtosis    Maximum  Min/Max      20%/60%    40%/80%    Median

     Y1                   13.077       1.030       0.000    1.20%       6.000      9.000     11.000
            2166.000      73.499       1.152      51.000    0.05%      14.000     20.000
     Y2                   12.677       1.034       0.000    0.28%       5.000      8.000     10.000
            2148.000      76.019       0.877      48.000    0.09%      13.000     20.000
     Y3                   13.389       1.027       2.000   10.00%       6.000     10.000     12.000
            2119.000      81.138       0.867      52.000    0.19%      14.000     20.000
     Y4                   12.771       0.974       2.000   12.48%       5.000      8.000     12.000
            1138.000      76.395       0.787      50.000    0.09%      14.000     20.000
     Y5                   13.549       0.970       2.000   11.54%       6.000     10.000     12.000
             858.000      84.807       0.671      50.000    0.12%      14.000     20.000


THE MODEL ESTIMATION TERMINATED NORMALLY

     WARNING:  THE LATENT VARIABLE COVARIANCE MATRIX (PSI) IS NOT POSITIVE
     DEFINITE.  THIS COULD INDICATE A NEGATIVE VARIANCE/RESIDUAL VARIANCE
     FOR A LATENT VARIABLE, A CORRELATION GREATER OR EQUAL TO ONE BY ABSOLUTE VALUE
     BETWEEN TWO LATENT VARIABLES, A LINEAR DEPENDENCY AMONG MORE THAN TWO LATENT
     VARIABLES, OR PARTIAL CORRELATIONS GREATER THAN ONE BY ABSOLUTE VALUE.
     CHECK THE TECH4 OUTPUT FOR MORE INFORMATION.

     THE WARNING IS DUE TO A NEGATIVE VARIANCE/RESIDUAL VARIANCE.
     VARIABLE SY HAS A NEGATIVE RESIDUAL VARIANCE.



MODEL FIT INFORMATION

Number of Free Parameters                       13

Loglikelihood

          H0 Value                      -29301.131
          H0 Scaling Correction Factor      1.5308
            for MLR
          H1 Value                      -29289.880
          H1 Scaling Correction Factor      1.4152
            for MLR

Information Criteria

          Akaike (AIC)                   58628.263
          Bayesian (BIC)                 58702.461
          Sample-Size Adjusted BIC       58661.158
            (n* = (n + 2) / 24)

Chi-Square Test of Model Fit

          Value                             18.744*
          Degrees of Freedom                     7
          P-Value                           0.0090
          Scaling Correction Factor         1.2005
            for MLR

*   The chi-square value for MLM, MLMV, MLR, ULSMV, WLSM and WLSMV cannot be used
    for chi-square difference testing in the regular way.  MLM, MLR and WLSM
    chi-square difference testing is described on the Mplus website.  MLMV, WLSMV,
    and ULSMV difference testing is done using the DIFFTEST option.

RMSEA (Root Mean Square Error Of Approximation)

          Estimate                           0.027
          90 Percent C.I.                    0.013  0.043
          Probability RMSEA <= .05           0.994

CFI/TLI

          CFI                                0.991
          TLI                                0.987

Chi-Square Test of Model Fit for the Baseline Model

          Value                           1334.996
          Degrees of Freedom                    10
          P-Value                           0.0000

SRMR (Standardized Root Mean Square Residual)

          Value                              0.028



MODEL RESULTS

                                                    Two-Tailed
                    Estimate       S.E.  Est./S.E.    P-Value

 IY       |
    Y1                 1.000      0.000    999.000    999.000
    Y2                 1.000      0.000    999.000    999.000
    Y3                 1.000      0.000    999.000    999.000
    Y4                 1.000      0.000    999.000    999.000
    Y5                 1.000      0.000    999.000    999.000

 SY       |
    Y1                 0.000      0.000    999.000    999.000
    Y2               -72.838    168.535     -0.432      0.666
    Y3                36.002     63.158      0.570      0.569
    Y4               -11.006     20.830     -0.528      0.597
    Y5                10.000      0.000    999.000    999.000

 SY       WITH
    IY                 0.014      0.044      0.317      0.751

 Means
    IY                13.227      0.177     74.568      0.000
    SY                 0.007      0.017      0.443      0.658

 Intercepts
    Y1                 0.000      0.000    999.000    999.000
    Y2                 0.000      0.000    999.000    999.000
    Y3                 0.000      0.000    999.000    999.000
    Y4                 0.000      0.000    999.000    999.000
    Y5                 0.000      0.000    999.000    999.000

 Variances
    IY                34.518      1.639     21.060      0.000
    SY                -0.002      0.008     -0.268      0.788

 Residual Variances
    Y1                40.712      2.035     20.002      0.000
    Y2                53.402     12.411      4.303      0.000
    Y3                46.685      3.679     12.688      0.000
    Y4                43.911      3.094     14.192      0.000
    Y5                49.480      4.212     11.748      0.000


QUALITY OF NUMERICAL RESULTS

     Condition Number for the Information Matrix              0.153E-08
       (ratio of smallest to largest eigenvalue)


RESIDUAL OUTPUT


     ESTIMATED MODEL AND RESIDUALS (OBSERVED - ESTIMATED)


           Model Estimated Means
              Y1            Y2            Y3            Y4            Y5
              ________      ________      ________      ________      ________
               13.227        12.691        13.491        13.146        13.300


           Residuals for Means
              Y1            Y2            Y3            Y4            Y5
              ________      ________      ________      ________      ________
               -0.123         0.000        -0.074        -0.046         0.793


           Standardized Residuals (z-scores) for Means
              Y1            Y2            Y3            Y4            Y5
              ________      ________      ________      ________      ________
               -1.380       999.000       999.000        -0.286         3.618


           Normalized Residuals for Means
              Y1            Y2            Y3            Y4            Y5
              ________      ________      ________      ________      ________
               -0.621        -0.002        -0.357        -0.173         2.636


           Model Estimated Covariances
              Y1            Y2            Y3            Y4            Y5
              ________      ________      ________      ________      ________
 Y1            75.230
 Y2            33.497        75.061
 Y3            35.023        39.349        79.570
 Y4            34.364        31.708        35.677        77.874
 Y5            34.659        35.122        34.429        34.729        84.074


           Model Estimated Correlations
              Y1            Y2            Y3            Y4            Y5
              ________      ________      ________      ________      ________
 Y1             1.000
 Y2             0.446         1.000
 Y3             0.453         0.509         1.000
 Y4             0.449         0.415         0.453         1.000
 Y5             0.436         0.442         0.421         0.429         1.000


           Model Estimated Partial Correlations
              Y1            Y2            Y3            Y4            Y5
              ________      ________      ________      ________      ________
 Y1             1.000
 Y2             0.178         1.000
 Y3             0.182         0.293         1.000
 Y4             0.211         0.124         0.204         1.000
 Y5             0.191         0.196         0.136         0.192         1.000


           Residuals for Covariances
              Y1            Y2            Y3            Y4            Y5
              ________      ________      ________      ________      ________
 Y1            -1.599
 Y2             0.181         0.931
 Y3             0.161         1.395         1.524
 Y4            -3.138        -0.069        -0.407        -1.339
 Y5            -3.046         0.623         4.954         3.649         1.173


           Residuals for Correlations
              Y1            Y2            Y3            Y4            Y5
              ________      ________      ________      ________      ________
 Y1             0.000
 Y2             0.004         0.000
 Y3             0.003         0.010         0.000
 Y4            -0.033         0.000        -0.006         0.000
 Y5            -0.037         0.002         0.053         0.046         0.000


           Residuals for Partial Correlations
              Y1            Y2            Y3            Y4            Y5
              ________      ________      ________      ________      ________
 Y1             0.000
 Y2             0.029         0.000
 Y3             0.012        -0.004         0.000
 Y4            -0.037         0.000        -0.035         0.000
 Y5            -0.072        -0.026         0.071         0.070         0.000


           Standardized Residuals (z-scores) for Covariances
              Y1            Y2            Y3            Y4            Y5
              ________      ________      ________      ________      ________
 Y1            -1.872
 Y2           999.000         3.268
 Y3             0.234       999.000         2.452
 Y4            -1.752        -0.052        -0.228        -0.734
 Y5            -1.373         1.375         1.803         1.329         0.731


           Normalized Residuals for Covariances
              Y1            Y2            Y3            Y4            Y5
              ________      ________      ________      ________      ________
 Y1            -0.555
 Y2             0.091         0.332
 Y3             0.075         0.629         0.501
 Y4            -1.301        -0.026        -0.145        -0.345
 Y5            -1.075         0.203         1.474         1.100         0.246


TECHNICAL 1 OUTPUT


     PARAMETER SPECIFICATION


           NU
              Y1            Y2            Y3            Y4            Y5
              ________      ________      ________      ________      ________
                  0             0             0             0             0


           LAMBDA
              IY            SY
              ________      ________
 Y1                 0             0
 Y2                 0             1
 Y3                 0             2
 Y4                 0             3
 Y5                 0             0


           THETA
              Y1            Y2            Y3            Y4            Y5
              ________      ________      ________      ________      ________
 Y1                 4
 Y2                 0             5
 Y3                 0             0             6
 Y4                 0             0             0             7
 Y5                 0             0             0             0             8


           ALPHA
              IY            SY
              ________      ________
                  9            10


           BETA
              IY            SY
              ________      ________
 IY                 0             0
 SY                 0             0


           PSI
              IY            SY
              ________      ________
 IY                11
 SY                12            13


     STARTING VALUES


           NU
              Y1            Y2            Y3            Y4            Y5
              ________      ________      ________      ________      ________
                0.000         0.000         0.000         0.000         0.000


           LAMBDA
              IY            SY
              ________      ________
 Y1             1.000         0.000
 Y2             1.000         4.000
 Y3             1.000         6.000
 Y4             1.000         8.000
 Y5             1.000        10.000


           THETA
              Y1            Y2            Y3            Y4            Y5
              ________      ________      ________      ________      ________
 Y1            36.749
 Y2             0.000        38.009
 Y3             0.000         0.000        40.569
 Y4             0.000         0.000         0.000        38.197
 Y5             0.000         0.000         0.000         0.000        42.404


           ALPHA
              IY            SY
              ________      ________
               12.975         0.107


           BETA
              IY            SY
              ________      ________
 IY             0.000         0.000
 SY             0.000         0.000


           PSI
              IY            SY
              ________      ________
 IY            68.808
 SY             0.000         1.854


TECHNICAL 4 OUTPUT


     ESTIMATES DERIVED FROM THE MODEL


           ESTIMATED MEANS FOR THE LATENT VARIABLES
              IY            SY
              ________      ________
               13.227         0.007


           S.E. FOR ESTIMATED MEANS FOR THE LATENT VARIABLES
              IY            SY
              ________      ________
                0.177         0.017


           EST./S.E. FOR ESTIMATED MEANS FOR THE LATENT VARIABLES
              IY            SY
              ________      ________
               74.568         0.443


           TWO-TAILED P-VALUE FOR ESTIMATED MEANS FOR THE LATENT VARIABLES
              IY            SY
              ________      ________
                0.000         0.658


           ESTIMATED COVARIANCE MATRIX FOR THE LATENT VARIABLES
              IY            SY
              ________      ________
 IY            34.518
 SY             0.014        -0.002


           S.E. FOR ESTIMATED COVARIANCE MATRIX FOR THE LATENT VARIABLES
              IY            SY
              ________      ________
 IY             1.639
 SY             0.044         0.008


           EST./S.E. FOR ESTIMATED COVARIANCE MATRIX FOR THE LATENT VARIABLES
              IY            SY
              ________      ________
 IY            21.060
 SY             0.317        -0.268


           TWO-TAILED P-VALUE FOR ESTIMATED COVARIANCE MATRIX FOR THE LATENT VARIABLES
              IY            SY
              ________      ________
 IY             0.000
 SY             0.751         0.788


           ESTIMATED CORRELATION MATRIX FOR THE LATENT VARIABLES
              IY            SY
              ________      ________
 IY             1.000
 SY           999.000       999.000


           S.E. FOR ESTIMATED CORRELATION MATRIX FOR THE LATENT VARIABLES
              IY            SY
              ________      ________
 IY             0.000
 SY           999.000         0.000


           EST./S.E. FOR ESTIMATED CORRELATION MATRIX FOR THE LATENT VARIABLES
              IY            SY
              ________      ________
 IY           999.000
 SY             1.000       999.000


           TWO-TAILED P-VALUE FOR ESTIMATED CORRELATION MATRIX FOR THE LATENT VARIABLES
              IY            SY
              ________      ________
 IY             0.000
 SY             0.317         0.000


           ESTIMATED PARTIAL CORRELATION MATRIX FOR THE LATENT VARIABLES
              IY            SY
              ________      ________
 IY           999.000
 SY            31.607       999.000


     Beginning Time:  10:34:45
        Ending Time:  10:34:45
       Elapsed Time:  00:00:00



MUTHEN & MUTHEN
3463 Stoner Ave.
Los Angeles, CA  90066

Tel: (310) 391-9971
Fax: (310) 391-8971
Web: www.StatModel.com
Support: Support@StatModel.com

Copyright (c) 1998-2025 Muthen & Muthen
