Mplus VERSION 9
MUTHEN & MUTHEN
11/15/2025   3:36 PM

INPUT INSTRUCTIONS

  TITLE:
  Class-1_pp_LGCA
  DATA:
  FILE = "lgca_process5_quadratic.dat";

  VARIABLE:
  NAMES = pid fid wfd_m10 wfd_s10 wfd_c10 wfd_d10 wfd_d110 wfd_d210 wfd_d310 wfd_d410
       wfd_d510 wfd_d610 wfd_d710 wfd_d810 wfd_d910 wfd_m12 wfd_s12 wfd_c12 wfd_d12
       wfd_d112 wfd_d212 wfd_d312 wfd_d412 wfd_d512 wfd_d612 wfd_d712 wfd_d812
       wfd_d912 wfd_m16 wfd_s16 wfd_c16 wfd_d16 wfd_d116 wfd_d216 wfd_d316 wfd_d416
       wfd_d516 wfd_d616 wfd_d716 wfd_d816 wfd_d916 wfd_m18 wfd_s18 wfd_c18 wfd_d18
       wfd_d118 wfd_d218 wfd_d318 wfd_d418 wfd_d518 wfd_d618 wfd_d718 wfd_d818
       wfd_d918 wfd_m20 wfd_s20 wfd_c20 wfd_d20 wfd_d120 wfd_d220 wfd_d320 wfd_d420
       wfd_d520 wfd_d620 wfd_d720 wfd_d820 wfd_d920 wfd_m22 wfd_s22 wfd_c22 wfd_d22
       wfd_d122 wfd_d222 wfd_d322 wfd_d422 wfd_d522 wfd_d622 wfd_d722 wfd_d822
       wfd_d922 sat10 sat12 sat14 sat16 sat18 sat20 sat22 ces812 ces816 ces818 ces820
       ces822 ces8sc12 ces8sc16 ces8sc18 ces8sc20 ces8sc22 wfdms10 wfdms12 wfdms16
       wfdms18 wfdms20 wfdms22 wfdss10 wfdss12 wfdss16 wfdss18 wfdss20 wfdss22 wfdcs10
       wfdcs12 wfdcs16 wfdcs18 wfdcs20 wfdcs22 wfdds10 wfdds12 wfdds16 wfdds18 wfdds20
       wfdds22 wfdds110 wfdds112 wfdds116 wfdds118 wfdds120 wfdds122 wfdds210 wfdds212
       wfdds216 wfdds218 wfdds220 wfdds222 wfdds310 wfdds312 wfdds316 wfdds318
       wfdds320 wfdds322 wfdds410 wfdds412 wfdds416 wfdds418 wfdds420 wfdds422
       wfdds510 wfdds512 wfdds516 wfdds518 wfdds520 wfdds522 wfdds610 wfdds612
       wfdds616 wfdds618 wfdds620 wfdds622 wfdds710 wfdds712 wfdds716 wfdds718
       wfdds720 wfdds722 wfdds810 wfdds812 wfdds816 wfdds818 wfdds820 wfdds822
       wfdds910 wfdds912 wfdds916 wfdds918 wfdds920 wfdds922 ces8sd12 ces8sd16
       ces8sd18 ces8sd20 ces8sd22 cohort wave sex12 edu12 urban12 prov12 prov122
       prov123 cdn12 cdar12 cdsc12 cdsc121 cdsc122 minor12 party12 age10 ageg10 pinc10
       pincm110 pincm210 cores10 heal10 heal101 heal103 marr10 eco10 eco102 eco103
       hwc10 hwc102 hwc103 hukou10 pinc210 finc10 age12 ageg12 pinc12 pincm112
       pincm212 cores12 heal12 heal121 heal123 marr12 eco12 eco122 eco123 hwc12 hwc122
       hwc123 hukou12 pinc212 pinc312 pinc412 finc12 age14 ageg14 pinc14 pincm114
       pincm214 cores14 heal14 heal141 heal143 marr14 hukou14 pinc214 finc14 age16
       ageg16 pinc16 pincm116 pincm216 cores16 heal16 heal161 heal163 marr16 eco16
       eco162 eco163 hwc16 hwc162 hwc163 hukou16 pinc216 finc16 age18 ageg18 pinc18
       pincm118 pincm218 cores18 heal18 heal181 heal183 marr18 eco18 eco182 eco183
       hwc18 hwc182 hwc183 hukou18 pinc218 finc18 age20 ageg20 pinc20 pincm120
       pincm220 cores20 heal20 heal201 heal203 marr20 eco20 eco202 eco203 hwc20 hwc202
       hwc203 hukou20 pinc220 finc20 age22 ageg22 pinc22 pincm122 pincm222 cores22
       heal22 heal221 heal223 marr22 eco22 eco222 eco223 hwc22 hwc222 hwc223 hukou22
       pinc222 finc22 consu110 fpinc10 employ10 heala110 heala210 heala310 heala410
       adl10 cog10 consu112 consu212 fpinc12 employ12 heala112 heala212 heala312
       heala412 adl12 consu114 consu214 fpinc14 employ14 heala114 heala214 heala314
       heala414 adl14 cog14 consu116 consu216 fpinc16 employ16 heala116 heala216
       heala316 heala416 adl16 consu118 consu218 fpinc18 employ18 heala118 heala218
       heala318 heala418 adl18 cog18 consu120 consu220 fpinc20 employ20 heala120
       heala220 heala320 heala420 adl20 consu122 consu222 fpinc22 employ22 heala122
       heala222 heala322 heala422 adl22 cog22;
   MISSING=.;
   usevar =
  !wfd_m12 wfd_m16 wfd_m18 wfd_m20 wfd_m22
  !wfd_s12 wfd_s16 wfd_s18 wfd_s20 wfd_s22
  !wfd_d12 wfd_d16 wfd_d18 wfd_d20 wfd_d22
  !wfd_d112 wfd_d116 wfd_d118 wfd_d120 wfd_d122
  ces812 ces816 ces818 ces820 ces822
  ;
  ANALYSIS:
  estimator = mlr;
  !TYPE=COMPLEX;
  !type = mixture;
  !ALGORITHM=INTEGRATION;
  !starts = 600 200;
  !starts = 20;
  !LRTBOOTSTRAP = 200;
  processors = 10;
  coverage = 0.005;
  MODEL:

  !i1 s1 q1 | wfd_m12@0 wfd_m16@4 wfd_m18@6 wfd_m20@8 wfd_m22@10;
  !i2 s2 q2 | wfd_s12@0 wfd_s16@4 wfd_s18@6 wfd_s20@8 wfd_s22@10;
  !i3 s3 q3 | wfd_d12@0 wfd_d16@4 wfd_d18@6 wfd_d20@8 wfd_d22@10;
  !i4 s4 q4 | wfd_d112@0 wfd_d116@4 wfd_d118@6 wfd_d120@8 wfd_d122@10;
  i5 s5 q5 | ces812@0 ces816@4 ces818@6 ces820@8 ces822@10;

  OUTPUT:
  tech1 tech4 sampstat patterns stdyx;



INPUT READING TERMINATED NORMALLY




Class-1_pp_LGCA

SUMMARY OF ANALYSIS

Number of groups                                                 1
Number of observations                                        3274

Number of dependent variables                                    5
Number of independent variables                                  0
Number of continuous latent variables                            3

Observed dependent variables

  Continuous
   CES812      CES816      CES818      CES820      CES822

Continuous latent variables
   I5          S5          Q5


Estimator                                                      MLR
Information matrix                                        OBSERVED
Maximum number of iterations                                  1000
Convergence criterion                                    0.500D-04
Maximum number of steepest descent iterations                   20
Maximum number of iterations for H1                           2000
Convergence criterion for H1                             0.100D-03

Input data file(s)
  lgca_process5_quadratic.dat

Input data format  FREE


SUMMARY OF DATA

     Number of missing data patterns            15


SUMMARY OF MISSING DATA PATTERNS


     MISSING DATA PATTERNS (x = not missing)

           1  2  3  4  5  6  7  8  9 10 11 12 13 14 15
 CES812    x  x  x  x  x  x  x  x  x  x  x  x  x  x  x
 CES816    x  x  x  x  x  x  x  x
 CES818    x  x  x  x              x  x  x  x
 CES820    x  x        x  x        x  x        x  x
 CES822    x     x     x     x     x     x     x     x


     MISSING DATA PATTERN FREQUENCIES

    Pattern   Frequency     Pattern   Frequency     Pattern   Frequency
          1         569           6          57          11          16
          2         445           7          29          12         157
          3         192           8         745          13           4
          4         932           9          34          14          17
          5          36          10          32          15           9


COVARIANCE COVERAGE OF DATA

Minimum covariance coverage value   0.005


     PROPORTION OF DATA PRESENT


           Covariance Coverage
              CES812        CES816        CES818        CES820        CES822
              ________      ________      ________      ________      ________
 CES812         1.000
 CES816         0.918         0.918
 CES818         0.726         0.653         0.726
 CES820         0.365         0.338         0.330         0.365
 CES822         0.272         0.252         0.248         0.196         0.272


SAMPLE STATISTICS


     ESTIMATED SAMPLE STATISTICS


           Means
              CES812        CES816        CES818        CES820        CES822
              ________      ________      ________      ________      ________
               16.232        13.683        13.988        13.715        14.248


           Covariances
              CES812        CES816        CES818        CES820        CES822
              ________      ________      ________      ________      ________
 CES812         6.803
 CES816         4.026        20.913
 CES818         4.484        11.206        21.167
 CES820         4.348         8.698         9.374        19.808
 CES822         3.714        10.147        10.394        10.229        21.786


           Correlations
              CES812        CES816        CES818        CES820        CES822
              ________      ________      ________      ________      ________
 CES812         1.000
 CES816         0.338         1.000
 CES818         0.374         0.533         1.000
 CES820         0.375         0.427         0.458         1.000
 CES822         0.305         0.475         0.484         0.492         1.000


     MAXIMUM LOG-LIKELIHOOD VALUE FOR THE UNRESTRICTED (H1) MODEL IS -28719.112


UNIVARIATE SAMPLE STATISTICS


     UNIVARIATE HIGHER-ORDER MOMENT DESCRIPTIVE STATISTICS

         Variable/         Mean/     Skewness/   Minimum/ % with                Percentiles
        Sample Size      Variance    Kurtosis    Maximum  Min/Max      20%/60%    40%/80%    Median

     CES812               16.232       1.118      10.000    0.06%      14.000     15.000     16.000
            3274.000       6.803       1.599      29.000    0.03%      16.000     18.000
     CES816               13.653       0.922       8.000   10.75%      10.000     12.000     13.000
            3005.000      20.951       0.477      30.000    0.13%      14.000     17.000
     CES818               13.775       0.953       8.000    9.30%      10.000     12.000     13.000
            2377.000      20.761       0.604      32.000    0.17%      14.000     17.000
     CES820               13.332       0.924       8.000   12.31%       9.000     11.000     13.000
            1194.000      19.376       0.559      31.000    0.08%      14.000     17.000
     CES822               13.768       0.892       8.000   11.25%      10.000     12.000     13.000
             889.000      21.235       0.435      31.000    0.11%      14.000     17.000


THE MODEL ESTIMATION TERMINATED NORMALLY

     WARNING:  THE LATENT VARIABLE COVARIANCE MATRIX (PSI) IS NOT POSITIVE
     DEFINITE.  THIS COULD INDICATE A NEGATIVE VARIANCE/RESIDUAL VARIANCE
     FOR A LATENT VARIABLE, A CORRELATION GREATER OR EQUAL TO ONE BY ABSOLUTE VALUE
     BETWEEN TWO LATENT VARIABLES, A LINEAR DEPENDENCY AMONG MORE THAN TWO LATENT
     VARIABLES, OR PARTIAL CORRELATIONS GREATER THAN ONE BY ABSOLUTE VALUE.
     CHECK THE TECH4 OUTPUT FOR MORE INFORMATION.

     THE WARNING IS DUE TO A CORRELATION GREATER OR EQUAL
     TO ONE BY ABSOLUTE VALUE BETWEEN TWO LATENT VARIABLES.
     THE RESIDUAL CORRELATION BETWEEN I5 AND S5 IS  23.065.



MODEL FIT INFORMATION

Number of Free Parameters                       14

Loglikelihood

          H0 Value                      -28761.905
          H0 Scaling Correction Factor      1.3364
            for MLR
          H1 Value                      -28719.112
          H1 Scaling Correction Factor      1.3099
            for MLR

Information Criteria

          Akaike (AIC)                   57551.810
          Bayesian (BIC)                 57637.122
          Sample-Size Adjusted BIC       57592.638
            (n* = (n + 2) / 24)

Chi-Square Test of Model Fit

          Value                             68.572*
          Degrees of Freedom                     6
          P-Value                           0.0000
          Scaling Correction Factor         1.2481
            for MLR

*   The chi-square value for MLM, MLMV, MLR, ULSMV, WLSM and WLSMV cannot be used
    for chi-square difference testing in the regular way.  MLM, MLR and WLSM
    chi-square difference testing is described on the Mplus website.  MLMV, WLSMV,
    and ULSMV difference testing is done using the DIFFTEST option.

RMSEA (Root Mean Square Error Of Approximation)

          Estimate                           0.056
          90 Percent C.I.                    0.045  0.069
          Probability RMSEA <= .05           0.172

CFI/TLI

          CFI                                0.953
          TLI                                0.921

Chi-Square Test of Model Fit for the Baseline Model

          Value                           1338.393
          Degrees of Freedom                    10
          P-Value                           0.0000

SRMR (Standardized Root Mean Square Residual)

          Value                              0.058



MODEL RESULTS

                                                    Two-Tailed
                    Estimate       S.E.  Est./S.E.    P-Value

 I5       |
    CES812             1.000      0.000    999.000    999.000
    CES816             1.000      0.000    999.000    999.000
    CES818             1.000      0.000    999.000    999.000
    CES820             1.000      0.000    999.000    999.000
    CES822             1.000      0.000    999.000    999.000

 S5       |
    CES812             0.000      0.000    999.000    999.000
    CES816             4.000      0.000    999.000    999.000
    CES818             6.000      0.000    999.000    999.000
    CES820             8.000      0.000    999.000    999.000
    CES822            10.000      0.000    999.000    999.000

 Q5       |
    CES812             0.000      0.000    999.000    999.000
    CES816            16.000      0.000    999.000    999.000
    CES818            36.000      0.000    999.000    999.000
    CES820            64.000      0.000    999.000    999.000
    CES822           100.000      0.000    999.000    999.000

 S5       WITH
    I5                 1.389      0.410      3.388      0.001

 Q5       WITH
    I5                -0.102      0.031     -3.297      0.001
    S5                -0.018      0.014     -1.293      0.196

 Means
    I5                16.200      0.045    357.155      0.000
    S5                -0.808      0.029    -27.588      0.000
    Q5                 0.063      0.004     17.771      0.000

 Intercepts
    CES812             0.000      0.000    999.000    999.000
    CES816             0.000      0.000    999.000    999.000
    CES818             0.000      0.000    999.000    999.000
    CES820             0.000      0.000    999.000    999.000
    CES822             0.000      0.000    999.000    999.000

 Variances
    I5                 0.017      1.229      0.014      0.989
    S5                 0.209      0.157      1.325      0.185
    Q5                 0.002      0.001      1.212      0.225

 Residual Variances
    CES812             6.822      1.262      5.403      0.000
    CES816            11.218      0.508     22.075      0.000
    CES818             9.959      0.564     17.655      0.000
    CES820            10.518      0.744     14.136      0.000
    CES822            11.124      1.482      7.508      0.000


QUALITY OF NUMERICAL RESULTS

     Condition Number for the Information Matrix              0.379E-08
       (ratio of smallest to largest eigenvalue)


STANDARDIZED MODEL RESULTS


STDYX Standardization

                                                    Two-Tailed
                    Estimate       S.E.  Est./S.E.    P-Value

 I5       |
    CES812             0.050      1.784      0.028      0.977
    CES816             0.029      1.030      0.028      0.977
    CES818             0.029      1.013      0.028      0.977
    CES820             0.028      1.002      0.028      0.977
    CES822             0.029      1.023      0.028      0.977

 S5       |
    CES812             0.000      0.000    999.000    999.000
    CES816             0.403      0.151      2.669      0.008
    CES818             0.595      0.225      2.644      0.008
    CES820             0.785      0.296      2.652      0.008
    CES822             1.002      0.378      2.651      0.008

 Q5       |
    CES812             0.000      0.000    999.000    999.000
    CES816             0.150      0.062      2.436      0.015
    CES818             0.333      0.137      2.423      0.015
    CES820             0.585      0.241      2.426      0.015
    CES822             0.934      0.385      2.426      0.015

 S5       WITH
    I5                23.065    830.010      0.028      0.978

 Q5       WITH
    I5               -18.250    654.450     -0.028      0.978
    S5                -0.942      0.044    -21.349      0.000

 Means
    I5               122.929   4350.939      0.028      0.977
    S5                -1.769      0.674     -2.623      0.009
    Q5                 1.480      0.621      2.383      0.017

 Intercepts
    CES812             0.000      0.000    999.000    999.000
    CES816             0.000      0.000    999.000    999.000
    CES818             0.000      0.000    999.000    999.000
    CES820             0.000      0.000    999.000    999.000
    CES822             0.000      0.000    999.000    999.000

 Variances
    I5                 1.000      0.000    999.000    999.000
    S5                 1.000      0.000    999.000    999.000
    Q5                 1.000      0.000    999.000    999.000

 Residual Variances
    CES812             0.997      0.180      5.549      0.000
    CES816             0.547      0.021     26.097      0.000
    CES818             0.469      0.021     22.747      0.000
    CES820             0.485      0.023     20.937      0.000
    CES822             0.535      0.068      7.849      0.000


R-SQUARE

    Observed                                        Two-Tailed
    Variable        Estimate       S.E.  Est./S.E.    P-Value

    CES812             0.003      0.180      0.014      0.989
    CES816             0.453      0.021     21.655      0.000
    CES818             0.531      0.021     25.709      0.000
    CES820             0.515      0.023     22.189      0.000
    CES822             0.465      0.068      6.815      0.000


TECHNICAL 1 OUTPUT


     PARAMETER SPECIFICATION


           NU
              CES812        CES816        CES818        CES820        CES822
              ________      ________      ________      ________      ________
                  0             0             0             0             0


           LAMBDA
              I5            S5            Q5
              ________      ________      ________
 CES812             0             0             0
 CES816             0             0             0
 CES818             0             0             0
 CES820             0             0             0
 CES822             0             0             0


           THETA
              CES812        CES816        CES818        CES820        CES822
              ________      ________      ________      ________      ________
 CES812             1
 CES816             0             2
 CES818             0             0             3
 CES820             0             0             0             4
 CES822             0             0             0             0             5


           ALPHA
              I5            S5            Q5
              ________      ________      ________
                  6             7             8


           BETA
              I5            S5            Q5
              ________      ________      ________
 I5                 0             0             0
 S5                 0             0             0
 Q5                 0             0             0


           PSI
              I5            S5            Q5
              ________      ________      ________
 I5                 9
 S5                10            11
 Q5                12            13            14


     STARTING VALUES


           NU
              CES812        CES816        CES818        CES820        CES822
              ________      ________      ________      ________      ________
                0.000         0.000         0.000         0.000         0.000


           LAMBDA
              I5            S5            Q5
              ________      ________      ________
 CES812         1.000         0.000         0.000
 CES816         1.000         4.000        16.000
 CES818         1.000         6.000        36.000
 CES820         1.000         8.000        64.000
 CES822         1.000        10.000       100.000


           THETA
              CES812        CES816        CES818        CES820        CES822
              ________      ________      ________      ________      ________
 CES812         3.402
 CES816         0.000        10.475
 CES818         0.000         0.000        10.381
 CES820         0.000         0.000         0.000         9.688
 CES822         0.000         0.000         0.000         0.000        10.618


           ALPHA
              I5            S5            Q5
              ________      ________      ________
               16.183        -1.258         0.148


           BETA
              I5            S5            Q5
              ________      ________      ________
 I5             0.000         0.000         0.000
 S5             0.000         0.000         0.000
 Q5             0.000         0.000         0.000


           PSI
              I5            S5            Q5
              ________      ________      ________
 I5             6.608
 S5             0.000         7.443
 Q5             0.000         0.000         0.213


TECHNICAL 4 OUTPUT


     ESTIMATES DERIVED FROM THE MODEL


           ESTIMATED MEANS FOR THE LATENT VARIABLES
              I5            S5            Q5
              ________      ________      ________
               16.200        -0.808         0.063


           S.E. FOR ESTIMATED MEANS FOR THE LATENT VARIABLES
              I5            S5            Q5
              ________      ________      ________
                0.045         0.029         0.004


           EST./S.E. FOR ESTIMATED MEANS FOR THE LATENT VARIABLES
              I5            S5            Q5
              ________      ________      ________
              357.155       -27.588        17.771


           TWO-TAILED P-VALUE FOR ESTIMATED MEANS FOR THE LATENT VARIABLES
              I5            S5            Q5
              ________      ________      ________
                0.000         0.000         0.000


           ESTIMATED COVARIANCE MATRIX FOR THE LATENT VARIABLES
              I5            S5            Q5
              ________      ________      ________
 I5             0.017
 S5             1.389         0.209
 Q5            -0.102        -0.018         0.002


           S.E. FOR ESTIMATED COVARIANCE MATRIX FOR THE LATENT VARIABLES
              I5            S5            Q5
              ________      ________      ________
 I5             1.229
 S5             0.410         0.157
 Q5             0.031         0.014         0.001


           EST./S.E. FOR ESTIMATED COVARIANCE MATRIX FOR THE LATENT VARIABLES
              I5            S5            Q5
              ________      ________      ________
 I5             0.014
 S5             3.388         1.325
 Q5            -3.297        -1.293         1.212


           TWO-TAILED P-VALUE FOR ESTIMATED COVARIANCE MATRIX FOR THE LATENT VARIABLES
              I5            S5            Q5
              ________      ________      ________
 I5             0.989
 S5             0.001         0.185
 Q5             0.001         0.196         0.225


           ESTIMATED CORRELATION MATRIX FOR THE LATENT VARIABLES
              I5            S5            Q5
              ________      ________      ________
 I5             1.000
 S5            23.065         1.000
 Q5           -18.250        -0.942         1.000


           S.E. FOR ESTIMATED CORRELATION MATRIX FOR THE LATENT VARIABLES
              I5            S5            Q5
              ________      ________      ________
 I5             0.000
 S5           830.010         0.000
 Q5           654.450         0.044         0.000


           EST./S.E. FOR ESTIMATED CORRELATION MATRIX FOR THE LATENT VARIABLES
              I5            S5            Q5
              ________      ________      ________
 I5           999.000
 S5             0.028       999.000
 Q5            -0.028       -21.349       999.000


           TWO-TAILED P-VALUE FOR ESTIMATED CORRELATION MATRIX FOR THE LATENT VARIABLES
              I5            S5            Q5
              ________      ________      ________
 I5             0.000
 S5             0.978         0.000
 Q5             0.978         0.000         0.000


           ESTIMATED PARTIAL CORRELATION MATRIX FOR THE LATENT VARIABLES
              I5            S5            Q5
              ________      ________      ________
 I5           999.000
 S5           999.000         1.000
 Q5           999.000       999.000         1.000


     Beginning Time:  15:36:17
        Ending Time:  15:36:18
       Elapsed Time:  00:00:01



MUTHEN & MUTHEN
3463 Stoner Ave.
Los Angeles, CA  90066

Tel: (310) 391-9971
Fax: (310) 391-8971
Web: www.StatModel.com
Support: Support@StatModel.com

Copyright (c) 1998-2025 Muthen & Muthen
