Mplus VERSION 9
MUTHEN & MUTHEN
10/05/2026  10:34 AM

INPUT INSTRUCTIONS

  TITLE:
  CFPS review sensitivity univariate_CESD8_five
  DATA:
  FILE = "data.dat";
  VARIABLE:
  NAMES = fid y1 y2 y3 y4 y5;
   MISSING=.;
   CLUSTER=fid; USEVARIABLES= y1 y2 y3 y4 y5 ;
  ANALYSIS:
  TYPE=COMPLEX; ESTIMATOR=MLR; PROCESSORS=1; COVERAGE=.005;
  MODEL:
  iy sy | y1@0 y2*4 y3*6 y4*8 y5@10 ;
  OUTPUT:
  TECH1 TECH4 SAMPSTAT RESIDUAL;



INPUT READING TERMINATED NORMALLY




CFPS review sensitivity univariate_CESD8_five

SUMMARY OF ANALYSIS

Number of groups                                                 1
Number of observations                                        2225

Number of dependent variables                                    5
Number of independent variables                                  0
Number of continuous latent variables                            2

Observed dependent variables

  Continuous
   Y1          Y2          Y3          Y4          Y5

Continuous latent variables
   IY          SY

Variables with special functions

  Cluster variable      FID

Estimator                                                      MLR
Information matrix                                        OBSERVED
Maximum number of iterations                                  1000
Convergence criterion                                    0.500D-04
Maximum number of steepest descent iterations                   20
Maximum number of iterations for H1                           2000
Convergence criterion for H1                             0.100D-03

Input data file(s)
  data.dat

Input data format  FREE


SUMMARY OF DATA

     Number of missing data patterns            11
     Number of clusters                       1684



COVARIANCE COVERAGE OF DATA

Minimum covariance coverage value   0.005


     PROPORTION OF DATA PRESENT


           Covariance Coverage
              Y1            Y2            Y3            Y4            Y5
              ________      ________      ________      ________      ________
 Y1             1.000
 Y2             0.964         0.964
 Y3             0.948         0.914         0.948
 Y4             0.511         0.482         0.472         0.511
 Y5             0.386         0.363         0.356         0.283         0.386


SAMPLE STATISTICS


     ESTIMATED SAMPLE STATISTICS


           Means
              Y1            Y2            Y3            Y4            Y5
              ________      ________      ________      ________      ________
               13.360        13.256        13.665        13.517        14.008


           Covariances
              Y1            Y2            Y3            Y4            Y5
              ________      ________      ________      ________      ________
 Y1            17.901
 Y2             8.051        19.171
 Y3             8.861        10.331        20.507
 Y4             8.175         8.003         9.145        19.600
 Y5             7.668         9.416         9.905         9.930        21.691


           Correlations
              Y1            Y2            Y3            Y4            Y5
              ________      ________      ________      ________      ________
 Y1             1.000
 Y2             0.435         1.000
 Y3             0.462         0.521         1.000
 Y4             0.436         0.413         0.456         1.000
 Y5             0.389         0.462         0.470         0.482         1.000


     MAXIMUM LOG-LIKELIHOOD VALUE FOR THE UNRESTRICTED (H1) MODEL IS -23580.393


UNIVARIATE SAMPLE STATISTICS


     UNIVARIATE HIGHER-ORDER MOMENT DESCRIPTIVE STATISTICS

         Variable/         Mean/     Skewness/   Minimum/ % with                Percentiles
        Sample Size      Variance    Kurtosis    Maximum  Min/Max      20%/60%    40%/80%    Median

     Y1                   13.360       0.944       8.000    9.98%      10.000     11.000     13.000
            2225.000      17.901       0.732      32.000    0.04%      14.000     17.000
     Y2                   13.246       1.004       8.000   11.51%       9.000     11.000     12.000
            2146.000      19.160       0.740      30.000    0.09%      14.000     17.000
     Y3                   13.645       0.983       8.000   10.00%      10.000     12.000     13.000
            2110.000      20.535       0.683      32.000    0.19%      14.000     17.000
     Y4                   13.336       0.930       8.000   12.48%       9.000     11.000     13.000
            1138.000      19.395       0.609      31.000    0.09%      14.000     17.000
     Y5                   13.728       0.921       8.000   11.54%      10.000     12.000     13.000
             858.000      21.422       0.486      31.000    0.12%      14.000     17.000


THE MODEL ESTIMATION TERMINATED NORMALLY

     WARNING:  THE LATENT VARIABLE COVARIANCE MATRIX (PSI) IS NOT POSITIVE
     DEFINITE.  THIS COULD INDICATE A NEGATIVE VARIANCE/RESIDUAL VARIANCE
     FOR A LATENT VARIABLE, A CORRELATION GREATER OR EQUAL TO ONE BY ABSOLUTE VALUE
     BETWEEN TWO LATENT VARIABLES, A LINEAR DEPENDENCY AMONG MORE THAN TWO LATENT
     VARIABLES, OR PARTIAL CORRELATIONS GREATER THAN ONE BY ABSOLUTE VALUE.
     CHECK THE TECH4 OUTPUT FOR MORE INFORMATION.

     THE WARNING IS DUE TO A NEGATIVE VARIANCE/RESIDUAL VARIANCE.
     VARIABLE SY HAS A NEGATIVE RESIDUAL VARIANCE.



MODEL FIT INFORMATION

Number of Free Parameters                       13

Loglikelihood

          H0 Value                      -23594.611
          H0 Scaling Correction Factor      1.5174
            for MLR
          H1 Value                      -23580.393
          H1 Scaling Correction Factor      1.3736
            for MLR

Information Criteria

          Akaike (AIC)                   47215.223
          Bayesian (BIC)                 47289.420
          Sample-Size Adjusted BIC       47248.117
            (n* = (n + 2) / 24)

Chi-Square Test of Model Fit

          Value                             25.693*
          Degrees of Freedom                     7
          P-Value                           0.0006
          Scaling Correction Factor         1.1067
            for MLR

*   The chi-square value for MLM, MLMV, MLR, ULSMV, WLSM and WLSMV cannot be used
    for chi-square difference testing in the regular way.  MLM, MLR and WLSM
    chi-square difference testing is described on the Mplus website.  MLMV, WLSMV,
    and ULSMV difference testing is done using the DIFFTEST option.

RMSEA (Root Mean Square Error Of Approximation)

          Estimate                           0.035
          90 Percent C.I.                    0.021  0.049
          Probability RMSEA <= .05           0.956

CFI/TLI

          CFI                                0.986
          TLI                                0.980

Chi-Square Test of Model Fit for the Baseline Model

          Value                           1374.631
          Degrees of Freedom                    10
          P-Value                           0.0000

SRMR (Standardized Root Mean Square Residual)

          Value                              0.031



MODEL RESULTS

                                                    Two-Tailed
                    Estimate       S.E.  Est./S.E.    P-Value

 IY       |
    Y1                 1.000      0.000    999.000    999.000
    Y2                 1.000      0.000    999.000    999.000
    Y3                 1.000      0.000    999.000    999.000
    Y4                 1.000      0.000    999.000    999.000
    Y5                 1.000      0.000    999.000    999.000

 SY       |
    Y1                 0.000      0.000    999.000    999.000
    Y2               -16.477     18.686     -0.882      0.378
    Y3                15.774     13.494      1.169      0.242
    Y4                -1.422      4.194     -0.339      0.734
    Y5                10.000      0.000    999.000    999.000

 SY       WITH
    IY                 0.030      0.038      0.798      0.425

 Means
    IY                13.471      0.090    149.601      0.000
    SY                 0.015      0.016      0.916      0.360

 Intercepts
    Y1                 0.000      0.000    999.000    999.000
    Y2                 0.000      0.000    999.000    999.000
    Y3                 0.000      0.000    999.000    999.000
    Y4                 0.000      0.000    999.000    999.000
    Y5                 0.000      0.000    999.000    999.000

 Variances
    IY                 8.567      0.401     21.350      0.000
    SY                -0.005      0.007     -0.728      0.466

 Residual Variances
    Y1                 9.882      0.484     20.418      0.000
    Y2                12.604      1.806      6.977      0.000
    Y3                11.883      1.168     10.176      0.000
    Y4                11.094      0.757     14.664      0.000
    Y5                12.953      1.219     10.625      0.000


QUALITY OF NUMERICAL RESULTS

     Condition Number for the Information Matrix              0.238E-07
       (ratio of smallest to largest eigenvalue)


RESIDUAL OUTPUT


     ESTIMATED MODEL AND RESIDUALS (OBSERVED - ESTIMATED)


           Model Estimated Means
              Y1            Y2            Y3            Y4            Y5
              ________      ________      ________      ________      ________
               13.471        13.226        13.706        13.450        13.620


           Residuals for Means
              Y1            Y2            Y3            Y4            Y5
              ________      ________      ________      ________      ________
               -0.111         0.030        -0.041         0.067         0.388


           Standardized Residuals (z-scores) for Means
              Y1            Y2            Y3            Y4            Y5
              ________      ________      ________      ________      ________
               -3.351         1.346       999.000         0.731       999.000


           Normalized Residuals for Means
              Y1            Y2            Y3            Y4            Y5
              ________      ________      ________      ________      ________
               -1.155         0.304        -0.390         0.507         2.561


           Model Estimated Covariances
              Y1            Y2            Y3            Y4            Y5
              ________      ________      ________      ________      ________
 Y1            18.450
 Y2             8.073        18.829
 Y3             9.041         9.841        20.158
 Y4             8.525         7.913         9.110        19.566
 Y5             8.868         9.194         8.556         8.896        21.623


           Model Estimated Correlations
              Y1            Y2            Y3            Y4            Y5
              ________      ________      ________      ________      ________
 Y1             1.000
 Y2             0.433         1.000
 Y3             0.469         0.505         1.000
 Y4             0.449         0.412         0.459         1.000
 Y5             0.444         0.456         0.410         0.432         1.000


           Model Estimated Partial Correlations
              Y1            Y2            Y3            Y4            Y5
              ________      ________      ________      ________      ________
 Y1             1.000
 Y2             0.147         1.000
 Y3             0.215         0.289         1.000
 Y4             0.203         0.120         0.212         1.000
 Y5             0.203         0.226         0.102         0.195         1.000


           Residuals for Covariances
              Y1            Y2            Y3            Y4            Y5
              ________      ________      ________      ________      ________
 Y1            -0.548
 Y2            -0.021         0.342
 Y3            -0.181         0.490         0.349
 Y4            -0.349         0.090         0.035         0.034
 Y5            -1.200         0.222         1.349         1.034         0.067


           Residuals for Correlations
              Y1            Y2            Y3            Y4            Y5
              ________      ________      ________      ________      ________
 Y1             0.000
 Y2             0.001         0.000
 Y3            -0.006         0.016         0.000
 Y4            -0.012         0.001        -0.003         0.000
 Y5            -0.055         0.006         0.060         0.049         0.000


           Residuals for Partial Correlations
              Y1            Y2            Y3            Y4            Y5
              ________      ________      ________      ________      ________
 Y1             0.000
 Y2             0.032         0.000
 Y3            -0.006         0.002         0.000
 Y4             0.003        -0.015        -0.039         0.000
 Y5            -0.109        -0.019         0.088         0.072         0.000


           Standardized Residuals (z-scores) for Covariances
              Y1            Y2            Y3            Y4            Y5
              ________      ________      ________      ________      ________
 Y1            -5.704
 Y2            -0.352       999.000
 Y3            -2.190       999.000       999.000
 Y4            -0.769         0.230         0.069         0.074
 Y5            -2.599       999.000         2.205         1.667       999.000


           Normalized Residuals for Covariances
              Y1            Y2            Y3            Y4            Y5
              ________      ________      ________      ________      ________
 Y1            -0.839
 Y2            -0.046         0.494
 Y3            -0.347         0.882         0.468
 Y4            -0.577         0.133         0.050         0.036
 Y5            -1.675         0.283         1.611         1.236         0.057


TECHNICAL 1 OUTPUT


     PARAMETER SPECIFICATION


           NU
              Y1            Y2            Y3            Y4            Y5
              ________      ________      ________      ________      ________
                  0             0             0             0             0


           LAMBDA
              IY            SY
              ________      ________
 Y1                 0             0
 Y2                 0             1
 Y3                 0             2
 Y4                 0             3
 Y5                 0             0


           THETA
              Y1            Y2            Y3            Y4            Y5
              ________      ________      ________      ________      ________
 Y1                 4
 Y2                 0             5
 Y3                 0             0             6
 Y4                 0             0             0             7
 Y5                 0             0             0             0             8


           ALPHA
              IY            SY
              ________      ________
                  9            10


           BETA
              IY            SY
              ________      ________
 IY                 0             0
 SY                 0             0


           PSI
              IY            SY
              ________      ________
 IY                11
 SY                12            13


     STARTING VALUES


           NU
              Y1            Y2            Y3            Y4            Y5
              ________      ________      ________      ________      ________
                0.000         0.000         0.000         0.000         0.000


           LAMBDA
              IY            SY
              ________      ________
 Y1             1.000         0.000
 Y2             1.000         4.000
 Y3             1.000         6.000
 Y4             1.000         8.000
 Y5             1.000        10.000


           THETA
              Y1            Y2            Y3            Y4            Y5
              ________      ________      ________      ________      ________
 Y1             8.951
 Y2             0.000         9.580
 Y3             0.000         0.000        10.268
 Y4             0.000         0.000         0.000         9.698
 Y5             0.000         0.000         0.000         0.000        10.711


           ALPHA
              IY            SY
              ________      ________
               13.358         0.068


           BETA
              IY            SY
              ________      ________
 IY             0.000         0.000
 SY             0.000         0.000


           PSI
              IY            SY
              ________      ________
 IY            17.203
 SY             0.000         0.463


TECHNICAL 4 OUTPUT


     ESTIMATES DERIVED FROM THE MODEL


           ESTIMATED MEANS FOR THE LATENT VARIABLES
              IY            SY
              ________      ________
               13.471         0.015


           S.E. FOR ESTIMATED MEANS FOR THE LATENT VARIABLES
              IY            SY
              ________      ________
                0.090         0.016


           EST./S.E. FOR ESTIMATED MEANS FOR THE LATENT VARIABLES
              IY            SY
              ________      ________
              149.601         0.916


           TWO-TAILED P-VALUE FOR ESTIMATED MEANS FOR THE LATENT VARIABLES
              IY            SY
              ________      ________
                0.000         0.360


           ESTIMATED COVARIANCE MATRIX FOR THE LATENT VARIABLES
              IY            SY
              ________      ________
 IY             8.567
 SY             0.030        -0.005


           S.E. FOR ESTIMATED COVARIANCE MATRIX FOR THE LATENT VARIABLES
              IY            SY
              ________      ________
 IY             0.401
 SY             0.038         0.007


           EST./S.E. FOR ESTIMATED COVARIANCE MATRIX FOR THE LATENT VARIABLES
              IY            SY
              ________      ________
 IY            21.350
 SY             0.798        -0.728


           TWO-TAILED P-VALUE FOR ESTIMATED COVARIANCE MATRIX FOR THE LATENT VARIABLES
              IY            SY
              ________      ________
 IY             0.000
 SY             0.425         0.466


           ESTIMATED CORRELATION MATRIX FOR THE LATENT VARIABLES
              IY            SY
              ________      ________
 IY             1.000
 SY           999.000       999.000


           S.E. FOR ESTIMATED CORRELATION MATRIX FOR THE LATENT VARIABLES
              IY            SY
              ________      ________
 IY             0.000
 SY           999.000         0.000


           EST./S.E. FOR ESTIMATED CORRELATION MATRIX FOR THE LATENT VARIABLES
              IY            SY
              ________      ________
 IY           999.000
 SY             1.000       999.000


           TWO-TAILED P-VALUE FOR ESTIMATED CORRELATION MATRIX FOR THE LATENT VARIABLES
              IY            SY
              ________      ________
 IY             0.000
 SY             0.317         0.000


           ESTIMATED PARTIAL CORRELATION MATRIX FOR THE LATENT VARIABLES
              IY            SY
              ________      ________
 IY           999.000
 SY            31.607       999.000


     Beginning Time:  10:34:22
        Ending Time:  10:34:22
       Elapsed Time:  00:00:00



MUTHEN & MUTHEN
3463 Stoner Ave.
Los Angeles, CA  90066

Tel: (310) 391-9971
Fax: (310) 391-8971
Web: www.StatModel.com
Support: Support@StatModel.com

Copyright (c) 1998-2025 Muthen & Muthen
