
     Mplus VERSION 9
     MUTHEN & MUTHEN

     Running input file 'model.inp'...

     Dimensions of integration:                  1
     Total number of integration points:         15


  ITER  LOGLIKELIHOOD    ABS CHANGE   REL CHANGE  ALGO  TIME  TOTAL TIME
     1 -0.24620468D+05    0.0000000    0.0000000  EM    0.03     0.0
     2 -0.24601501D+05   18.9668896    0.0007704  EM    6.57     6.6
     3 -0.24601236D+05    0.2656552    0.0000108  EM    2.45     9.0
     4 -0.24601023D+05    0.2127715    0.0000086  EM    0.28     9.3
     5 -0.24600842D+05    0.1811726    0.0000074  EM    0.16     9.5
     6 -0.24600684D+05    0.1578886    0.0000064  EM    0.25     9.7
     7 -0.24600545D+05    0.1391552    0.0000057  EM    0.21     9.9
     8 -0.24600421D+05    0.1233857    0.0000050  EM    0.16    10.1
     9 -0.24600312D+05    0.1098300    0.0000045  EM    0.15    10.3
    10 -0.24600214D+05    0.0980644    0.0000040  EM    0.13    10.4
    11 -0.24600126D+05    0.0878072    0.0000036  EM    0.14    10.5
    12 -0.24600047D+05    0.0788438    0.0000032  EM    0.12    10.6
    13 -0.24599976D+05    0.0709991    0.0000029  EM    0.11    10.8
    14 -0.24599912D+05    0.0641273    0.0000026  EM    0.14    10.9
    15 -0.24599854D+05    0.0581008    0.0000024  EM    0.09    11.0
    16 -0.24599801D+05    0.0528076    0.0000021  EM    0.16    11.1
    17 -0.24599753D+05    0.0481553    0.0000020  EM    0.10    11.2
    18 -0.24599709D+05    0.0440615    0.0000018  EM    0.12    11.4
    19 -0.24599668D+05    0.0404536    0.0000016  EM    0.12    11.5
    20 -0.24599631D+05    0.0372694    0.0000015  EM    0.11    11.6
    21 -0.24599596D+05    0.0344546    0.0000014  EM    0.09    11.7
    22 -0.24599565D+05    0.0319627    0.0000013  EM    0.12    11.8
    23 -0.24599535D+05    0.0297523    0.0000012  EM    0.09    11.9
    24 -0.24599507D+05    0.0277882    0.0000011  EM    0.12    12.0
    25 -0.24599481D+05    0.0260392    0.0000011  EM    0.09    12.1
    26 -0.24599456D+05    0.0244785    0.0000010  EM    0.09    12.2
    27 -0.24599433D+05    0.0230828    0.0000009  EM    0.10    12.3
    28 -0.24599412D+05    0.0218317    0.0000009  EM    0.09    12.4
    29 -0.24599391D+05    0.0207071    0.0000008  EM    0.09    12.5
    30 -0.24599371D+05    0.0196941    0.0000008  EM    0.09    12.5
    31 -0.24599352D+05    0.0187788    0.0000008  EM    0.14    12.7
    32 -0.24599334D+05    0.0179498    0.0000007  EM    0.08    12.8
    33 -0.24599317D+05    0.0171966    0.0000007  EM    0.08    12.8
    34 -0.24599301D+05    0.0165102    0.0000007  EM    0.07    12.9
    35 -0.24598758D+05    0.5432097    0.0000221  FS    8.33    21.2
    36 -0.24598387D+05    0.3701885    0.0000150  EM    9.16    30.4
    37 -0.24598372D+05    0.0149769    0.0000006  EM    0.15    30.6
    38 -0.24598367D+05    0.0049187    0.0000002  EM    0.10    30.7
    39 -0.24598364D+05    0.0034531    0.0000001  EM    0.09    30.8
    40 -0.24598361D+05    0.0030482    0.0000001  EM    0.09    30.8
    41 -0.24598358D+05    0.0028311    0.0000001  EM    0.09    30.9
    42 -0.24598355D+05    0.0026574    0.0000001  EM    0.09    31.0
    43 -0.24598353D+05    0.0025007    0.0000001  EM    0.06    31.1
    44 -0.24598351D+05    0.0023551    0.0000001  EM    0.10    31.2
    45 -0.24598348D+05    0.0022195    0.0000001  EM    0.12    31.3
    46 -0.24598346D+05    0.0020928    0.0000001  EM    0.07    31.4
    47 -0.24598344D+05    0.0019743    0.0000001  EM    0.10    31.5
    48 -0.24598342D+05    0.0018635    0.0000001  EM    0.09    31.6
    49 -0.24598341D+05    0.0017600    0.0000001  EM    0.08    31.7
    50 -0.24598339D+05    0.0016630    0.0000001  EM    0.10    31.8
    51 -0.24598337D+05    0.0015722    0.0000001  EM    0.11    31.9
    52 -0.24598336D+05    0.0014872    0.0000001  EM    0.10    32.0
    53 -0.24598335D+05    0.0014077    0.0000001  EM    0.09    32.1
    54 -0.24598333D+05    0.0013328    0.0000001  EM    0.08    32.1
    55 -0.24598332D+05    0.0012628    0.0000001  EM    0.10    32.2
    56 -0.24598331D+05    0.0011972    0.0000000  EM    0.10    32.3
    57 -0.24598330D+05    0.0011356    0.0000000  EM    0.10    32.4
    58 -0.24598329D+05    0.0010777    0.0000000  EM    0.09    32.5
    59 -0.24598328D+05    0.0010234    0.0000000  EM    0.12    32.6
    60 -0.24598301D+05    0.0266132    0.0000011  QN    0.27    32.9
    61 -0.24598296D+05    0.0052739    0.0000002  EM    0.16    33.1
    62 -0.24598295D+05    0.0003812    0.0000000  EM    0.12    33.2
     Parameters         123        27        31       126       124
     Derivatives  -0.70D-03  0.67D-03  0.57D-03 -0.44D-03 -0.39D-03
     Beginning Time:  21:30:39
        Ending Time:  21:31:23
       Elapsed Time:  00:00:44

     Output saved in 'model.out'.
