Mplus VERSION 9
MUTHEN & MUTHEN
10/06/2026   1:25 AM

INPUT INSTRUCTIONS

  TITLE:
  Round2 D3274_U0_free
  DATA:
  FILE = "data.dat";
  VARIABLE:
  NAMES = fid y1 y2 y3 y4 y5;
   MISSING=.;
   CLUSTER=fid; USEVARIABLES=y1-y5;
  ANALYSIS:
  TYPE=COMPLEX; ESTIMATOR=MLR; PROCESSORS=1; COVERAGE=.005; ITERATIONS=1000;
  MODEL:
  iy sy | y1@0 y2*4 y3*6 y4*8 y5@10 ;
  OUTPUT:
  TECH1 TECH3 TECH4 SAMPSTAT RESIDUAL CINTERVAL;



INPUT READING TERMINATED NORMALLY




Round2 D3274_U0_free

SUMMARY OF ANALYSIS

Number of groups                                                 1
Number of observations                                        3274

Number of dependent variables                                    5
Number of independent variables                                  0
Number of continuous latent variables                            2

Observed dependent variables

  Continuous
   Y1          Y2          Y3          Y4          Y5

Continuous latent variables
   IY          SY

Variables with special functions

  Cluster variable      FID

Estimator                                                      MLR
Information matrix                                        OBSERVED
Maximum number of iterations                                  1000
Convergence criterion                                    0.500D-04
Maximum number of steepest descent iterations                   20
Maximum number of iterations for H1                           2000
Convergence criterion for H1                             0.100D-03

Input data file(s)
  data.dat

Input data format  FREE


SUMMARY OF DATA

     Number of missing data patterns            15
     Number of clusters                       2410



COVARIANCE COVERAGE OF DATA

Minimum covariance coverage value   0.005


     PROPORTION OF DATA PRESENT


           Covariance Coverage
              Y1            Y2            Y3            Y4            Y5
              ________      ________      ________      ________      ________
 Y1             1.000
 Y2             0.918         0.918
 Y3             0.726         0.653         0.726
 Y4             0.365         0.338         0.330         0.365
 Y5             0.272         0.252         0.248         0.196         0.272


SAMPLE STATISTICS


     ESTIMATED SAMPLE STATISTICS


           Means
              Y1            Y2            Y3            Y4            Y5
              ________      ________      ________      ________      ________
               13.575        13.680        13.986        13.707        14.258


           Covariances
              Y1            Y2            Y3            Y4            Y5
              ________      ________      ________      ________      ________
 Y1            18.136
 Y2             8.205        20.899
 Y3             8.882        11.113        21.078
 Y4             8.159         8.627         9.361        19.796
 Y5             7.668        10.070        10.291        10.117        21.746


           Correlations
              Y1            Y2            Y3            Y4            Y5
              ________      ________      ________      ________      ________
 Y1             1.000
 Y2             0.421         1.000
 Y3             0.454         0.529         1.000
 Y4             0.431         0.424         0.458         1.000
 Y5             0.386         0.472         0.481         0.488         1.000


     MAXIMUM LOG-LIKELIHOOD VALUE FOR THE UNRESTRICTED (H1) MODEL IS -30155.744


UNIVARIATE SAMPLE STATISTICS


     UNIVARIATE HIGHER-ORDER MOMENT DESCRIPTIVE STATISTICS

         Variable/         Mean/     Skewness/   Minimum/ % with                Percentiles
        Sample Size      Variance    Kurtosis    Maximum  Min/Max      20%/60%    40%/80%    Median

     Y1                   13.575       0.890       8.000    9.13%      10.000     12.000     13.000
            3274.000      18.136       0.608      32.000    0.06%      14.000     17.000
     Y2                   13.653       0.922       8.000   10.75%      10.000     12.000     13.000
            3005.000      20.951       0.477      30.000    0.13%      14.000     17.000
     Y3                   13.775       0.953       8.000    9.30%      10.000     12.000     13.000
            2377.000      20.761       0.604      32.000    0.17%      14.000     17.000
     Y4                   13.332       0.924       8.000   12.31%       9.000     11.000     13.000
            1194.000      19.376       0.559      31.000    0.08%      14.000     17.000
     Y5                   13.768       0.892       8.000   11.25%      10.000     12.000     13.000
             889.000      21.235       0.435      31.000    0.11%      14.000     17.000


THE MODEL ESTIMATION TERMINATED NORMALLY



MODEL FIT INFORMATION

Number of Free Parameters                       13

Loglikelihood

          H0 Value                      -30169.805
          H0 Scaling Correction Factor      1.6894
            for MLR
          H1 Value                      -30155.744
          H1 Scaling Correction Factor      1.3597
            for MLR

Information Criteria

          Akaike (AIC)                   60365.611
          Bayesian (BIC)                 60444.830
          Sample-Size Adjusted BIC       60403.523
            (n* = (n + 2) / 24)

Chi-Square Test of Model Fit

          Value                             37.638*
          Degrees of Freedom                     7
          P-Value                           0.0000
          Scaling Correction Factor         0.7472
            for MLR

*   The chi-square value for MLM, MLMV, MLR, ULSMV, WLSM and WLSMV cannot be used
    for chi-square difference testing in the regular way.  MLM, MLR and WLSM
    chi-square difference testing is described on the Mplus website.  MLMV, WLSMV,
    and ULSMV difference testing is done using the DIFFTEST option.

RMSEA (Root Mean Square Error Of Approximation)

          Estimate                           0.037
          90 Percent C.I.                    0.026  0.048
          Probability RMSEA <= .05           0.970

CFI/TLI

          CFI                                0.980
          TLI                                0.971

Chi-Square Test of Model Fit for the Baseline Model

          Value                           1530.523
          Degrees of Freedom                    10
          P-Value                           0.0000

SRMR (Standardized Root Mean Square Residual)

          Value                              0.039



MODEL RESULTS

                                                    Two-Tailed
                    Estimate       S.E.  Est./S.E.    P-Value

 IY       |
    Y1                 1.000      0.000    999.000    999.000
    Y2                 1.000      0.000    999.000    999.000
    Y3                 1.000      0.000    999.000    999.000
    Y4                 1.000      0.000    999.000    999.000
    Y5                 1.000      0.000    999.000    999.000

 SY       |
    Y1                 0.000      0.000    999.000    999.000
    Y2                 6.590      5.060      1.303      0.193
    Y3                11.594      8.075      1.436      0.151
    Y4                 3.266      2.138      1.528      0.127
    Y5                10.000      0.000    999.000    999.000

 SY       WITH
    IY                 0.109      0.125      0.873      0.383

 Means
    IY                13.550      0.101    133.593      0.000
    SY                 0.037      0.035      1.057      0.290

 Intercepts
    Y1                 0.000      0.000    999.000    999.000
    Y2                 0.000      0.000    999.000    999.000
    Y3                 0.000      0.000    999.000    999.000
    Y4                 0.000      0.000    999.000    999.000
    Y5                 0.000      0.000    999.000    999.000

 Variances
    IY                 7.523      0.657     11.449      0.000
    SY                 0.013      0.010      1.317      0.188

 Residual Variances
    Y1                10.667      0.749     14.245      0.000
    Y2                11.159      0.496     22.479      0.000
    Y3                 9.114      1.288      7.076      0.000
    Y4                11.399      0.755     15.096      0.000
    Y5                11.752      1.404      8.372      0.000


QUALITY OF NUMERICAL RESULTS

     Condition Number for the Information Matrix              0.834E-05
       (ratio of smallest to largest eigenvalue)


CONFIDENCE INTERVALS OF MODEL RESULTS

                  Lower .5%  Lower 2.5%    Lower 5%    Estimate    Upper 5%  Upper 2.5%   Upper .5%

 IY       |
    Y1               1.000       1.000       1.000       1.000       1.000       1.000       1.000
    Y2               1.000       1.000       1.000       1.000       1.000       1.000       1.000
    Y3               1.000       1.000       1.000       1.000       1.000       1.000       1.000
    Y4               1.000       1.000       1.000       1.000       1.000       1.000       1.000
    Y5               1.000       1.000       1.000       1.000       1.000       1.000       1.000

 SY       |
    Y1               0.000       0.000       0.000       0.000       0.000       0.000       0.000
    Y2              -6.442      -3.326      -1.733       6.590      14.914      16.507      19.623
    Y3              -9.205      -4.232      -1.689      11.594      24.877      27.421      32.393
    Y4              -2.240      -0.924      -0.251       3.266       6.782       7.455       8.771
    Y5              10.000      10.000      10.000      10.000      10.000      10.000      10.000

 SY       WITH
    IY              -0.213      -0.136      -0.097       0.109       0.315       0.355       0.432

 Means
    IY              13.288      13.351      13.383      13.550      13.716      13.748      13.811
    SY              -0.054      -0.032      -0.021       0.037       0.095       0.106       0.128

 Intercepts
    Y1               0.000       0.000       0.000       0.000       0.000       0.000       0.000
    Y2               0.000       0.000       0.000       0.000       0.000       0.000       0.000
    Y3               0.000       0.000       0.000       0.000       0.000       0.000       0.000
    Y4               0.000       0.000       0.000       0.000       0.000       0.000       0.000
    Y5               0.000       0.000       0.000       0.000       0.000       0.000       0.000

 Variances
    IY               5.831       6.235       6.442       7.523       8.604       8.811       9.216
    SY              -0.012      -0.006      -0.003       0.013       0.029       0.033       0.039

 Residual Variances
    Y1               8.739       9.200       9.436      10.667      11.899      12.135      12.596
    Y2               9.880      10.186      10.342      11.159      11.976      12.132      12.438
    Y3               5.797       6.590       6.996       9.114      11.233      11.639      12.432
    Y4               9.454       9.919      10.157      11.399      12.641      12.879      13.344
    Y5               8.136       9.001       9.443      11.752      14.062      14.504      15.368


RESIDUAL OUTPUT


     ESTIMATED MODEL AND RESIDUALS (OBSERVED - ESTIMATED)


           Model Estimated Means
              Y1            Y2            Y3            Y4            Y5
              ________      ________      ________      ________      ________
               13.550        13.795        13.982        13.671        13.922


           Residuals for Means
              Y1            Y2            Y3            Y4            Y5
              ________      ________      ________      ________      ________
                0.026        -0.115         0.004         0.036         0.335


           Standardized Residuals (z-scores) for Means
              Y1            Y2            Y3            Y4            Y5
              ________      ________      ________      ________      ________
              999.000        -3.476       999.000         0.514       999.000


           Normalized Residuals for Means
              Y1            Y2            Y3            Y4            Y5
              ________      ________      ________      ________      ________
                0.321        -1.296         0.042         0.274         2.249


           Model Estimated Covariances
              Y1            Y2            Y3            Y4            Y5
              ________      ________      ________      ________      ________
 Y1            18.191
 Y2             8.244        20.691
 Y3             8.791        10.510        20.929
 Y4             7.881         8.882         9.643        19.776
 Y5             8.617        10.198        11.399         9.401        22.769


           Model Estimated Correlations
              Y1            Y2            Y3            Y4            Y5
              ________      ________      ________      ________      ________
 Y1             1.000
 Y2             0.425         1.000
 Y3             0.451         0.505         1.000
 Y4             0.415         0.439         0.474         1.000
 Y5             0.423         0.470         0.522         0.443         1.000


           Model Estimated Partial Correlations
              Y1            Y2            Y3            Y4            Y5
              ________      ________      ________      ________      ________
 Y1             1.000
 Y2             0.166         1.000
 Y3             0.179         0.240         1.000
 Y4             0.172         0.171         0.203         1.000
 Y5             0.154         0.196         0.271         0.170         1.000


           Residuals for Covariances
              Y1            Y2            Y3            Y4            Y5
              ________      ________      ________      ________      ________
 Y1            -0.055
 Y2            -0.039         0.207
 Y3             0.090         0.603         0.148
 Y4             0.279        -0.256        -0.282         0.021
 Y5            -0.948        -0.128        -1.108         0.717        -1.023


           Residuals for Correlations
              Y1            Y2            Y3            Y4            Y5
              ________      ________      ________      ________      ________
 Y1             0.000
 Y2            -0.003         0.000
 Y3             0.004         0.024         0.000
 Y4             0.015        -0.015        -0.016         0.000
 Y5            -0.037         0.003        -0.041         0.045         0.000


           Residuals for Partial Correlations
              Y1            Y2            Y3            Y4            Y5
              ________      ________      ________      ________      ________
 Y1             0.000
 Y2            -0.006         0.000
 Y3             0.026         0.059         0.000
 Y4             0.031        -0.052        -0.036         0.000
 Y5            -0.061         0.016        -0.071         0.098         0.000


           Standardized Residuals (z-scores) for Covariances
              Y1            Y2            Y3            Y4            Y5
              ________      ________      ________      ________      ________
 Y1           999.000
 Y2            -0.345       999.000
 Y3           999.000       999.000       999.000
 Y4             0.793        -0.557       999.000       999.000
 Y5           999.000       999.000       999.000       999.000       999.000


           Normalized Residuals for Covariances
              Y1            Y2            Y3            Y4            Y5
              ________      ________      ________      ________      ________
 Y1            -0.104
 Y2            -0.099         0.343
 Y3             0.195         1.117         0.211
 Y4             0.484        -0.362        -0.407         0.022
 Y5            -1.356        -0.159        -1.336         0.880        -0.901


TECHNICAL 1 OUTPUT


     PARAMETER SPECIFICATION


           NU
              Y1            Y2            Y3            Y4            Y5
              ________      ________      ________      ________      ________
                  0             0             0             0             0


           LAMBDA
              IY            SY
              ________      ________
 Y1                 0             0
 Y2                 0             1
 Y3                 0             2
 Y4                 0             3
 Y5                 0             0


           THETA
              Y1            Y2            Y3            Y4            Y5
              ________      ________      ________      ________      ________
 Y1                 4
 Y2                 0             5
 Y3                 0             0             6
 Y4                 0             0             0             7
 Y5                 0             0             0             0             8


           ALPHA
              IY            SY
              ________      ________
                  9            10


           BETA
              IY            SY
              ________      ________
 IY                 0             0
 SY                 0             0


           PSI
              IY            SY
              ________      ________
 IY                11
 SY                12            13


     STARTING VALUES


           NU
              Y1            Y2            Y3            Y4            Y5
              ________      ________      ________      ________      ________
                0.000         0.000         0.000         0.000         0.000


           LAMBDA
              IY            SY
              ________      ________
 Y1             1.000         0.000
 Y2             1.000         4.000
 Y3             1.000         6.000
 Y4             1.000         8.000
 Y5             1.000        10.000


           THETA
              Y1            Y2            Y3            Y4            Y5
              ________      ________      ________      ________      ________
 Y1             9.068
 Y2             0.000        10.475
 Y3             0.000         0.000        10.381
 Y4             0.000         0.000         0.000         9.688
 Y5             0.000         0.000         0.000         0.000        10.618


           ALPHA
              IY            SY
              ________      ________
               13.807         0.138


           BETA
              IY            SY
              ________      ________
 IY             0.000         0.000
 SY             0.000         0.000


           PSI
              IY            SY
              ________      ________
 IY            18.312
 SY             0.000         1.142


TECHNICAL 3 OUTPUT


           ESTIMATED COVARIANCE MATRIX FOR PARAMETER ESTIMATES
                  1             2             3             4             5
              ________      ________      ________      ________      ________
      1     0.256004D+02
      2     0.383704D+02  0.652011D+02
      3    -0.394350D+00 -0.127494D+01  0.456891D+01
      4    -0.204322D+01 -0.263494D+01  0.320373D+00  0.560775D+00
      5    -0.103576D+01 -0.129772D+01  0.772515D-02  0.104837D+00  0.246425D+00
      6    -0.558278D+01 -0.917175D+01  0.432052D+00  0.503444D+00  0.222737D+00
      7     0.202524D+00  0.421074D+00  0.877964D-01  0.609643D-01 -0.216828D-02
      8     0.489159D+01  0.823246D+01 -0.279748D+00 -0.332177D+00 -0.151149D+00
      9     0.329058D+00  0.546802D+00 -0.293930D-01 -0.141626D-01 -0.584313D-02
     10    -0.169599D+00 -0.275364D+00  0.629251D-02  0.121501D-01  0.649835D-02
     11     0.133791D+01  0.186664D+01 -0.472587D+00 -0.343176D+00 -0.721643D-01
     12    -0.564459D+00 -0.847771D+00  0.441672D-01  0.706393D-01  0.224200D-01
     13    -0.125069D-01 -0.351719D-01 -0.212322D-02 -0.282359D-02 -0.780263D-04


           ESTIMATED COVARIANCE MATRIX FOR PARAMETER ESTIMATES
                  6             7             8             9            10
              ________      ________      ________      ________      ________
      6     0.165900D+01
      7    -0.322251D-01  0.570128D+00
      8    -0.113070D+01  0.212512D+00  0.197066D+01
      9    -0.726673D-01  0.118050D-01  0.778448D-01  0.102869D-01
     10     0.394506D-01 -0.185168D-02 -0.353002D-01 -0.260027D-02  0.124290D-02
     11    -0.353624D+00 -0.734533D-01  0.256494D+00  0.279308D-01 -0.942506D-02
     12     0.133070D+00  0.223699D-02 -0.109459D+00 -0.757352D-02  0.383413D-02
     13     0.197846D-02 -0.902404D-03 -0.468886D-02 -0.298467D-03  0.134871D-03


           ESTIMATED COVARIANCE MATRIX FOR PARAMETER ESTIMATES
                 11            12            13
              ________      ________      ________
     11     0.431826D+00
     12    -0.571867D-01  0.157009D-01
     13     0.211671D-02 -0.532581D-04  0.984051D-04


           ESTIMATED CORRELATION MATRIX FOR PARAMETER ESTIMATES
                  1             2             3             4             5
              ________      ________      ________      ________      ________
      1         1.000
      2         0.939         1.000
      3        -0.036        -0.074         1.000
      4        -0.539        -0.436         0.200         1.000
      5        -0.412        -0.324         0.007         0.282         1.000
      6        -0.857        -0.882         0.157         0.522         0.348
      7         0.053         0.069         0.054         0.108        -0.006
      8         0.689         0.726        -0.093        -0.316        -0.217
      9         0.641         0.668        -0.136        -0.186        -0.116
     10        -0.951        -0.967         0.084         0.460         0.371
     11         0.402         0.352        -0.336        -0.697        -0.221
     12        -0.890        -0.838         0.165         0.753         0.360
     13        -0.249        -0.439        -0.100        -0.380        -0.016


           ESTIMATED CORRELATION MATRIX FOR PARAMETER ESTIMATES
                  6             7             8             9            10
              ________      ________      ________      ________      ________
      6         1.000
      7        -0.033         1.000
      8        -0.625         0.200         1.000
      9        -0.556         0.154         0.547         1.000
     10         0.869        -0.070        -0.713        -0.727         1.000
     11        -0.418        -0.148         0.278         0.419        -0.407
     12         0.825         0.024        -0.622        -0.596         0.868
     13         0.155        -0.120        -0.337        -0.297         0.386


           ESTIMATED CORRELATION MATRIX FOR PARAMETER ESTIMATES
                 11            12            13
              ________      ________      ________
     11         1.000
     12        -0.695         1.000
     13         0.325        -0.043         1.000


TECHNICAL 4 OUTPUT


     ESTIMATES DERIVED FROM THE MODEL


           ESTIMATED MEANS FOR THE LATENT VARIABLES
              IY            SY
              ________      ________
               13.550         0.037


           S.E. FOR ESTIMATED MEANS FOR THE LATENT VARIABLES
              IY            SY
              ________      ________
                0.101         0.035


           EST./S.E. FOR ESTIMATED MEANS FOR THE LATENT VARIABLES
              IY            SY
              ________      ________
              133.593         1.057


           TWO-TAILED P-VALUE FOR ESTIMATED MEANS FOR THE LATENT VARIABLES
              IY            SY
              ________      ________
                0.000         0.290


           ESTIMATED COVARIANCE MATRIX FOR THE LATENT VARIABLES
              IY            SY
              ________      ________
 IY             7.523
 SY             0.109         0.013


           S.E. FOR ESTIMATED COVARIANCE MATRIX FOR THE LATENT VARIABLES
              IY            SY
              ________      ________
 IY             0.657
 SY             0.125         0.010


           EST./S.E. FOR ESTIMATED COVARIANCE MATRIX FOR THE LATENT VARIABLES
              IY            SY
              ________      ________
 IY            11.449
 SY             0.873         1.317


           TWO-TAILED P-VALUE FOR ESTIMATED COVARIANCE MATRIX FOR THE LATENT VARIABLES
              IY            SY
              ________      ________
 IY             0.000
 SY             0.383         0.188


           ESTIMATED CORRELATION MATRIX FOR THE LATENT VARIABLES
              IY            SY
              ________      ________
 IY             1.000
 SY             0.349         1.000


           S.E. FOR ESTIMATED CORRELATION MATRIX FOR THE LATENT VARIABLES
              IY            SY
              ________      ________
 IY             0.000
 SY             0.438         0.000


           EST./S.E. FOR ESTIMATED CORRELATION MATRIX FOR THE LATENT VARIABLES
              IY            SY
              ________      ________
 IY           999.000
 SY             0.796       999.000


           TWO-TAILED P-VALUE FOR ESTIMATED CORRELATION MATRIX FOR THE LATENT VARIABLES
              IY            SY
              ________      ________
 IY             0.000
 SY             0.426         0.000


           ESTIMATED PARTIAL CORRELATION MATRIX FOR THE LATENT VARIABLES
              IY            SY
              ________      ________
 IY             1.000
 SY             0.349         1.000


     Beginning Time:  01:25:08
        Ending Time:  01:25:08
       Elapsed Time:  00:00:00



MUTHEN & MUTHEN
3463 Stoner Ave.
Los Angeles, CA  90066

Tel: (310) 391-9971
Fax: (310) 391-8971
Web: www.StatModel.com
Support: Support@StatModel.com

Copyright (c) 1998-2025 Muthen & Muthen
