
     Mplus VERSION 9
     MUTHEN & MUTHEN

     Running input file 'model.inp'...

     Dimensions of integration:                  2
     Total number of integration points:         225


  ITER  LOGLIKELIHOOD    ABS CHANGE   REL CHANGE  ALGO  TIME  TOTAL TIME
     1 -0.32970083D+05    0.0000000    0.0000000  EM    0.43     0.4
     2 -0.30324199D+05 2645.8832369    0.0802510  EM   24.44    24.9
     3 -0.30240645D+05   83.5541238    0.0027554  EM    7.09    32.0
     4 -0.30202302D+05   38.3435495    0.0012679  EM    1.35    33.3
     5 -0.30179535D+05   22.7671387    0.0007538  EM    1.14    34.4
     6 -0.30164644D+05   14.8907837    0.0004934  EM    1.14    35.6
     7 -0.30154191D+05   10.4532314    0.0003465  EM    1.25    36.8
     8 -0.30146350D+05    7.8401717    0.0002600  EM    0.88    37.7
     9 -0.30140111D+05    6.2393949    0.0002070  EM    0.95    38.7
    10 -0.30134906D+05    5.2055335    0.0001727  EM    1.12    39.8
    11 -0.30130412D+05    4.4935212    0.0001491  EM    0.69    40.5
    12 -0.30126442D+05    3.9698670    0.0001318  EM    0.67    41.1
    13 -0.30122880D+05    3.5618410    0.0001182  EM    1.08    42.2
    14 -0.30119652D+05    3.2286723    0.0001072  EM    0.94    43.2
    15 -0.30116705D+05    2.9467160    0.0000978  EM    1.07    44.2
    16 -0.30114003D+05    2.7016166    0.0000897  EM    0.92    45.2
    17 -0.30111519D+05    2.4843652    0.0000825  EM    0.87    46.0
    18 -0.30109230D+05    2.2890917    0.0000760  EM    0.66    46.7
    19 -0.30107118D+05    2.1119678    0.0000701  EM    0.64    47.3
    20 -0.30105168D+05    1.9503534    0.0000648  EM    0.65    48.0
    21 -0.30103365D+05    1.8024026    0.0000599  EM    0.82    48.8
    22 -0.30101698D+05    1.6667219    0.0000554  EM    0.61    49.4
    23 -0.30100156D+05    1.5421969    0.0000512  EM    0.62    50.0
    24 -0.30098728D+05    1.4278691    0.0000474  EM    0.66    50.7
    25 -0.30097405D+05    1.3229173    0.0000440  EM    0.76    51.4
    26 -0.30096179D+05    1.2265597    0.0000408  EM    0.89    52.3
    27 -0.30095041D+05    1.1380954    0.0000378  EM    0.61    53.0
    28 -0.30093984D+05    1.0568627    0.0000351  EM    0.73    53.7
    29 -0.30093002D+05    0.9822481    0.0000326  EM    0.80    54.5
    30 -0.30092088D+05    0.9136858    0.0000304  EM    0.71    55.2
    31 -0.30091237D+05    0.8506385    0.0000283  EM    0.69    55.9
    32 -0.30090445D+05    0.7926386    0.0000263  EM    0.68    56.6
    33 -0.30089705D+05    0.7392321    0.0000246  EM    0.68    57.2
    34 -0.30089015D+05    0.6900226    0.0000229  EM    0.89    58.1
    35 -0.30088371D+05    0.6446407    0.0000214  EM    0.82    59.0
    36 -0.30087768D+05    0.6027487    0.0000200  EM  105.34   164.3

  IT APPEARS THAT ACCELERATING ITERATIONS LABELED AS FS AND QN IN THE
  ITERATIONS SHOWN ON THE SCREEN ARE TAKING A LONG TIME.  USING THE
  OPTION ALGORITHM=EM IN THE ANALYSIS COMMAND MAY IMPROVE THE SPEED OF
  THE COMPUTATION.

    37 -0.30087204D+05    0.5640453    0.0000187  EM    0.84   165.1
    38 -0.30086676D+05    0.5282526    0.0000176  EM    0.81   165.9
    39 -0.30086181D+05    0.4951232    0.0000165  EM    0.75   166.7
    40 -0.30085716D+05    0.4644263    0.0000154  EM    0.73   167.4
    41 -0.30085280D+05    0.4359583    0.0000145  EM    0.62   168.0
    42 -0.30084871D+05    0.4095328    0.0000136  EM    0.71   168.8
    43 -0.30084486D+05    0.3849775    0.0000128  EM    0.66   169.4
    44 -0.30084124D+05    0.3621444    0.0000120  EM    0.73   170.1
    45 -0.30083783D+05    0.3408889    0.0000113  EM    0.65   170.8
    46 -0.30083462D+05    0.3210838    0.0000107  EM    0.64   171.4
    47 -0.30083159D+05    0.3026150    0.0000101  EM    0.71   172.2
    48 -0.30082874D+05    0.2853795    0.0000095  EM    0.59   172.7
    49 -0.30082604D+05    0.2692777    0.0000090  EM    0.59   173.3
    50 -0.30082350D+05    0.2542246    0.0000085  EM    0.65   174.0
    51 -0.30082110D+05    0.2401400    0.0000080  EM    0.91   174.9
    52 -0.30081883D+05    0.2269511    0.0000075  EM    0.89   175.8
    53 -0.30081668D+05    0.2145908    0.0000071  EM    0.70   176.5
    54 -0.30081465D+05    0.2029987    0.0000067  EM    0.60   177.1
    55 -0.30081273D+05    0.1921191    0.0000064  EM    0.68   177.8
    56 -0.30081091D+05    0.1819010    0.0000060  EM    0.63   178.4
    57 -0.30080919D+05    0.1722974    0.0000057  EM    0.71   179.1
    58 -0.30080756D+05    0.1632653    0.0000054  EM    0.64   179.8
    59 -0.30080601D+05    0.1547649    0.0000051  EM    0.63   180.4
    60 -0.30080454D+05    0.1467601    0.0000049  EM    0.73   181.1
    61 -0.30078981D+05    1.4731430    0.0000490  QN    2.41   183.5
    62 -0.30078486D+05    0.4951435    0.0000165  EM    0.87   184.4
    63 -0.30078366D+05    0.1203853    0.0000040  EM    0.69   185.1
    64 -0.30078272D+05    0.0934492    0.0000031  EM    0.62   185.7
    65 -0.30078196D+05    0.0760990    0.0000025  EM    0.68   186.4
    66 -0.30078133D+05    0.0635654    0.0000021  EM    0.77   187.2
    67 -0.30078079D+05    0.0540366    0.0000018  EM    0.79   188.0
    68 -0.30078032D+05    0.0465664    0.0000015  EM    0.68   188.6
    69 -0.30077991D+05    0.0405965    0.0000013  EM    0.69   189.3
    70 -0.30077956D+05    0.0357643    0.0000012  EM    0.62   189.9
    71 -0.30077924D+05    0.0318136    0.0000011  EM    0.66   190.6
    72 -0.30077895D+05    0.0285584    0.0000009  EM    0.68   191.3
    73 -0.30077869D+05    0.0258550    0.0000009  EM    1.26   192.5
    74 -0.30077846D+05    0.0235948    0.0000008  EM    4.16   196.7
    75 -0.30076986D+05    0.8596820    0.0000286  QN    4.16   200.9
    76 -0.30076078D+05    0.9077510    0.0000302  EM    3.53   204.4
    77 -0.30075970D+05    0.1081124    0.0000036  EM    1.26   205.7
    78 -0.30075915D+05    0.0548112    0.0000018  EM    0.87   206.5
    79 -0.30075877D+05    0.0379375    0.0000013  EM    0.72   207.2
    80 -0.30075846D+05    0.0311723    0.0000010  EM    0.71   208.0
    81 -0.30075819D+05    0.0275786    0.0000009  EM    0.73   208.7
    82 -0.30075794D+05    0.0251714    0.0000008  EM    0.77   209.5
    83 -0.30075770D+05    0.0233177    0.0000008  EM    0.69   210.1
    84 -0.30075748D+05    0.0217801    0.0000007  EM    0.61   210.8
    85 -0.30075728D+05    0.0204517    0.0000007  EM    0.68   211.4
    86 -0.30075709D+05    0.0192783    0.0000006  EM    0.79   212.2
    87 -0.30075691D+05    0.0182273    0.0000006  EM    0.70   212.9
    88 -0.30075673D+05    0.0172776    0.0000006  EM    0.61   213.5
    89 -0.30074584D+05    1.0893665    0.0000362  QN    5.54   219.1
    90 -0.30074127D+05    0.4569847    0.0000152  EM   90.53   309.6
    91 -0.30074088D+05    0.0387522    0.0000013  EM    0.82   310.4
    92 -0.30074058D+05    0.0300542    0.0000010  EM    1.04   311.5
    93 -0.30074028D+05    0.0296421    0.0000010  EM    5.81   317.3
    94 -0.30073997D+05    0.0314838    0.0000010  EM    2.53   319.8
    95 -0.30073962D+05    0.0348742    0.0000012  EM    1.14   320.9
    96 -0.30073922D+05    0.0397972    0.0000013  EM    0.70   321.6
    97 -0.30073876D+05    0.0465339    0.0000015  EM    0.73   322.4
    98 -0.30073820D+05    0.0556370    0.0000019  EM    1.22   323.6
    99 -0.30073752D+05    0.0680269    0.0000023  EM    4.64   328.2
   100 -0.30073667D+05    0.0851999    0.0000028  EM    1.15   329.4
   101 -0.30073557D+05    0.1096348    0.0000036  EM    0.79   330.2
   102 -0.30073412D+05    0.1456195    0.0000048  EM    1.82   332.0
   103 -0.29635212D+05  438.2000749    0.0145710  QN   24.20   356.2
   104 -0.29374150D+05  261.0618402    0.0088092  EM    9.63   365.8
   105 -0.29410212D+05  -36.0623082   -0.0012277  EM   15.43   381.2
   106 -0.30073462D+05 -663.2499251   -0.0225517  EM    1.01   382.3
   107 -0.30064359D+05    9.1028462    0.0003027  EM    5.68   387.9
   108 -0.30045418D+05   18.9410186    0.0006300  EM    1.70   389.6
   109 -0.29953507D+05   91.9108901    0.0030591  EM    2.91   392.6
   110 -0.29371589D+05  581.9185089    0.0194274  EM    9.22   401.8
   111 -0.29293492D+05   78.0963378    0.0026589  EM   13.12   414.9
   112 -0.29325503D+05  -32.0111256   -0.0010928  EM    0.61   415.5
   113 -0.30073201D+05 -747.6979366   -0.0254965  EM    1.06   416.6
   114 -0.30064869D+05    8.3323205    0.0002771  EM    6.60   423.2
   115 -0.30047537D+05   17.3316096    0.0005765  EM    3.70   426.9
   116 -0.29964545D+05   82.9920800    0.0027620  EM   10.68   437.5
   117 -0.29518113D+05  446.4321268    0.0148987  EM   13.88   451.4
   118 -0.29261857D+05  256.2560728    0.0086813  EM   10.15   461.6
   119 -0.29291557D+05  -29.7002975   -0.0010150  EM    1.07   462.6
   120 -0.30069904D+05 -778.3465715   -0.0265724  EM    1.54   464.2
   121 -0.30063586D+05    6.3177718    0.0002101  EM    6.93   471.1
   122 -0.29658367D+05  405.2190912    0.0134787  QN   11.19   482.3
   123 -0.29321431D+05  336.9360127    0.0113606  EM   30.10   512.4
   124 -0.29396245D+05  -74.8141441   -0.0025515  EM    0.69   513.1
   125 -0.30085019D+05 -688.7737998   -0.0234307  EM    1.06   514.1
   126 -0.30068883D+05   16.1357469    0.0005363  EM    7.26   521.4
   127 -0.30060205D+05    8.6781125    0.0002886  EM    6.00   527.4
   128 -0.30029161D+05   31.0447022    0.0010328  EM    5.77   533.2
   129 -0.29865084D+05  164.0770648    0.0054639  EM    3.60   536.8
   130 -0.29243886D+05  621.1978836    0.0208001  EM   20.98   557.8
   131 -0.29304480D+05  -60.5947123   -0.0020720  EM    0.71   558.5
   132 -0.30073597D+05 -769.1161703   -0.0262457  EM    1.04   559.5
   133 -0.30094180D+05  -20.5834617   -0.0006844  EM    7.12   566.6
   134 -0.30087145D+05    7.0354565    0.0002338  EM    2.49   569.1
   135 -0.30086161D+05    0.9838579    0.0000327  EM    1.25   570.4
   136 -0.30085864D+05    0.2971429    0.0000099  EM    0.84   571.2
   137 -0.30085737D+05    0.1264997    0.0000042  EM    1.01   572.2
   138 -0.30085683D+05    0.0539139    0.0000018  EM    1.31   573.5
   139 -0.30085674D+05    0.0093126    0.0000003  EM    6.46   580.0
   140 -0.30085696D+05   -0.0220322   -0.0000007  EM    6.05   586.1
     Parameters          68        83        67       182       187
     Derivatives  -0.89D+00 -0.76D+00 -0.53D+00 -0.50D+00  0.46D+00
   141 -0.30085741D+05   -0.0449408   -0.0000015  EM    2.50   588.5
     Parameters          68       182        83        67       187
     Derivatives  -0.88D+00 -0.78D+00 -0.76D+00 -0.53D+00  0.53D+00
   142 -0.30085803D+05   -0.0620526   -0.0000021  EM    4.93   593.5
     Parameters         182        68        83       187        67
     Derivatives  -0.99D+00 -0.87D+00 -0.75D+00  0.57D+00 -0.53D+00
   143 -0.30085878D+05   -0.0751194   -0.0000025  EM    1.91   595.4
     Parameters         182        68        83       187        67
     Derivatives  -0.12D+01 -0.87D+00 -0.75D+00  0.61D+00 -0.53D+00
   144 -0.30085963D+05   -0.0854118   -0.0000028  EM    1.24   596.6
     Parameters         182        68        83       187        67
     Derivatives  -0.13D+01 -0.87D+00 -0.74D+00  0.64D+00 -0.53D+00
   145 -0.30080254D+05    5.7097650    0.0001898  QN   72.58   669.2

  IT APPEARS THAT ACCELERATING ITERATIONS LABELED AS FS AND QN IN THE
  ITERATIONS SHOWN ON THE SCREEN ARE TAKING A LONG TIME.  USING THE
  OPTION ALGORITHM=EM IN THE ANALYSIS COMMAND MAY IMPROVE THE SPEED OF
  THE COMPUTATION.

   146 -0.30078411D+05    1.8421541    0.0000612  EM    7.22   676.4
   147 -0.30078217D+05    0.1940825    0.0000065  EM    1.52   677.9
   148 -0.30078153D+05    0.0641067    0.0000021  EM    1.11   679.1
   149 -0.30078112D+05    0.0409428    0.0000014  EM    1.06   680.1
   150 -0.30078079D+05    0.0327995    0.0000011  EM    1.02   681.1
   151 -0.30078051D+05    0.0281768    0.0000009  EM    0.96   682.1
   152 -0.30078026D+05    0.0249307    0.0000008  EM    0.78   682.9
   153 -0.30078004D+05    0.0224366    0.0000007  EM    0.79   683.7
   154 -0.30077984D+05    0.0204257    0.0000007  EM    0.79   684.5
   155 -0.30077965D+05    0.0187496    0.0000006  EM    0.74   685.2
   156 -0.30077947D+05    0.0173199    0.0000006  EM    1.27   686.5
   157 -0.30077931D+05    0.0160748    0.0000005  EM    0.75   687.2
   158 -0.30077916D+05    0.0149787    0.0000005  EM    0.71   687.9
   159 -0.30077902D+05    0.0139980    0.0000005  EM    0.73   688.7
   160 -0.30077889D+05    0.0131126    0.0000004  EM    0.77   689.4
   161 -0.30077877D+05    0.0123073    0.0000004  EM    1.19   690.6
   162 -0.30077865D+05    0.0115652    0.0000004  EM    4.32   694.9
   163 -0.30077855D+05    0.0108839    0.0000004  EM    1.89   696.8
   164 -0.30077844D+05    0.0102448    0.0000003  EM    0.86   697.7
   165 -0.30077835D+05    0.0096578    0.0000003  EM   71.80   769.5

  IT APPEARS THAT ACCELERATING ITERATIONS LABELED AS FS AND QN IN THE
  ITERATIONS SHOWN ON THE SCREEN ARE TAKING A LONG TIME.  USING THE
  OPTION ALGORITHM=EM IN THE ANALYSIS COMMAND MAY IMPROVE THE SPEED OF
  THE COMPUTATION.

   166 -0.30077826D+05    0.0090987    0.0000003  EM    1.01   770.5
   167 -0.30077817D+05    0.0085772    0.0000003  EM    0.71   771.2
   168 -0.30077809D+05    0.0080821    0.0000003  EM    0.79   772.0
   169 -0.30077801D+05    0.0076142    0.0000003  EM    0.63   772.6
   170 -0.30077794D+05    0.0071698    0.0000002  EM    0.79   773.4
   171 -0.30077787D+05    0.0067446    0.0000002  EM    0.71   774.1
   172 -0.30077781D+05    0.0063423    0.0000002  EM    0.61   774.7
   173 -0.30077775D+05    0.0059542    0.0000002  EM    0.84   775.6
   174 -0.30077769D+05    0.0055835    0.0000002  EM    0.81   776.4
   175 -0.30077764D+05    0.0052280    0.0000002  EM    0.58   777.0
   176 -0.30077759D+05    0.0048871    0.0000002  EM    0.71   777.7
   177 -0.30077755D+05    0.0045599    0.0000002  EM    0.58   778.2
   178 -0.30077751D+05    0.0042440    0.0000001  EM    0.68   778.9
   179 -0.30077747D+05    0.0039396    0.0000001  EM    0.97   779.9
   180 -0.30077743D+05    0.0036462    0.0000001  EM    3.73   783.6
   181 -0.30077740D+05    0.0033628    0.0000001  EM    1.20   784.8
   182 -0.30077736D+05    0.0030920    0.0000001  EM    0.86   785.7
   183 -0.30077734D+05    0.0028290    0.0000001  EM    0.72   786.4
   184 -0.30077731D+05    0.0025749    0.0000001  EM    0.69   787.1
   185 -0.30077729D+05    0.0023270    0.0000001  EM    0.90   788.0
   186 -0.30077727D+05    0.0020913    0.0000001  EM    0.80   788.8
   187 -0.30077725D+05    0.0018610    0.0000001  EM    0.58   789.4
   188 -0.30077723D+05    0.0016403    0.0000001  EM    0.64   790.0
   189 -0.30077722D+05    0.0014262    0.0000000  EM    0.77   790.8
   190 -0.30077721D+05    0.0012200    0.0000000  EM    0.96   791.7
   191 -0.30077720D+05    0.0010206    0.0000000  EM    0.73   792.5
   192 -0.30077719D+05    0.0008275    0.0000000  EM    0.62   793.1
     Parameters         187       190       181        83        68
     Derivatives   0.31D-01  0.15D-01 -0.11D-01  0.85D-02 -0.72D-02
   193 -0.30077718D+05    0.0006413    0.0000000  EM    1.23   794.3
     Parameters         187       190       181        83        68
     Derivatives   0.30D-01  0.15D-01 -0.11D-01  0.84D-02 -0.71D-02
   194 -0.30077718D+05    0.0004628    0.0000000  EM    1.01   795.3
     Parameters         187       190       181        83        68
     Derivatives   0.30D-01  0.15D-01 -0.11D-01  0.84D-02 -0.71D-02
   195 -0.30077717D+05    0.0002897    0.0000000  EM    0.77   796.1
     Parameters         187       190       181        83        68
     Derivatives   0.30D-01  0.14D-01 -0.11D-01  0.83D-02 -0.70D-02
   196 -0.30077717D+05    0.0001232    0.0000000  EM    0.74   796.8
     Parameters         187       190       181        83        68
     Derivatives   0.29D-01  0.14D-01 -0.11D-01  0.83D-02 -0.69D-02
   197 -0.30077717D+05   -0.0000378    0.0000000  EM    0.82   797.7
     Parameters         187       190       181        83        68
     Derivatives   0.29D-01  0.14D-01 -0.10D-01  0.82D-02 -0.68D-02
   198 -0.30077717D+05   -0.0001923    0.0000000  EM    0.68   798.3
     Parameters         187       190       181        83        68
     Derivatives   0.29D-01  0.14D-01 -0.10D-01  0.82D-02 -0.67D-02
   199 -0.30077718D+05   -0.0003413    0.0000000  EM    0.99   799.3
     Parameters         187       190       181        83        68
     Derivatives   0.28D-01  0.13D-01 -0.10D-01  0.81D-02 -0.66D-02
   200 -0.30077718D+05   -0.0004838    0.0000000  EM    3.89   803.2
     Parameters         187       190       181        83        68
     Derivatives   0.28D-01  0.13D-01 -0.99D-02  0.81D-02 -0.65D-02
   201 -0.30077719D+05   -0.0006227    0.0000000  EM    1.24   804.5
     Parameters         187       190       181        83        68
     Derivatives   0.28D-01  0.13D-01 -0.98D-02  0.80D-02 -0.64D-02
   202 -0.30077720D+05   -0.0007543    0.0000000  EM    0.93   805.4
     Parameters         187       190       181        83        68
     Derivatives   0.27D-01  0.13D-01 -0.96D-02  0.80D-02 -0.63D-02
   203 -0.30077720D+05   -0.0008807    0.0000000  EM    0.74   806.1
     Parameters         187       190       181        83       182
     Derivatives   0.27D-01  0.12D-01 -0.95D-02  0.79D-02 -0.63D-02
   204 -0.30077721D+05   -0.0010034    0.0000000  EM    0.88   807.0
     Parameters         187       190       181        83       182
     Derivatives   0.27D-01  0.12D-01 -0.93D-02  0.79D-02 -0.63D-02
   205 -0.30077723D+05   -0.0011206    0.0000000  EM    0.77   807.8
     Parameters         187       190       181        83       182
     Derivatives   0.27D-01  0.12D-01 -0.92D-02  0.78D-02 -0.63D-02
   206 -0.30077724D+05   -0.0012326    0.0000000  EM    0.66   808.4
     Parameters         187       190       181        83       182
     Derivatives   0.26D-01  0.12D-01 -0.90D-02  0.78D-02 -0.63D-02
   207 -0.30077725D+05   -0.0013398    0.0000000  EM    0.69   809.1
     Parameters         187       190       181        83       182
     Derivatives   0.26D-01  0.11D-01 -0.89D-02  0.77D-02 -0.63D-02
   208 -0.30077727D+05   -0.0014420    0.0000000  EM    0.67   809.8
     Parameters         187       190       181        83       182
     Derivatives   0.26D-01  0.11D-01 -0.88D-02  0.77D-02 -0.64D-02
   209 -0.30077728D+05   -0.0015415   -0.0000001  EM    0.74   810.5
     Parameters         187       190       181        83       182
     Derivatives   0.25D-01  0.11D-01 -0.86D-02  0.77D-02 -0.64D-02
   210 -0.30077730D+05   -0.0016343   -0.0000001  EM    0.77   811.3
     Parameters         187       190       181        83       182
     Derivatives   0.25D-01  0.11D-01 -0.85D-02  0.76D-02 -0.64D-02
   211 -0.30077732D+05   -0.0017237   -0.0000001  EM    0.85   812.1
     Parameters         187       190       181        83       182
     Derivatives   0.25D-01  0.11D-01 -0.84D-02  0.76D-02 -0.64D-02
   212 -0.30077733D+05   -0.0018075   -0.0000001  EM    0.80   812.9
     Parameters         187       190       181        83       182
     Derivatives   0.25D-01  0.10D-01 -0.82D-02  0.75D-02 -0.64D-02
   213 -0.30077735D+05   -0.0018905   -0.0000001  EM    0.73   813.7
     Parameters         187       190       181        83       182
     Derivatives   0.24D-01  0.10D-01 -0.81D-02  0.75D-02 -0.64D-02
   214 -0.30077737D+05   -0.0019675   -0.0000001  EM    0.74   814.4
     Parameters         187       190       181        83       182
     Derivatives   0.24D-01  0.10D-01 -0.80D-02  0.74D-02 -0.64D-02
   215 -0.30077739D+05   -0.0020404   -0.0000001  EM    1.28   815.7
     Parameters         187       190       181        83       182
     Derivatives   0.24D-01  0.99D-02 -0.78D-02  0.74D-02 -0.65D-02
   216 -0.30077741D+05   -0.0021093   -0.0000001  EM   76.64   892.3

  IT APPEARS THAT ACCELERATING ITERATIONS LABELED AS FS AND QN IN THE
  ITERATIONS SHOWN ON THE SCREEN ARE TAKING A LONG TIME.  USING THE
  OPTION ALGORITHM=EM IN THE ANALYSIS COMMAND MAY IMPROVE THE SPEED OF
  THE COMPUTATION.

     Parameters         187       190       181        83       182
     Derivatives   0.24D-01  0.97D-02 -0.77D-02  0.74D-02 -0.65D-02
   217 -0.30077744D+05   -0.0021766   -0.0000001  EM    1.04   893.4
     Parameters         187       190       181        83       182
     Derivatives   0.23D-01  0.95D-02 -0.76D-02  0.73D-02 -0.65D-02
   218 -0.30077746D+05   -0.0022396   -0.0000001  EM    0.79   894.2
     Parameters         187       190       181        83       182
     Derivatives   0.23D-01  0.93D-02 -0.75D-02  0.73D-02 -0.65D-02
   219 -0.30077748D+05   -0.0022978   -0.0000001  EM    1.01   895.2
     Parameters         187       190       181        83       182
     Derivatives   0.23D-01  0.91D-02 -0.74D-02  0.73D-02 -0.65D-02
   220 -0.30077750D+05   -0.0023525   -0.0000001  EM    1.00   896.2
     Parameters         187       190       181        83       182
     Derivatives   0.23D-01  0.90D-02 -0.72D-02  0.72D-02 -0.65D-02
   221 -0.30077753D+05   -0.0024080   -0.0000001  EM    0.76   896.9
     Parameters         187       190        83       181       182
     Derivatives   0.22D-01  0.88D-02  0.72D-02 -0.71D-02 -0.65D-02
   222 -0.30077755D+05   -0.0024549   -0.0000001  EM    0.96   897.9
     Parameters         187       190        83       181       182
     Derivatives   0.22D-01  0.86D-02  0.71D-02 -0.70D-02 -0.65D-02
   223 -0.30077758D+05   -0.0025023   -0.0000001  EM    3.28   901.2
     Parameters         187       190        83       181       182
     Derivatives   0.22D-01  0.84D-02  0.71D-02 -0.69D-02 -0.66D-02
     Beginning Time:  09:31:36
        Ending Time:  09:48:01
       Elapsed Time:  00:16:25

     Output saved in 'model.out'.
