
     Mplus VERSION 9
     MUTHEN & MUTHEN

     Running input file 'model.inp'...

     Dimensions of integration:                  1
     Total number of integration points:         15


  ITER  LOGLIKELIHOOD    ABS CHANGE   REL CHANGE  ALGO  TIME  TOTAL TIME
     1 -0.28534222D+05    0.0000000    0.0000000  EM    0.09     0.1
     2 -0.27793047D+05  741.1746202    0.0259749  EM   14.15    14.2
     3 -0.27781822D+05   11.2245992    0.0004039  EM    6.43    20.7
     4 -0.27775283D+05    6.5392008    0.0002354  EM    0.77    21.4
     5 -0.27769251D+05    6.0325738    0.0002172  EM    0.61    22.1
     6 -0.27763501D+05    5.7497831    0.0002071  EM    0.52    22.6
     7 -0.27758006D+05    5.4949906    0.0001979  EM    0.52    23.1
     8 -0.27752756D+05    5.2501870    0.0001891  EM    0.32    23.4
     9 -0.27747743D+05    5.0124957    0.0001806  EM    0.43    23.9
    10 -0.27742962D+05    4.7814936    0.0001723  EM    0.41    24.3
    11 -0.27738404D+05    4.5572893    0.0001643  EM    0.45    24.7
    12 -0.27734064D+05    4.3401122    0.0001565  EM    0.31    25.0
    13 -0.27729934D+05    4.1301541    0.0001489  EM    0.27    25.3
    14 -0.27726007D+05    3.9275455    0.0001416  EM    0.94    26.2
    15 -0.27722274D+05    3.7324138    0.0001346  EM    4.32    30.6
    16 -0.27718729D+05    3.5447590    0.0001279  EM    1.20    31.8
    17 -0.27715365D+05    3.3645953    0.0001214  EM    0.73    32.5
    18 -0.27712173D+05    3.1918585    0.0001152  EM    0.43    32.9
    19 -0.27709147D+05    3.0264648    0.0001092  EM    0.59    33.5
    20 -0.27706278D+05    2.8683009    0.0001035  EM    0.40    33.9
    21 -0.27703561D+05    2.7172199    0.0000981  EM    0.37    34.3
    22 -0.27700988D+05    2.5730498    0.0000929  EM    0.48    34.8
    23 -0.27698552D+05    2.4356144    0.0000879  EM    0.65    35.4
    24 -0.27696248D+05    2.3046978    0.0000832  EM    0.59    36.0
    25 -0.27694068D+05    2.1801036    0.0000787  EM    0.34    36.4
    26 -0.27692006D+05    2.0616091    0.0000744  EM    0.29    36.6
    27 -0.27690057D+05    1.9489809    0.0000704  EM    0.30    36.9
    28 -0.27688215D+05    1.8420058    0.0000665  EM    0.24    37.2
    29 -0.27686475D+05    1.7404511    0.0000629  EM    0.25    37.4
    30 -0.27684830D+05    1.6440897    0.0000594  EM    0.19    37.6
    31 -0.27683278D+05    1.5526992    0.0000561  EM    0.27    37.9
    32 -0.27681812D+05    1.4660591    0.0000530  EM    0.31    38.2
    33 -0.27680428D+05    1.3839523    0.0000500  EM    0.75    38.9
    34 -0.27679122D+05    1.3061713    0.0000472  EM    0.19    39.1
    35 -0.27677889D+05    1.2325119    0.0000445  EM   18.12    57.2
    36 -0.27676726D+05    1.1627765    0.0000420  EM    0.18    57.4
    37 -0.27675629D+05    1.0967764    0.0000396  EM    0.20    57.6
    38 -0.27674595D+05    1.0343254    0.0000374  EM    0.36    58.0
    39 -0.27673620D+05    0.9752497    0.0000352  EM    0.21    58.2
    40 -0.27672701D+05    0.9193811    0.0000332  EM    0.31    58.5
    41 -0.27671834D+05    0.8665562    0.0000313  EM    0.29    58.8
    42 -0.27671017D+05    0.8166223    0.0000295  EM    0.23    59.0
    43 -0.27670248D+05    0.7694304    0.0000278  EM    0.17    59.2
    44 -0.27669523D+05    0.7248405    0.0000262  EM    0.18    59.4
    45 -0.27668840D+05    0.6827167    0.0000247  EM    0.17    59.6
    46 -0.27668197D+05    0.6429344    0.0000232  EM    0.18    59.7
    47 -0.27667592D+05    0.6053691    0.0000219  EM    0.18    59.9
    48 -0.27667022D+05    0.5699059    0.0000206  EM    0.20    60.1
    49 -0.27666486D+05    0.5364340    0.0000194  EM    0.17    60.3
    50 -0.27665981D+05    0.5048489    0.0000182  EM    0.21    60.5
    51 -0.27665506D+05    0.4750505    0.0000172  EM    0.20    60.7
    52 -0.27665059D+05    0.4469445    0.0000162  EM    0.19    60.9
    53 -0.27664638D+05    0.4204404    0.0000152  EM    0.28    61.2
    54 -0.27664243D+05    0.3954522    0.0000143  EM    0.20    61.4
    55 -0.27663871D+05    0.3718992    0.0000134  EM    0.19    61.6
    56 -0.27659918D+05    3.9531976    0.0001429  QN    0.41    62.0
    57 -0.27658920D+05    0.9976033    0.0000361  EM    0.32    62.3
    58 -0.27658827D+05    0.0937621    0.0000034  EM    0.24    62.5
    59 -0.27658770D+05    0.0565583    0.0000020  EM    0.20    62.7
    60 -0.27658723D+05    0.0465986    0.0000017  EM    0.26    63.0
    61 -0.27658681D+05    0.0422662    0.0000015  EM    0.19    63.2
    62 -0.27658642D+05    0.0392982    0.0000014  EM    0.19    63.4
    63 -0.27658605D+05    0.0367646    0.0000013  EM    0.15    63.5
    64 -0.27658571D+05    0.0344507    0.0000012  EM    0.20    63.7
    65 -0.27658538D+05    0.0323008    0.0000012  EM    0.19    63.9
    66 -0.27658508D+05    0.0302941    0.0000011  EM    0.29    64.2
    67 -0.27658480D+05    0.0284186    0.0000010  EM    0.21    64.4
    68 -0.27658453D+05    0.0266654    0.0000010  EM    0.16    64.5
    69 -0.27658428D+05    0.0250258    0.0000009  EM    0.20    64.7
    70 -0.27658203D+05    0.2250523    0.0000081  QN    0.62    65.4
    71 -0.27658121D+05    0.0819953    0.0000030  EM    0.23    65.6
    72 -0.27658109D+05    0.0119695    0.0000004  EM    0.19    65.8
    73 -0.27658102D+05    0.0072378    0.0000003  EM    0.18    66.0
    74 -0.27658096D+05    0.0057728    0.0000002  EM    0.38    66.3
    75 -0.27658091D+05    0.0051138    0.0000002  EM    0.18    66.5
    76 -0.27658086D+05    0.0046811    0.0000002  EM    0.14    66.7
    77 -0.27658082D+05    0.0043274    0.0000002  EM    0.18    66.8
    78 -0.27658078D+05    0.0040138    0.0000001  EM    0.16    67.0
    79 -0.27658074D+05    0.0037280    0.0000001  EM    0.21    67.2
    80 -0.27658071D+05    0.0034657    0.0000001  EM    0.30    67.5
    81 -0.27658067D+05    0.0032242    0.0000001  EM    0.17    67.7
    82 -0.27658064D+05    0.0030016    0.0000001  EM    0.15    67.8
    83 -0.27658061D+05    0.0027961    0.0000001  EM    0.16    68.0
    84 -0.27658059D+05    0.0026063    0.0000001  EM    0.15    68.1
    85 -0.27658028D+05    0.0306698    0.0000011  QN    0.80    68.9
    86 -0.27658022D+05    0.0062894    0.0000002  EM    0.29    69.2
    87 -0.27658021D+05    0.0010902    0.0000000  EM    0.38    69.6
    88 -0.27658020D+05    0.0004438    0.0000000  EM    0.20    69.8
     Parameters          27        44        26        32        52
     Derivatives  -0.28D-02 -0.17D-02 -0.12D-02 -0.11D-02  0.55D-03
     Beginning Time:  20:51:57
        Ending Time:  20:53:34
       Elapsed Time:  00:01:37

     Output saved in 'model.out'.
