
     Mplus VERSION 9
     MUTHEN & MUTHEN

     Running input file 'model.inp'...

     Dimensions of integration:                  1
     Total number of integration points:         15


  ITER  LOGLIKELIHOOD    ABS CHANGE   REL CHANGE  ALGO  TIME  TOTAL TIME
     1 -0.17725586D+05    0.0000000    0.0000000  EM    0.04     0.0
     2 -0.17712121D+05   13.4647653    0.0007596  EM    0.02     0.1
     3 -0.17709980D+05    2.1413434    0.0001209  EM    0.02     0.1
     4 -0.17709607D+05    0.3727195    0.0000210  EM    0.02     0.1
     5 -0.17709512D+05    0.0948934    0.0000054  EM    0.02     0.1
     6 -0.17709469D+05    0.0434532    0.0000025  EM    0.02     0.1
     7 -0.17709439D+05    0.0292986    0.0000017  EM    0.02     0.2
     8 -0.17709416D+05    0.0228642    0.0000013  EM    0.01     0.2
     9 -0.17709397D+05    0.0188494    0.0000011  EM    0.02     0.2
    10 -0.17709381D+05    0.0159895    0.0000009  EM    0.02     0.2
    11 -0.17709368D+05    0.0138296    0.0000008  EM    0.02     0.2
    12 -0.17709356D+05    0.0121414    0.0000007  EM    0.02     0.2
    13 -0.17709345D+05    0.0107833    0.0000006  EM    0.01     0.2
    14 -0.17709335D+05    0.0096655    0.0000005  EM    0.03     0.3
    15 -0.17709326D+05    0.0087255    0.0000005  EM    0.11     0.4
    16 -0.17709318D+05    0.0079209    0.0000004  EM    0.19     0.6
    17 -0.17709311D+05    0.0072233    0.0000004  EM    0.04     0.6
    18 -0.17709305D+05    0.0066098    0.0000004  EM    0.02     0.6
    19 -0.17709299D+05    0.0060646    0.0000003  EM    0.02     0.6
    20 -0.17709293D+05    0.0055764    0.0000003  EM    0.06     0.7
    21 -0.17709288D+05    0.0051362    0.0000003  EM    0.06     0.8
    22 -0.17709283D+05    0.0047375    0.0000003  EM    0.02     0.8
    23 -0.17709279D+05    0.0043745    0.0000002  EM    0.02     0.8
    24 -0.17709275D+05    0.0040432    0.0000002  EM    0.02     0.8
    25 -0.17709271D+05    0.0037398    0.0000002  EM    0.02     0.8
    26 -0.17709267D+05    0.0034616    0.0000002  EM    0.02     0.9
    27 -0.17709264D+05    0.0032059    0.0000002  EM    0.02     0.9
    28 -0.17709261D+05    0.0029705    0.0000002  EM    0.01     0.9
    29 -0.17709259D+05    0.0027536    0.0000002  EM    0.02     0.9
    30 -0.17709256D+05    0.0025535    0.0000001  EM    0.02     0.9
    31 -0.17709254D+05    0.0023688    0.0000001  EM    0.01     0.9
    32 -0.17709251D+05    0.0021982    0.0000001  EM    0.02     0.9
    33 -0.17709249D+05    0.0020404    0.0000001  EM    0.02     1.0
    34 -0.17709247D+05    0.0018944    0.0000001  EM    0.01     1.0
    35 -0.17709246D+05    0.0017593    0.0000001  EM    0.02     1.0
    36 -0.17709244D+05    0.0016342    0.0000001  EM    0.02     1.0
    37 -0.17709243D+05    0.0015183    0.0000001  EM    0.01     1.0
    38 -0.17709224D+05    0.0185969    0.0000011  FS    0.39     1.4
    39 -0.17709223D+05    0.0013535    0.0000001  FS    0.44     1.8
    40 -0.17709222D+05    0.0002367    0.0000000  FS    0.34     2.2
     Parameters           8        16        14        44        41
     Derivatives  -0.19D-03 -0.15D-03  0.15D-03 -0.14D-03  0.13D-03
     Beginning Time:  20:35:21
        Ending Time:  20:35:25
       Elapsed Time:  00:00:04

     Output saved in 'model.out'.
