Mplus VERSION 9
MUTHEN & MUTHEN
11/15/2025   3:36 PM

INPUT INSTRUCTIONS

  TITLE:
  Class-1_pp_LGCA
  DATA:
  FILE = "lgca_process4r_linear.dat";

  VARIABLE:
  NAMES = pid fid wfd_m10 wfd_s10 wfd_c10 wfd_d10 wfd_d110 wfd_d210 wfd_d310 wfd_d410
       wfd_d510 wfd_d610 wfd_d710 wfd_d810 wfd_d910 wfd_m12 wfd_s12 wfd_c12 wfd_d12
       wfd_d112 wfd_d212 wfd_d312 wfd_d412 wfd_d512 wfd_d612 wfd_d712 wfd_d812
       wfd_d912 wfd_m16 wfd_s16 wfd_c16 wfd_d16 wfd_d116 wfd_d216 wfd_d316 wfd_d416
       wfd_d516 wfd_d616 wfd_d716 wfd_d816 wfd_d916 wfd_m18 wfd_s18 wfd_c18 wfd_d18
       wfd_d118 wfd_d218 wfd_d318 wfd_d418 wfd_d518 wfd_d618 wfd_d718 wfd_d818
       wfd_d918 wfd_m20 wfd_s20 wfd_c20 wfd_d20 wfd_d120 wfd_d220 wfd_d320 wfd_d420
       wfd_d520 wfd_d620 wfd_d720 wfd_d820 wfd_d920 wfd_m22 wfd_s22 wfd_c22 wfd_d22
       wfd_d122 wfd_d222 wfd_d322 wfd_d422 wfd_d522 wfd_d622 wfd_d722 wfd_d822
       wfd_d922 sat10 sat12 sat14 sat16 sat18 sat20 sat22 ces812 ces816 ces818 ces820
       ces822 ces8sc12 ces8sc16 ces8sc18 ces8sc20 ces8sc22 wfdms10 wfdms12 wfdms16
       wfdms18 wfdms20 wfdms22 wfdss10 wfdss12 wfdss16 wfdss18 wfdss20 wfdss22 wfdcs10
       wfdcs12 wfdcs16 wfdcs18 wfdcs20 wfdcs22 wfdds10 wfdds12 wfdds16 wfdds18 wfdds20
       wfdds22 wfdds110 wfdds112 wfdds116 wfdds118 wfdds120 wfdds122 wfdds210 wfdds212
       wfdds216 wfdds218 wfdds220 wfdds222 wfdds310 wfdds312 wfdds316 wfdds318
       wfdds320 wfdds322 wfdds410 wfdds412 wfdds416 wfdds418 wfdds420 wfdds422
       wfdds510 wfdds512 wfdds516 wfdds518 wfdds520 wfdds522 wfdds610 wfdds612
       wfdds616 wfdds618 wfdds620 wfdds622 wfdds710 wfdds712 wfdds716 wfdds718
       wfdds720 wfdds722 wfdds810 wfdds812 wfdds816 wfdds818 wfdds820 wfdds822
       wfdds910 wfdds912 wfdds916 wfdds918 wfdds920 wfdds922 ces8sd12 ces8sd16
       ces8sd18 ces8sd20 ces8sd22 cohort wave sex12 edu12 urban12 prov12 prov122
       prov123 cdn12 cdar12 cdsc12 cdsc121 cdsc122 minor12 party12 age10 ageg10 pinc10
       pincm110 pincm210 cores10 heal10 heal101 heal103 marr10 eco10 eco102 eco103
       hwc10 hwc102 hwc103 hukou10 pinc210 finc10 age12 ageg12 pinc12 pincm112
       pincm212 cores12 heal12 heal121 heal123 marr12 eco12 eco122 eco123 hwc12 hwc122
       hwc123 hukou12 pinc212 pinc312 pinc412 finc12 age14 ageg14 pinc14 pincm114
       pincm214 cores14 heal14 heal141 heal143 marr14 hukou14 pinc214 finc14 age16
       ageg16 pinc16 pincm116 pincm216 cores16 heal16 heal161 heal163 marr16 eco16
       eco162 eco163 hwc16 hwc162 hwc163 hukou16 pinc216 finc16 age18 ageg18 pinc18
       pincm118 pincm218 cores18 heal18 heal181 heal183 marr18 eco18 eco182 eco183
       hwc18 hwc182 hwc183 hukou18 pinc218 finc18 age20 ageg20 pinc20 pincm120
       pincm220 cores20 heal20 heal201 heal203 marr20 eco20 eco202 eco203 hwc20 hwc202
       hwc203 hukou20 pinc220 finc20 age22 ageg22 pinc22 pincm122 pincm222 cores22
       heal22 heal221 heal223 marr22 eco22 eco222 eco223 hwc22 hwc222 hwc223 hukou22
       pinc222 finc22 consu110 fpinc10 employ10 heala110 heala210 heala310 heala410
       adl10 cog10 consu112 consu212 fpinc12 employ12 heala112 heala212 heala312
       heala412 adl12 consu114 consu214 fpinc14 employ14 heala114 heala214 heala314
       heala414 adl14 cog14 consu116 consu216 fpinc16 employ16 heala116 heala216
       heala316 heala416 adl16 consu118 consu218 fpinc18 employ18 heala118 heala218
       heala318 heala418 adl18 cog18 consu120 consu220 fpinc20 employ20 heala120
       heala220 heala320 heala420 adl20 consu122 consu222 fpinc22 employ22 heala122
       heala222 heala322 heala422 adl22 cog22;
   MISSING=.;
   usevar =
  !wfd_m12 wfd_m16 wfd_m18 wfd_m20 wfd_m22
  !wfd_c12 wfd_c16 wfd_c18 wfd_c20 wfd_c22
  !wfd_d712 wfd_d716 wfd_d718 wfd_d720 wfd_d722
  wfd_d812 wfd_d816 wfd_d818 wfd_d820 wfd_d822
  !ces812 ces816 ces818 ces820 ces822
  ;
  ANALYSIS:
  estimator = mlr;
  !TYPE=COMPLEX;
  !type = mixture;
  !ALGORITHM=INTEGRATION;
  !starts = 600 200;
  !starts = 20;
  !LRTBOOTSTRAP = 200;
  processors = 10;
  coverage = 0.005;
  MODEL:

  !i1 s1 | wfd_m12@0 wfd_m16@4 wfd_m18@6 wfd_m20@8 wfd_m22@10;
  !i2 s2 | wfd_c12@0 wfd_c16@4 wfd_c18@6 wfd_c20@8 wfd_c22@10;
  !i3 s3 | wfd_d712@0 wfd_d716@4 wfd_d718@6 wfd_d720@8 wfd_d722@10;
  i4 s4 | wfd_d812@0 wfd_d816@4 wfd_d818@6 wfd_d820@8 wfd_d822@10;
  !i5 s5 | ces812@0 ces816@4 ces818@6 ces820@8 ces822@10;

  OUTPUT:
  tech1 tech4 sampstat patterns stdyx;



*** WARNING
  Data set contains cases with missing on all variables.
  These cases were not included in the analysis.
  Number of cases with missing on all variables:  8
   1 WARNING(S) FOUND IN THE INPUT INSTRUCTIONS




Class-1_pp_LGCA

SUMMARY OF ANALYSIS

Number of groups                                                 1
Number of observations                                        3266

Number of dependent variables                                    5
Number of independent variables                                  0
Number of continuous latent variables                            2

Observed dependent variables

  Continuous
   WFD_D812    WFD_D816    WFD_D818    WFD_D820    WFD_D822

Continuous latent variables
   I4          S4


Estimator                                                      MLR
Information matrix                                        OBSERVED
Maximum number of iterations                                  1000
Convergence criterion                                    0.500D-04
Maximum number of steepest descent iterations                   20
Maximum number of iterations for H1                           2000
Convergence criterion for H1                             0.100D-03

Input data file(s)
  lgca_process4r_linear.dat

Input data format  FREE


SUMMARY OF DATA

     Number of missing data patterns            25


SUMMARY OF MISSING DATA PATTERNS


     MISSING DATA PATTERNS (x = not missing)

           1  2  3  4  5  6  7  8  9 10 11 12 13 14 15 16 17 18 19 20
 WFD_D812  x  x  x  x  x  x  x  x  x  x  x  x  x  x  x  x
 WFD_D816  x  x  x  x  x  x  x  x                          x  x  x  x
 WFD_D818  x  x  x  x              x  x  x  x              x  x  x  x
 WFD_D820  x  x        x  x        x  x        x  x        x  x
 WFD_D822  x     x     x     x     x     x     x     x     x     x

          21 22 23 24 25
 WFD_D812
 WFD_D816  x  x  x
 WFD_D818           x  x
 WFD_D820  x
 WFD_D822     x     x


     MISSING DATA PATTERN FREQUENCIES

    Pattern   Frequency     Pattern   Frequency     Pattern   Frequency
          1         473          10          26          19           7
          2         365          11          20          20          24
          3         206          12         138          21           1
          4         813          13           6          22           2
          5          44          14          19          23          55
          6          65          15          14          24           1
          7          40          16         159          25           5
          8         744          17           5
          9          27          18           7


COVARIANCE COVERAGE OF DATA

Minimum covariance coverage value   0.005


     PROPORTION OF DATA PRESENT


           Covariance Coverage
              WFD_D812      WFD_D816      WFD_D818      WFD_D820      WFD_D822
              ________      ________      ________      ________      ________
 WFD_D812       0.967
 WFD_D816       0.842         0.873
 WFD_D818       0.633         0.582         0.648
 WFD_D820       0.314         0.294         0.276         0.318
 WFD_D822       0.254         0.238         0.226         0.170         0.259


SAMPLE STATISTICS


     ESTIMATED SAMPLE STATISTICS


           Means
              WFD_D812      WFD_D816      WFD_D818      WFD_D820      WFD_D822
              ________      ________      ________      ________      ________
               -0.008        -0.011        -0.008        -0.004        -0.024


           Covariances
              WFD_D812      WFD_D816      WFD_D818      WFD_D820      WFD_D822
              ________      ________      ________      ________      ________
 WFD_D812       0.021
 WFD_D816       0.005         0.025
 WFD_D818       0.005         0.006         0.030
 WFD_D820       0.004         0.007         0.010         0.037
 WFD_D822       0.005         0.009         0.008         0.015         0.048


           Correlations
              WFD_D812      WFD_D816      WFD_D818      WFD_D820      WFD_D822
              ________      ________      ________      ________      ________
 WFD_D812       1.000
 WFD_D816       0.231         1.000
 WFD_D818       0.206         0.229         1.000
 WFD_D820       0.125         0.235         0.312         1.000
 WFD_D822       0.149         0.256         0.214         0.349         1.000


     MAXIMUM LOG-LIKELIHOOD VALUE FOR THE UNRESTRICTED (H1) MODEL IS 4087.140


UNIVARIATE SAMPLE STATISTICS


     UNIVARIATE HIGHER-ORDER MOMENT DESCRIPTIVE STATISTICS

         Variable/         Mean/     Skewness/   Minimum/ % with                Percentiles
        Sample Size      Variance    Kurtosis    Maximum  Min/Max      20%/60%    40%/80%    Median

     WFD_D812             -0.008      -0.436      -1.333    0.03%       0.000      0.000      0.000
            3159.000       0.021      17.838       1.333    0.03%       0.000      0.000
     WFD_D816             -0.010      -1.276      -1.333    0.11%       0.000      0.000      0.000
            2851.000       0.025      21.574       1.500    0.04%       0.000      0.000
     WFD_D818             -0.007      -0.413      -1.333    0.05%       0.000      0.000      0.000
            2117.000       0.030      11.936       1.200    0.09%       0.000      0.000
     WFD_D820             -0.002       0.248      -1.333    0.10%       0.000      0.000      0.000
            1038.000       0.036      14.356       1.333    0.29%       0.000      0.000
     WFD_D822             -0.024      -1.007      -1.500    0.12%      -0.103      0.000      0.000
             845.000       0.047      15.568       1.714    0.12%       0.000      0.000


THE MODEL ESTIMATION TERMINATED NORMALLY



MODEL FIT INFORMATION

Number of Free Parameters                       10

Loglikelihood

          H0 Value                        4077.436
          H0 Scaling Correction Factor      5.5994
            for MLR
          H1 Value                        4087.140
          H1 Scaling Correction Factor      3.8512
            for MLR

Information Criteria

          Akaike (AIC)                   -8134.871
          Bayesian (BIC)                 -8073.958
          Sample-Size Adjusted BIC       -8105.733
            (n* = (n + 2) / 24)

Chi-Square Test of Model Fit

          Value                              9.229*
          Degrees of Freedom                    10
          P-Value                           0.5105
          Scaling Correction Factor         2.1030
            for MLR

*   The chi-square value for MLM, MLMV, MLR, ULSMV, WLSM and WLSMV cannot be used
    for chi-square difference testing in the regular way.  MLM, MLR and WLSM
    chi-square difference testing is described on the Mplus website.  MLMV, WLSMV,
    and ULSMV difference testing is done using the DIFFTEST option.

RMSEA (Root Mean Square Error Of Approximation)

          Estimate                           0.000
          90 Percent C.I.                    0.000  0.018
          Probability RMSEA <= .05           1.000

CFI/TLI

          CFI                                1.000
          TLI                                1.000

Chi-Square Test of Model Fit for the Baseline Model

          Value                            192.739
          Degrees of Freedom                    10
          P-Value                           0.0000

SRMR (Standardized Root Mean Square Residual)

          Value                              0.028



MODEL RESULTS

                                                    Two-Tailed
                    Estimate       S.E.  Est./S.E.    P-Value

 I4       |
    WFD_D812           1.000      0.000    999.000    999.000
    WFD_D816           1.000      0.000    999.000    999.000
    WFD_D818           1.000      0.000    999.000    999.000
    WFD_D820           1.000      0.000    999.000    999.000
    WFD_D822           1.000      0.000    999.000    999.000

 S4       |
    WFD_D812           0.000      0.000    999.000    999.000
    WFD_D816           4.000      0.000    999.000    999.000
    WFD_D818           6.000      0.000    999.000    999.000
    WFD_D820           8.000      0.000    999.000    999.000
    WFD_D822          10.000      0.000    999.000    999.000

 S4       WITH
    I4                 0.000      0.000     -1.179      0.239

 Means
    I4                -0.008      0.002     -3.203      0.001
    S4                 0.000      0.001     -0.912      0.362

 Intercepts
    WFD_D812           0.000      0.000    999.000    999.000
    WFD_D816           0.000      0.000    999.000    999.000
    WFD_D818           0.000      0.000    999.000    999.000
    WFD_D820           0.000      0.000    999.000    999.000
    WFD_D822           0.000      0.000    999.000    999.000

 Variances
    I4                 0.006      0.002      4.220      0.000
    S4                 0.000      0.000      2.714      0.007

 Residual Variances
    WFD_D812           0.015      0.002      8.361      0.000
    WFD_D816           0.019      0.002     10.724      0.000
    WFD_D818           0.022      0.002     10.734      0.000
    WFD_D820           0.026      0.004      6.925      0.000
    WFD_D822           0.033      0.006      5.935      0.000


QUALITY OF NUMERICAL RESULTS

     Condition Number for the Information Matrix              0.234E-04
       (ratio of smallest to largest eigenvalue)


STANDARDIZED MODEL RESULTS


STDYX Standardization

                                                    Two-Tailed
                    Estimate       S.E.  Est./S.E.    P-Value

 I4       |
    WFD_D812           0.552      0.060      9.169      0.000
    WFD_D816           0.503      0.055      9.169      0.000
    WFD_D818           0.461      0.055      8.361      0.000
    WFD_D820           0.420      0.053      7.862      0.000
    WFD_D822           0.367      0.049      7.438      0.000

 S4       |
    WFD_D812           0.000      0.000    999.000    999.000
    WFD_D816           0.292      0.052      5.673      0.000
    WFD_D818           0.402      0.073      5.529      0.000
    WFD_D820           0.488      0.087      5.640      0.000
    WFD_D822           0.533      0.097      5.486      0.000

 S4       WITH
    I4                -0.288      0.183     -1.577      0.115

 Means
    I4                -0.098      0.032     -3.080      0.002
    S4                -0.040      0.044     -0.905      0.366

 Intercepts
    WFD_D812           0.000      0.000    999.000    999.000
    WFD_D816           0.000      0.000    999.000    999.000
    WFD_D818           0.000      0.000    999.000    999.000
    WFD_D820           0.000      0.000    999.000    999.000
    WFD_D822           0.000      0.000    999.000    999.000

 Variances
    I4                 1.000      0.000    999.000    999.000
    S4                 1.000      0.000    999.000    999.000

 Residual Variances
    WFD_D812           0.695      0.067     10.450      0.000
    WFD_D816           0.746      0.032     23.360      0.000
    WFD_D818           0.733      0.043     17.179      0.000
    WFD_D820           0.703      0.056     12.611      0.000
    WFD_D822           0.694      0.066     10.581      0.000


R-SQUARE

    Observed                                        Two-Tailed
    Variable        Estimate       S.E.  Est./S.E.    P-Value

    WFD_D812           0.305      0.067      4.584      0.000
    WFD_D816           0.254      0.032      7.935      0.000
    WFD_D818           0.267      0.043      6.258      0.000
    WFD_D820           0.297      0.056      5.318      0.000
    WFD_D822           0.306      0.066      4.665      0.000


TECHNICAL 1 OUTPUT


     PARAMETER SPECIFICATION


           NU
              WFD_D812      WFD_D816      WFD_D818      WFD_D820      WFD_D822
              ________      ________      ________      ________      ________
                  0             0             0             0             0


           LAMBDA
              I4            S4
              ________      ________
 WFD_D812           0             0
 WFD_D816           0             0
 WFD_D818           0             0
 WFD_D820           0             0
 WFD_D822           0             0


           THETA
              WFD_D812      WFD_D816      WFD_D818      WFD_D820      WFD_D822
              ________      ________      ________      ________      ________
 WFD_D812           1
 WFD_D816           0             2
 WFD_D818           0             0             3
 WFD_D820           0             0             0             4
 WFD_D822           0             0             0             0             5


           ALPHA
              I4            S4
              ________      ________
                  6             7


           BETA
              I4            S4
              ________      ________
 I4                 0             0
 S4                 0             0


           PSI
              I4            S4
              ________      ________
 I4                 8
 S4                 9            10


     STARTING VALUES


           NU
              WFD_D812      WFD_D816      WFD_D818      WFD_D820      WFD_D822
              ________      ________      ________      ________      ________
                0.000         0.000         0.000         0.000         0.000


           LAMBDA
              I4            S4
              ________      ________
 WFD_D812       1.000         0.000
 WFD_D816       1.000         4.000
 WFD_D818       1.000         6.000
 WFD_D820       1.000         8.000
 WFD_D822       1.000        10.000


           THETA
              WFD_D812      WFD_D816      WFD_D818      WFD_D820      WFD_D822
              ________      ________      ________      ________      ________
 WFD_D812       0.011
 WFD_D816       0.000         0.013
 WFD_D818       0.000         0.000         0.015
 WFD_D820       0.000         0.000         0.000         0.018
 WFD_D822       0.000         0.000         0.000         0.000         0.024


           ALPHA
              I4            S4
              ________      ________
               -0.010        -0.001


           BETA
              I4            S4
              ________      ________
 I4             0.000         0.000
 S4             0.000         0.000


           PSI
              I4            S4
              ________      ________
 I4             0.022
 S4             0.000         0.002


TECHNICAL 4 OUTPUT


     ESTIMATES DERIVED FROM THE MODEL


           ESTIMATED MEANS FOR THE LATENT VARIABLES
              I4            S4
              ________      ________
               -0.008         0.000


           S.E. FOR ESTIMATED MEANS FOR THE LATENT VARIABLES
              I4            S4
              ________      ________
                0.002         0.001


           EST./S.E. FOR ESTIMATED MEANS FOR THE LATENT VARIABLES
              I4            S4
              ________      ________
               -3.203        -0.912


           TWO-TAILED P-VALUE FOR ESTIMATED MEANS FOR THE LATENT VARIABLES
              I4            S4
              ________      ________
                0.001         0.362


           ESTIMATED COVARIANCE MATRIX FOR THE LATENT VARIABLES
              I4            S4
              ________      ________
 I4             0.006
 S4             0.000         0.000


           S.E. FOR ESTIMATED COVARIANCE MATRIX FOR THE LATENT VARIABLES
              I4            S4
              ________      ________
 I4             0.002
 S4             0.000         0.000


           EST./S.E. FOR ESTIMATED COVARIANCE MATRIX FOR THE LATENT VARIABLES
              I4            S4
              ________      ________
 I4             4.220
 S4            -1.179         2.714


           TWO-TAILED P-VALUE FOR ESTIMATED COVARIANCE MATRIX FOR THE LATENT VARIABLES
              I4            S4
              ________      ________
 I4             0.000
 S4             0.239         0.007


           ESTIMATED CORRELATION MATRIX FOR THE LATENT VARIABLES
              I4            S4
              ________      ________
 I4             1.000
 S4            -0.288         1.000


           S.E. FOR ESTIMATED CORRELATION MATRIX FOR THE LATENT VARIABLES
              I4            S4
              ________      ________
 I4             0.000
 S4             0.183         0.000


           EST./S.E. FOR ESTIMATED CORRELATION MATRIX FOR THE LATENT VARIABLES
              I4            S4
              ________      ________
 I4           999.000
 S4            -1.577       999.000


           TWO-TAILED P-VALUE FOR ESTIMATED CORRELATION MATRIX FOR THE LATENT VARIABLES
              I4            S4
              ________      ________
 I4             0.000
 S4             0.115         0.000


           ESTIMATED PARTIAL CORRELATION MATRIX FOR THE LATENT VARIABLES
              I4            S4
              ________      ________
 I4             1.000
 S4            -0.288         1.000


     Beginning Time:  15:36:10
        Ending Time:  15:36:10
       Elapsed Time:  00:00:00



MUTHEN & MUTHEN
3463 Stoner Ave.
Los Angeles, CA  90066

Tel: (310) 391-9971
Fax: (310) 391-8971
Web: www.StatModel.com
Support: Support@StatModel.com

Copyright (c) 1998-2025 Muthen & Muthen
