Mplus VERSION 9
MUTHEN & MUTHEN
12/26/2025  10:28 PM

INPUT INSTRUCTIONS

  TITLE:
  Class-1_pp_LGCA
  DATA:
  FILE = "lgca_process2_piecewise.dat";

  VARIABLE:
  NAMES = pid fid wfd_m10 wfd_s10 wfd_c10 wfd_d10 wfd_d110 wfd_d210 wfd_d310 wfd_d410
       wfd_d510 wfd_d610 wfd_d710 wfd_d810 wfd_d910 wfd_m12 wfd_s12 wfd_c12 wfd_d12
       wfd_d112 wfd_d212 wfd_d312 wfd_d412 wfd_d512 wfd_d612 wfd_d712 wfd_d812
       wfd_d912 wfd_m16 wfd_s16 wfd_c16 wfd_d16 wfd_d116 wfd_d216 wfd_d316 wfd_d416
       wfd_d516 wfd_d616 wfd_d716 wfd_d816 wfd_d916 wfd_m18 wfd_s18 wfd_c18 wfd_d18
       wfd_d118 wfd_d218 wfd_d318 wfd_d418 wfd_d518 wfd_d618 wfd_d718 wfd_d818
       wfd_d918 wfd_m20 wfd_s20 wfd_c20 wfd_d20 wfd_d120 wfd_d220 wfd_d320 wfd_d420
       wfd_d520 wfd_d620 wfd_d720 wfd_d820 wfd_d920 wfd_m22 wfd_s22 wfd_c22 wfd_d22
       wfd_d122 wfd_d222 wfd_d322 wfd_d422 wfd_d522 wfd_d622 wfd_d722 wfd_d822
       wfd_d922 sat10 sat12 sat14 sat16 sat18 sat20 sat22 ces812 ces816 ces818 ces820
       ces822 ces8sc12 ces8sc16 ces8sc18 ces8sc20 ces8sc22 wfdms10 wfdms12 wfdms16
       wfdms18 wfdms20 wfdms22 wfdss10 wfdss12 wfdss16 wfdss18 wfdss20 wfdss22 wfdcs10
       wfdcs12 wfdcs16 wfdcs18 wfdcs20 wfdcs22 wfdds10 wfdds12 wfdds16 wfdds18 wfdds20
       wfdds22 wfdds110 wfdds112 wfdds116 wfdds118 wfdds120 wfdds122 wfdds210 wfdds212
       wfdds216 wfdds218 wfdds220 wfdds222 wfdds310 wfdds312 wfdds316 wfdds318
       wfdds320 wfdds322 wfdds410 wfdds412 wfdds416 wfdds418 wfdds420 wfdds422
       wfdds510 wfdds512 wfdds516 wfdds518 wfdds520 wfdds522 wfdds610 wfdds612
       wfdds616 wfdds618 wfdds620 wfdds622 wfdds710 wfdds712 wfdds716 wfdds718
       wfdds720 wfdds722 wfdds810 wfdds812 wfdds816 wfdds818 wfdds820 wfdds822
       wfdds910 wfdds912 wfdds916 wfdds918 wfdds920 wfdds922 ces8sd12 ces8sd16
       ces8sd18 ces8sd20 ces8sd22 cohort wave sex12 edu12 urban12 prov12 prov122
       prov123 cdn12 cdar12 cdsc12 cdsc121 cdsc122 minor12 party12 age10 ageg10 pinc10
       pincm110 pincm210 cores10 heal10 heal101 heal103 marr10 eco10 eco102 eco103
       hwc10 hwc102 hwc103 hukou10 pinc210 finc10 age12 ageg12 pinc12 pincm112
       pincm212 cores12 heal12 heal121 heal123 marr12 eco12 eco122 eco123 hwc12 hwc122
       hwc123 hukou12 pinc212 pinc312 pinc412 finc12 age14 ageg14 pinc14 pincm114
       pincm214 cores14 heal14 heal141 heal143 marr14 hukou14 pinc214 finc14 age16
       ageg16 pinc16 pincm116 pincm216 cores16 heal16 heal161 heal163 marr16 eco16
       eco162 eco163 hwc16 hwc162 hwc163 hukou16 pinc216 finc16 age18 ageg18 pinc18
       pincm118 pincm218 cores18 heal18 heal181 heal183 marr18 eco18 eco182 eco183
       hwc18 hwc182 hwc183 hukou18 pinc218 finc18 age20 ageg20 pinc20 pincm120
       pincm220 cores20 heal20 heal201 heal203 marr20 eco20 eco202 eco203 hwc20 hwc202
       hwc203 hukou20 pinc220 finc20 age22 ageg22 pinc22 pincm122 pincm222 cores22
       heal22 heal221 heal223 marr22 eco22 eco222 eco223 hwc22 hwc222 hwc223 hukou22
       pinc222 finc22 consu110 fpinc10 employ10 heala110 heala210 heala310 heala410
       adl10 cog10 consu112 consu212 fpinc12 employ12 heala112 heala212 heala312
       heala412 adl12 consu114 consu214 fpinc14 employ14 heala114 heala214 heala314
       heala414 adl14 cog14 consu116 consu216 fpinc16 employ16 heala116 heala216
       heala316 heala416 adl16 consu118 consu218 fpinc18 employ18 heala118 heala218
       heala318 heala418 adl18 cog18 consu120 consu220 fpinc20 employ20 heala120
       heala220 heala320 heala420 adl20 consu122 consu222 fpinc22 employ22 heala122
       heala222 heala322 heala422 adl22 cog22;
   MISSING=.;
   usevar =
  !wfdms12 wfdms16 wfdms18 wfdms20 wfdms22
  wfdss12 wfdss16 wfdss18 wfdss20 wfdss22
  !wfdds12 wfdds16 wfdds18 wfdds20 wfdds22
  !wfdds112 wfdds116 wfdds118 wfdds120 wfdds122
  !ces8sd12 ces8sd16 ces8sd18 ces8sd20 ces8sd22
  ;
  ANALYSIS:
  estimator = mlr;
  !TYPE=COMPLEX;
  !type = mixture;
  !ALGORITHM=INTEGRATION;
  !starts = 600 200;
  !starts = 20;
  !LRTBOOTSTRAP = 200;
  processors = 10;
  coverage = 0.005;
  MODEL:

  !i1 s1 | wfdms12@0 wfdms16@4 wfdms18@6 wfdms20@6 wfdms22@6;
  !i1 s11 | wfdms12@0 wfdms16@0 wfdms18@0 wfdms20@2 wfdms22@4;
  i2 s2 | wfdss12@0 wfdss16@4 wfdss18@6 wfdss20@6 wfdss22@6;
  i2 s21 | wfdss12@0 wfdss16@0 wfdss18@0 wfdss20@2 wfdss22@4;
  !i3 s3 | wfdds12@0 wfdds16@4 wfdds18@6 wfdds20@6 wfdds22@6;
  !i3 s31 | wfdds12@0 wfdds16@0 wfdds18@0 wfdds20@2 wfdds22@4;
  !i4 s4 | wfdds112@0 wfdds116@4 wfdds118@6 wfdds120@6 wfdds122@6;
  !i4 s41 | wfdds112@0 wfdds116@0 wfdds118@0 wfdds120@2 wfdds122@4;
  !i5 s5 | ces8sd12@0 ces8sd16@4 ces8sd18@6 ces8sd20@6 ces8sd22@6;
  !i5 s51 | ces8sd12@0 ces8sd16@0 ces8sd18@0 ces8sd20@2 ces8sd22@4;

  OUTPUT:
  tech1 tech4 sampstat patterns stdyx;



INPUT READING TERMINATED NORMALLY




Class-1_pp_LGCA

SUMMARY OF ANALYSIS

Number of groups                                                 1
Number of observations                                        3274

Number of dependent variables                                    5
Number of independent variables                                  0
Number of continuous latent variables                            3

Observed dependent variables

  Continuous
   WFDSS12     WFDSS16     WFDSS18     WFDSS20     WFDSS22

Continuous latent variables
   I2          S2          S21


Estimator                                                      MLR
Information matrix                                        OBSERVED
Maximum number of iterations                                  1000
Convergence criterion                                    0.500D-04
Maximum number of steepest descent iterations                   20
Maximum number of iterations for H1                           2000
Convergence criterion for H1                             0.100D-03

Input data file(s)
  lgca_process2_piecewise.dat

Input data format  FREE


SUMMARY OF DATA

     Number of missing data patterns            15


SUMMARY OF MISSING DATA PATTERNS


     MISSING DATA PATTERNS (x = not missing)

           1  2  3  4  5  6  7  8  9 10 11 12 13 14 15
 WFDSS12   x  x  x  x  x  x  x  x  x  x  x  x  x  x  x
 WFDSS16   x  x  x  x  x  x  x  x
 WFDSS18   x  x  x  x              x  x  x  x
 WFDSS20   x  x        x  x        x  x        x  x
 WFDSS22   x     x     x     x     x     x     x     x


     MISSING DATA PATTERN FREQUENCIES

    Pattern   Frequency     Pattern   Frequency     Pattern   Frequency
          1         504           6          69          11          24
          2         394           7          44          12         150
          3         229           8         827          13           6
          4         889           9          27          14          19
          5          47          10          31          15          14


COVARIANCE COVERAGE OF DATA

Minimum covariance coverage value   0.005


     PROPORTION OF DATA PRESENT


           Covariance Coverage
              WFDSS12       WFDSS16       WFDSS18       WFDSS20       WFDSS22
              ________      ________      ________      ________      ________
 WFDSS12        1.000
 WFDSS16        0.917         0.917
 WFDSS18        0.687         0.616         0.687
 WFDSS20        0.335         0.310         0.292         0.335
 WFDSS22        0.273         0.252         0.239         0.178         0.273


SAMPLE STATISTICS


     ESTIMATED SAMPLE STATISTICS


           Means
              WFDSS12       WFDSS16       WFDSS18       WFDSS20       WFDSS22
              ________      ________      ________      ________      ________
                0.000        -0.008         0.243         0.260         0.417


           Covariances
              WFDSS12       WFDSS16       WFDSS18       WFDSS20       WFDSS22
              ________      ________      ________      ________      ________
 WFDSS12        1.000
 WFDSS16        0.208         1.072
 WFDSS18        0.200         0.232         1.284
 WFDSS20        0.168         0.173         0.348         1.459
 WFDSS22        0.185         0.249         0.253         0.464         1.707


           Correlations
              WFDSS12       WFDSS16       WFDSS18       WFDSS20       WFDSS22
              ________      ________      ________      ________      ________
 WFDSS12        1.000
 WFDSS16        0.201         1.000
 WFDSS18        0.177         0.198         1.000
 WFDSS20        0.139         0.138         0.254         1.000
 WFDSS22        0.142         0.184         0.171         0.294         1.000


     MAXIMUM LOG-LIKELIHOOD VALUE FOR THE UNRESTRICTED (H1) MODEL IS -15540.387


UNIVARIATE SAMPLE STATISTICS


     UNIVARIATE HIGHER-ORDER MOMENT DESCRIPTIVE STATISTICS

         Variable/         Mean/     Skewness/   Minimum/ % with                Percentiles
        Sample Size      Variance    Kurtosis    Maximum  Min/Max      20%/60%    40%/80%    Median

     WFDSS12               0.000       2.255      -0.504   75.63%      -0.504     -0.504     -0.504
            3274.000       1.000       5.950       7.388    0.06%      -0.504      0.891
     WFDSS16              -0.009       2.551      -0.504   76.96%      -0.504     -0.504     -0.504
            3003.000       1.071       8.148       7.388    0.13%      -0.504      0.891
     WFDSS18               0.235       1.575      -0.504   64.55%      -0.504     -0.504     -0.504
            2248.000       1.282       2.587       7.388    0.04%      -0.504      1.107
     WFDSS20               0.233       1.977      -0.504   66.27%      -0.504     -0.504     -0.504
            1097.000       1.454       5.266       7.388    0.36%      -0.504      1.107
     WFDSS22               0.371       1.787      -0.504   60.89%      -0.504     -0.504     -0.504
             895.000       1.689       4.117       7.388    0.34%      -0.504      1.469


THE MODEL ESTIMATION TERMINATED NORMALLY



MODEL FIT INFORMATION

Number of Free Parameters                       14

Loglikelihood

          H0 Value                      -15572.223
          H0 Scaling Correction Factor      2.2273
            for MLR
          H1 Value                      -15540.387
          H1 Scaling Correction Factor      1.9340
            for MLR

Information Criteria

          Akaike (AIC)                   31172.445
          Bayesian (BIC)                 31257.758
          Sample-Size Adjusted BIC       31213.274
            (n* = (n + 2) / 24)

Chi-Square Test of Model Fit

          Value                             50.956*
          Degrees of Freedom                     6
          P-Value                           0.0000
          Scaling Correction Factor         1.2495
            for MLR

*   The chi-square value for MLM, MLMV, MLR, ULSMV, WLSM and WLSMV cannot be used
    for chi-square difference testing in the regular way.  MLM, MLR and WLSM
    chi-square difference testing is described on the Mplus website.  MLMV, WLSMV,
    and ULSMV difference testing is done using the DIFFTEST option.

RMSEA (Root Mean Square Error Of Approximation)

          Estimate                           0.048
          90 Percent C.I.                    0.036  0.060
          Probability RMSEA <= .05           0.589

CFI/TLI

          CFI                                0.822
          TLI                                0.703

Chi-Square Test of Model Fit for the Baseline Model

          Value                            262.346
          Degrees of Freedom                    10
          P-Value                           0.0000

SRMR (Standardized Root Mean Square Residual)

          Value                              0.035



MODEL RESULTS

                                                    Two-Tailed
                    Estimate       S.E.  Est./S.E.    P-Value

 I2       |
    WFDSS12            1.000      0.000    999.000    999.000
    WFDSS16            1.000      0.000    999.000    999.000
    WFDSS18            1.000      0.000    999.000    999.000
    WFDSS20            1.000      0.000    999.000    999.000
    WFDSS22            1.000      0.000    999.000    999.000

 S2       |
    WFDSS12            0.000      0.000    999.000    999.000
    WFDSS16            4.000      0.000    999.000    999.000
    WFDSS18            6.000      0.000    999.000    999.000
    WFDSS20            6.000      0.000    999.000    999.000
    WFDSS22            6.000      0.000    999.000    999.000

 S21      |
    WFDSS12            0.000      0.000    999.000    999.000
    WFDSS16            0.000      0.000    999.000    999.000
    WFDSS18            0.000      0.000    999.000    999.000
    WFDSS20            2.000      0.000    999.000    999.000
    WFDSS22            4.000      0.000    999.000    999.000

 S2       WITH
    I2                -0.011      0.017     -0.668      0.504

 S21      WITH
    I2                -0.004      0.013     -0.335      0.738
    S2                 0.002      0.003      0.573      0.567

 Means
    I2                -0.024      0.017     -1.404      0.160
    S2                 0.027      0.004      6.663      0.000
    S21                0.067      0.011      6.196      0.000

 Intercepts
    WFDSS12            0.000      0.000    999.000    999.000
    WFDSS16            0.000      0.000    999.000    999.000
    WFDSS18            0.000      0.000    999.000    999.000
    WFDSS20            0.000      0.000    999.000    999.000
    WFDSS22            0.000      0.000    999.000    999.000

 Variances
    I2                 0.254      0.088      2.878      0.004
    S2                 0.004      0.004      0.947      0.343
    S21                0.022      0.012      1.921      0.055

 Residual Variances
    WFDSS12            0.744      0.094      7.954      0.000
    WFDSS16            0.866      0.052     16.804      0.000
    WFDSS18            1.033      0.066     15.737      0.000
    WFDSS20            1.089      0.099     10.974      0.000
    WFDSS22            1.045      0.215      4.867      0.000


QUALITY OF NUMERICAL RESULTS

     Condition Number for the Information Matrix              0.171E-04
       (ratio of smallest to largest eigenvalue)


STANDARDIZED MODEL RESULTS


STDYX Standardization

                                                    Two-Tailed
                    Estimate       S.E.  Est./S.E.    P-Value

 I2       |
    WFDSS12            0.505      0.086      5.839      0.000
    WFDSS16            0.484      0.081      5.995      0.000
    WFDSS18            0.445      0.079      5.667      0.000
    WFDSS20            0.418      0.073      5.685      0.000
    WFDSS22            0.386      0.069      5.626      0.000

 S2       |
    WFDSS12            0.000      0.000    999.000    999.000
    WFDSS16            0.233      0.121      1.922      0.055
    WFDSS18            0.322      0.170      1.890      0.059
    WFDSS20            0.302      0.159      1.904      0.057
    WFDSS22            0.279      0.147      1.891      0.059

 S21      |
    WFDSS12            0.000      0.000    999.000    999.000
    WFDSS16            0.000      0.000    999.000    999.000
    WFDSS18            0.000      0.000    999.000    999.000
    WFDSS20            0.247      0.063      3.941      0.000
    WFDSS22            0.456      0.121      3.753      0.000

 S2       WITH
    I2                -0.373      0.322     -1.159      0.246

 S21      WITH
    I2                -0.058      0.180     -0.321      0.749
    S2                 0.217      0.484      0.449      0.653

 Means
    I2                -0.047      0.037     -1.274      0.203
    S2                 0.442      0.243      1.824      0.068
    S21                0.450      0.135      3.333      0.001

 Intercepts
    WFDSS12            0.000      0.000    999.000    999.000
    WFDSS16            0.000      0.000    999.000    999.000
    WFDSS18            0.000      0.000    999.000    999.000
    WFDSS20            0.000      0.000    999.000    999.000
    WFDSS22            0.000      0.000    999.000    999.000

 Variances
    I2                 1.000      0.000    999.000    999.000
    S2                 1.000      0.000    999.000    999.000
    S21                1.000      0.000    999.000    999.000

 Residual Variances
    WFDSS12            0.745      0.087      8.539      0.000
    WFDSS16            0.796      0.023     33.877      0.000
    WFDSS18            0.805      0.040     20.174      0.000
    WFDSS20            0.747      0.034     21.880      0.000
    WFDSS22            0.611      0.101      6.081      0.000


R-SQUARE

    Observed                                        Two-Tailed
    Variable        Estimate       S.E.  Est./S.E.    P-Value

    WFDSS12            0.255      0.087      2.920      0.004
    WFDSS16            0.204      0.023      8.684      0.000
    WFDSS18            0.195      0.040      4.884      0.000
    WFDSS20            0.253      0.034      7.406      0.000
    WFDSS22            0.389      0.101      3.869      0.000


TECHNICAL 1 OUTPUT


     PARAMETER SPECIFICATION


           NU
              WFDSS12       WFDSS16       WFDSS18       WFDSS20       WFDSS22
              ________      ________      ________      ________      ________
                  0             0             0             0             0


           LAMBDA
              I2            S2            S21
              ________      ________      ________
 WFDSS12            0             0             0
 WFDSS16            0             0             0
 WFDSS18            0             0             0
 WFDSS20            0             0             0
 WFDSS22            0             0             0


           THETA
              WFDSS12       WFDSS16       WFDSS18       WFDSS20       WFDSS22
              ________      ________      ________      ________      ________
 WFDSS12            1
 WFDSS16            0             2
 WFDSS18            0             0             3
 WFDSS20            0             0             0             4
 WFDSS22            0             0             0             0             5


           ALPHA
              I2            S2            S21
              ________      ________      ________
                  6             7             8


           BETA
              I2            S2            S21
              ________      ________      ________
 I2                 0             0             0
 S2                 0             0             0
 S21                0             0             0


           PSI
              I2            S2            S21
              ________      ________      ________
 I2                 9
 S2                10            11
 S21               12            13            14


     STARTING VALUES


           NU
              WFDSS12       WFDSS16       WFDSS18       WFDSS20       WFDSS22
              ________      ________      ________      ________      ________
                0.000         0.000         0.000         0.000         0.000


           LAMBDA
              I2            S2            S21
              ________      ________      ________
 WFDSS12        1.000         0.000         0.000
 WFDSS16        1.000         4.000         0.000
 WFDSS18        1.000         6.000         0.000
 WFDSS20        1.000         6.000         2.000
 WFDSS22        1.000         6.000         4.000


           THETA
              WFDSS12       WFDSS16       WFDSS18       WFDSS20       WFDSS22
              ________      ________      ________      ________      ________
 WFDSS12        0.500
 WFDSS16        0.000         0.536
 WFDSS18        0.000         0.000         0.641
 WFDSS20        0.000         0.000         0.000         0.727
 WFDSS22        0.000         0.000         0.000         0.000         0.845


           ALPHA
              I2            S2            S21
              ________      ________      ________
                0.012         0.018         0.101


           BETA
              I2            S2            S21
              ________      ________      ________
 I2             0.000         0.000         0.000
 S2             0.000         0.000         0.000
 S21            0.000         0.000         0.000


           PSI
              I2            S2            S21
              ________      ________      ________
 I2             1.009
 S2             0.000         0.081
 S21            0.000         0.000         0.539


TECHNICAL 4 OUTPUT


     ESTIMATES DERIVED FROM THE MODEL


           ESTIMATED MEANS FOR THE LATENT VARIABLES
              I2            S2            S21
              ________      ________      ________
               -0.024         0.027         0.067


           S.E. FOR ESTIMATED MEANS FOR THE LATENT VARIABLES
              I2            S2            S21
              ________      ________      ________
                0.017         0.004         0.011


           EST./S.E. FOR ESTIMATED MEANS FOR THE LATENT VARIABLES
              I2            S2            S21
              ________      ________      ________
               -1.404         6.663         6.196


           TWO-TAILED P-VALUE FOR ESTIMATED MEANS FOR THE LATENT VARIABLES
              I2            S2            S21
              ________      ________      ________
                0.160         0.000         0.000


           ESTIMATED COVARIANCE MATRIX FOR THE LATENT VARIABLES
              I2            S2            S21
              ________      ________      ________
 I2             0.254
 S2            -0.011         0.004
 S21           -0.004         0.002         0.022


           S.E. FOR ESTIMATED COVARIANCE MATRIX FOR THE LATENT VARIABLES
              I2            S2            S21
              ________      ________      ________
 I2             0.088
 S2             0.017         0.004
 S21            0.013         0.003         0.012


           EST./S.E. FOR ESTIMATED COVARIANCE MATRIX FOR THE LATENT VARIABLES
              I2            S2            S21
              ________      ________      ________
 I2             2.878
 S2            -0.668         0.947
 S21           -0.335         0.573         1.921


           TWO-TAILED P-VALUE FOR ESTIMATED COVARIANCE MATRIX FOR THE LATENT VARIABLES
              I2            S2            S21
              ________      ________      ________
 I2             0.004
 S2             0.504         0.343
 S21            0.738         0.567         0.055


           ESTIMATED CORRELATION MATRIX FOR THE LATENT VARIABLES
              I2            S2            S21
              ________      ________      ________
 I2             1.000
 S2            -0.373         1.000
 S21           -0.058         0.217         1.000


           S.E. FOR ESTIMATED CORRELATION MATRIX FOR THE LATENT VARIABLES
              I2            S2            S21
              ________      ________      ________
 I2             0.000
 S2             0.322         0.000
 S21            0.180         0.484         0.000


           EST./S.E. FOR ESTIMATED CORRELATION MATRIX FOR THE LATENT VARIABLES
              I2            S2            S21
              ________      ________      ________
 I2           999.000
 S2            -1.159       999.000
 S21           -0.321         0.449       999.000


           TWO-TAILED P-VALUE FOR ESTIMATED CORRELATION MATRIX FOR THE LATENT VARIABLES
              I2            S2            S21
              ________      ________      ________
 I2             0.000
 S2             0.246         0.000
 S21            0.749         0.653         0.000


           ESTIMATED PARTIAL CORRELATION MATRIX FOR THE LATENT VARIABLES
              I2            S2            S21
              ________      ________      ________
 I2             1.000
 S2            -0.370         1.000
 S21            0.026         0.211         1.000


     Beginning Time:  22:28:49
        Ending Time:  22:28:49
       Elapsed Time:  00:00:00



MUTHEN & MUTHEN
3463 Stoner Ave.
Los Angeles, CA  90066

Tel: (310) 391-9971
Fax: (310) 391-8971
Web: www.StatModel.com
Support: Support@StatModel.com

Copyright (c) 1998-2025 Muthen & Muthen
